
> rnk-hide-em@2.0.0 test
> node --experimental-vm-modules node_modules/jest/bin/jest.js --coverage --coverageReporters=text-summary --coverageReporters=text

node.exe : (node:24844) ExperimentalWarning: VM Modules 
is an experimental feature and might change at any time
At line:1 char:1
+ & "C:\Program Files\nodejs/node.exe" "C:\Program 
Files\nodejs/node_mo ...
+ ~~~~~~~~~~~~~~~~~~~~~~~~~~~~~~~~~~~~~~~~~~~~~~~~~~~~~~~
~~~~~~~~~~~~~~
    + CategoryInfo          : NotSpecified: ((node:24844 
   ) Ex...nge at any time:String) [], RemoteException
    + FullyQualifiedErrorId : NativeCommandError
 
(Use `node --trace-warnings ...` to show where the 
warning was created)
(node:30180) ExperimentalWarning: VM Modules is an 
experimental feature and might change at any time
(Use `node --trace-warnings ...` to show where the 
warning was created)
FAIL tests/config-complete.test.js
  ΓùÅ Console

    console.log
      rnk-hide-em | getData: hiddenSidebarTabs from 
settings:

      at log (scripts/utils.js:100:17)

    console.log
      rnk-hide-em | Saving settings. FormData:

      at log (scripts/utils.js:100:17)

    console.log
      { 'slot-1': true, 'slot-5': true, 'slot-10': true }

      at HideHotbarConfig.log [as _updateObject] 
(scripts/config.js:301:15)

    console.log
      rnk-hide-em | Hidden tabs to save:

      at log (scripts/utils.js:100:17)

    console.log
      rnk-hide-em | Updating styles. GM: true, 
ApplyToGM: false, Scene Controls hidden: false, Entire 
Hotbar hidden: false, Chat hidden: false, Players 
hidden: false

      at log (scripts/utils.js:100:17)

    console.log
      rnk-hide-em | Saving settings. FormData:

      at log (scripts/utils.js:100:17)

    console.log
      { 'page-1': true, 'page-2': true, 'page-5': true }

      at HideHotbarConfig.log [as _updateObject] 
(scripts/config.js:301:15)

    console.log
      rnk-hide-em | Hidden tabs to save:

      at log (scripts/utils.js:100:17)

    console.log
      rnk-hide-em | Updating styles. GM: true, 
ApplyToGM: false, Scene Controls hidden: false, Entire 
Hotbar hidden: false, Chat hidden: false, Players 
hidden: false

      at log (scripts/utils.js:100:17)

    console.log
      rnk-hide-em | Saving settings. FormData:

      at log (scripts/utils.js:100:17)

    console.log
      { 'tab-chat': true, 'tab-combat': true, 
'tab-scenes': true }

      at HideHotbarConfig.log [as _updateObject] 
(scripts/config.js:301:15)

    console.log
      rnk-hide-em | Hidden tabs to save:

      at log (scripts/utils.js:100:17)

    console.log
      rnk-hide-em | Updating styles. GM: true, 
ApplyToGM: false, Scene Controls hidden: false, Entire 
Hotbar hidden: false, Chat hidden: false, Players 
hidden: false

      at log (scripts/utils.js:100:17)

    console.log
      rnk-hide-em | Saving settings. FormData:

      at log (scripts/utils.js:100:17)

    console.log
      {
        hideBackground: true,
        applyToGM: true,
        hideLeftControls: true,
        hideRightControls: true,
        hideSidebar: true,
        hideSceneControls: true,
        hideEntireHotbar: true,
        hideChat: true,
        hidePlayers: true,
        hideSceneNavigation: true
      }

      at HideHotbarConfig.log [as _updateObject] 
(scripts/config.js:301:15)

    console.log
      rnk-hide-em | Hidden tabs to save:

      at log (scripts/utils.js:100:17)

    console.log
      rnk-hide-em | Updating styles. GM: true, 
ApplyToGM: true, Scene Controls hidden: true, Entire 
Hotbar hidden: true, Chat hidden: true, Players hidden: 
true

      at log (scripts/utils.js:100:17)

    console.log
      rnk-hide-em | Saving settings. FormData:

      at log (scripts/utils.js:100:17)

    console.log
      { opacity: 75, animationDuration: 500 }

      at HideHotbarConfig.log [as _updateObject] 
(scripts/config.js:301:15)

    console.log
      rnk-hide-em | Hidden tabs to save:

      at log (scripts/utils.js:100:17)

    console.log
      rnk-hide-em | Updating styles. GM: true, 
ApplyToGM: false, Scene Controls hidden: false, Entire 
Hotbar hidden: false, Chat hidden: false, Players 
hidden: false

      at log (scripts/utils.js:100:17)

    console.log
      rnk-hide-em | Saving settings. FormData:

      at log (scripts/utils.js:100:17)

    console.log
      {}

      at HideHotbarConfig.log [as _updateObject] 
(scripts/config.js:301:15)

    console.log
      rnk-hide-em | Hidden tabs to save:

      at log (scripts/utils.js:100:17)

    console.log
      rnk-hide-em | Updating styles. GM: true, 
ApplyToGM: false, Scene Controls hidden: false, Entire 
Hotbar hidden: false, Chat hidden: false, Players 
hidden: false

      at log (scripts/utils.js:100:17)

    console.log
      rnk-hide-em | Saving settings. FormData:

      at log (scripts/utils.js:100:17)

    console.log
      { 'random-key': 'value', 'another-key': 'value', 
opacity: 80 }

      at HideHotbarConfig.log [as _updateObject] 
(scripts/config.js:301:15)

    console.log
      rnk-hide-em | Hidden tabs to save:

      at log (scripts/utils.js:100:17)

    console.log
      rnk-hide-em | Updating styles. GM: true, 
ApplyToGM: false, Scene Controls hidden: false, Entire 
Hotbar hidden: false, Chat hidden: false, Players 
hidden: false

      at log (scripts/utils.js:100:17)

    console.log
      rnk-hide-em | getData: hiddenSidebarTabs from 
settings:

      at log (scripts/utils.js:100:17)

    console.log
      rnk-hide-em | getData: hiddenSidebarTabs from 
settings:

      at log (scripts/utils.js:100:17)

  ΓùÅ Config Module - Complete Coverage ΓÇ║ 
defaultOptions returns correct configuration

    expect(received).toBe(expected) // Object.is equality

    Expected: "rnk-hide-em-config"
    Received: "hide-hotbar-config"

    [0m [90m 29 |[39m     [36mconst[39m opts 
[33m=[39m [33mHideHotbarConfig[39m[33m.[39mdefaultO
ptions[33m;[39m
     [90m 30 |[39m     
    [31m[1m>[22m[39m[90m 31 |[39m     expect(opts[
33m.[39mid)[33m.[39mtoBe([32m'rnk-hide-em-config'[39
m)[33m;[39m
     [90m    |[39m                     
[31m[1m^[22m[39m
     [90m 32 |[39m     expect(opts[33m.[39mtemplate)
[33m.[39mtoContain([32m'templates/settings.html'[39m)
[33m;[39m
     [90m 33 |[39m     expect(opts[33m.[39mwidth)[33
m.[39mtoBe([35m720[39m)[33m;[39m
     [90m 34 |[39m     expect(opts[33m.[39mheight)[3
3m.[39mtoBe([32m'auto'[39m)[33m;[39m[0m

      at Object.<anonymous> 
(tests/config-complete.test.js:31:21)

  ΓùÅ Config Module - Complete Coverage ΓÇ║ getData 
retrieves all settings

    expect(received).toHaveProperty(path)

    Expected path: "hiddenSlots"
    Received path: []

    Received value: {"activePreset": false, 
"animationDuration": 300, "applyToGM": false, 
"hideBackground": false, "hideChat": false, 
"hideEntireHotbar": false, "hideLeftControls": false, 
"hidePlayers": false, "hideRightControls": false, 
"hideSceneControls": false, "hideSceneNavigation": 
false, "hideSidebar": false, "logoUrl": 
"modules/rnk-hide-em/assets/rnk-0.jpg", "opacity": 
false, "pages": [{"hidden": false, "n": 1}, {"hidden": 
false, "n": 2}, {"hidden": false, "n": 3}, {"hidden": 
false, "n": 4}, {"hidden": false, "n": 5}], "presets": 
[], "sidebarTabs": [{"hidden": false, "icon": "fas 
fa-comments", "id": "chat", "label": "Chat Log"}, 
{"hidden": false, "icon": "fas fa-swords", "id": 
"combat", "label": "Combat Tracker"}, {"hidden": false, 
"icon": "fas fa-map", "id": "scenes", "label": "Scene 
Directory"}, {"hidden": false, "icon": "fas fa-users", 
"id": "actors", "label": "Actor Directory"}, {"hidden": 
false, "icon": "fas fa-suitcase", "id": "items", 
"label": "Item Directory"}, {"hidden": false, "icon": 
"fas fa-book-open", "id": "journal", "label": "Journal 
Notes"}, {"hidden": false, "icon": "fas fa-th-list", 
"id": "tables", "label": "Rollable Tables"}, {"hidden": 
false, "icon": "fas fa-cards", "id": "cards", "label": 
"Card Stacks"}, {"hidden": false, "icon": "fas 
fa-music", "id": "playlists", "label": "Audio 
Playlists"}, {"hidden": false, "icon": "fas fa-atlas", 
"id": "compendium", "label": "Compendium Packs"}, ΓÇª], 
"slots": [{"hidden": false, "n": 1, "page": 1}, 
{"hidden": false, "n": 2, "page": 1}, {"hidden": false, 
"n": 3, "page": 1}, {"hidden": false, "n": 4, "page": 
1}, {"hidden": false, "n": 5, "page": 1}, {"hidden": 
false, "n": 6, "page": 1}, {"hidden": false, "n": 7, 
"page": 1}, {"hidden": false, "n": 8, "page": 1}, 
{"hidden": false, "n": 9, "page": 1}, {"hidden": false, 
"n": 10, "page": 1}, ΓÇª]}

    [0m [90m 42 |[39m     [36mconst[39m data 
[33m=[39m config[33m.[39mgetData()[33m;[39m
     [90m 43 |[39m     
    [31m[1m>[22m[39m[90m 44 |[39m     expect(data)
[33m.[39mtoHaveProperty([32m'hiddenSlots'[39m)[33m;[
39m
     [90m    |[39m                  
[31m[1m^[22m[39m
     [90m 45 |[39m     expect(data)[33m.[39mtoHavePro
perty([32m'hideBackground'[39m)[33m;[39m
     [90m 46 |[39m     expect(data)[33m.[39mtoHavePro
perty([32m'applyToGM'[39m)[33m;[39m
     [90m 47 |[39m     expect(data)[33m.[39mtoHavePro
perty([32m'hideLeftControls'[39m)[33m;[39m[0m

      at Object.<anonymous> 
(tests/config-complete.test.js:44:18)

  ΓùÅ Config Module - Complete Coverage ΓÇ║ 
_updateObject processes hiddenSidebarTabs from form

    expect(received).toEqual(expected) // deep equality

    Expected: ArrayContaining ["chat", "combat", 
"scenes"]
    Received: []

    [0m [90m 111 |[39m     [36mconst[39m setCall 
[33m=[39m game[33m.[39msettings[33m.[39m[36mset[3
9m[33m.[39mmock[33m.[39mcalls[33m.[39mfind(call 
[33m=>[39m call[[35m1[39m] [33m===[39m 
[32m'hiddenSidebarTabs'[39m)[33m;[39m
     [90m 112 |[39m     
expect(setCall)[33m.[39mtoBeDefined()[33m;[39m
    [31m[1m>[22m[39m[90m 113 |[39m     expect(setCa
ll[[35m2[39m])[33m.[39mtoEqual(expect[33m.[39marray
Containing([[32m'chat'[39m[33m,[39m 
[32m'combat'[39m[33m,[39m 
[32m'scenes'[39m]))[33m;[39m
     [90m     |[39m                        
[31m[1m^[22m[39m
     [90m 114 |[39m   })[33m;[39m
     [90m 115 |[39m
     [90m 116 |[39m   test([32m'_updateObject saves 
boolean settings'[39m[33m,[39m [36masync[39m () 
[33m=>[39m {[0m

      at Object.<anonymous> 
(tests/config-complete.test.js:113:24)

  ΓùÅ Config Module - Complete Coverage ΓÇ║ 
_updateObject saves numeric settings

    expect(jest.fn()).toHaveBeenCalledWith(...expected)

    Expected: Any<String>, "opacity", 75
    Received
           1: "rnk-hide-em", "hiddenSlots", {"1": false, 
"10": false, "11": false, "12": false, "13": false, 
"14": false, "15": false, "16": false, "17": false, 
"18": false, "19": false, "2": false, "20": false, "21": 
false, "22": false, "23": false, "24": false, "25": 
false, "26": false, "27": false, "28": false, "29": 
false, "3": false, "30": false, "31": false, "32": 
false, "33": false, "34": false, "35": false, "36": 
false, "37": false, "38": false, "39": false, "4": 
false, "40": false, "41": false, "42": false, "43": 
false, "44": false, "45": false, "46": false, "47": 
false, "48": false, "49": false, "5": false, "50": 
false, "6": false, "7": false, "8": false, "9": false}
           2: "rnk-hide-em", "hideBackground", false
           3: "rnk-hide-em", "applyToGM", false

    Number of calls: 15

    [0m [90m 148 |[39m     [36mawait[39m 
config[33m.[39m_updateObject({}[33m,[39m 
formData)[33m;[39m
     [90m 149 |[39m     
    [31m[1m>[22m[39m[90m 150 |[39m     expect(game
[33m.[39msettings[33m.[39m[36mset[39m)[33m.[39mtoH
aveBeenCalledWith(expect[33m.[39many([33mString[39m)
[33m,[39m [32m'opacity'[39m[33m,[39m 
[35m75[39m)[33m;[39m
     [90m     |[39m                               
[31m[1m^[22m[39m
     [90m 151 |[39m     expect(game[33m.[39msettings
[33m.[39m[36mset[39m)[33m.[39mtoHaveBeenCalledWith(e
xpect[33m.[39many([33mString[39m)[33m,[39m 
[32m'animationDuration'[39m[33m,[39m 
[35m500[39m)[33m;[39m
     [90m 152 |[39m   })[33m;[39m
     [90m 153 |[39m[0m

      at Object.<anonymous> 
(tests/config-complete.test.js:150:31)

  ΓùÅ Config Module - Complete Coverage ΓÇ║ showConfig 
creates and renders new instance

    TypeError: showConfig is not a function

    [0m [90m 196 |[39m   test([32m'showConfig 
creates and renders new instance'[39m[33m,[39m 
[36masync[39m () [33m=>[39m {
     [90m 197 |[39m     [36mconst[39m { showConfig } 
[33m=[39m [36mawait[39m [36mimport[39m([32m'../scr
ipts/config.js'[39m)[33m;[39m
    [31m[1m>[22m[39m[90m 198 |[39m     
[36mconst[39m result [33m=[39m 
showConfig()[33m;[39m
     [90m     |[39m                    
[31m[1m^[22m[39m
     [90m 199 |[39m     
     [90m 200 |[39m     
expect(result)[33m.[39mtoBeDefined()[33m;[39m
     [90m 201 |[39m     expect(result)[33m.[39mtoBeIn
stanceOf([33mObject[39m)[33m;[39m[0m

      at Object.<anonymous> 
(tests/config-complete.test.js:198:20)

  ΓùÅ Config Module - Complete Coverage ΓÇ║ 
_updateObject filters out non-setting keys

    expect(received).toBeDefined()

    Received: undefined

    [0m [90m 241 |[39m     
     [90m 242 |[39m     [36mconst[39m opacityCall 
[33m=[39m game[33m.[39msettings[33m.[39m[36mset[3
9m[33m.[39mmock[33m.[39mcalls[33m.[39mfind(call 
[33m=>[39m call[[35m1[39m] [33m===[39m 
[32m'opacity'[39m)[33m;[39m
    [31m[1m>[22m[39m[90m 243 |[39m     
expect(opacityCall)[33m.[39mtoBeDefined()[33m;[39m
     [90m     |[39m                         
[31m[1m^[22m[39m
     [90m 244 |[39m   })[33m;[39m
     [90m 245 |[39m
     [90m 246 |[39m   test([32m'getData returns 
proper slot structure'[39m[33m,[39m [36masync[39m 
() [33m=>[39m {[0m

      at Object.<anonymous> 
(tests/config-complete.test.js:243:25)

  ΓùÅ Config Module - Complete Coverage ΓÇ║ getData 
returns proper slot structure

    expect(received).toEqual(expected) // deep equality

    Expected: {"1": true, "5": true}
    Received: undefined

    [0m [90m 257 |[39m     [36mconst[39m data 
[33m=[39m config[33m.[39mgetData()[33m;[39m
     [90m 258 |[39m     
    [31m[1m>[22m[39m[90m 259 |[39m     
expect(data[33m.[39mhiddenSlots)[33m.[39mtoEqual({ 
[32m'1'[39m[33m:[39m [36mtrue[39m[33m,[39m 
[32m'5'[39m[33m:[39m [36mtrue[39m })[33m;[39m
     [90m     |[39m                              
[31m[1m^[22m[39m
     [90m 260 |[39m   })[33m;[39m
     [90m 261 |[39m
     [90m 262 |[39m   test([32m'getData returns 
proper pages structure'[39m[33m,[39m [36masync[39m 
() [33m=>[39m {[0m

      at Object.<anonymous> 
(tests/config-complete.test.js:259:30)

  ΓùÅ Config Module - Complete Coverage ΓÇ║ getData 
returns proper pages structure

    expect(received).toEqual(expected) // deep equality

    Expected: [1, 3, 5]
    Received: undefined

    [0m [90m 273 |[39m     [36mconst[39m data 
[33m=[39m config[33m.[39mgetData()[33m;[39m
     [90m 274 |[39m     
    [31m[1m>[22m[39m[90m 275 |[39m     expect(data
[33m.[39mhiddenPages)[33m.[39mtoEqual([[35m1[39m[33
m,[39m [35m3[39m[33m,[39m [35m5[39m])[33m;[39m
     [90m     |[39m                              
[31m[1m^[22m[39m
     [90m 276 |[39m   })[33m;[39m
     [90m 277 |[39m
     [90m 278 |[39m   test([32m'render method can be 
called'[39m[33m,[39m [36masync[39m () [33m=>[39m 
{[0m

      at Object.<anonymous> 
(tests/config-complete.test.js:275:30)

  ΓùÅ Config Module - Complete Coverage ΓÇ║ close method 
can be called

    expect(received).toBeDefined()

    Received: undefined

    [0m [90m 288 |[39m     
     [90m 289 |[39m     [36mconst[39m result 
[33m=[39m [36mawait[39m 
config[33m.[39mclose()[33m;[39m
    [31m[1m>[22m[39m[90m 290 |[39m     
expect(result)[33m.[39mtoBeDefined()[33m;[39m
     [90m     |[39m                    
[31m[1m^[22m[39m
     [90m 291 |[39m   })[33m;[39m
     [90m 292 |[39m })[33m;[39m
     [90m 293 |[39m[0m

      at Object.<anonymous> 
(tests/config-complete.test.js:290:20)

(node:30556) ExperimentalWarning: VM Modules is an 
experimental feature and might change at any time
(Use `node --trace-warnings ...` to show where the 
warning was created)
FAIL tests/hooks-complete.test.js
  ΓùÅ Console

    console.log
      rnk-hide-em | Applying hotbar styles

      at log (scripts/utils.js:100:17)

    console.log
      rnk-hide-em | Updating styles. GM: true, 
ApplyToGM: false, Scene Controls hidden: false, Entire 
Hotbar hidden: false, Chat hidden: false, Players 
hidden: false

      at log (scripts/utils.js:100:17)

    console.log
      rnk-hide-em | Updating styles. GM: true, 
ApplyToGM: false, Scene Controls hidden: false, Entire 
Hotbar hidden: false, Chat hidden: false, Players 
hidden: false

      at log (scripts/utils.js:100:17)

  ΓùÅ Hooks Module - Complete Coverage ΓÇ║ readyHook 
calls updateHotbarStyles

    expect(received).toHaveBeenCalled()

    Matcher error: received value must be a mock or spy 
function

    Received has type:  function
    Received has value: [Function appendChild]

    [0m [90m 48 |[39m     [36mconst[39m { readyHook 
} [33m=[39m [36mawait[39m [36mimport[39m([32m'../s
cripts/hooks.js'[39m)[33m;[39m
     [90m 49 |[39m     readyHook()[33m;[39m
    [31m[1m>[22m[39m[90m 50 |[39m     expect(docume
nt[33m.[39mhead[33m.[39mappendChild)[33m.[39mtoHave
BeenCalled()[33m;[39m
     [90m    |[39m                                     
  [31m[1m^[22m[39m
     [90m 51 |[39m   })[33m;[39m
     [90m 52 |[39m
     [90m 53 |[39m   
test([32m'renderMacroDirectoryHook with GM 
user'[39m[33m,[39m [36masync[39m () [33m=>[39m 
{[0m

      at Object.<anonymous> 
(tests/hooks-complete.test.js:50:39)

  ΓùÅ Hooks Module - Complete Coverage ΓÇ║ 
hotbarCollapseHook applies styles after delay

    expect(received).toHaveBeenCalled()

    Matcher error: received value must be a mock or spy 
function

    Received has type:  function
    Received has value: [Function appendChild]

    [0m [90m 139 |[39m     jest[33m.[39madvanceTimer
sByTime([35m100[39m)[33m;[39m
     [90m 140 |[39m     
    [31m[1m>[22m[39m[90m 141 |[39m     expect(docum
ent[33m.[39mhead[33m.[39mappendChild)[33m.[39mtoHav
eBeenCalled()[33m;[39m
     [90m     |[39m                                    
   [31m[1m^[22m[39m
     [90m 142 |[39m     
     [90m 143 |[39m     
jest[33m.[39museRealTimers()[33m;[39m
     [90m 144 |[39m   })[33m;[39m[0m

      at Object.<anonymous> 
(tests/hooks-complete.test.js:141:39)

(node:31932) ExperimentalWarning: VM Modules is an 
experimental feature and might change at any time
(Use `node --trace-warnings ...` to show where the 
warning was created)
(node:35652) ExperimentalWarning: VM Modules is an 
experimental feature and might change at any time
(Use `node --trace-warnings ...` to show where the 
warning was created)
FAIL tests/module-complete.test.js
  ΓùÅ Console

    console.log
      rnk-hide-em | Module loaded

      at log (scripts/utils.js:100:17)

  ΓùÅ Module Init - Complete Coverage ΓÇ║ init hook is 
registered

    expect(jest.fn()).toHaveBeenCalledWith(...expected)

    Expected: "init", Any<Function>

    Number of calls: 0

    [0m [90m 26 |[39m   test([32m'init hook is 
registered'[39m[33m,[39m [36masync[39m () 
[33m=>[39m {
     [90m 27 |[39m     [36mawait[39m [36mimport[39m
([32m'../scripts/module.js'[39m)[33m;[39m
    [31m[1m>[22m[39m[90m 28 |[39m     expect([33mH
ooks[39m[33m.[39monce)[33m.[39mtoHaveBeenCalledWith(
[32m'init'[39m[33m,[39m 
expect[33m.[39many([33mFunction[39m))[33m;[39m
     [90m    |[39m                        
[31m[1m^[22m[39m
     [90m 29 |[39m   })[33m;[39m
     [90m 30 |[39m
     [90m 31 |[39m   test([32m'ready hook is 
registered'[39m[33m,[39m [36masync[39m () 
[33m=>[39m {[0m

      at Object.<anonymous> 
(tests/module-complete.test.js:28:24)

  ΓùÅ Module Init - Complete Coverage ΓÇ║ ready hook is 
registered

    expect(jest.fn()).toHaveBeenCalledWith(...expected)

    Expected: "ready", Any<Function>

    Number of calls: 0

    [0m [90m 31 |[39m   test([32m'ready hook is 
registered'[39m[33m,[39m [36masync[39m () 
[33m=>[39m {
     [90m 32 |[39m     [36mawait[39m [36mimport[39m
([32m'../scripts/module.js'[39m)[33m;[39m
    [31m[1m>[22m[39m[90m 33 |[39m     expect([33mH
ooks[39m[33m.[39monce)[33m.[39mtoHaveBeenCalledWith(
[32m'ready'[39m[33m,[39m 
expect[33m.[39many([33mFunction[39m))[33m;[39m
     [90m    |[39m                        
[31m[1m^[22m[39m
     [90m 34 |[39m   })[33m;[39m
     [90m 35 |[39m
     [90m 36 |[39m   test([32m'renderMacroDirectory 
hook is registered'[39m[33m,[39m [36masync[39m () 
[33m=>[39m {[0m

      at Object.<anonymous> 
(tests/module-complete.test.js:33:24)

  ΓùÅ Module Init - Complete Coverage ΓÇ║ 
renderMacroDirectory hook is registered

    expect(jest.fn()).toHaveBeenCalledWith(...expected)

    Expected: "renderMacroDirectory", Any<Function>

    Number of calls: 0

    [0m [90m 36 |[39m   
test([32m'renderMacroDirectory hook is 
registered'[39m[33m,[39m [36masync[39m () 
[33m=>[39m {
     [90m 37 |[39m     [36mawait[39m [36mimport[39m
([32m'../scripts/module.js'[39m)[33m;[39m
    [31m[1m>[22m[39m[90m 38 |[39m     expect([33mH
ooks[39m[33m.[39mon)[33m.[39mtoHaveBeenCalledWith([
32m'renderMacroDirectory'[39m[33m,[39m 
expect[33m.[39many([33mFunction[39m))[33m;[39m
     [90m    |[39m                      
[31m[1m^[22m[39m
     [90m 39 |[39m   })[33m;[39m
     [90m 40 |[39m
     [90m 41 |[39m   test([32m'init hook callback 
executes registerSettings'[39m[33m,[39m 
[36masync[39m () [33m=>[39m {[0m

      at Object.<anonymous> 
(tests/module-complete.test.js:38:22)

  ΓùÅ Module Init - Complete Coverage ΓÇ║ init and ready 
hooks execute in sequence

    expect(received).toBeDefined()

    Received: undefined

    [0m [90m 105 |[39m     [36mconst[39m readyCall 
[33m=[39m hookCalls[33m.[39mfind(call [33m=>[39m 
call[[35m0[39m] [33m===[39m 
[32m'ready'[39m)[33m;[39m
     [90m 106 |[39m     
    [31m[1m>[22m[39m[90m 107 |[39m     
expect(initCall)[33m.[39mtoBeDefined()[33m;[39m
     [90m     |[39m                      
[31m[1m^[22m[39m
     [90m 108 |[39m     
expect(readyCall)[33m.[39mtoBeDefined()[33m;[39m
     [90m 109 |[39m     
     [90m 110 |[39m     [36mif[39m (initCall 
[33m&&[39m readyCall) {[0m

      at Object.<anonymous> 
(tests/module-complete.test.js:107:22)

  ΓùÅ Module Init - Complete Coverage ΓÇ║ hooks are 
called only once per event

    expect(received).toBeGreaterThanOrEqual(expected)

    Expected: >= 1
    Received:    0

    [0m [90m 131 |[39m     
     [90m 132 |[39m     [90m// Each hook should be 
registered once[39m
    [31m[1m>[22m[39m[90m 133 |[39m     expect(initC
alls[33m.[39mlength)[33m.[39mtoBeGreaterThanOrEqual(
[35m1[39m)[33m;[39m
     [90m     |[39m                              
[31m[1m^[22m[39m
     [90m 134 |[39m     expect(readyCalls[33m.[39mlen
gth)[33m.[39mtoBeGreaterThanOrEqual([35m1[39m)[33m;
[39m
     [90m 135 |[39m   })[33m;[39m
     [90m 136 |[39m })[33m;[39m[0m

      at Object.<anonymous> 
(tests/module-complete.test.js:133:30)

(node:30204) ExperimentalWarning: VM Modules is an 
experimental feature and might change at any time
(Use `node --trace-warnings ...` to show where the 
warning was created)
FAIL tests/integration-workflow.test.js
  ΓùÅ Console

    console.log
      rnk-hide-em | Applying hotbar styles

      at log (scripts/utils.js:100:17)

    console.log
      rnk-hide-em | Updating styles. GM: true, 
ApplyToGM: false, Scene Controls hidden: false, Entire 
Hotbar hidden: false, Chat hidden: false, Players 
hidden: false

      at log (scripts/utils.js:100:17)

    console.log
      rnk-hide-em | Updating styles. GM: true, 
ApplyToGM: false, Scene Controls hidden: false, Entire 
Hotbar hidden: false, Chat hidden: false, Players 
hidden: false

      at log (scripts/utils.js:100:17)

    console.log
      rnk-hide-em | Configuration exported

      at log (scripts/utils.js:100:17)

    console.log
      rnk-hide-em | Updating styles. GM: true, 
ApplyToGM: false, Scene Controls hidden: false, Entire 
Hotbar hidden: true, Chat hidden: false, Players hidden: 
false

      at log (scripts/utils.js:100:17)

    console.log
      rnk-hide-em | Generated CSS for tabs: chat

      at log (scripts/utils.js:100:17)

    console.log
      rnk-hide-em | Saving settings. FormData:

      at log (scripts/utils.js:100:17)

    console.log
      {
        'slot-1': true,
        'slot-50': true,
        'page-1': true,
        'page-5': true,
        'tab-chat': true,
        'tab-combat': true,
        hideBackground: true,
        applyToGM: false,
        hideLeftControls: true,
        hideRightControls: false,
        hideSidebar: true,
        hideSceneControls: false,
        hideEntireHotbar: true,
        hideChat: false,
        hidePlayers: true,
        hideSceneNavigation: false,
        opacity: '75',
        animationDuration: '400'
      }

      at HideHotbarConfig.log [as _updateObject] 
(scripts/config.js:301:15)

    console.log
      rnk-hide-em | Hidden tabs to save:

      at log (scripts/utils.js:100:17)

    console.log
      rnk-hide-em | Updating styles. GM: true, 
ApplyToGM: false, Scene Controls hidden: false, Entire 
Hotbar hidden: true, Chat hidden: false, Players hidden: 
true

      at log (scripts/utils.js:100:17)

    console.log
      rnk-hide-em | Updating styles. GM: true, 
ApplyToGM: false, Scene Controls hidden: false, Entire 
Hotbar hidden: true, Chat hidden: false, Players hidden: 
false

      at log (scripts/utils.js:100:17)

    console.log
      rnk-hide-em | Updating styles. GM: true, 
ApplyToGM: true, Scene Controls hidden: false, Entire 
Hotbar hidden: true, Chat hidden: false, Players hidden: 
false

      at log (scripts/utils.js:100:17)

    console.log
      rnk-hide-em | Updating styles. GM: false, 
ApplyToGM: false, Scene Controls hidden: false, Entire 
Hotbar hidden: true, Chat hidden: false, Players hidden: 
false

      at log (scripts/utils.js:100:17)

  ΓùÅ Full Workflow Integration ΓÇ║ Animation helpers 
all cases

    expect(jest.fn()).toHaveBeenCalledWith(...expected)

    Expected: "rnk-visible"
    Received
           1: "rnk-hidden"
           2: "rnk-hidden"

    Number of calls: 2

    [0m [90m 261 |[39m     
     [90m 262 |[39m     
animateElement(mockElement[33m,[39m 
[32m'visible'[39m)[33m;[39m
    [31m[1m>[22m[39m[90m 263 |[39m     expect(mockE
lement[33m.[39mclassList[33m.[39madd)[33m.[39mtoHav
eBeenCalledWith([32m'rnk-visible'[39m)[33m;[39m
     [90m     |[39m                                    
   [31m[1m^[22m[39m
     [90m 264 |[39m     
     [90m 265 |[39m     [90m// Null safety[39m
     [90m 266 |[39m     expect(() [33m=>[39m 
animateElement([36mnull[39m[33m,[39m [32m'hidden'[3
9m))[33m.[39mnot[33m.[39mtoThrow()[33m;[39m[0m

      at Object.<anonymous> 
(tests/integration-workflow.test.js:263:39)

(node:28928) ExperimentalWarning: VM Modules is an 
experimental feature and might change at any time
(Use `node --trace-warnings ...` to show where the 
warning was created)
FAIL tests/edge-cases.test.js
  ΓùÅ Console

    console.log
      rnk-hide-em | Updating styles. GM: true, 
ApplyToGM: false, Scene Controls hidden: false, Entire 
Hotbar hidden: false, Chat hidden: false, Players 
hidden: false

      at log (scripts/utils.js:100:17)

    console.log
      rnk-hide-em | Updating styles. GM: true, 
ApplyToGM: false, Scene Controls hidden: true, Entire 
Hotbar hidden: true, Chat hidden: true, Players hidden: 
true

      at log (scripts/utils.js:100:17)

    console.log
      rnk-hide-em | Updating styles. GM: true, 
ApplyToGM: false, Scene Controls hidden: false, Entire 
Hotbar hidden: false, Chat hidden: false, Players 
hidden: false

      at log (scripts/utils.js:100:17)

    console.log
      rnk-hide-em | Updating styles. GM: true, 
ApplyToGM: false, Scene Controls hidden: false, Entire 
Hotbar hidden: false, Chat hidden: false, Players 
hidden: false

      at log (scripts/utils.js:100:17)

    console.log
      rnk-hide-em | Updating styles. GM: true, 
ApplyToGM: false, Scene Controls hidden: false, Entire 
Hotbar hidden: false, Chat hidden: false, Players 
hidden: false

      at log (scripts/utils.js:100:17)

    console.log
      rnk-hide-em | Generated CSS for tabs: chat, 
combat, scenes, actors, items, journal, tables, cards, 
playlists, compendium, settings

      at log (scripts/utils.js:100:17)

    console.log
      rnk-hide-em | Updating styles. GM: true, 
ApplyToGM: false, Scene Controls hidden: false, Entire 
Hotbar hidden: false, Chat hidden: false, Players 
hidden: false

      at log (scripts/utils.js:100:17)

    console.log
      rnk-hide-em | Updating styles. GM: false, 
ApplyToGM: false, Scene Controls hidden: false, Entire 
Hotbar hidden: false, Chat hidden: false, Players 
hidden: false

      at log (scripts/utils.js:100:17)

    console.log
      rnk-hide-em | Saving settings. FormData:

      at log (scripts/utils.js:100:17)

    console.log
      {
        'slot-1': true,
        'slot-3': true,
        'slot-5': true,
        'slot-7': true,
        'slot-9': true,
        'slot-15': true,
        'slot-20': true,
        'slot-25': true,
        'slot-30': true,
        'slot-42': true,
        'slot-50': true
      }

      at HideHotbarConfig.log [as _updateObject] 
(scripts/config.js:301:15)

    console.log
      rnk-hide-em | Hidden tabs to save:

      at log (scripts/utils.js:100:17)

    console.log
      rnk-hide-em | Updating styles. GM: true, 
ApplyToGM: false, Scene Controls hidden: false, Entire 
Hotbar hidden: false, Chat hidden: false, Players 
hidden: false

      at log (scripts/utils.js:100:17)

    console.log
      rnk-hide-em | Saving settings. FormData:

      at log (scripts/utils.js:100:17)

    console.log
      {
        'page-1': true,
        'page-2': true,
        'page-3': true,
        'page-4': true,
        'page-5': true
      }

      at HideHotbarConfig.log [as _updateObject] 
(scripts/config.js:301:15)

    console.log
      rnk-hide-em | Hidden tabs to save:

      at log (scripts/utils.js:100:17)

    console.log
      rnk-hide-em | Updating styles. GM: true, 
ApplyToGM: false, Scene Controls hidden: false, Entire 
Hotbar hidden: false, Chat hidden: false, Players 
hidden: false

      at log (scripts/utils.js:100:17)

    console.log
      rnk-hide-em | Saving settings. FormData:

      at log (scripts/utils.js:100:17)

    console.log
      { opacity: 100, animationDuration: 300 }

      at HideHotbarConfig.log [as _updateObject] 
(scripts/config.js:301:15)

    console.log
      rnk-hide-em | Hidden tabs to save:

      at log (scripts/utils.js:100:17)

    console.log
      rnk-hide-em | Updating styles. GM: true, 
ApplyToGM: false, Scene Controls hidden: false, Entire 
Hotbar hidden: false, Chat hidden: false, Players 
hidden: false

      at log (scripts/utils.js:100:17)

    console.log
      rnk-hide-em | Saving settings. FormData:

      at log (scripts/utils.js:100:17)

    console.log
      {
        hideBackground: true,
        applyToGM: true,
        hideLeftControls: true,
        hideRightControls: true,
        hideSidebar: true,
        hideSceneControls: true,
        hideEntireHotbar: true,
        hideChat: true,
        hidePlayers: true,
        hideSceneNavigation: true
      }

      at HideHotbarConfig.log [as _updateObject] 
(scripts/config.js:301:15)

    console.log
      rnk-hide-em | Hidden tabs to save:

      at log (scripts/utils.js:100:17)

    console.log
      rnk-hide-em | Updating styles. GM: true, 
ApplyToGM: true, Scene Controls hidden: true, Entire 
Hotbar hidden: true, Chat hidden: true, Players hidden: 
true

      at log (scripts/utils.js:100:17)

    console.log
      rnk-hide-em | Saving settings. FormData:

      at log (scripts/utils.js:100:17)

    console.log
      { opacity: 0 }

      at HideHotbarConfig.log [as _updateObject] 
(scripts/config.js:301:15)

    console.log
      rnk-hide-em | Hidden tabs to save:

      at log (scripts/utils.js:100:17)

    console.log
      rnk-hide-em | Updating styles. GM: true, 
ApplyToGM: false, Scene Controls hidden: false, Entire 
Hotbar hidden: false, Chat hidden: false, Players 
hidden: false

      at log (scripts/utils.js:100:17)

    console.log
      rnk-hide-em | Saving settings. FormData:

      at log (scripts/utils.js:100:17)

    console.log
      { opacity: 100 }

      at HideHotbarConfig.log [as _updateObject] 
(scripts/config.js:301:15)

    console.log
      rnk-hide-em | Hidden tabs to save:

      at log (scripts/utils.js:100:17)

    console.log
      rnk-hide-em | Updating styles. GM: true, 
ApplyToGM: false, Scene Controls hidden: false, Entire 
Hotbar hidden: false, Chat hidden: false, Players 
hidden: false

      at log (scripts/utils.js:100:17)

    console.log
      rnk-hide-em | Saving settings. FormData:

      at log (scripts/utils.js:100:17)

    console.log
      { animationDuration: 0 }

      at HideHotbarConfig.log [as _updateObject] 
(scripts/config.js:301:15)

    console.log
      rnk-hide-em | Hidden tabs to save:

      at log (scripts/utils.js:100:17)

    console.log
      rnk-hide-em | Updating styles. GM: true, 
ApplyToGM: false, Scene Controls hidden: false, Entire 
Hotbar hidden: false, Chat hidden: false, Players 
hidden: false

      at log (scripts/utils.js:100:17)

    console.log
      rnk-hide-em | Saving settings. FormData:

      at log (scripts/utils.js:100:17)

    console.log
      { animationDuration: 1000 }

      at HideHotbarConfig.log [as _updateObject] 
(scripts/config.js:301:15)

    console.log
      rnk-hide-em | Hidden tabs to save:

      at log (scripts/utils.js:100:17)

    console.log
      rnk-hide-em | Updating styles. GM: true, 
ApplyToGM: false, Scene Controls hidden: false, Entire 
Hotbar hidden: false, Chat hidden: false, Players 
hidden: false

      at log (scripts/utils.js:100:17)

    console.log
      rnk-hide-em | Configuration exported

      at log (scripts/utils.js:100:17)

  ΓùÅ Edge Cases and Integration Tests ΓÇ║ Styles - All 
Conditional Branches ΓÇ║ hideBackground + 
hideLeftControls + hideRightControls combo

    expect(received).toHaveBeenCalled()

    Matcher error: received value must be a mock or spy 
function

    Received has type:  function
    Received has value: [Function appendChild]

    [0m [90m 32 |[39m       [36mconst[39m { 
updateHotbarStyles } [33m=[39m [36mawait[39m [36mimp
ort[39m([32m'../scripts/styles.js'[39m)[33m;[39m
     [90m 33 |[39m       
updateHotbarStyles()[33m;[39m
    [31m[1m>[22m[39m[90m 34 |[39m       expect(docu
ment[33m.[39mhead[33m.[39mappendChild)[33m.[39mtoHa
veBeenCalled()[33m;[39m
     [90m    |[39m                                     
    [31m[1m^[22m[39m
     [90m 35 |[39m     })[33m;[39m
     [90m 36 |[39m
     [90m 37 |[39m     test([32m'all UI hiding 
features enabled simultaneously'[39m[33m,[39m 
[36masync[39m () [33m=>[39m {[0m

      at Object.<anonymous> 
(tests/edge-cases.test.js:34:41)

  ΓùÅ Edge Cases and Integration Tests ΓÇ║ Styles - All 
Conditional Branches ΓÇ║ all UI hiding features enabled 
simultaneously

    expect(received).toHaveBeenCalled()

    Matcher error: received value must be a mock or spy 
function

    Received has type:  function
    Received has value: [Function appendChild]

    [0m [90m 48 |[39m       [36mconst[39m { 
updateHotbarStyles } [33m=[39m [36mawait[39m [36mimp
ort[39m([32m'../scripts/styles.js'[39m)[33m;[39m
     [90m 49 |[39m       
updateHotbarStyles()[33m;[39m
    [31m[1m>[22m[39m[90m 50 |[39m       expect(docu
ment[33m.[39mhead[33m.[39mappendChild)[33m.[39mtoHa
veBeenCalled()[33m;[39m
     [90m    |[39m                                     
    [31m[1m^[22m[39m
     [90m 51 |[39m     })[33m;[39m
     [90m 52 |[39m
     [90m 53 |[39m     test([32m'hiddenSlots with all 
50 slots hidden'[39m[33m,[39m [36masync[39m () 
[33m=>[39m {[0m

      at Object.<anonymous> 
(tests/edge-cases.test.js:50:41)

  ΓùÅ Edge Cases and Integration Tests ΓÇ║ Styles - All 
Conditional Branches ΓÇ║ hiddenSlots with all 50 slots 
hidden

    expect(received).toHaveBeenCalled()

    Matcher error: received value must be a mock or spy 
function

    Received has type:  function
    Received has value: [Function appendChild]

    [0m [90m 64 |[39m       [36mconst[39m { 
updateHotbarStyles } [33m=[39m [36mawait[39m [36mimp
ort[39m([32m'../scripts/styles.js'[39m)[33m;[39m
     [90m 65 |[39m       
updateHotbarStyles()[33m;[39m
    [31m[1m>[22m[39m[90m 66 |[39m       expect(docu
ment[33m.[39mhead[33m.[39mappendChild)[33m.[39mtoHa
veBeenCalled()[33m;[39m
     [90m    |[39m                                     
    [31m[1m^[22m[39m
     [90m 67 |[39m     })[33m;[39m
     [90m 68 |[39m
     [90m 69 |[39m     test([32m'hiddenPages with all 
pages hidden'[39m[33m,[39m [36masync[39m () 
[33m=>[39m {[0m

      at Object.<anonymous> 
(tests/edge-cases.test.js:66:41)

  ΓùÅ Edge Cases and Integration Tests ΓÇ║ Styles - All 
Conditional Branches ΓÇ║ hiddenPages with all pages 
hidden

    expect(received).toHaveBeenCalled()

    Matcher error: received value must be a mock or spy 
function

    Received has type:  function
    Received has value: [Function appendChild]

    [0m [90m 77 |[39m       [36mconst[39m { 
updateHotbarStyles } [33m=[39m [36mawait[39m [36mimp
ort[39m([32m'../scripts/styles.js'[39m)[33m;[39m
     [90m 78 |[39m       
updateHotbarStyles()[33m;[39m
    [31m[1m>[22m[39m[90m 79 |[39m       expect(docu
ment[33m.[39mhead[33m.[39mappendChild)[33m.[39mtoHa
veBeenCalled()[33m;[39m
     [90m    |[39m                                     
    [31m[1m^[22m[39m
     [90m 80 |[39m     })[33m;[39m
     [90m 81 |[39m
     [90m 82 |[39m     test([32m'hiddenSidebarTabs 
with maximum tabs'[39m[33m,[39m [36masync[39m () 
[33m=>[39m {[0m

      at Object.<anonymous> 
(tests/edge-cases.test.js:79:41)

  ΓùÅ Edge Cases and Integration Tests ΓÇ║ Styles - All 
Conditional Branches ΓÇ║ hiddenSidebarTabs with maximum 
tabs

    expect(received).toHaveBeenCalled()

    Matcher error: received value must be a mock or spy 
function

    Received has type:  function
    Received has value: [Function appendChild]

    [0m [90m 92 |[39m       [36mconst[39m { 
updateHotbarStyles } [33m=[39m [36mawait[39m [36mimp
ort[39m([32m'../scripts/styles.js'[39m)[33m;[39m
     [90m 93 |[39m       
updateHotbarStyles()[33m;[39m
    [31m[1m>[22m[39m[90m 94 |[39m       expect(docu
ment[33m.[39mhead[33m.[39mappendChild)[33m.[39mtoHa
veBeenCalled()[33m;[39m
     [90m    |[39m                                     
    [31m[1m^[22m[39m
     [90m 95 |[39m     })[33m;[39m
     [90m 96 |[39m
     [90m 97 |[39m     test([32m'opacity at boundary 
0'[39m[33m,[39m [36masync[39m () [33m=>[39m {[0m

      at Object.<anonymous> 
(tests/edge-cases.test.js:94:41)

  ΓùÅ Edge Cases and Integration Tests ΓÇ║ Styles - All 
Conditional Branches ΓÇ║ opacity at boundary 0

    expect(received).toHaveBeenCalled()

    Matcher error: received value must be a mock or spy 
function

    Received has type:  function
    Received has value: [Function appendChild]

    [0m [90m 105 |[39m       [36mconst[39m { 
updateHotbarStyles } [33m=[39m [36mawait[39m [36mimp
ort[39m([32m'../scripts/styles.js'[39m)[33m;[39m
     [90m 106 |[39m       
updateHotbarStyles()[33m;[39m
    [31m[1m>[22m[39m[90m 107 |[39m       expect(doc
ument[33m.[39mhead[33m.[39mappendChild)[33m.[39mtoH
aveBeenCalled()[33m;[39m
     [90m     |[39m                                    
     [31m[1m^[22m[39m
     [90m 108 |[39m     })[33m;[39m
     [90m 109 |[39m
     [90m 110 |[39m     test([32m'non-GM with 
applyToGM false'[39m[33m,[39m [36masync[39m () 
[33m=>[39m {[0m

      at Object.<anonymous> 
(tests/edge-cases.test.js:107:41)

  ΓùÅ Edge Cases and Integration Tests ΓÇ║ Styles - All 
Conditional Branches ΓÇ║ non-GM with applyToGM false

    expect(received).toHaveBeenCalled()

    Matcher error: received value must be a mock or spy 
function

    Received has type:  function
    Received has value: [Function appendChild]

    [0m [90m 121 |[39m       [36mconst[39m { 
updateHotbarStyles } [33m=[39m [36mawait[39m [36mimp
ort[39m([32m'../scripts/styles.js'[39m)[33m;[39m
     [90m 122 |[39m       
updateHotbarStyles()[33m;[39m
    [31m[1m>[22m[39m[90m 123 |[39m       expect(doc
ument[33m.[39mhead[33m.[39mappendChild)[33m.[39mtoH
aveBeenCalled()[33m;[39m
     [90m     |[39m                                    
     [31m[1m^[22m[39m
     [90m 124 |[39m     })[33m;[39m
     [90m 125 |[39m   })[33m;[39m
     [90m 126 |[39m[0m

      at Object.<anonymous> 
(tests/edge-cases.test.js:123:41)

  ΓùÅ Edge Cases and Integration Tests ΓÇ║ Utils - All 
Function Paths ΓÇ║ updateStyleElement removes old style 
and creates new

    expect(received).toBe(expected) // Object.is equality

    Expected: "new content"
    Received: "old content"

    [0m [90m 194 |[39m       
updateStyleElement([32m'new content'[39m)[33m;[39m
     [90m 195 |[39m       
    [31m[1m>[22m[39m[90m 196 |[39m       expect(moc
kOldStyle[33m.[39mtextContent)[33m.[39mtoBe([32m'new
 content'[39m)[33m;[39m
     [90m     |[39m                                    
    [31m[1m^[22m[39m
     [90m 197 |[39m     })[33m;[39m
     [90m 198 |[39m   })[33m;[39m
     [90m 199 |[39m[0m

      at Object.<anonymous> 
(tests/edge-cases.test.js:196:40)

  ΓùÅ Edge Cases and Integration Tests ΓÇ║ Config - Form 
Data Processing ΓÇ║ _updateObject with extreme opacity 
values

    expect(jest.fn()).toHaveBeenCalledWith(...expected)

    Expected: Any<String>, "opacity", 0
    Received
           1: "rnk-hide-em", "hiddenSlots", {"1": false, 
"10": false, "11": false, "12": false, "13": false, 
"14": false, "15": false, "16": false, "17": false, 
"18": false, "19": false, "2": false, "20": false, "21": 
false, "22": false, "23": false, "24": false, "25": 
false, "26": false, "27": false, "28": false, "29": 
false, "3": false, "30": false, "31": false, "32": 
false, "33": false, "34": false, "35": false, "36": 
false, "37": false, "38": false, "39": false, "4": 
false, "40": false, "41": false, "42": false, "43": 
false, "44": false, "45": false, "46": false, "47": 
false, "48": false, "49": false, "5": false, "50": 
false, "6": false, "7": false, "8": false, "9": false}
           2: "rnk-hide-em", "hideBackground", false
           3: "rnk-hide-em", "applyToGM", false

    Number of calls: 30

    [0m [90m 278 |[39m       [36mawait[39m 
config[33m.[39m_updateObject({}[33m,[39m { 
opacity[33m:[39m [35m100[39m })[33m;[39m
     [90m 279 |[39m       
    [31m[1m>[22m[39m[90m 280 |[39m       expect(gam
e[33m.[39msettings[33m.[39m[36mset[39m)[33m.[39mt
oHaveBeenCalledWith(expect[33m.[39many([33mString[39m
)[33m,[39m [32m'opacity'[39m[33m,[39m 
[35m0[39m)[33m;[39m
     [90m     |[39m                                 
[31m[1m^[22m[39m
     [90m 281 |[39m       expect(game[33m.[39msetting
s[33m.[39m[36mset[39m)[33m.[39mtoHaveBeenCalledWith
(expect[33m.[39many([33mString[39m)[33m,[39m 
[32m'opacity'[39m[33m,[39m [35m100[39m)[33m;[39m
     [90m 282 |[39m     })[33m;[39m
     [90m 283 |[39m[0m

      at Object.<anonymous> 
(tests/edge-cases.test.js:280:33)

  ΓùÅ Edge Cases and Integration Tests ΓÇ║ Config - Form 
Data Processing ΓÇ║ _updateObject with extreme animation 
duration

    expect(jest.fn()).toHaveBeenCalledWith(...expected)

    Expected: Any<String>, "animationDuration", 0
    Received
           1: "rnk-hide-em", "hiddenSlots", {"1": false, 
"10": false, "11": false, "12": false, "13": false, 
"14": false, "15": false, "16": false, "17": false, 
"18": false, "19": false, "2": false, "20": false, "21": 
false, "22": false, "23": false, "24": false, "25": 
false, "26": false, "27": false, "28": false, "29": 
false, "3": false, "30": false, "31": false, "32": 
false, "33": false, "34": false, "35": false, "36": 
false, "37": false, "38": false, "39": false, "4": 
false, "40": false, "41": false, "42": false, "43": 
false, "44": false, "45": false, "46": false, "47": 
false, "48": false, "49": false, "5": false, "50": 
false, "6": false, "7": false, "8": false, "9": false}
           2: "rnk-hide-em", "hideBackground", false
           3: "rnk-hide-em", "applyToGM", false

    Number of calls: 30

    [0m [90m 289 |[39m       [36mawait[39m 
config[33m.[39m_updateObject({}[33m,[39m { 
animationDuration[33m:[39m [35m1000[39m })[33m;[39m
     [90m 290 |[39m       
    [31m[1m>[22m[39m[90m 291 |[39m       expect(gam
e[33m.[39msettings[33m.[39m[36mset[39m)[33m.[39mt
oHaveBeenCalledWith(expect[33m.[39many([33mString[39m
)[33m,[39m [32m'animationDuration'[39m[33m,[39m 
[35m0[39m)[33m;[39m
     [90m     |[39m                                 
[31m[1m^[22m[39m
     [90m 292 |[39m       expect(game[33m.[39msetting
s[33m.[39m[36mset[39m)[33m.[39mtoHaveBeenCalledWith
(expect[33m.[39many([33mString[39m)[33m,[39m 
[32m'animationDuration'[39m[33m,[39m 
[35m1000[39m)[33m;[39m
     [90m 293 |[39m     })[33m;[39m
     [90m 294 |[39m   })[33m;[39m[0m

      at Object.<anonymous> 
(tests/edge-cases.test.js:291:33)

  ΓùÅ Edge Cases and Integration Tests ΓÇ║ Export/Import 
- Full Cycle ΓÇ║ exportConfiguration with all settings 
populated

    expect(received).toHaveBeenCalled()

    Matcher error: received value must be a mock or spy 
function

    Received has type:  function
    Received has value: [Function appendChild]

    [0m [90m 393 |[39m       
exportConfiguration()[33m;[39m
     [90m 394 |[39m       
    [31m[1m>[22m[39m[90m 395 |[39m       expect(doc
ument[33m.[39mbody[33m.[39mappendChild)[33m.[39mtoH
aveBeenCalled()[33m;[39m
     [90m     |[39m                                    
     [31m[1m^[22m[39m
     [90m 396 |[39m       expect(ui[33m.[39mnotificat
ions[33m.[39minfo)[33m.[39mtoHaveBeenCalled()[33m;[
39m
     [90m 397 |[39m     })[33m;[39m
     [90m 398 |[39m[0m

      at Object.<anonymous> 
(tests/edge-cases.test.js:395:41)

  ΓùÅ Edge Cases and Integration Tests ΓÇ║ Export/Import 
- Full Cycle ΓÇ║ shareConfiguration with minimal settings

    TypeError: Cannot read properties of undefined 
(reading 'writeText')

    [0m [90m 140 |[39m   
     [90m 141 |[39m   [90m// Copy to clipboard[39m
    [31m[1m>[22m[39m[90m 142 |[39m   navigator[33m
.[39mclipboard[33m.[39mwriteText(base64)[33m.[39mthe
n(() [33m=>[39m {
     [90m     |[39m                       
[31m[1m^[22m[39m
     [90m 143 |[39m     notify([32m"Configuration 
code copied to clipboard!"[39m[33m,[39m 
[32m"info"[39m)[33m;[39m
     [90m 144 |[39m   })[33m.[39m[36mcatch[39m(() 
[33m=>[39m {
     [90m 145 |[39m     notify([32m"Failed to copy to 
clipboard"[39m[33m,[39m 
[32m"error"[39m)[33m;[39m[0m

      at writeText 
(scripts/features/export-import.js:142:23)
      at Object.<anonymous> 
(tests/edge-cases.test.js:406:22)

(node:32248) ExperimentalWarning: VM Modules is an 
experimental feature and might change at any time
(Use `node --trace-warnings ...` to show where the 
warning was created)
FAIL tests/branch-coverage.test.js
  ΓùÅ Console

    console.log
      rnk-hide-em | Updating styles. GM: true, 
ApplyToGM: false, Scene Controls hidden: false, Entire 
Hotbar hidden: false, Chat hidden: false, Players 
hidden: false

      at log (scripts/utils.js:100:17)

    console.log
      rnk-hide-em | Updating styles. GM: true, 
ApplyToGM: false, Scene Controls hidden: false, Entire 
Hotbar hidden: false, Chat hidden: false, Players 
hidden: false

      at log (scripts/utils.js:100:17)

    console.log
      rnk-hide-em | Updating styles. GM: true, 
ApplyToGM: false, Scene Controls hidden: false, Entire 
Hotbar hidden: false, Chat hidden: false, Players 
hidden: false

      at log (scripts/utils.js:100:17)

    console.log
      rnk-hide-em | Updating styles. GM: true, 
ApplyToGM: false, Scene Controls hidden: false, Entire 
Hotbar hidden: false, Chat hidden: false, Players 
hidden: false

      at log (scripts/utils.js:100:17)

    console.log
      rnk-hide-em | Updating styles. GM: true, 
ApplyToGM: false, Scene Controls hidden: false, Entire 
Hotbar hidden: false, Chat hidden: false, Players 
hidden: false

      at log (scripts/utils.js:100:17)

    console.log
      rnk-hide-em | Updating styles. GM: true, 
ApplyToGM: false, Scene Controls hidden: false, Entire 
Hotbar hidden: false, Chat hidden: false, Players 
hidden: false

      at log (scripts/utils.js:100:17)

    console.log
      rnk-hide-em | Updating styles. GM: true, 
ApplyToGM: false, Scene Controls hidden: false, Entire 
Hotbar hidden: false, Chat hidden: false, Players 
hidden: false

      at log (scripts/utils.js:100:17)

    console.log
      rnk-hide-em | Updating styles. GM: true, 
ApplyToGM: false, Scene Controls hidden: true, Entire 
Hotbar hidden: false, Chat hidden: false, Players 
hidden: false

      at log (scripts/utils.js:100:17)

    console.log
      rnk-hide-em | Updating styles. GM: true, 
ApplyToGM: false, Scene Controls hidden: false, Entire 
Hotbar hidden: true, Chat hidden: false, Players hidden: 
false

      at log (scripts/utils.js:100:17)

    console.log
      rnk-hide-em | Updating styles. GM: true, 
ApplyToGM: false, Scene Controls hidden: false, Entire 
Hotbar hidden: false, Chat hidden: true, Players hidden: 
false

      at log (scripts/utils.js:100:17)

    console.log
      rnk-hide-em | Updating styles. GM: true, 
ApplyToGM: false, Scene Controls hidden: false, Entire 
Hotbar hidden: false, Chat hidden: false, Players 
hidden: true

      at log (scripts/utils.js:100:17)

    console.log
      rnk-hide-em | Updating styles. GM: true, 
ApplyToGM: false, Scene Controls hidden: false, Entire 
Hotbar hidden: false, Chat hidden: false, Players 
hidden: false

      at log (scripts/utils.js:100:17)

    console.log
      rnk-hide-em | Updating styles. GM: true, 
ApplyToGM: false, Scene Controls hidden: false, Entire 
Hotbar hidden: false, Chat hidden: false, Players 
hidden: false

      at log (scripts/utils.js:100:17)

    console.log
      rnk-hide-em | Updating styles. GM: true, 
ApplyToGM: false, Scene Controls hidden: false, Entire 
Hotbar hidden: false, Chat hidden: false, Players 
hidden: false

      at log (scripts/utils.js:100:17)

    console.log
      rnk-hide-em | Generated CSS for tabs: chat, 
combat, scenes

      at log (scripts/utils.js:100:17)

    console.log
      rnk-hide-em | Updating styles. GM: true, 
ApplyToGM: true, Scene Controls hidden: false, Entire 
Hotbar hidden: false, Chat hidden: false, Players 
hidden: false

      at log (scripts/utils.js:100:17)

    console.log
      rnk-hide-em | Updating styles. GM: true, 
ApplyToGM: false, Scene Controls hidden: false, Entire 
Hotbar hidden: false, Chat hidden: false, Players 
hidden: false

      at log (scripts/utils.js:100:17)

    console.log
      rnk-hide-em | Updating styles. GM: false, 
ApplyToGM: false, Scene Controls hidden: false, Entire 
Hotbar hidden: false, Chat hidden: false, Players 
hidden: false

      at log (scripts/utils.js:100:17)

  ΓùÅ Branch Coverage - utils.js ΓÇ║ setSetting handles 
error

    test

    [0m [90m 268 |[39m
     [90m 269 |[39m   test([32m'setSetting handles 
error'[39m[33m,[39m [36masync[39m () [33m=>[39m {
    [31m[1m>[22m[39m[90m 270 |[39m     
game[33m.[39msettings[33m.[39m[36mset[39m 
[33m=[39m jest[33m.[39mfn(() [33m=>[39m { 
[36mthrow[39m [36mnew[39m 
[33mError[39m([32m'test'[39m)[33m;[39m 
})[33m;[39m
     [90m     |[39m                                    
           [31m[1m^[22m[39m
     [90m 271 |[39m     [36mconst[39m { setSetting } 
[33m=[39m [36mawait[39m [36mimport[39m([32m'../scr
ipts/utils.js'[39m)[33m;[39m
     [90m 272 |[39m     [36mawait[39m 
setSetting([32m'test'[39m[33m,[39m 
[32m'value'[39m)[33m;[39m
     [90m 273 |[39m     expect(ui[33m.[39mnotificatio
ns[33m.[39merror)[33m.[39mtoHaveBeenCalled()[33m;[3
9m[0m

      at Object.<anonymous> 
(tests/branch-coverage.test.js:270:47)
      at set (scripts/utils.js:29:25)
      at Object.<anonymous> 
(tests/branch-coverage.test.js:272:11)

(node:27884) ExperimentalWarning: VM Modules is an 
experimental feature and might change at any time
(Use `node --trace-warnings ...` to show where the 
warning was created)
FAIL tests/ultra-coverage.test.js
  ΓùÅ Console

    console.info
      rnk-hide-em | test

      at log (scripts/utils.js:100:17)

    console.log
      rnk-hide-em | Updating styles. GM: true, 
ApplyToGM: false, Scene Controls hidden: false, Entire 
Hotbar hidden: false, Chat hidden: false, Players 
hidden: false

      at log (scripts/utils.js:100:17)

    console.log
      rnk-hide-em | Updating styles. GM: true, 
ApplyToGM: true, Scene Controls hidden: false, Entire 
Hotbar hidden: false, Chat hidden: false, Players 
hidden: false

      at log (scripts/utils.js:100:17)

    console.log
      rnk-hide-em | Updating styles. GM: false, 
ApplyToGM: false, Scene Controls hidden: false, Entire 
Hotbar hidden: false, Chat hidden: false, Players 
hidden: false

      at log (scripts/utils.js:100:17)

    console.log
      rnk-hide-em | Updating styles. GM: true, 
ApplyToGM: false, Scene Controls hidden: true, Entire 
Hotbar hidden: true, Chat hidden: true, Players hidden: 
true

      at log (scripts/utils.js:100:17)

    console.log
      rnk-hide-em | Updating styles. GM: true, 
ApplyToGM: false, Scene Controls hidden: false, Entire 
Hotbar hidden: false, Chat hidden: false, Players 
hidden: false

      at log (scripts/utils.js:100:17)

    console.log
      rnk-hide-em | Updating styles. GM: true, 
ApplyToGM: false, Scene Controls hidden: false, Entire 
Hotbar hidden: false, Chat hidden: false, Players 
hidden: false

      at log (scripts/utils.js:100:17)

    console.log
      rnk-hide-em | Updating styles. GM: true, 
ApplyToGM: false, Scene Controls hidden: false, Entire 
Hotbar hidden: false, Chat hidden: false, Players 
hidden: false

      at log (scripts/utils.js:100:17)

    console.log
      rnk-hide-em | Updating styles. GM: true, 
ApplyToGM: false, Scene Controls hidden: false, Entire 
Hotbar hidden: false, Chat hidden: false, Players 
hidden: false

      at log (scripts/utils.js:100:17)

    console.log
      rnk-hide-em | Updating styles. GM: true, 
ApplyToGM: false, Scene Controls hidden: false, Entire 
Hotbar hidden: false, Chat hidden: false, Players 
hidden: false

      at log (scripts/utils.js:100:17)

    console.log
      rnk-hide-em | Generated CSS for tabs: chat, 
combat, scenes, actors, items, journal, tables, cards, 
playlists, compendium, settings

      at log (scripts/utils.js:100:17)

    console.log
      rnk-hide-em | getData: hiddenSidebarTabs from 
settings:

      at log (scripts/utils.js:100:17)

    console.log
      rnk-hide-em | Saving settings. FormData:

      at log (scripts/utils.js:100:17)

    console.log
      {
        'slot-1': true,
        'slot-2': true,
        'slot-3': true,
        'slot-4': true,
        'slot-5': true,
        'slot-6': true,
        'slot-7': true,
        'slot-8': true,
        'slot-9': true,
        'slot-10': true,
        'slot-11': true,
        'slot-12': true,
        'slot-13': true,
        'slot-14': true,
        'slot-15': true,
        'slot-16': true,
        'slot-17': true,
        'slot-18': true,
        'slot-19': true,
        'slot-20': true,
        'slot-21': true,
        'slot-22': true,
        'slot-23': true,
        'slot-24': true,
        'slot-25': true,
        'slot-26': true,
        'slot-27': true,
        'slot-28': true,
        'slot-29': true,
        'slot-30': true,
        'slot-31': true,
        'slot-32': true,
        'slot-33': true,
        'slot-34': true,
        'slot-35': true,
        'slot-36': true,
        'slot-37': true,
        'slot-38': true,
        'slot-39': true,
        'slot-40': true,
        'slot-41': true,
        'slot-42': true,
        'slot-43': true,
        'slot-44': true,
        'slot-45': true,
        'slot-46': true,
        'slot-47': true,
        'slot-48': true,
        'slot-49': true,
        'slot-50': true
      }

      at HideHotbarConfig.log [as _updateObject] 
(scripts/config.js:301:15)

    console.log
      rnk-hide-em | Hidden tabs to save:

      at log (scripts/utils.js:100:17)

    console.log
      rnk-hide-em | Updating styles. GM: true, 
ApplyToGM: false, Scene Controls hidden: false, Entire 
Hotbar hidden: false, Chat hidden: false, Players 
hidden: false

      at log (scripts/utils.js:100:17)

    console.log
      rnk-hide-em | Saving settings. FormData:

      at log (scripts/utils.js:100:17)

    console.log
      {
        'page-1': true,
        'page-2': true,
        'page-3': true,
        'page-4': true,
        'page-5': true
      }

      at HideHotbarConfig.log [as _updateObject] 
(scripts/config.js:301:15)

    console.log
      rnk-hide-em | Hidden tabs to save:

      at log (scripts/utils.js:100:17)

    console.log
      rnk-hide-em | Updating styles. GM: true, 
ApplyToGM: false, Scene Controls hidden: false, Entire 
Hotbar hidden: false, Chat hidden: false, Players 
hidden: false

      at log (scripts/utils.js:100:17)

    console.log
      rnk-hide-em | Saving settings. FormData:

      at log (scripts/utils.js:100:17)

    console.log
      {
        'tab-chat': true,
        'tab-combat': true,
        'tab-scenes': true,
        'tab-actors': true,
        'tab-items': true
      }

      at HideHotbarConfig.log [as _updateObject] 
(scripts/config.js:301:15)

    console.log
      rnk-hide-em | Hidden tabs to save:

      at log (scripts/utils.js:100:17)

    console.log
      rnk-hide-em | Updating styles. GM: true, 
ApplyToGM: false, Scene Controls hidden: false, Entire 
Hotbar hidden: false, Chat hidden: false, Players 
hidden: false

      at log (scripts/utils.js:100:17)

    console.log
      rnk-hide-em | Saving settings. FormData:

      at log (scripts/utils.js:100:17)

    console.log
      {
        hideBackground: true,
        applyToGM: true,
        hideLeftControls: true,
        hideRightControls: true,
        hideSidebar: true,
        hideSceneControls: true,
        hideEntireHotbar: true,
        hideChat: true,
        hidePlayers: true,
        hideSceneNavigation: true
      }

      at HideHotbarConfig.log [as _updateObject] 
(scripts/config.js:301:15)

    console.log
      rnk-hide-em | Hidden tabs to save:

      at log (scripts/utils.js:100:17)

    console.log
      rnk-hide-em | Updating styles. GM: true, 
ApplyToGM: true, Scene Controls hidden: true, Entire 
Hotbar hidden: true, Chat hidden: true, Players hidden: 
true

      at log (scripts/utils.js:100:17)

    console.log
      rnk-hide-em | Applying hotbar styles

      at log (scripts/utils.js:100:17)

    console.log
      rnk-hide-em | Updating styles. GM: true, 
ApplyToGM: false, Scene Controls hidden: false, Entire 
Hotbar hidden: false, Chat hidden: false, Players 
hidden: false

      at log (scripts/utils.js:100:17)

    console.log
      rnk-hide-em | Updating styles. GM: true, 
ApplyToGM: false, Scene Controls hidden: false, Entire 
Hotbar hidden: false, Chat hidden: false, Players 
hidden: false

      at log (scripts/utils.js:100:17)

    console.log
      rnk-hide-em | Configuration exported

      at log (scripts/utils.js:100:17)

  ΓùÅ Ultra Complete Coverage Suite ΓÇ║ Styles Module - 
Every Branch ΓÇ║ GM with applyToGM false

    expect(jest.fn()).toHaveBeenCalled()

    Expected number of calls: >= 1
    Received number of calls:    0

    [0m [90m 109 |[39m       [36mconst[39m { 
updateHotbarStyles } [33m=[39m [36mawait[39m [36mimp
ort[39m([32m'../scripts/styles.js'[39m)[33m;[39m
     [90m 110 |[39m       
updateHotbarStyles()[33m;[39m
    [31m[1m>[22m[39m[90m 111 |[39m       
expect(appendSpy)[33m.[39mtoHaveBeenCalled()[33m;[39m
     [90m     |[39m                         
[31m[1m^[22m[39m
     [90m 112 |[39m       
appendSpy[33m.[39mmockRestore()[33m;[39m
     [90m 113 |[39m     })[33m;[39m
     [90m 114 |[39m[0m

      at Object.<anonymous> 
(tests/ultra-coverage.test.js:111:25)

  ΓùÅ Ultra Complete Coverage Suite ΓÇ║ Styles Module - 
Every Branch ΓÇ║ GM with applyToGM true

    expect(jest.fn()).toHaveBeenCalled()

    Expected number of calls: >= 1
    Received number of calls:    0

    [0m [90m 119 |[39m       [36mconst[39m { 
updateHotbarStyles } [33m=[39m [36mawait[39m [36mimp
ort[39m([32m'../scripts/styles.js'[39m)[33m;[39m
     [90m 120 |[39m       
updateHotbarStyles()[33m;[39m
    [31m[1m>[22m[39m[90m 121 |[39m       
expect(appendSpy)[33m.[39mtoHaveBeenCalled()[33m;[39m
     [90m     |[39m                         
[31m[1m^[22m[39m
     [90m 122 |[39m       
appendSpy[33m.[39mmockRestore()[33m;[39m
     [90m 123 |[39m     })[33m;[39m
     [90m 124 |[39m[0m

      at Object.<anonymous> 
(tests/ultra-coverage.test.js:121:25)

  ΓùÅ Ultra Complete Coverage Suite ΓÇ║ Styles Module - 
Every Branch ΓÇ║ non-GM user

    expect(jest.fn()).toHaveBeenCalled()

    Expected number of calls: >= 1
    Received number of calls:    0

    [0m [90m 129 |[39m       [36mconst[39m { 
updateHotbarStyles } [33m=[39m [36mawait[39m [36mimp
ort[39m([32m'../scripts/styles.js'[39m)[33m;[39m
     [90m 130 |[39m       
updateHotbarStyles()[33m;[39m
    [31m[1m>[22m[39m[90m 131 |[39m       
expect(appendSpy)[33m.[39mtoHaveBeenCalled()[33m;[39m
     [90m     |[39m                         
[31m[1m^[22m[39m
     [90m 132 |[39m       
appendSpy[33m.[39mmockRestore()[33m;[39m
     [90m 133 |[39m     })[33m;[39m
     [90m 134 |[39m[0m

      at Object.<anonymous> 
(tests/ultra-coverage.test.js:131:25)

  ΓùÅ Ultra Complete Coverage Suite ΓÇ║ Styles Module - 
Every Branch ΓÇ║ all hide features enabled

    expect(jest.fn()).toHaveBeenCalled()

    Expected number of calls: >= 1
    Received number of calls:    0

    [0m [90m 146 |[39m       [36mconst[39m { 
updateHotbarStyles } [33m=[39m [36mawait[39m [36mimp
ort[39m([32m'../scripts/styles.js'[39m)[33m;[39m
     [90m 147 |[39m       
updateHotbarStyles()[33m;[39m
    [31m[1m>[22m[39m[90m 148 |[39m       
expect(appendSpy)[33m.[39mtoHaveBeenCalled()[33m;[39m
     [90m     |[39m                         
[31m[1m^[22m[39m
     [90m 149 |[39m       
appendSpy[33m.[39mmockRestore()[33m;[39m
     [90m 150 |[39m     })[33m;[39m
     [90m 151 |[39m[0m

      at Object.<anonymous> 
(tests/ultra-coverage.test.js:148:25)

  ΓùÅ Ultra Complete Coverage Suite ΓÇ║ Styles Module - 
Every Branch ΓÇ║ opacity 0

    expect(jest.fn()).toHaveBeenCalled()

    Expected number of calls: >= 1
    Received number of calls:    0

    [0m [90m 155 |[39m       [36mconst[39m { 
updateHotbarStyles } [33m=[39m [36mawait[39m [36mimp
ort[39m([32m'../scripts/styles.js'[39m)[33m;[39m
     [90m 156 |[39m       
updateHotbarStyles()[33m;[39m
    [31m[1m>[22m[39m[90m 157 |[39m       
expect(appendSpy)[33m.[39mtoHaveBeenCalled()[33m;[39m
     [90m     |[39m                         
[31m[1m^[22m[39m
     [90m 158 |[39m       
appendSpy[33m.[39mmockRestore()[33m;[39m
     [90m 159 |[39m     })[33m;[39m
     [90m 160 |[39m[0m

      at Object.<anonymous> 
(tests/ultra-coverage.test.js:157:25)

  ΓùÅ Ultra Complete Coverage Suite ΓÇ║ Styles Module - 
Every Branch ΓÇ║ opacity 100

    expect(jest.fn()).toHaveBeenCalled()

    Expected number of calls: >= 1
    Received number of calls:    0

    [0m [90m 164 |[39m       [36mconst[39m { 
updateHotbarStyles } [33m=[39m [36mawait[39m [36mimp
ort[39m([32m'../scripts/styles.js'[39m)[33m;[39m
     [90m 165 |[39m       
updateHotbarStyles()[33m;[39m
    [31m[1m>[22m[39m[90m 166 |[39m       
expect(appendSpy)[33m.[39mtoHaveBeenCalled()[33m;[39m
     [90m     |[39m                         
[31m[1m^[22m[39m
     [90m 167 |[39m       
appendSpy[33m.[39mmockRestore()[33m;[39m
     [90m 168 |[39m     })[33m;[39m
     [90m 169 |[39m[0m

      at Object.<anonymous> 
(tests/ultra-coverage.test.js:166:25)

  ΓùÅ Ultra Complete Coverage Suite ΓÇ║ Styles Module - 
Every Branch ΓÇ║ all 50 slots hidden

    expect(jest.fn()).toHaveBeenCalled()

    Expected number of calls: >= 1
    Received number of calls:    0

    [0m [90m 175 |[39m       [36mconst[39m { 
updateHotbarStyles } [33m=[39m [36mawait[39m [36mimp
ort[39m([32m'../scripts/styles.js'[39m)[33m;[39m
     [90m 176 |[39m       
updateHotbarStyles()[33m;[39m
    [31m[1m>[22m[39m[90m 177 |[39m       
expect(appendSpy)[33m.[39mtoHaveBeenCalled()[33m;[39m
     [90m     |[39m                         
[31m[1m^[22m[39m
     [90m 178 |[39m       
appendSpy[33m.[39mmockRestore()[33m;[39m
     [90m 179 |[39m     })[33m;[39m
     [90m 180 |[39m[0m

      at Object.<anonymous> 
(tests/ultra-coverage.test.js:177:25)

  ΓùÅ Ultra Complete Coverage Suite ΓÇ║ Styles Module - 
Every Branch ΓÇ║ all 5 pages hidden

    expect(jest.fn()).toHaveBeenCalled()

    Expected number of calls: >= 1
    Received number of calls:    0

    [0m [90m 184 |[39m       [36mconst[39m { 
updateHotbarStyles } [33m=[39m [36mawait[39m [36mimp
ort[39m([32m'../scripts/styles.js'[39m)[33m;[39m
     [90m 185 |[39m       
updateHotbarStyles()[33m;[39m
    [31m[1m>[22m[39m[90m 186 |[39m       
expect(appendSpy)[33m.[39mtoHaveBeenCalled()[33m;[39m
     [90m     |[39m                         
[31m[1m^[22m[39m
     [90m 187 |[39m       
appendSpy[33m.[39mmockRestore()[33m;[39m
     [90m 188 |[39m     })[33m;[39m
     [90m 189 |[39m[0m

      at Object.<anonymous> 
(tests/ultra-coverage.test.js:186:25)

  ΓùÅ Ultra Complete Coverage Suite ΓÇ║ Styles Module - 
Every Branch ΓÇ║ all sidebar tabs hidden

    expect(jest.fn()).toHaveBeenCalled()

    Expected number of calls: >= 1
    Received number of calls:    0

    [0m [90m 193 |[39m       [36mconst[39m { 
updateHotbarStyles } [33m=[39m [36mawait[39m [36mimp
ort[39m([32m'../scripts/styles.js'[39m)[33m;[39m
     [90m 194 |[39m       
updateHotbarStyles()[33m;[39m
    [31m[1m>[22m[39m[90m 195 |[39m       
expect(appendSpy)[33m.[39mtoHaveBeenCalled()[33m;[39m
     [90m     |[39m                         
[31m[1m^[22m[39m
     [90m 196 |[39m       
appendSpy[33m.[39mmockRestore()[33m;[39m
     [90m 197 |[39m     })[33m;[39m
     [90m 198 |[39m   })[33m;[39m[0m

      at Object.<anonymous> 
(tests/ultra-coverage.test.js:195:25)

  ΓùÅ Ultra Complete Coverage Suite ΓÇ║ Hooks Module - 
Every Hook ΓÇ║ readyHook applies styles

    expect(jest.fn()).toHaveBeenCalled()

    Expected number of calls: >= 1
    Received number of calls:    0

    [0m [90m 289 |[39m       [36mconst[39m { 
readyHook } [33m=[39m [36mawait[39m [36mimport[39m(
[32m'../scripts/hooks.js'[39m)[33m;[39m
     [90m 290 |[39m       readyHook()[33m;[39m
    [31m[1m>[22m[39m[90m 291 |[39m       
expect(appendSpy)[33m.[39mtoHaveBeenCalled()[33m;[39m
     [90m     |[39m                         
[31m[1m^[22m[39m
     [90m 292 |[39m       
appendSpy[33m.[39mmockRestore()[33m;[39m
     [90m 293 |[39m     })[33m;[39m
     [90m 294 |[39m[0m

      at Object.<anonymous> 
(tests/ultra-coverage.test.js:291:25)

  ΓùÅ Ultra Complete Coverage Suite ΓÇ║ Hooks Module - 
Every Hook ΓÇ║ hotbarCollapseHook with timer

    expect(jest.fn()).toHaveBeenCalled()

    Expected number of calls: >= 1
    Received number of calls:    0

    [0m [90m 316 |[39m       
hotbarCollapseHook()[33m;[39m
     [90m 317 |[39m       jest[33m.[39madvanceTimersB
yTime([35m100[39m)[33m;[39m
    [31m[1m>[22m[39m[90m 318 |[39m       
expect(appendSpy)[33m.[39mtoHaveBeenCalled()[33m;[39m
     [90m     |[39m                         
[31m[1m^[22m[39m
     [90m 319 |[39m       
jest[33m.[39museRealTimers()[33m;[39m
     [90m 320 |[39m       
appendSpy[33m.[39mmockRestore()[33m;[39m
     [90m 321 |[39m     })[33m;[39m[0m

      at Object.<anonymous> 
(tests/ultra-coverage.test.js:318:25)

  ΓùÅ Ultra Complete Coverage Suite ΓÇ║ Export/Import 
Module - Every Function ΓÇ║ exportConfiguration full

    expect(received).toHaveBeenCalled()

    Matcher error: received value must be a mock or spy 
function

    Received has type:  function
    Received has value: [Function appendChild]

    [0m [90m 373 |[39m       [36mconst[39m { 
exportConfiguration } [33m=[39m [36mawait[39m [36mim
port[39m([32m'../scripts/features/export-import.js'[39
m)[33m;[39m
     [90m 374 |[39m       
exportConfiguration()[33m;[39m
    [31m[1m>[22m[39m[90m 375 |[39m       expect(doc
ument[33m.[39mbody[33m.[39mappendChild)[33m.[39mtoH
aveBeenCalled()[33m;[39m
     [90m     |[39m                                    
     [31m[1m^[22m[39m
     [90m 376 |[39m     })[33m;[39m
     [90m 377 |[39m   })[33m;[39m
     [90m 378 |[39m[0m

      at Object.<anonymous> 
(tests/ultra-coverage.test.js:375:41)

(node:28256) ExperimentalWarning: VM Modules is an 
experimental feature and might change at any time
(Use `node --trace-warnings ...` to show where the 
warning was created)
FAIL tests/module-init.test.js
  ΓùÅ Console

    console.log
      rnk-hide-em | Module loaded

      at log (scripts/utils.js:100:17)

    console.log
      rnk-hide-em | Initializing RNK Hide 'Em v2.0

      at log (scripts/utils.js:100:17)

  ΓùÅ Module Initialization ΓÇ║ ready hook calls 
initialization functions

    expect(received).toBeDefined()

    Received: undefined

    [0m [90m 105 |[39m     
     [90m 106 |[39m     [36mconst[39m readyCall 
[33m=[39m global[33m.[39m[33mHooks[39m[33m.[39mon
ce[33m.[39mmock[33m.[39mcalls[33m.[39mfind(call 
[33m=>[39m call[[35m0[39m] [33m===[39m 
[32m'ready'[39m)[33m;[39m
    [31m[1m>[22m[39m[90m 107 |[39m     
expect(readyCall)[33m.[39mtoBeDefined()[33m;[39m
     [90m     |[39m                       
[31m[1m^[22m[39m
     [90m 108 |[39m     
     [90m 109 |[39m     [90m// Execute the ready 
callback[39m
     [90m 110 |[39m     [36mif[39m (readyCall) {[0m

      at Object.<anonymous> 
(tests/module-init.test.js:107:23)

  ΓùÅ Module Initialization ΓÇ║ renderMacroDirectory 
hook exists

    expect(received).toBeDefined()

    Received: undefined

    [0m [90m 122 |[39m       call [33m=>[39m 
call[[35m0[39m] [33m===[39m 
[32m'renderMacroDirectory'[39m
     [90m 123 |[39m     )[33m;[39m
    [31m[1m>[22m[39m[90m 124 |[39m     
expect(renderCall)[33m.[39mtoBeDefined()[33m;[39m
     [90m     |[39m                        
[31m[1m^[22m[39m
     [90m 125 |[39m   })[33m;[39m
     [90m 126 |[39m })[33m;[39m
     [90m 127 |[39m[0m

      at Object.<anonymous> 
(tests/module-init.test.js:124:24)

(node:32524) ExperimentalWarning: VM Modules is an 
experimental feature and might change at any time
(Use `node --trace-warnings ...` to show where the 
warning was created)
(node:30220) ExperimentalWarning: VM Modules is an 
experimental feature and might change at any time
(Use `node --trace-warnings ...` to show where the 
warning was created)
(node:34000) ExperimentalWarning: VM Modules is an 
experimental feature and might change at any time
(Use `node --trace-warnings ...` to show where the 
warning was created)
FAIL tests/deep-coverage.test.js
  ΓùÅ Console

    console.log
      rnk-hide-em | Updating styles. GM: true, 
ApplyToGM: false, Scene Controls hidden: false, Entire 
Hotbar hidden: false, Chat hidden: false, Players 
hidden: false

      at log (scripts/utils.js:100:17)

    console.log
      rnk-hide-em | Updating styles. GM: true, 
ApplyToGM: false, Scene Controls hidden: true, Entire 
Hotbar hidden: false, Chat hidden: false, Players 
hidden: false

      at log (scripts/utils.js:100:17)

    console.log
      rnk-hide-em | Updating styles. GM: true, 
ApplyToGM: false, Scene Controls hidden: false, Entire 
Hotbar hidden: true, Chat hidden: true, Players hidden: 
true

      at log (scripts/utils.js:100:17)

    console.log
      rnk-hide-em | Updating styles. GM: true, 
ApplyToGM: false, Scene Controls hidden: true, Entire 
Hotbar hidden: true, Chat hidden: true, Players hidden: 
true

      at log (scripts/utils.js:100:17)

    console.log
      rnk-hide-em | Generated CSS for tabs: chat, combat

      at log (scripts/utils.js:100:17)

    console.log
      rnk-hide-em | Updating styles. GM: true, 
ApplyToGM: false, Scene Controls hidden: false, Entire 
Hotbar hidden: false, Chat hidden: false, Players 
hidden: false

      at log (scripts/utils.js:100:17)

    console.log
      rnk-hide-em | Updating styles. GM: true, 
ApplyToGM: false, Scene Controls hidden: false, Entire 
Hotbar hidden: false, Chat hidden: false, Players 
hidden: false

      at log (scripts/utils.js:100:17)

    console.log
      rnk-hide-em | Updating styles. GM: true, 
ApplyToGM: false, Scene Controls hidden: false, Entire 
Hotbar hidden: false, Chat hidden: false, Players 
hidden: false

      at log (scripts/utils.js:100:17)

    console.log
      rnk-hide-em | Updating styles. GM: true, 
ApplyToGM: false, Scene Controls hidden: false, Entire 
Hotbar hidden: false, Chat hidden: false, Players 
hidden: false

      at log (scripts/utils.js:100:17)

    console.log
      rnk-hide-em | Updating styles. GM: true, 
ApplyToGM: false, Scene Controls hidden: false, Entire 
Hotbar hidden: false, Chat hidden: false, Players 
hidden: false

      at log (scripts/utils.js:100:17)

    console.log
      rnk-hide-em | Updating styles. GM: true, 
ApplyToGM: false, Scene Controls hidden: false, Entire 
Hotbar hidden: false, Chat hidden: false, Players 
hidden: false

      at log (scripts/utils.js:100:17)

    console.log
      rnk-hide-em | Generated CSS for tabs: chat, 
combat, scenes, actors, items, journal, tables, cards, 
playlists, compendium, settings

      at log (scripts/utils.js:100:17)

    console.log
      rnk-hide-em | Updating styles. GM: true, 
ApplyToGM: false, Scene Controls hidden: false, Entire 
Hotbar hidden: true, Chat hidden: true, Players hidden: 
false

      at log (scripts/utils.js:100:17)

    console.log
      rnk-hide-em | Updating styles. GM: true, 
ApplyToGM: false, Scene Controls hidden: false, Entire 
Hotbar hidden: false, Chat hidden: false, Players 
hidden: false

      at log (scripts/utils.js:100:17)

    console.log
      rnk-hide-em | Saving settings. FormData:

      at log (scripts/utils.js:100:17)

    console.log
      {
        'slot-1': true,
        'slot-2': false,
        'slot-5': true,
        'slot-10': false,
        'slot-50': true
      }

      at HideHotbarConfig.log [as _updateObject] 
(scripts/config.js:301:15)

    console.log
      rnk-hide-em | Hidden tabs to save:

      at log (scripts/utils.js:100:17)

    console.log
      rnk-hide-em | Updating styles. GM: true, 
ApplyToGM: false, Scene Controls hidden: false, Entire 
Hotbar hidden: false, Chat hidden: false, Players 
hidden: false

      at log (scripts/utils.js:100:17)

    console.log
      rnk-hide-em | Saving settings. FormData:

      at log (scripts/utils.js:100:17)

    console.log
      {
        'page-1': true,
        'page-2': false,
        'page-3': true,
        'page-4': false,
        'page-5': true
      }

      at HideHotbarConfig.log [as _updateObject] 
(scripts/config.js:301:15)

    console.log
      rnk-hide-em | Hidden tabs to save:

      at log (scripts/utils.js:100:17)

    console.log
      rnk-hide-em | Updating styles. GM: true, 
ApplyToGM: false, Scene Controls hidden: false, Entire 
Hotbar hidden: false, Chat hidden: false, Players 
hidden: false

      at log (scripts/utils.js:100:17)

    console.log
      rnk-hide-em | Saving settings. FormData:

      at log (scripts/utils.js:100:17)

    console.log
      {
        'tab-chat': true,
        'tab-combat': false,
        'tab-scenes': true,
        'tab-actors': false,
        'tab-items': true
      }

      at HideHotbarConfig.log [as _updateObject] 
(scripts/config.js:301:15)

    console.log
      rnk-hide-em | Hidden tabs to save:

      at log (scripts/utils.js:100:17)

    console.log
      rnk-hide-em | Updating styles. GM: true, 
ApplyToGM: false, Scene Controls hidden: false, Entire 
Hotbar hidden: false, Chat hidden: false, Players 
hidden: false

      at log (scripts/utils.js:100:17)

    console.log
      rnk-hide-em | Saving settings. FormData:

      at log (scripts/utils.js:100:17)

    console.log
      {
        hideBackground: true,
        applyToGM: false,
        hideLeftControls: true,
        hideRightControls: false,
        hideSidebar: true,
        hideSceneControls: false,
        hideEntireHotbar: true,
        hideChat: false,
        hidePlayers: true,
        hideSceneNavigation: false
      }

      at HideHotbarConfig.log [as _updateObject] 
(scripts/config.js:301:15)

    console.log
      rnk-hide-em | Hidden tabs to save:

      at log (scripts/utils.js:100:17)

    console.log
      rnk-hide-em | Updating styles. GM: true, 
ApplyToGM: false, Scene Controls hidden: false, Entire 
Hotbar hidden: true, Chat hidden: false, Players hidden: 
true

      at log (scripts/utils.js:100:17)

    console.log
      rnk-hide-em | Saving settings. FormData:

      at log (scripts/utils.js:100:17)

    console.log
      { opacity: '75' }

      at HideHotbarConfig.log [as _updateObject] 
(scripts/config.js:301:15)

    console.log
      rnk-hide-em | Hidden tabs to save:

      at log (scripts/utils.js:100:17)

    console.log
      rnk-hide-em | Updating styles. GM: true, 
ApplyToGM: false, Scene Controls hidden: false, Entire 
Hotbar hidden: false, Chat hidden: false, Players 
hidden: false

      at log (scripts/utils.js:100:17)

    console.log
      rnk-hide-em | Saving settings. FormData:

      at log (scripts/utils.js:100:17)

    console.log
      { animationDuration: '500' }

      at HideHotbarConfig.log [as _updateObject] 
(scripts/config.js:301:15)

    console.log
      rnk-hide-em | Hidden tabs to save:

      at log (scripts/utils.js:100:17)

    console.log
      rnk-hide-em | Updating styles. GM: true, 
ApplyToGM: false, Scene Controls hidden: false, Entire 
Hotbar hidden: false, Chat hidden: false, Players 
hidden: false

      at log (scripts/utils.js:100:17)

    console.log
      rnk-hide-em | getData: hiddenSidebarTabs from 
settings:

      at log (scripts/utils.js:100:17)

    console.log
      rnk-hide-em | getData: hiddenSidebarTabs from 
settings:

      at log (scripts/utils.js:100:17)

    console.log
      rnk-hide-em | getData: hiddenSidebarTabs from 
settings:

      at log (scripts/utils.js:100:17)

  ΓùÅ Hooks - All Callback Paths ΓÇ║ hotbarCollapseHook 
executes after timeout

    expect(received).toHaveBeenCalled()

    Matcher error: received value must be a mock or spy 
function

    Received has type:  function
    Received has value: [Function getElementById]

    [0m [90m 193 |[39m     
hotbarCollapseHook()[33m;[39m
     [90m 194 |[39m     jest[33m.[39madvanceTimersByT
ime([35m100[39m)[33m;[39m
    [31m[1m>[22m[39m[90m 195 |[39m     expect(docum
ent[33m.[39mgetElementById)[33m.[39mtoHaveBeenCalled(
)[33m;[39m
     [90m     |[39m                                    
 [31m[1m^[22m[39m
     [90m 196 |[39m     
jest[33m.[39museRealTimers()[33m;[39m
     [90m 197 |[39m   })[33m;[39m
     [90m 198 |[39m[0m

      at Object.<anonymous> 
(tests/deep-coverage.test.js:195:37)

  ΓùÅ Hooks - All Callback Paths ΓÇ║ initHook keybinding 
callback execution

    TypeError: Cannot read properties of undefined 
(reading 'onDown')

    [0m [90m 201 |[39m     initHook()[33m;[39m
     [90m 202 |[39m     [36mconst[39m keybindingCall 
[33m=[39m game[33m.[39mkeybindings[33m.[39mregister
[33m.[39mmock[33m.[39mcalls[[35m0[39m][33m;[39m
    [31m[1m>[22m[39m[90m 203 |[39m     
[36mconst[39m callback [33m=[39m 
keybindingCall[[35m3[39m][33m.[39monDown[33m;[39m
     [90m     |[39m                                    
    [31m[1m^[22m[39m
     [90m 204 |[39m     expect([36mtypeof[39m 
callback)[33m.[39mtoBe([32m'function'[39m)[33m;[39m
     [90m 205 |[39m   })[33m;[39m
     [90m 206 |[39m[0m

      at Object.<anonymous> 
(tests/deep-coverage.test.js:203:40)

  ΓùÅ Config - All Form Processing Paths ΓÇ║ 
_updateObject with all boolean settings

    expect(jest.fn()).toHaveBeenCalledTimes(expected)

    Expected number of calls: 10
    Received number of calls: 15

    [0m [90m 297 |[39m     }[33m;[39m
     [90m 298 |[39m     [36mawait[39m 
config[33m.[39m_updateObject({}[33m,[39m 
formData)[33m;[39m
    [31m[1m>[22m[39m[90m 299 |[39m     expect(game
[33m.[39msettings[33m.[39m[36mset[39m)[33m.[39mtoH
aveBeenCalledTimes([35m10[39m)[33m;[39m
     [90m     |[39m                               
[31m[1m^[22m[39m
     [90m 300 |[39m   })[33m;[39m
     [90m 301 |[39m
     [90m 302 |[39m   test([32m'_updateObject with 
opacity value'[39m[33m,[39m [36masync[39m () 
[33m=>[39m {[0m

      at Object.<anonymous> 
(tests/deep-coverage.test.js:299:31)

  ΓùÅ Config - All Form Processing Paths ΓÇ║ getData 
returns tabs array

    expect(received).toBeDefined()

    Received: undefined

    [0m [90m 340 |[39m     [36mconst[39m config 
[33m=[39m [36mnew[39m 
[33mHideHotbarConfig[39m()[33m;[39m
     [90m 341 |[39m     [36mconst[39m data 
[33m=[39m config[33m.[39mgetData()[33m;[39m
    [31m[1m>[22m[39m[90m 342 |[39m     expect(data
[33m.[39mtabs)[33m.[39mtoBeDefined()[33m;[39m
     [90m     |[39m                       
[31m[1m^[22m[39m
     [90m 343 |[39m   })[33m;[39m
     [90m 344 |[39m
     [90m 345 |[39m   test([32m'render method returns 
this'[39m[33m,[39m [36masync[39m () [33m=>[39m 
{[0m

      at Object.<anonymous> 
(tests/deep-coverage.test.js:342:23)

  ΓùÅ Utils - All Error Paths ΓÇ║ setSetting with error 
shows notification

    Settings error

    [0m [90m 372 |[39m   test([32m'setSetting with 
error shows notification'[39m[33m,[39m 
[36masync[39m () [33m=>[39m {
     [90m 373 |[39m     
game[33m.[39msettings[33m.[39m[36mset[39m 
[33m=[39m jest[33m.[39mfn(() [33m=>[39m {
    [31m[1m>[22m[39m[90m 374 |[39m       
[36mthrow[39m [36mnew[39m 
[33mError[39m([32m'Settings error'[39m)[33m;[39m
     [90m     |[39m             [31m[1m^[22m[39m
     [90m 375 |[39m     })[33m;[39m
     [90m 376 |[39m     [36mconst[39m { setSetting } 
[33m=[39m [36mawait[39m [36mimport[39m([32m'../scr
ipts/utils.js'[39m)[33m;[39m
     [90m 377 |[39m     [36mawait[39m 
setSetting([32m'test'[39m[33m,[39m 
[32m'value'[39m)[33m;[39m[0m

      at Object.<anonymous> 
(tests/deep-coverage.test.js:374:13)
      at set (scripts/utils.js:29:25)
      at Object.<anonymous> 
(tests/deep-coverage.test.js:377:11)

  ΓùÅ Utils - All Error Paths ΓÇ║ updateStyleElement 
creates new style element

    TypeError: Failed to execute 'appendChild' on 
'Node': parameter 1 is not of type 'Node'.

    [0m [90m 87 |[39m     styleElement [33m=[39m doc
ument[33m.[39mcreateElement([32m"style"[39m)[33m;[3
9m
     [90m 88 |[39m     styleElement[33m.[39mid 
[33m=[39m [33mCSS_IDS[39m[33m.[39m[33mSTYLE_ELEMEN
T[39m[33m;[39m
    [31m[1m>[22m[39m[90m 89 |[39m     document[33m
.[39mhead[33m.[39mappendChild(styleElement)[33m;[39m
     [90m    |[39m                   
[31m[1m^[22m[39m
     [90m 90 |[39m   }
     [90m 91 |[39m   
styleElement[33m.[39mtextContent [33m=[39m 
css[33m;[39m
     [90m 92 |[39m }[0m

      at Object.exports.convert (node_modules/jsdom/lib/j
sdom/living/generated/Node.js:25:9)
      at HTMLHeadElement.appendChild (node_modules/jsdom/
lib/jsdom/living/generated/Node.js:404:26)
      at appendChild (scripts/utils.js:89:19)
      at Object.<anonymous> 
(tests/deep-coverage.test.js:440:5)

  ΓùÅ Settings - All onChange Callbacks ΓÇ║ opacity 
onChange callback triggers

    TypeError: Cannot read properties of undefined 
(reading '2')

    [0m [90m 465 |[39m       call [33m=>[39m 
call[[35m1[39m] [33m===[39m [32m'opacity'[39m
     [90m 466 |[39m     )[33m;[39m
    [31m[1m>[22m[39m[90m 467 |[39m     expect(opaci
tySetting[[35m2[39m][33m.[39monChange)[33m.[39mtoBe
Defined()[33m;[39m
     [90m     |[39m                          
[31m[1m^[22m[39m
     [90m 468 |[39m   })[33m;[39m
     [90m 469 |[39m
     [90m 470 |[39m   test([32m'hideBackground 
onChange callback triggers'[39m[33m,[39m 
[36masync[39m () [33m=>[39m {[0m

      at Object.<anonymous> 
(tests/deep-coverage.test.js:467:26)

FAIL tests/ultimate-100.test.js
  ΓùÅ Ultimate 100% Coverage ΓÇ║ module.js - Complete 
init hook coverage ΓÇ║ Handlebars helpers are registered 
and executed

    ReferenceError: jest is not defined

    [0m [90m  9 |[39m describe([32m'Ultimate 100% 
Coverage'[39m[33m,[39m () [33m=>[39m {
     [90m 10 |[39m   beforeEach(() [33m=>[39m {
    [31m[1m>[22m[39m[90m 11 |[39m     
jest[33m.[39mclearAllMocks()[33m;[39m
     [90m    |[39m     [31m[1m^[22m[39m
     [90m 12 |[39m     
jest[33m.[39mresetModules()[33m;[39m
     [90m 13 |[39m   })[33m;[39m
     [90m 14 |[39m[0m

      at Object.<anonymous> 
(tests/ultimate-100.test.js:11:5)

  ΓùÅ Ultimate 100% Coverage ΓÇ║ hooks.js - 
hotbarCollapseHook ΓÇ║ hotbarCollapseHook executes 
updateHotbarStyles

    ReferenceError: jest is not defined

    [0m [90m  9 |[39m describe([32m'Ultimate 100% 
Coverage'[39m[33m,[39m () [33m=>[39m {
     [90m 10 |[39m   beforeEach(() [33m=>[39m {
    [31m[1m>[22m[39m[90m 11 |[39m     
jest[33m.[39mclearAllMocks()[33m;[39m
     [90m    |[39m     [31m[1m^[22m[39m
     [90m 12 |[39m     
jest[33m.[39mresetModules()[33m;[39m
     [90m 13 |[39m   })[33m;[39m
     [90m 14 |[39m[0m

      at Object.<anonymous> 
(tests/ultimate-100.test.js:11:5)

  ΓùÅ Ultimate 100% Coverage ΓÇ║ export-import.js - 
shareConfiguration complete ΓÇ║ shareConfiguration 
copies to clipboard

    ReferenceError: jest is not defined

    [0m [90m  9 |[39m describe([32m'Ultimate 100% 
Coverage'[39m[33m,[39m () [33m=>[39m {
     [90m 10 |[39m   beforeEach(() [33m=>[39m {
    [31m[1m>[22m[39m[90m 11 |[39m     
jest[33m.[39mclearAllMocks()[33m;[39m
     [90m    |[39m     [31m[1m^[22m[39m
     [90m 12 |[39m     
jest[33m.[39mresetModules()[33m;[39m
     [90m 13 |[39m   })[33m;[39m
     [90m 14 |[39m[0m

      at Object.<anonymous> 
(tests/ultimate-100.test.js:11:5)

  ΓùÅ Ultimate 100% Coverage ΓÇ║ config.js - All 
uncovered methods ΓÇ║ HideHotbarConfig showConfig static 
method

    ReferenceError: jest is not defined

    [0m [90m  9 |[39m describe([32m'Ultimate 100% 
Coverage'[39m[33m,[39m () [33m=>[39m {
     [90m 10 |[39m   beforeEach(() [33m=>[39m {
    [31m[1m>[22m[39m[90m 11 |[39m     
jest[33m.[39mclearAllMocks()[33m;[39m
     [90m    |[39m     [31m[1m^[22m[39m
     [90m 12 |[39m     
jest[33m.[39mresetModules()[33m;[39m
     [90m 13 |[39m   })[33m;[39m
     [90m 14 |[39m[0m

      at Object.<anonymous> 
(tests/ultimate-100.test.js:11:5)

  ΓùÅ Ultimate 100% Coverage ΓÇ║ config.js - All 
uncovered methods ΓÇ║ HideHotbarConfig close method

    ReferenceError: jest is not defined

    [0m [90m  9 |[39m describe([32m'Ultimate 100% 
Coverage'[39m[33m,[39m () [33m=>[39m {
     [90m 10 |[39m   beforeEach(() [33m=>[39m {
    [31m[1m>[22m[39m[90m 11 |[39m     
jest[33m.[39mclearAllMocks()[33m;[39m
     [90m    |[39m     [31m[1m^[22m[39m
     [90m 12 |[39m     
jest[33m.[39mresetModules()[33m;[39m
     [90m 13 |[39m   })[33m;[39m
     [90m 14 |[39m[0m

      at Object.<anonymous> 
(tests/ultimate-100.test.js:11:5)

  ΓùÅ Ultimate 100% Coverage ΓÇ║ config.js - All 
uncovered methods ΓÇ║ HideHotbarConfig getData with all 
options

    ReferenceError: jest is not defined

    [0m [90m  9 |[39m describe([32m'Ultimate 100% 
Coverage'[39m[33m,[39m () [33m=>[39m {
     [90m 10 |[39m   beforeEach(() [33m=>[39m {
    [31m[1m>[22m[39m[90m 11 |[39m     
jest[33m.[39mclearAllMocks()[33m;[39m
     [90m    |[39m     [31m[1m^[22m[39m
     [90m 12 |[39m     
jest[33m.[39mresetModules()[33m;[39m
     [90m 13 |[39m   })[33m;[39m
     [90m 14 |[39m[0m

      at Object.<anonymous> 
(tests/ultimate-100.test.js:11:5)

  ΓùÅ Ultimate 100% Coverage ΓÇ║ config.js - All 
uncovered methods ΓÇ║ HideHotbarConfig activateListeners 
all button types

    ReferenceError: jest is not defined

    [0m [90m  9 |[39m describe([32m'Ultimate 100% 
Coverage'[39m[33m,[39m () [33m=>[39m {
     [90m 10 |[39m   beforeEach(() [33m=>[39m {
    [31m[1m>[22m[39m[90m 11 |[39m     
jest[33m.[39mclearAllMocks()[33m;[39m
     [90m    |[39m     [31m[1m^[22m[39m
     [90m 12 |[39m     
jest[33m.[39mresetModules()[33m;[39m
     [90m 13 |[39m   })[33m;[39m
     [90m 14 |[39m[0m

      at Object.<anonymous> 
(tests/ultimate-100.test.js:11:5)

  ΓùÅ Ultimate 100% Coverage ΓÇ║ config.js - All 
uncovered methods ΓÇ║ HideHotbarConfig _updateObject 
with all settings

    ReferenceError: jest is not defined

    [0m [90m  9 |[39m describe([32m'Ultimate 100% 
Coverage'[39m[33m,[39m () [33m=>[39m {
     [90m 10 |[39m   beforeEach(() [33m=>[39m {
    [31m[1m>[22m[39m[90m 11 |[39m     
jest[33m.[39mclearAllMocks()[33m;[39m
     [90m    |[39m     [31m[1m^[22m[39m
     [90m 12 |[39m     
jest[33m.[39mresetModules()[33m;[39m
     [90m 13 |[39m   })[33m;[39m
     [90m 14 |[39m[0m

      at Object.<anonymous> 
(tests/ultimate-100.test.js:11:5)

  ΓùÅ Ultimate 100% Coverage ΓÇ║ settings.js - All 
onChange callbacks ΓÇ║ registerSettings triggers all 
onChange handlers

    ReferenceError: jest is not defined

    [0m [90m  9 |[39m describe([32m'Ultimate 100% 
Coverage'[39m[33m,[39m () [33m=>[39m {
     [90m 10 |[39m   beforeEach(() [33m=>[39m {
    [31m[1m>[22m[39m[90m 11 |[39m     
jest[33m.[39mclearAllMocks()[33m;[39m
     [90m    |[39m     [31m[1m^[22m[39m
     [90m 12 |[39m     
jest[33m.[39mresetModules()[33m;[39m
     [90m 13 |[39m   })[33m;[39m
     [90m 14 |[39m[0m

      at Object.<anonymous> 
(tests/ultimate-100.test.js:11:5)

  ΓùÅ Ultimate 100% Coverage ΓÇ║ presets.js - All 
functions ΓÇ║ getAllPresets returns presets

    ReferenceError: jest is not defined

    [0m [90m  9 |[39m describe([32m'Ultimate 100% 
Coverage'[39m[33m,[39m () [33m=>[39m {
     [90m 10 |[39m   beforeEach(() [33m=>[39m {
    [31m[1m>[22m[39m[90m 11 |[39m     
jest[33m.[39mclearAllMocks()[33m;[39m
     [90m    |[39m     [31m[1m^[22m[39m
     [90m 12 |[39m     
jest[33m.[39mresetModules()[33m;[39m
     [90m 13 |[39m   })[33m;[39m
     [90m 14 |[39m[0m

      at Object.<anonymous> 
(tests/ultimate-100.test.js:11:5)

  ΓùÅ Ultimate 100% Coverage ΓÇ║ presets.js - All 
functions ΓÇ║ savePreset creates new preset

    ReferenceError: jest is not defined

    [0m [90m  9 |[39m describe([32m'Ultimate 100% 
Coverage'[39m[33m,[39m () [33m=>[39m {
     [90m 10 |[39m   beforeEach(() [33m=>[39m {
    [31m[1m>[22m[39m[90m 11 |[39m     
jest[33m.[39mclearAllMocks()[33m;[39m
     [90m    |[39m     [31m[1m^[22m[39m
     [90m 12 |[39m     
jest[33m.[39mresetModules()[33m;[39m
     [90m 13 |[39m   })[33m;[39m
     [90m 14 |[39m[0m

      at Object.<anonymous> 
(tests/ultimate-100.test.js:11:5)

  ΓùÅ Ultimate 100% Coverage ΓÇ║ presets.js - All 
functions ΓÇ║ loadPreset applies preset

    ReferenceError: jest is not defined

    [0m [90m  9 |[39m describe([32m'Ultimate 100% 
Coverage'[39m[33m,[39m () [33m=>[39m {
     [90m 10 |[39m   beforeEach(() [33m=>[39m {
    [31m[1m>[22m[39m[90m 11 |[39m     
jest[33m.[39mclearAllMocks()[33m;[39m
     [90m    |[39m     [31m[1m^[22m[39m
     [90m 12 |[39m     
jest[33m.[39mresetModules()[33m;[39m
     [90m 13 |[39m   })[33m;[39m
     [90m 14 |[39m[0m

      at Object.<anonymous> 
(tests/ultimate-100.test.js:11:5)

  ΓùÅ Ultimate 100% Coverage ΓÇ║ presets.js - All 
functions ΓÇ║ loadPreset with missing preset

    ReferenceError: jest is not defined

    [0m [90m  9 |[39m describe([32m'Ultimate 100% 
Coverage'[39m[33m,[39m () [33m=>[39m {
     [90m 10 |[39m   beforeEach(() [33m=>[39m {
    [31m[1m>[22m[39m[90m 11 |[39m     
jest[33m.[39mclearAllMocks()[33m;[39m
     [90m    |[39m     [31m[1m^[22m[39m
     [90m 12 |[39m     
jest[33m.[39mresetModules()[33m;[39m
     [90m 13 |[39m   })[33m;[39m
     [90m 14 |[39m[0m

      at Object.<anonymous> 
(tests/ultimate-100.test.js:11:5)

  ΓùÅ Ultimate 100% Coverage ΓÇ║ utils.js - All 
uncovered branches ΓÇ║ getSetting with default value

    ReferenceError: jest is not defined

    [0m [90m  9 |[39m describe([32m'Ultimate 100% 
Coverage'[39m[33m,[39m () [33m=>[39m {
     [90m 10 |[39m   beforeEach(() [33m=>[39m {
    [31m[1m>[22m[39m[90m 11 |[39m     
jest[33m.[39mclearAllMocks()[33m;[39m
     [90m    |[39m     [31m[1m^[22m[39m
     [90m 12 |[39m     
jest[33m.[39mresetModules()[33m;[39m
     [90m 13 |[39m   })[33m;[39m
     [90m 14 |[39m[0m

      at Object.<anonymous> 
(tests/ultimate-100.test.js:11:5)

  ΓùÅ Ultimate 100% Coverage ΓÇ║ utils.js - All 
uncovered branches ΓÇ║ setSetting with error

    ReferenceError: jest is not defined

    [0m [90m  9 |[39m describe([32m'Ultimate 100% 
Coverage'[39m[33m,[39m () [33m=>[39m {
     [90m 10 |[39m   beforeEach(() [33m=>[39m {
    [31m[1m>[22m[39m[90m 11 |[39m     
jest[33m.[39mclearAllMocks()[33m;[39m
     [90m    |[39m     [31m[1m^[22m[39m
     [90m 12 |[39m     
jest[33m.[39mresetModules()[33m;[39m
     [90m 13 |[39m   })[33m;[39m
     [90m 14 |[39m[0m

      at Object.<anonymous> 
(tests/ultimate-100.test.js:11:5)

  ΓùÅ Ultimate 100% Coverage ΓÇ║ utils.js - All 
uncovered branches ΓÇ║ log with different levels

    ReferenceError: jest is not defined

    [0m [90m  9 |[39m describe([32m'Ultimate 100% 
Coverage'[39m[33m,[39m () [33m=>[39m {
     [90m 10 |[39m   beforeEach(() [33m=>[39m {
    [31m[1m>[22m[39m[90m 11 |[39m     
jest[33m.[39mclearAllMocks()[33m;[39m
     [90m    |[39m     [31m[1m^[22m[39m
     [90m 12 |[39m     
jest[33m.[39mresetModules()[33m;[39m
     [90m 13 |[39m   })[33m;[39m
     [90m 14 |[39m[0m

      at Object.<anonymous> 
(tests/ultimate-100.test.js:11:5)

  ΓùÅ Ultimate 100% Coverage ΓÇ║ utils.js - All 
uncovered branches ΓÇ║ notify with all types

    ReferenceError: jest is not defined

    [0m [90m  9 |[39m describe([32m'Ultimate 100% 
Coverage'[39m[33m,[39m () [33m=>[39m {
     [90m 10 |[39m   beforeEach(() [33m=>[39m {
    [31m[1m>[22m[39m[90m 11 |[39m     
jest[33m.[39mclearAllMocks()[33m;[39m
     [90m    |[39m     [31m[1m^[22m[39m
     [90m 12 |[39m     
jest[33m.[39mresetModules()[33m;[39m
     [90m 13 |[39m   })[33m;[39m
     [90m 14 |[39m[0m

      at Object.<anonymous> 
(tests/ultimate-100.test.js:11:5)

  ΓùÅ Ultimate 100% Coverage ΓÇ║ utils.js - All 
uncovered branches ΓÇ║ updateStyleElement with null css

    ReferenceError: jest is not defined

    [0m [90m  9 |[39m describe([32m'Ultimate 100% 
Coverage'[39m[33m,[39m () [33m=>[39m {
     [90m 10 |[39m   beforeEach(() [33m=>[39m {
    [31m[1m>[22m[39m[90m 11 |[39m     
jest[33m.[39mclearAllMocks()[33m;[39m
     [90m    |[39m     [31m[1m^[22m[39m
     [90m 12 |[39m     
jest[33m.[39mresetModules()[33m;[39m
     [90m 13 |[39m   })[33m;[39m
     [90m 14 |[39m[0m

      at Object.<anonymous> 
(tests/ultimate-100.test.js:11:5)

  ΓùÅ Ultimate 100% Coverage ΓÇ║ styles.js - All 
functions and branches ΓÇ║ updateHotbarStyles with all 
settings combinations

    ReferenceError: jest is not defined

    [0m [90m  9 |[39m describe([32m'Ultimate 100% 
Coverage'[39m[33m,[39m () [33m=>[39m {
     [90m 10 |[39m   beforeEach(() [33m=>[39m {
    [31m[1m>[22m[39m[90m 11 |[39m     
jest[33m.[39mclearAllMocks()[33m;[39m
     [90m    |[39m     [31m[1m^[22m[39m
     [90m 12 |[39m     
jest[33m.[39mresetModules()[33m;[39m
     [90m 13 |[39m   })[33m;[39m
     [90m 14 |[39m[0m

      at Object.<anonymous> 
(tests/ultimate-100.test.js:11:5)

  ΓùÅ Ultimate 100% Coverage ΓÇ║ styles.js - All 
functions and branches ΓÇ║ getHiddenSlotsCSS with 
various slot patterns

    ReferenceError: jest is not defined

    [0m [90m  9 |[39m describe([32m'Ultimate 100% 
Coverage'[39m[33m,[39m () [33m=>[39m {
     [90m 10 |[39m   beforeEach(() [33m=>[39m {
    [31m[1m>[22m[39m[90m 11 |[39m     
jest[33m.[39mclearAllMocks()[33m;[39m
     [90m    |[39m     [31m[1m^[22m[39m
     [90m 12 |[39m     
jest[33m.[39mresetModules()[33m;[39m
     [90m 13 |[39m   })[33m;[39m
     [90m 14 |[39m[0m

      at Object.<anonymous> 
(tests/ultimate-100.test.js:11:5)

  ΓùÅ Ultimate 100% Coverage ΓÇ║ styles.js - All 
functions and branches ΓÇ║ getAnimationSpeed with 
various values

    ReferenceError: jest is not defined

    [0m [90m  9 |[39m describe([32m'Ultimate 100% 
Coverage'[39m[33m,[39m () [33m=>[39m {
     [90m 10 |[39m   beforeEach(() [33m=>[39m {
    [31m[1m>[22m[39m[90m 11 |[39m     
jest[33m.[39mclearAllMocks()[33m;[39m
     [90m    |[39m     [31m[1m^[22m[39m
     [90m 12 |[39m     
jest[33m.[39mresetModules()[33m;[39m
     [90m 13 |[39m   })[33m;[39m
     [90m 14 |[39m[0m

      at Object.<anonymous> 
(tests/ultimate-100.test.js:11:5)

  ΓùÅ Ultimate 100% Coverage ΓÇ║ animation.js - All 
animation types ΓÇ║ getAnimationCSS with all types

    ReferenceError: jest is not defined

    [0m [90m  9 |[39m describe([32m'Ultimate 100% 
Coverage'[39m[33m,[39m () [33m=>[39m {
     [90m 10 |[39m   beforeEach(() [33m=>[39m {
    [31m[1m>[22m[39m[90m 11 |[39m     
jest[33m.[39mclearAllMocks()[33m;[39m
     [90m    |[39m     [31m[1m^[22m[39m
     [90m 12 |[39m     
jest[33m.[39mresetModules()[33m;[39m
     [90m 13 |[39m   })[33m;[39m
     [90m 14 |[39m[0m

      at Object.<anonymous> 
(tests/ultimate-100.test.js:11:5)

  ΓùÅ Ultimate 100% Coverage ΓÇ║ animation.js - All 
animation types ΓÇ║ animateElement with hidden true/false

    ReferenceError: jest is not defined

    [0m [90m  9 |[39m describe([32m'Ultimate 100% 
Coverage'[39m[33m,[39m () [33m=>[39m {
     [90m 10 |[39m   beforeEach(() [33m=>[39m {
    [31m[1m>[22m[39m[90m 11 |[39m     
jest[33m.[39mclearAllMocks()[33m;[39m
     [90m    |[39m     [31m[1m^[22m[39m
     [90m 12 |[39m     
jest[33m.[39mresetModules()[33m;[39m
     [90m 13 |[39m   })[33m;[39m
     [90m 14 |[39m[0m

      at Object.<anonymous> 
(tests/ultimate-100.test.js:11:5)

  ΓùÅ Ultimate 100% Coverage ΓÇ║ hooks.js - 
renderMacroDirectoryHook edge cases ΓÇ║ 
renderMacroDirectoryHook with complex DOM

    ReferenceError: jest is not defined

    [0m [90m  9 |[39m describe([32m'Ultimate 100% 
Coverage'[39m[33m,[39m () [33m=>[39m {
     [90m 10 |[39m   beforeEach(() [33m=>[39m {
    [31m[1m>[22m[39m[90m 11 |[39m     
jest[33m.[39mclearAllMocks()[33m;[39m
     [90m    |[39m     [31m[1m^[22m[39m
     [90m 12 |[39m     
jest[33m.[39mresetModules()[33m;[39m
     [90m 13 |[39m   })[33m;[39m
     [90m 14 |[39m[0m

      at Object.<anonymous> 
(tests/ultimate-100.test.js:11:5)

  ΓùÅ Ultimate 100% Coverage ΓÇ║ export-import.js - 
importConfiguration all conditional branches ΓÇ║ 
importConfiguration with mixed conditional settings

    ReferenceError: jest is not defined

    [0m [90m  9 |[39m describe([32m'Ultimate 100% 
Coverage'[39m[33m,[39m () [33m=>[39m {
     [90m 10 |[39m   beforeEach(() [33m=>[39m {
    [31m[1m>[22m[39m[90m 11 |[39m     
jest[33m.[39mclearAllMocks()[33m;[39m
     [90m    |[39m     [31m[1m^[22m[39m
     [90m 12 |[39m     
jest[33m.[39mresetModules()[33m;[39m
     [90m 13 |[39m   })[33m;[39m
     [90m 14 |[39m[0m

      at Object.<anonymous> 
(tests/ultimate-100.test.js:11:5)

(node:29444) ExperimentalWarning: VM Modules is an 
experimental feature and might change at any time
(Use `node --trace-warnings ...` to show where the 
warning was created)
(node:35220) ExperimentalWarning: VM Modules is an 
experimental feature and might change at any time
(Use `node --trace-warnings ...` to show where the 
warning was created)
FAIL tests/export-import-advanced.test.js
  ΓùÅ Console

    console.log
      rnk-hide-em | Configuration imported

      at log (scripts/utils.js:100:17)

    console.error
      rnk-hide-em | Error importing config: Invalid 
configuration file format

    [0m [90m  98 |[39m [90m */[39m
     [90m  99 |[39m [36mexport[39m 
[36mfunction[39m log(message[33m,[39m level 
[33m=[39m [32m"log"[39m) {
    [31m[1m>[22m[39m[90m 100 |[39m   
console[level]([32m`${MODULE_ID} | 
${message}`[39m)[33m;[39m
     [90m     |[39m                 
[31m[1m^[22m[39m
     [90m 101 |[39m }
     [90m 102 |[39m
     [90m 103 |[39m [90m/**[39m[0m

      at log (scripts/utils.js:100:17)
      at log (scripts/features/export-import.js:98:5)
      at Object.input.onchange 
(scripts/features/export-import.js:116:22)
      at Object.<anonymous> 
(tests/export-import-advanced.test.js:111:5)

    console.error
      rnk-hide-em | Error importing config: Expected 
property name or '}' in JSON at position 2 (line 1 
column 3)

    [0m [90m  98 |[39m [90m */[39m
     [90m  99 |[39m [36mexport[39m 
[36mfunction[39m log(message[33m,[39m level 
[33m=[39m [32m"log"[39m) {
    [31m[1m>[22m[39m[90m 100 |[39m   
console[level]([32m`${MODULE_ID} | 
${message}`[39m)[33m;[39m
     [90m     |[39m                 
[31m[1m^[22m[39m
     [90m 101 |[39m }
     [90m 102 |[39m
     [90m 103 |[39m [90m/**[39m[0m

      at log (scripts/utils.js:100:17)
      at log (scripts/features/export-import.js:98:5)
      at Object.input.onchange 
(scripts/features/export-import.js:116:22)
      at Object.<anonymous> 
(tests/export-import-advanced.test.js:139:5)

    console.log
      rnk-hide-em | Configuration imported

      at log (scripts/utils.js:100:17)

    console.error
      rnk-hide-em | Error loading shared config: 
Unexpected token '∩┐╜', 
"∩┐╜∩┐╜i∩┐╜∩┐╜∩┐╜┼⌐∩┐╜∩┐╜∩┐╜(∩┐╜∩┐╜(∩┐╜∩┐╜∩┐╜∩┐╜∩┐╜'" is 
not valid JSON

    [0m [90m  98 |[39m [90m */[39m
     [90m  99 |[39m [36mexport[39m 
[36mfunction[39m log(message[33m,[39m level 
[33m=[39m [32m"log"[39m) {
    [31m[1m>[22m[39m[90m 100 |[39m   
console[level]([32m`${MODULE_ID} | 
${message}`[39m)[33m;[39m
     [90m     |[39m                 
[31m[1m^[22m[39m
     [90m 101 |[39m }
     [90m 102 |[39m
     [90m 103 |[39m [90m/**[39m[0m

      at log (scripts/utils.js:100:17)
      at log (scripts/features/export-import.js:177:5)
      at Object.<anonymous> 
(tests/export-import-advanced.test.js:275:26)

    console.error
      rnk-hide-em | Error loading shared config: 
Unexpected token '∩┐╜', 
"∩┐╜∩┐╜i∩┐╜∩┐╜∩┐╜┼⌐∩┐╜∩┐╜∩┐╜(∩┐╜∩┐╜∩┐╜∩┐╜╚º∩┐╜;(" is not 
valid JSON

    [0m [90m  98 |[39m [90m */[39m
     [90m  99 |[39m [36mexport[39m 
[36mfunction[39m log(message[33m,[39m level 
[33m=[39m [32m"log"[39m) {
    [31m[1m>[22m[39m[90m 100 |[39m   
console[level]([32m`${MODULE_ID} | 
${message}`[39m)[33m;[39m
     [90m     |[39m                 
[31m[1m^[22m[39m
     [90m 101 |[39m }
     [90m 102 |[39m
     [90m 103 |[39m [90m/**[39m[0m

      at log (scripts/utils.js:100:17)
      at log (scripts/features/export-import.js:177:5)
      at Object.<anonymous> 
(tests/export-import-advanced.test.js:293:26)

    console.error
      rnk-hide-em | Error loading shared config: 
Unexpected token '∩┐╜', 
"∩┐╜∩┐╜i∩┐╜∩┐╜∩┐╜┼⌐∩┐╜∩┐╜∩┐╜(∩┐╜∩┐╜∩┐╜∩┐╜∩┐╜bv;(" is not 
valid JSON

    [0m [90m  98 |[39m [90m */[39m
     [90m  99 |[39m [36mexport[39m 
[36mfunction[39m log(message[33m,[39m level 
[33m=[39m [32m"log"[39m) {
    [31m[1m>[22m[39m[90m 100 |[39m   
console[level]([32m`${MODULE_ID} | 
${message}`[39m)[33m;[39m
     [90m     |[39m                 
[31m[1m^[22m[39m
     [90m 101 |[39m }
     [90m 102 |[39m
     [90m 103 |[39m [90m/**[39m[0m

      at log (scripts/utils.js:100:17)
      at log (scripts/features/export-import.js:177:5)
      at Object.<anonymous> 
(tests/export-import-advanced.test.js:313:26)

    console.error
      rnk-hide-em | Error loading shared config: 
Unexpected token '∩┐╜', 
"∩┐╜∩┐╜i∩┐╜∩┐╜∩┐╜┼⌐∩┐╜∩┐╜∩┐╜(∩┐╜∩┐╜(∩┐╜∩┐╜∩┐╜∩┐╜∩┐╜'" is 
not valid JSON

    [0m [90m  98 |[39m [90m */[39m
     [90m  99 |[39m [36mexport[39m 
[36mfunction[39m log(message[33m,[39m level 
[33m=[39m [32m"log"[39m) {
    [31m[1m>[22m[39m[90m 100 |[39m   
console[level]([32m`${MODULE_ID} | 
${message}`[39m)[33m;[39m
     [90m     |[39m                 
[31m[1m^[22m[39m
     [90m 101 |[39m }
     [90m 102 |[39m
     [90m 103 |[39m [90m/**[39m[0m

      at log (scripts/utils.js:100:17)
      at log (scripts/features/export-import.js:177:5)
      at Object.<anonymous> 
(tests/export-import-advanced.test.js:336:26)

  ΓùÅ Export/Import Advanced Coverage ΓÇ║ 
loadSharedConfiguration with valid URL

    expect(jest.fn()).toHaveBeenCalled()

    Expected number of calls: >= 1
    Received number of calls:    0

    [0m [90m 275 |[39m     [36mconst[39m result 
[33m=[39m [36mawait[39m loadSharedConfiguration([32m
'https://example.com/config.json'[39m)[33m;[39m
     [90m 276 |[39m     
    [31m[1m>[22m[39m[90m 277 |[39m     
expect(fetch)[33m.[39mtoHaveBeenCalled()[33m;[39m
     [90m     |[39m                   
[31m[1m^[22m[39m
     [90m 278 |[39m     expect([33mDialog[39m[33m.[
39mconfirm)[33m.[39mtoHaveBeenCalled()[33m;[39m
     [90m 279 |[39m     expect(game[33m.[39msettings
[33m.[39m[36mset[39m)[33m.[39mtoHaveBeenCalled()[33
m;[39m
     [90m 280 |[39m     expect(result)[33m.[39mtoBe(
[36mtrue[39m)[33m;[39m[0m

      at Object.<anonymous> 
(tests/export-import-advanced.test.js:277:19)

  ΓùÅ Export/Import Advanced Coverage ΓÇ║ 
loadSharedConfiguration with fetch error

    expect(jest.fn()).toHaveBeenCalled()

    Expected number of calls: >= 1
    Received number of calls:    0

    [0m [90m 293 |[39m     [36mconst[39m result 
[33m=[39m [36mawait[39m loadSharedConfiguration([32m
'https://example.com/missing.json'[39m)[33m;[39m
     [90m 294 |[39m     
    [31m[1m>[22m[39m[90m 295 |[39m     
expect(fetch)[33m.[39mtoHaveBeenCalled()[33m;[39m
     [90m     |[39m                   
[31m[1m^[22m[39m
     [90m 296 |[39m     
expect(result)[33m.[39mtoBe([36mfalse[39m)[33m;[39m
     [90m 297 |[39m   })[33m;[39m
     [90m 298 |[39m[0m

      at Object.<anonymous> 
(tests/export-import-advanced.test.js:295:19)

  ΓùÅ Export/Import Advanced Coverage ΓÇ║ 
loadSharedConfiguration user cancels

    expect(jest.fn()).toHaveBeenCalled()

    Expected number of calls: >= 1
    Received number of calls:    0

    [0m [90m 336 |[39m     [36mconst[39m result 
[33m=[39m [36mawait[39m loadSharedConfiguration([32m
'https://example.com/config.json'[39m)[33m;[39m
     [90m 337 |[39m     
    [31m[1m>[22m[39m[90m 338 |[39m     expect([33m
Dialog[39m[33m.[39mconfirm)[33m.[39mtoHaveBeenCalled
()[33m;[39m
     [90m     |[39m                            
[31m[1m^[22m[39m
     [90m 339 |[39m     expect(game[33m.[39msettings
[33m.[39m[36mset[39m)[33m.[39mnot[33m.[39mtoHaveBe
enCalled()[33m;[39m
     [90m 340 |[39m     
expect(result)[33m.[39mtoBe([36mfalse[39m)[33m;[39m
     [90m 341 |[39m   })[33m;[39m[0m

      at Object.<anonymous> 
(tests/export-import-advanced.test.js:338:28)

FAIL tests/settings-complete.test.js
  ΓùÅ Console

    console.log
      rnk-hide-em | Updating styles. GM: true, 
ApplyToGM: false, Scene Controls hidden: false, Entire 
Hotbar hidden: false, Chat hidden: false, Players 
hidden: false

      at log (scripts/utils.js:100:17)

  ΓùÅ Settings Module - Complete Coverage ΓÇ║ onChange 
callbacks call updateHotbarStyles

    expect(received).toHaveBeenCalled()

    Matcher error: received value must be a mock or spy 
function

    Received has type:  function
    Received has value: [Function appendChild]

    [0m [90m 68 |[39m       [36mconst[39m 
onChangeCallback [33m=[39m settingWithOnChange[[35m2[
39m][33m.[39monChange[33m;[39m
     [90m 69 |[39m       onChangeCallback()[33m;[39m
    [31m[1m>[22m[39m[90m 70 |[39m       expect(docu
ment[33m.[39mhead[33m.[39mappendChild)[33m.[39mtoHa
veBeenCalled()[33m;[39m
     [90m    |[39m                                     
    [31m[1m^[22m[39m
     [90m 71 |[39m     }
     [90m 72 |[39m   })[33m;[39m
     [90m 73 |[39m[0m

      at Object.<anonymous> 
(tests/settings-complete.test.js:70:41)

  ΓùÅ Settings Module - Complete Coverage ΓÇ║ opacity 
setting is registered with range

    expect(received).toBeDefined()

    Received: undefined

    [0m [90m 93 |[39m     )[33m;[39m
     [90m 94 |[39m     
    [31m[1m>[22m[39m[90m 95 |[39m     
expect(opacityCall)[33m.[39mtoBeDefined()[33m;[39m
     [90m    |[39m                         
[31m[1m^[22m[39m
     [90m 96 |[39m     expect(opacityCall[[35m2[39m]
[33m.[39mtype)[33m.[39mtoBe([33mNumber[39m)[33m;[3
9m
     [90m 97 |[39m     expect(opacityCall[[35m2[39m]
[33m.[39mrange)[33m.[39mtoBeDefined()[33m;[39m
     [90m 98 |[39m   })[33m;[39m[0m

      at Object.<anonymous> 
(tests/settings-complete.test.js:95:25)

  ΓùÅ Settings Module - Complete Coverage ΓÇ║ presets 
setting is registered as Object

    expect(received).toBe(expected) // Object.is equality

    Expected: [Function Object]
    Received: [Function Array]

    [0m [90m 120 |[39m     
     [90m 121 |[39m     
expect(presetsCall)[33m.[39mtoBeDefined()[33m;[39m
    [31m[1m>[22m[39m[90m 122 |[39m     expect(prese
tsCall[[35m2[39m][33m.[39mtype)[33m.[39mtoBe([33mO
bject[39m)[33m;[39m
     [90m     |[39m                                 
[31m[1m^[22m[39m
     [90m 123 |[39m     expect(presetsCall[[35m2[39m]
[33m.[39m[36mdefault[39m)[33m.[39mtoEqual([])[33m;
[39m
     [90m 124 |[39m   })[33m;[39m
     [90m 125 |[39m[0m

      at Object.<anonymous> 
(tests/settings-complete.test.js:122:33)

  ΓùÅ Settings Module - Complete Coverage ΓÇ║ 
hiddenPages setting is registered as Object

    expect(received).toBe(expected) // Object.is equality

    Expected: [Function Object]
    Received: [Function Array]

    [0m [90m 133 |[39m     
     [90m 134 |[39m     
expect(pagesCall)[33m.[39mtoBeDefined()[33m;[39m
    [31m[1m>[22m[39m[90m 135 |[39m     expect(pages
Call[[35m2[39m][33m.[39mtype)[33m.[39mtoBe([33mObj
ect[39m)[33m;[39m
     [90m     |[39m                               
[31m[1m^[22m[39m
     [90m 136 |[39m   })[33m;[39m
     [90m 137 |[39m
     [90m 138 |[39m   test([32m'all new hiding 
features are registered'[39m[33m,[39m [36masync[39m 
() [33m=>[39m {[0m

      at Object.<anonymous> 
(tests/settings-complete.test.js:135:31)

  ΓùÅ Settings Module - Complete Coverage ΓÇ║ settings 
have proper i18n keys

    expect(received).toHaveProperty(path)

    Expected path: "name"
    Received path: []

    Received value: {"config": false, "default": {}, 
"onChange": [Function onChange], "scope": "world", 
"type": [Function Object]}

    [0m [90m 204 |[39m     
     [90m 205 |[39m     
registerCalls[33m.[39mforEach(call [33m=>[39m {
    [31m[1m>[22m[39m[90m 206 |[39m       expect(cal
l[[35m2[39m])[33m.[39mtoHaveProperty([32m'name'[39m
)[33m;[39m
     [90m     |[39m                       
[31m[1m^[22m[39m
     [90m 207 |[39m       expect(call[[35m2[39m])[33
m.[39mtoHaveProperty([32m'hint'[39m)[33m;[39m
     [90m 208 |[39m     })[33m;[39m
     [90m 209 |[39m   })[33m;[39m[0m

      at tests/settings-complete.test.js:206:23
          at Array.forEach (<anonymous>)
      at Object.<anonymous> 
(tests/settings-complete.test.js:205:19)

FAIL tests/config-complete-coverage.test.js
  ΓùÅ Console

    console.log
      rnk-hide-em | getData: hiddenSidebarTabs from 
settings: chat

      at log (scripts/utils.js:100:17)

    console.log
      rnk-hide-em | getData: hiddenSidebarTabs from 
settings:

      at log (scripts/utils.js:100:17)

    console.log
      rnk-hide-em | getData: hiddenSidebarTabs from 
settings:

      at log (scripts/utils.js:100:17)

    console.log
      rnk-hide-em | getData: hiddenSidebarTabs from 
settings: chat, combat

      at log (scripts/utils.js:100:17)

    console.log
      rnk-hide-em | Saving settings. FormData:

      at log (scripts/utils.js:100:17)

    console.log
      { 'slot-1': true, 'slot-5': false, 'slot-10': 
true, 'slot-50': true }

      at HideHotbarConfig.log [as _updateObject] 
(scripts/config.js:301:15)

    console.log
      rnk-hide-em | Hidden tabs to save:

      at log (scripts/utils.js:100:17)

    console.log
      rnk-hide-em | Updating styles. GM: true, 
ApplyToGM: false, Scene Controls hidden: false, Entire 
Hotbar hidden: false, Chat hidden: false, Players 
hidden: false

      at log (scripts/utils.js:100:17)

    console.log
      rnk-hide-em | Saving settings. FormData:

      at log (scripts/utils.js:100:17)

    console.log
      {
        'page-1': true,
        'page-2': false,
        'page-3': true,
        'page-4': false,
        'page-5': true
      }

      at HideHotbarConfig.log [as _updateObject] 
(scripts/config.js:301:15)

    console.log
      rnk-hide-em | Hidden tabs to save:

      at log (scripts/utils.js:100:17)

    console.log
      rnk-hide-em | Updating styles. GM: true, 
ApplyToGM: false, Scene Controls hidden: false, Entire 
Hotbar hidden: false, Chat hidden: false, Players 
hidden: false

      at log (scripts/utils.js:100:17)

    console.log
      rnk-hide-em | Saving settings. FormData:

      at log (scripts/utils.js:100:17)

    console.log
      {
        'tab-chat': true,
        'tab-combat': false,
        'tab-scenes': true,
        'tab-actors': false
      }

      at HideHotbarConfig.log [as _updateObject] 
(scripts/config.js:301:15)

    console.log
      rnk-hide-em | Hidden tabs to save:

      at log (scripts/utils.js:100:17)

    console.log
      rnk-hide-em | Updating styles. GM: true, 
ApplyToGM: false, Scene Controls hidden: false, Entire 
Hotbar hidden: false, Chat hidden: false, Players 
hidden: false

      at log (scripts/utils.js:100:17)

    console.log
      rnk-hide-em | Saving settings. FormData:

      at log (scripts/utils.js:100:17)

    console.log
      {
        hideBackground: true,
        applyToGM: false,
        hideLeftControls: true,
        hideRightControls: false
      }

      at HideHotbarConfig.log [as _updateObject] 
(scripts/config.js:301:15)

    console.log
      rnk-hide-em | Hidden tabs to save:

      at log (scripts/utils.js:100:17)

    console.log
      rnk-hide-em | Updating styles. GM: true, 
ApplyToGM: false, Scene Controls hidden: false, Entire 
Hotbar hidden: false, Chat hidden: false, Players 
hidden: false

      at log (scripts/utils.js:100:17)

    console.log
      rnk-hide-em | Saving settings. FormData:

      at log (scripts/utils.js:100:17)

    console.log
      { opacity: '85', animationDuration: '450' }

      at HideHotbarConfig.log [as _updateObject] 
(scripts/config.js:301:15)

    console.log
      rnk-hide-em | Hidden tabs to save:

      at log (scripts/utils.js:100:17)

    console.log
      rnk-hide-em | Updating styles. GM: true, 
ApplyToGM: false, Scene Controls hidden: false, Entire 
Hotbar hidden: false, Chat hidden: false, Players 
hidden: false

      at log (scripts/utils.js:100:17)

    console.log
      rnk-hide-em | Saving settings. FormData:

      at log (scripts/utils.js:100:17)

    console.log
      {}

      at HideHotbarConfig.log [as _updateObject] 
(scripts/config.js:301:15)

    console.log
      rnk-hide-em | Hidden tabs to save:

      at log (scripts/utils.js:100:17)

    console.log
      rnk-hide-em | Updating styles. GM: true, 
ApplyToGM: false, Scene Controls hidden: false, Entire 
Hotbar hidden: false, Chat hidden: false, Players 
hidden: false

      at log (scripts/utils.js:100:17)

    console.log
      rnk-hide-em | getData: hiddenSidebarTabs from 
settings:

      at log (scripts/utils.js:100:17)

    console.log
      rnk-hide-em | getData: hiddenSidebarTabs from 
settings:

      at log (scripts/utils.js:100:17)

    console.log
      rnk-hide-em | getData: hiddenSidebarTabs from 
settings: chat, combat, scenes, actors, items, journal, 
tables, cards, playlists, compendium, settings

      at log (scripts/utils.js:100:17)

  ΓùÅ Config.js Complete Function Coverage ΓÇ║ getData 
returns complete data object

    expect(received).toBeDefined()

    Received: undefined

    [0m [90m 55 |[39m     expect(data[33m.[39mslots)
[33m.[39mtoBeDefined()[33m;[39m
     [90m 56 |[39m     expect(data[33m.[39mpages)[33
m.[39mtoBeDefined()[33m;[39m
    [31m[1m>[22m[39m[90m 57 |[39m     expect(data[
33m.[39mtabs)[33m.[39mtoBeDefined()[33m;[39m
     [90m    |[39m                       
[31m[1m^[22m[39m
     [90m 58 |[39m     expect(data[33m.[39mopacity)[
33m.[39mtoBe([35m75[39m)[33m;[39m
     [90m 59 |[39m     expect(data[33m.[39manimationD
uration)[33m.[39mtoBe([35m300[39m)[33m;[39m
     [90m 60 |[39m     expect(data[33m.[39mhideBackgr
ound)[33m.[39mtoBe([36mtrue[39m)[33m;[39m[0m

      at Object.<anonymous> 
(tests/config-complete-coverage.test.js:57:23)

  ΓùÅ Config.js Complete Function Coverage ΓÇ║ getData 
slots array has correct structure

    TypeError: hiddenPages.includes is not a function

    [0m [90m 66 |[39m       pages[33m.[39mpush({
     [90m 67 |[39m         n[33m:[39m i[33m,[39m
    [31m[1m>[22m[39m[90m 68 |[39m         
hidden[33m:[39m hiddenPages[33m.[39mincludes(i)
     [90m    |[39m                             
[31m[1m^[22m[39m
     [90m 69 |[39m       })[33m;[39m
     [90m 70 |[39m     }
     [90m 71 |[39m[0m

      at HideHotbarConfig.includes [as getData] 
(scripts/config.js:68:29)
      at Object.<anonymous> 
(tests/config-complete-coverage.test.js:71:25)

  ΓùÅ Config.js Complete Function Coverage ΓÇ║ getData 
pages array has correct structure

    expect(received).toHaveProperty(path)

    Expected path: "number"
    Received path: []

    Received value: {"hidden": true, "n": 1}

    [0m [90m 91 |[39m     
     [90m 92 |[39m     expect(data[33m.[39mpages[33m
.[39mlength)[33m.[39mtoBe([35m5[39m)[33m;[39m
    [31m[1m>[22m[39m[90m 93 |[39m     expect(data[
33m.[39mpages[[35m0[39m])[33m.[39mtoHaveProperty([3
2m'number'[39m)[33m;[39m
     [90m    |[39m                           
[31m[1m^[22m[39m
     [90m 94 |[39m     expect(data[33m.[39mpages[[35
m0[39m])[33m.[39mtoHaveProperty([32m'hidden'[39m)[3
3m;[39m
     [90m 95 |[39m     expect(data[33m.[39mpages[[35
m0[39m][33m.[39mhidden)[33m.[39mtoBe([36mtrue[39m)
[33m;[39m
     [90m 96 |[39m     expect(data[33m.[39mpages[[35
m2[39m][33m.[39mhidden)[33m.[39mtoBe([36mtrue[39m)
[33m;[39m[0m

      at Object.<anonymous> 
(tests/config-complete-coverage.test.js:93:27)

  ΓùÅ Config.js Complete Function Coverage ΓÇ║ getData 
tabs array has correct structure

    TypeError: hiddenPages.includes is not a function

    [0m [90m 66 |[39m       pages[33m.[39mpush({
     [90m 67 |[39m         n[33m:[39m i[33m,[39m
    [31m[1m>[22m[39m[90m 68 |[39m         
hidden[33m:[39m hiddenPages[33m.[39mincludes(i)
     [90m    |[39m                             
[31m[1m^[22m[39m
     [90m 69 |[39m       })[33m;[39m
     [90m 70 |[39m     }
     [90m 71 |[39m[0m

      at HideHotbarConfig.includes [as getData] 
(scripts/config.js:68:29)
      at Object.<anonymous> 
(tests/config-complete-coverage.test.js:108:25)

  ΓùÅ Config.js Complete Function Coverage ΓÇ║ 
_updateObject processes slot checkboxes correctly

    expect(received).toEqual(expected) // deep equality

    - Expected  -  0
    + Received  + 47

      Object {
        "1": true,
        "10": true,
    +   "11": false,
    +   "12": false,
    +   "13": false,
    +   "14": false,
    +   "15": false,
    +   "16": false,
    +   "17": false,
    +   "18": false,
    +   "19": false,
    +   "2": false,
    +   "20": false,
    +   "21": false,
    +   "22": false,
    +   "23": false,
    +   "24": false,
    +   "25": false,
    +   "26": false,
    +   "27": false,
    +   "28": false,
    +   "29": false,
    +   "3": false,
    +   "30": false,
    +   "31": false,
    +   "32": false,
    +   "33": false,
    +   "34": false,
    +   "35": false,
    +   "36": false,
    +   "37": false,
    +   "38": false,
    +   "39": false,
    +   "4": false,
    +   "40": false,
    +   "41": false,
    +   "42": false,
    +   "43": false,
    +   "44": false,
    +   "45": false,
    +   "46": false,
    +   "47": false,
    +   "48": false,
    +   "49": false,
    +   "5": false,
        "50": true,
    +   "6": false,
    +   "7": false,
    +   "8": false,
    +   "9": false,
      }

    [0m [90m 133 |[39m     )[33m;[39m
     [90m 134 |[39m     expect(hiddenSlotsCall)[33m.[
39mtoBeDefined()[33m;[39m
    [31m[1m>[22m[39m[90m 135 |[39m     expect(hidde
nSlotsCall[[35m2[39m])[33m.[39mtoEqual({[35m1[39m[
33m:[39m [36mtrue[39m[33m,[39m 
[35m10[39m[33m:[39m [36mtrue[39m[33m,[39m 
[35m50[39m[33m:[39m [36mtrue[39m})[33m;[39m
     [90m     |[39m                                
[31m[1m^[22m[39m
     [90m 136 |[39m   })[33m;[39m
     [90m 137 |[39m
     [90m 138 |[39m   test([32m'_updateObject 
processes page checkboxes correctly'[39m[33m,[39m 
[36masync[39m () [33m=>[39m {[0m

      at Object.<anonymous> 
(tests/config-complete-coverage.test.js:135:32)

  ΓùÅ Config.js Complete Function Coverage ΓÇ║ 
_updateObject processes sidebar tab checkboxes correctly

    expect(received).toContain(expected) // indexOf

    Expected value: "chat"
    Received array: []

    [0m [90m 174 |[39m     )[33m;[39m
     [90m 175 |[39m     
expect(hiddenTabsCall)[33m.[39mtoBeDefined()[33m;[39m
    [31m[1m>[22m[39m[90m 176 |[39m     expect(hidde
nTabsCall[[35m2[39m])[33m.[39mtoContain([32m'chat'[
39m)[33m;[39m
     [90m     |[39m                               
[31m[1m^[22m[39m
     [90m 177 |[39m     expect(hiddenTabsCall[[35m2[3
9m])[33m.[39mtoContain([32m'scenes'[39m)[33m;[39m
     [90m 178 |[39m     expect(hiddenTabsCall[[35m2[3
9m])[33m.[39mnot[33m.[39mtoContain([32m'combat'[39m
)[33m;[39m
     [90m 179 |[39m   })[33m;[39m[0m

      at Object.<anonymous> 
(tests/config-complete-coverage.test.js:176:31)

  ΓùÅ Config.js Complete Function Coverage ΓÇ║ 
_updateObject processes numeric settings

    expect(jest.fn()).toHaveBeenCalledWith(...expected)

    Expected: Any<String>, "opacity", 85
    Received
           1: "rnk-hide-em", "hiddenSlots", {"1": false, 
"10": false, "11": false, "12": false, "13": false, 
"14": false, "15": false, "16": false, "17": false, 
"18": false, "19": false, "2": false, "20": false, "21": 
false, "22": false, "23": false, "24": false, "25": 
false, "26": false, "27": false, "28": false, "29": 
false, "3": false, "30": false, "31": false, "32": 
false, "33": false, "34": false, "35": false, "36": 
false, "37": false, "38": false, "39": false, "4": 
false, "40": false, "41": false, "42": false, "43": 
false, "44": false, "45": false, "46": false, "47": 
false, "48": false, "49": false, "5": false, "50": 
false, "6": false, "7": false, "8": false, "9": false}
           2: "rnk-hide-em", "hideBackground", false
           3: "rnk-hide-em", "applyToGM", false

    Number of calls: 15

    [0m [90m 209 |[39m     [36mawait[39m 
config[33m.[39m_updateObject({}[33m,[39m 
formData)[33m;[39m
     [90m 210 |[39m     
    [31m[1m>[22m[39m[90m 211 |[39m     expect(game
[33m.[39msettings[33m.[39m[36mset[39m)[33m.[39mtoH
aveBeenCalledWith(expect[33m.[39many([33mString[39m)
[33m,[39m [32m'opacity'[39m[33m,[39m 
[35m85[39m)[33m;[39m
     [90m     |[39m                               
[31m[1m^[22m[39m
     [90m 212 |[39m     expect(game[33m.[39msettings
[33m.[39m[36mset[39m)[33m.[39mtoHaveBeenCalledWith(e
xpect[33m.[39many([33mString[39m)[33m,[39m 
[32m'animationDuration'[39m[33m,[39m 
[35m450[39m)[33m;[39m
     [90m 213 |[39m   })[33m;[39m
     [90m 214 |[39m[0m

      at Object.<anonymous> 
(tests/config-complete-coverage.test.js:211:31)

  ΓùÅ Config.js Complete Function Coverage ΓÇ║ 
_updateObject with completely empty formData

    expect(received).toEqual(expected) // deep equality

    - Expected  -  1
    + Received  + 52

    - Object {}
    + Object {
    +   "1": false,
    +   "10": false,
    +   "11": false,
    +   "12": false,
    +   "13": false,
    +   "14": false,
    +   "15": false,
    +   "16": false,
    +   "17": false,
    +   "18": false,
    +   "19": false,
    +   "2": false,
    +   "20": false,
    +   "21": false,
    +   "22": false,
    +   "23": false,
    +   "24": false,
    +   "25": false,
    +   "26": false,
    +   "27": false,
    +   "28": false,
    +   "29": false,
    +   "3": false,
    +   "30": false,
    +   "31": false,
    +   "32": false,
    +   "33": false,
    +   "34": false,
    +   "35": false,
    +   "36": false,
    +   "37": false,
    +   "38": false,
    +   "39": false,
    +   "4": false,
    +   "40": false,
    +   "41": false,
    +   "42": false,
    +   "43": false,
    +   "44": false,
    +   "45": false,
    +   "46": false,
    +   "47": false,
    +   "48": false,
    +   "49": false,
    +   "5": false,
    +   "50": false,
    +   "6": false,
    +   "7": false,
    +   "8": false,
    +   "9": false,
    + }

    [0m [90m 223 |[39m     )[33m;[39m
     [90m 224 |[39m     expect(hiddenSlotsCall)[33m.[
39mtoBeDefined()[33m;[39m
    [31m[1m>[22m[39m[90m 225 |[39m     expect(hidde
nSlotsCall[[35m2[39m])[33m.[39mtoEqual({})[33m;[39m
     [90m     |[39m                                
[31m[1m^[22m[39m
     [90m 226 |[39m   })[33m;[39m
     [90m 227 |[39m
     [90m 228 |[39m   test([32m'activateListeners 
with valid html'[39m[33m,[39m [36masync[39m () 
[33m=>[39m {[0m

      at Object.<anonymous> 
(tests/config-complete-coverage.test.js:225:32)

  ΓùÅ Config.js Complete Function Coverage ΓÇ║ 
activateListeners with valid html

    TypeError: Cannot read properties of null (reading 
'click')

    [0m [90m 114 |[39m
     [90m 115 |[39m     [90m// Select all/none 
buttons[39m
    [31m[1m>[22m[39m[90m 116 |[39m     html[33m.[
39mfind([32m".select-all-slots"[39m)[33m.[39mclick(()
 [33m=>[39m 
[36mthis[39m[33m.[39m_selectAllSlots(html[33m,[39m 
[36mtrue[39m))[33m;[39m
     [90m     |[39m                                   
[31m[1m^[22m[39m
     [90m 117 |[39m     html[33m.[39mfind([32m".sele
ct-none-slots"[39m)[33m.[39mclick(() [33m=>[39m 
[36mthis[39m[33m.[39m_selectAllSlots(html[33m,[39m 
[36mfalse[39m))[33m;[39m
     [90m 118 |[39m     
     [90m 119 |[39m     [90m// Page selection[39m[0m

      at HideHotbarConfig.activateListeners 
(scripts/config.js:116:35)
      at Object.<anonymous> 
(tests/config-complete-coverage.test.js:247:12)

  ΓùÅ Config.js Complete Function Coverage ΓÇ║ 
activateListeners reset button callback

    TypeError: html.find(...).click is not a function

    [0m [90m 114 |[39m
     [90m 115 |[39m     [90m// Select all/none 
buttons[39m
    [31m[1m>[22m[39m[90m 116 |[39m     html[33m.[
39mfind([32m".select-all-slots"[39m)[33m.[39mclick(()
 [33m=>[39m 
[36mthis[39m[33m.[39m_selectAllSlots(html[33m,[39m 
[36mtrue[39m))[33m;[39m
     [90m     |[39m                                    
[31m[1m^[22m[39m
     [90m 117 |[39m     html[33m.[39mfind([32m".sele
ct-none-slots"[39m)[33m.[39mclick(() [33m=>[39m 
[36mthis[39m[33m.[39m_selectAllSlots(html[33m,[39m 
[36mfalse[39m))[33m;[39m
     [90m 118 |[39m     
     [90m 119 |[39m     [90m// Page selection[39m[0m

      at HideHotbarConfig.click [as activateListeners] 
(scripts/config.js:116:36)
      at Object.<anonymous> 
(tests/config-complete-coverage.test.js:265:12)

  ΓùÅ Config.js Complete Function Coverage ΓÇ║ config 
handles all 50 slots

    TypeError: hiddenPages.includes is not a function

    [0m [90m 66 |[39m       pages[33m.[39mpush({
     [90m 67 |[39m         n[33m:[39m i[33m,[39m
    [31m[1m>[22m[39m[90m 68 |[39m         
hidden[33m:[39m hiddenPages[33m.[39mincludes(i)
     [90m    |[39m                             
[31m[1m^[22m[39m
     [90m 69 |[39m       })[33m;[39m
     [90m 70 |[39m     }
     [90m 71 |[39m[0m

      at HideHotbarConfig.includes [as getData] 
(scripts/config.js:68:29)
      at Object.<anonymous> 
(tests/config-complete-coverage.test.js:299:25)

  ΓùÅ Config.js Complete Function Coverage ΓÇ║ config 
handles all sidebar tabs

    TypeError: hiddenPages.includes is not a function

    [0m [90m 66 |[39m       pages[33m.[39mpush({
     [90m 67 |[39m         n[33m:[39m i[33m,[39m
    [31m[1m>[22m[39m[90m 68 |[39m         
hidden[33m:[39m hiddenPages[33m.[39mincludes(i)
     [90m    |[39m                             
[31m[1m^[22m[39m
     [90m 69 |[39m       })[33m;[39m
     [90m 70 |[39m     }
     [90m 71 |[39m[0m

      at HideHotbarConfig.includes [as getData] 
(scripts/config.js:68:29)
      at Object.<anonymous> 
(tests/config-complete-coverage.test.js:325:25)

FAIL tests/remaining-coverage.test.js
  ΓùÅ Console

    console.log
      rnk-hide-em | Applying hotbar styles

      at log (scripts/utils.js:100:17)

    console.log
      rnk-hide-em | Updating styles. GM: true, 
ApplyToGM: false, Scene Controls hidden: false, Entire 
Hotbar hidden: false, Chat hidden: false, Players 
hidden: false

      at log (scripts/utils.js:100:17)

    console.log
      rnk-hide-em | getData: hiddenSidebarTabs from 
settings: chat

      at log (scripts/utils.js:100:17)

  ΓùÅ Utils Remaining Coverage ΓÇ║ setSetting with error 
returns false

    Settings error

    [0m [90m 38 |[39m   test([32m'setSetting with 
error returns false'[39m[33m,[39m [36masync[39m () 
[33m=>[39m {
     [90m 39 |[39m     
game[33m.[39msettings[33m.[39m[36mset[39m 
[33m=[39m jest[33m.[39mfn(() [33m=>[39m {
    [31m[1m>[22m[39m[90m 40 |[39m       
[36mthrow[39m [36mnew[39m 
[33mError[39m([32m'Settings error'[39m)[33m;[39m
     [90m    |[39m             [31m[1m^[22m[39m
     [90m 41 |[39m     })[33m;[39m
     [90m 42 |[39m     
     [90m 43 |[39m     [36mconst[39m { setSetting } 
[33m=[39m [36mawait[39m [36mimport[39m([32m'../scr
ipts/utils.js'[39m)[33m;[39m[0m

      at Object.<anonymous> 
(tests/remaining-coverage.test.js:40:13)
      at set (scripts/utils.js:29:25)
      at Object.<anonymous> 
(tests/remaining-coverage.test.js:44:26)

  ΓùÅ Utils Remaining Coverage ΓÇ║ log with invalid 
level defaults to log

    TypeError: console[level] is not a function

    [0m [90m  98 |[39m [90m */[39m
     [90m  99 |[39m [36mexport[39m 
[36mfunction[39m log(message[33m,[39m level 
[33m=[39m [32m"log"[39m) {
    [31m[1m>[22m[39m[90m 100 |[39m   
console[level]([32m`${MODULE_ID} | 
${message}`[39m)[33m;[39m
     [90m     |[39m                 
[31m[1m^[22m[39m
     [90m 101 |[39m }
     [90m 102 |[39m
     [90m 103 |[39m [90m/**[39m[0m

      at log (scripts/utils.js:100:17)
      at Object.<anonymous> 
(tests/remaining-coverage.test.js:54:5)

  ΓùÅ Utils Remaining Coverage ΓÇ║ notify with invalid 
type defaults to info

    TypeError: ui.notifications[type] is not a function

    [0m [90m 107 |[39m [90m */[39m
     [90m 108 |[39m [36mexport[39m 
[36mfunction[39m notify(message[33m,[39m type 
[33m=[39m [32m"info"[39m) {
    [31m[1m>[22m[39m[90m 109 |[39m   
ui[33m.[39mnotifications[type](message)[33m;[39m
     [90m     |[39m                         
[31m[1m^[22m[39m
     [90m 110 |[39m }
     [90m 111 |[39m[0m

      at notify (scripts/utils.js:109:25)
      at Object.<anonymous> 
(tests/remaining-coverage.test.js:63:5)

  ΓùÅ Settings onChange Handlers ΓÇ║ hideBackground 
onChange updates styles

    expect(received).toHaveBeenCalled()

    Matcher error: received value must be a mock or spy 
function

    Received has type:  function
    Received has value: [Function getElementById]

    [0m [90m 80 |[39m     [36mif[39m (setting 
[33m&&[39m setting[[35m2[39m][33m.[39monChange) {
     [90m 81 |[39m       setting[[35m2[39m][33m.[39
monChange([36mtrue[39m)[33m;[39m
    [31m[1m>[22m[39m[90m 82 |[39m       expect(docu
ment[33m.[39mgetElementById)[33m.[39mtoHaveBeenCalled
()[33m;[39m
     [90m    |[39m                                     
  [31m[1m^[22m[39m
     [90m 83 |[39m     }
     [90m 84 |[39m   })[33m;[39m
     [90m 85 |[39m[0m

      at Object.<anonymous> 
(tests/remaining-coverage.test.js:82:39)

  ΓùÅ Settings onChange Handlers ΓÇ║ hideLeftControls 
onChange updates styles

    expect(received).toHaveBeenCalled()

    Matcher error: received value must be a mock or spy 
function

    Received has type:  function
    Received has value: [Function getElementById]

    [0m [90m 94 |[39m     [36mif[39m (setting 
[33m&&[39m setting[[35m2[39m][33m.[39monChange) {
     [90m 95 |[39m       setting[[35m2[39m][33m.[39
monChange([36mtrue[39m)[33m;[39m
    [31m[1m>[22m[39m[90m 96 |[39m       expect(docu
ment[33m.[39mgetElementById)[33m.[39mtoHaveBeenCalled
()[33m;[39m
     [90m    |[39m                                     
  [31m[1m^[22m[39m
     [90m 97 |[39m     }
     [90m 98 |[39m   })[33m;[39m
     [90m 99 |[39m[0m

      at Object.<anonymous> 
(tests/remaining-coverage.test.js:96:39)

  ΓùÅ Settings onChange Handlers ΓÇ║ hideRightControls 
onChange updates styles

    expect(received).toHaveBeenCalled()

    Matcher error: received value must be a mock or spy 
function

    Received has type:  function
    Received has value: [Function getElementById]

    [0m [90m 108 |[39m     [36mif[39m (setting 
[33m&&[39m setting[[35m2[39m][33m.[39monChange) {
     [90m 109 |[39m       setting[[35m2[39m][33m.[3
9monChange([36mtrue[39m)[33m;[39m
    [31m[1m>[22m[39m[90m 110 |[39m       expect(doc
ument[33m.[39mgetElementById)[33m.[39mtoHaveBeenCalle
d()[33m;[39m
     [90m     |[39m                                    
   [31m[1m^[22m[39m
     [90m 111 |[39m     }
     [90m 112 |[39m   })[33m;[39m
     [90m 113 |[39m[0m

      at Object.<anonymous> 
(tests/remaining-coverage.test.js:110:39)

  ΓùÅ Settings onChange Handlers ΓÇ║ animationDuration 
onChange updates styles

    expect(received).toHaveBeenCalled()

    Matcher error: received value must be a mock or spy 
function

    Received has type:  function
    Received has value: [Function getElementById]

    [0m [90m 122 |[39m     [36mif[39m (setting 
[33m&&[39m setting[[35m2[39m][33m.[39monChange) {
     [90m 123 |[39m       setting[[35m2[39m][33m.[3
9monChange([35m300[39m)[33m;[39m
    [31m[1m>[22m[39m[90m 124 |[39m       expect(doc
ument[33m.[39mgetElementById)[33m.[39mtoHaveBeenCalle
d()[33m;[39m
     [90m     |[39m                                    
   [31m[1m^[22m[39m
     [90m 125 |[39m     }
     [90m 126 |[39m   })[33m;[39m
     [90m 127 |[39m })[33m;[39m[0m

      at Object.<anonymous> 
(tests/remaining-coverage.test.js:124:39)

  ΓùÅ Hooks Complete Coverage ΓÇ║ renderMacroDirectory 
hook updates styles

    TypeError: Cannot read properties of undefined 
(reading '0')

    [0m [90m 51 |[39m
     [90m 52 |[39m   [90m// Handle both jQuery array 
and DOM element[39m
    [31m[1m>[22m[39m[90m 53 |[39m   
[36mconst[39m element [33m=[39m html[[35m0[39m] 
[33m||[39m html[33m;[39m
     [90m    |[39m                       
[31m[1m^[22m[39m
     [90m 54 |[39m   [36mif[39m ([33m![39melement 
[33m||[39m [33m![39melement[33m.[39mquerySelector) 
[36mreturn[39m[33m;[39m
     [90m 55 |[39m
     [90m 56 |[39m   [36mlet[39m footer [33m=[39m e
lement[33m.[39mquerySelector([32m".directory-footer"[
39m)[33m;[39m[0m

      at renderMacroDirectoryHook 
(scripts/hooks.js:53:23)
      at Object.<anonymous> 
(tests/remaining-coverage.test.js:272:5)

  ΓùÅ Hooks Complete Coverage ΓÇ║ ready hook calls all 
initialization

    expect(received).toHaveBeenCalled()

    Matcher error: received value must be a mock or spy 
function

    Received has type:  function
    Received has value: [Function getElementById]

    [0m [90m 281 |[39m     
     [90m 282 |[39m     expect(game[33m.[39msettings
[33m.[39m[36mget[39m)[33m.[39mtoHaveBeenCalled()[33
m;[39m
    [31m[1m>[22m[39m[90m 283 |[39m     expect(docum
ent[33m.[39mgetElementById)[33m.[39mtoHaveBeenCalled(
)[33m;[39m
     [90m     |[39m                                    
 [31m[1m^[22m[39m
     [90m 284 |[39m   })[33m;[39m
     [90m 285 |[39m })[33m;[39m
     [90m 286 |[39m[0m

      at Object.<anonymous> 
(tests/remaining-coverage.test.js:283:37)

  ΓùÅ Config Remaining Lines ΓÇ║ config getData handles 
hiddenSidebarTabs

    expect(received).toBeDefined()

    Received: undefined

    [0m [90m 301 |[39m     [36mconst[39m data 
[33m=[39m [36mawait[39m 
config[33m.[39mgetData()[33m;[39m
     [90m 302 |[39m     
    [31m[1m>[22m[39m[90m 303 |[39m     expect(data
[33m.[39mtabs)[33m.[39mtoBeDefined()[33m;[39m
     [90m     |[39m                       
[31m[1m^[22m[39m
     [90m 304 |[39m     expect(data[33m.[39mtabs[33m
.[39mchat)[33m.[39mtoBe([36mtrue[39m)[33m;[39m
     [90m 305 |[39m   })[33m;[39m
     [90m 306 |[39m[0m

      at Object.<anonymous> 
(tests/remaining-coverage.test.js:303:23)

FAIL tests/comprehensive.test.js
  ΓùÅ Console

    console.info
      rnk-hide-em | test

      at log (scripts/utils.js:100:17)

  ΓùÅ Utils Coverage ΓÇ║ updateStyleElement creates 
style when none exists

    expect(received).toHaveBeenCalledWith(...expected)

    Matcher error: received value must be a mock or spy 
function

    Received has type:  function
    Received has value: [Function createElement]

    [0m [90m 78 |[39m     [36mconst[39m { 
updateStyleElement } [33m=[39m [36mawait[39m [36mimp
ort[39m([32m'../scripts/utils.js'[39m)[33m;[39m
     [90m 79 |[39m     
updateStyleElement([32m'test'[39m)[33m;[39m
    [31m[1m>[22m[39m[90m 80 |[39m     expect(docume
nt[33m.[39mcreateElement)[33m.[39mtoHaveBeenCalledWit
h([32m'style'[39m)[33m;[39m
     [90m    |[39m                                    
[31m[1m^[22m[39m
     [90m 81 |[39m     expect(document[33m.[39mhead[
33m.[39mappendChild)[33m.[39mtoHaveBeenCalled()[33m;
[39m
     [90m 82 |[39m   })[33m;[39m
     [90m 83 |[39m[0m

      at Object.<anonymous> 
(tests/comprehensive.test.js:80:36)

  ΓùÅ Utils Coverage ΓÇ║ updateStyleElement updates 
existing style

    expect(received).toBe(expected) // Object.is equality

    Expected: "new content"
    Received: ""

    [0m [90m 87 |[39m     [36mconst[39m { 
updateStyleElement } [33m=[39m [36mawait[39m [36mimp
ort[39m([32m'../scripts/utils.js'[39m)[33m;[39m
     [90m 88 |[39m     updateStyleElement([32m'new 
content'[39m)[33m;[39m
    [31m[1m>[22m[39m[90m 89 |[39m     expect(mockSt
yle[33m.[39mtextContent)[33m.[39mtoBe([32m'new 
content'[39m)[33m;[39m
     [90m    |[39m                                   
[31m[1m^[22m[39m
     [90m 90 |[39m   })[33m;[39m
     [90m 91 |[39m
     [90m 92 |[39m   test([32m'getSlotsForPage 
calculates slots'[39m[33m,[39m [36masync[39m () 
[33m=>[39m {[0m

      at Object.<anonymous> 
(tests/comprehensive.test.js:89:35)

  ΓùÅ Utils Coverage ΓÇ║ log function info level

    expect(jest.fn()).toHaveBeenCalled()

    Expected number of calls: >= 1
    Received number of calls:    0

    [0m [90m 100 |[39m     [36mconst[39m { log } 
[33m=[39m [36mawait[39m [36mimport[39m([32m'../scr
ipts/utils.js'[39m)[33m;[39m
     [90m 101 |[39m     
log([32m'test'[39m[33m,[39m 
[32m'info'[39m)[33m;[39m
    [31m[1m>[22m[39m[90m 102 |[39m     
expect(spy)[33m.[39mtoHaveBeenCalled()[33m;[39m
     [90m     |[39m                 
[31m[1m^[22m[39m
     [90m 103 |[39m     
spy[33m.[39mmockRestore()[33m;[39m
     [90m 104 |[39m   })[33m;[39m
     [90m 105 |[39m[0m

      at Object.<anonymous> 
(tests/comprehensive.test.js:102:17)

  ΓùÅ Styles Coverage ΓÇ║ updateHotbarStyles generates 
CSS

    expect(received).toHaveBeenCalled()

    Matcher error: received value must be a mock or spy 
function

    Received has type:  function
    Received has value: [Function appendChild]

    [0m [90m 124 |[39m     [36mconst[39m { 
updateHotbarStyles } [33m=[39m [36mawait[39m [36mimp
ort[39m([32m'../scripts/styles.js'[39m)[33m;[39m
     [90m 125 |[39m     updateHotbarStyles()[33m;[39m
    [31m[1m>[22m[39m[90m 126 |[39m     expect(docum
ent[33m.[39mhead[33m.[39mappendChild)[33m.[39mtoHav
eBeenCalled()[33m;[39m
     [90m     |[39m                                    
   [31m[1m^[22m[39m
     [90m 127 |[39m   })[33m;[39m
     [90m 128 |[39m
     [90m 129 |[39m   test([32m'hideEntireHotbar CSS 
generated'[39m[33m,[39m [36masync[39m () 
[33m=>[39m {[0m

      at Object.<anonymous> 
(tests/comprehensive.test.js:126:39)

  ΓùÅ Styles Coverage ΓÇ║ hideEntireHotbar CSS generated

    expect(received).toHaveBeenCalled()

    Matcher error: received value must be a mock or spy 
function

    Received has type:  function
    Received has value: [Function appendChild]

    [0m [90m 131 |[39m     [36mconst[39m { 
updateHotbarStyles } [33m=[39m [36mawait[39m [36mimp
ort[39m([32m'../scripts/styles.js'[39m)[33m;[39m
     [90m 132 |[39m     updateHotbarStyles()[33m;[39m
    [31m[1m>[22m[39m[90m 133 |[39m     expect(docum
ent[33m.[39mhead[33m.[39mappendChild)[33m.[39mtoHav
eBeenCalled()[33m;[39m
     [90m     |[39m                                    
   [31m[1m^[22m[39m
     [90m 134 |[39m   })[33m;[39m
     [90m 135 |[39m
     [90m 136 |[39m   test([32m'hideChat CSS 
generated'[39m[33m,[39m [36masync[39m () 
[33m=>[39m {[0m

      at Object.<anonymous> 
(tests/comprehensive.test.js:133:39)

  ΓùÅ Styles Coverage ΓÇ║ hideChat CSS generated

    expect(received).toHaveBeenCalled()

    Matcher error: received value must be a mock or spy 
function

    Received has type:  function
    Received has value: [Function appendChild]

    [0m [90m 138 |[39m     [36mconst[39m { 
updateHotbarStyles } [33m=[39m [36mawait[39m [36mimp
ort[39m([32m'../scripts/styles.js'[39m)[33m;[39m
     [90m 139 |[39m     updateHotbarStyles()[33m;[39m
    [31m[1m>[22m[39m[90m 140 |[39m     expect(docum
ent[33m.[39mhead[33m.[39mappendChild)[33m.[39mtoHav
eBeenCalled()[33m;[39m
     [90m     |[39m                                    
   [31m[1m^[22m[39m
     [90m 141 |[39m   })[33m;[39m
     [90m 142 |[39m
     [90m 143 |[39m   test([32m'hidePlayers CSS 
generated'[39m[33m,[39m [36masync[39m () 
[33m=>[39m {[0m

      at Object.<anonymous> 
(tests/comprehensive.test.js:140:39)

  ΓùÅ Styles Coverage ΓÇ║ hidePlayers CSS generated

    expect(received).toHaveBeenCalled()

    Matcher error: received value must be a mock or spy 
function

    Received has type:  function
    Received has value: [Function appendChild]

    [0m [90m 145 |[39m     [36mconst[39m { 
updateHotbarStyles } [33m=[39m [36mawait[39m [36mimp
ort[39m([32m'../scripts/styles.js'[39m)[33m;[39m
     [90m 146 |[39m     updateHotbarStyles()[33m;[39m
    [31m[1m>[22m[39m[90m 147 |[39m     expect(docum
ent[33m.[39mhead[33m.[39mappendChild)[33m.[39mtoHav
eBeenCalled()[33m;[39m
     [90m     |[39m                                    
   [31m[1m^[22m[39m
     [90m 148 |[39m   })[33m;[39m
     [90m 149 |[39m
     [90m 150 |[39m   test([32m'hideSceneNavigation 
CSS generated'[39m[33m,[39m [36masync[39m () 
[33m=>[39m {[0m

      at Object.<anonymous> 
(tests/comprehensive.test.js:147:39)

  ΓùÅ Styles Coverage ΓÇ║ hideSceneNavigation CSS 
generated

    expect(received).toHaveBeenCalled()

    Matcher error: received value must be a mock or spy 
function

    Received has type:  function
    Received has value: [Function appendChild]

    [0m [90m 152 |[39m     [36mconst[39m { 
updateHotbarStyles } [33m=[39m [36mawait[39m [36mimp
ort[39m([32m'../scripts/styles.js'[39m)[33m;[39m
     [90m 153 |[39m     updateHotbarStyles()[33m;[39m
    [31m[1m>[22m[39m[90m 154 |[39m     expect(docum
ent[33m.[39mhead[33m.[39mappendChild)[33m.[39mtoHav
eBeenCalled()[33m;[39m
     [90m     |[39m                                    
   [31m[1m^[22m[39m
     [90m 155 |[39m   })[33m;[39m
     [90m 156 |[39m
     [90m 157 |[39m   test([32m'hideSceneControls CSS 
generated'[39m[33m,[39m [36masync[39m () 
[33m=>[39m {[0m

      at Object.<anonymous> 
(tests/comprehensive.test.js:154:39)

  ΓùÅ Styles Coverage ΓÇ║ hideSceneControls CSS generated

    expect(received).toHaveBeenCalled()

    Matcher error: received value must be a mock or spy 
function

    Received has type:  function
    Received has value: [Function appendChild]

    [0m [90m 159 |[39m     [36mconst[39m { 
updateHotbarStyles } [33m=[39m [36mawait[39m [36mimp
ort[39m([32m'../scripts/styles.js'[39m)[33m;[39m
     [90m 160 |[39m     updateHotbarStyles()[33m;[39m
    [31m[1m>[22m[39m[90m 161 |[39m     expect(docum
ent[33m.[39mhead[33m.[39mappendChild)[33m.[39mtoHav
eBeenCalled()[33m;[39m
     [90m     |[39m                                    
   [31m[1m^[22m[39m
     [90m 162 |[39m   })[33m;[39m
     [90m 163 |[39m
     [90m 164 |[39m   test([32m'hideSidebar CSS 
generated'[39m[33m,[39m [36masync[39m () 
[33m=>[39m {[0m

      at Object.<anonymous> 
(tests/comprehensive.test.js:161:39)

  ΓùÅ Styles Coverage ΓÇ║ hideSidebar CSS generated

    expect(received).toHaveBeenCalled()

    Matcher error: received value must be a mock or spy 
function

    Received has type:  function
    Received has value: [Function appendChild]

    [0m [90m 166 |[39m     [36mconst[39m { 
updateHotbarStyles } [33m=[39m [36mawait[39m [36mimp
ort[39m([32m'../scripts/styles.js'[39m)[33m;[39m
     [90m 167 |[39m     updateHotbarStyles()[33m;[39m
    [31m[1m>[22m[39m[90m 168 |[39m     expect(docum
ent[33m.[39mhead[33m.[39mappendChild)[33m.[39mtoHav
eBeenCalled()[33m;[39m
     [90m     |[39m                                    
   [31m[1m^[22m[39m
     [90m 169 |[39m   })[33m;[39m
     [90m 170 |[39m
     [90m 171 |[39m   test([32m'GM mode - applyToGM 
false'[39m[33m,[39m [36masync[39m () [33m=>[39m 
{[0m

      at Object.<anonymous> 
(tests/comprehensive.test.js:168:39)

  ΓùÅ Styles Coverage ΓÇ║ GM mode - applyToGM false

    expect(received).toHaveBeenCalled()

    Matcher error: received value must be a mock or spy 
function

    Received has type:  function
    Received has value: [Function appendChild]

    [0m [90m 174 |[39m     [36mconst[39m { 
updateHotbarStyles } [33m=[39m [36mawait[39m [36mimp
ort[39m([32m'../scripts/styles.js'[39m)[33m;[39m
     [90m 175 |[39m     updateHotbarStyles()[33m;[39m
    [31m[1m>[22m[39m[90m 176 |[39m     expect(docum
ent[33m.[39mhead[33m.[39mappendChild)[33m.[39mtoHav
eBeenCalled()[33m;[39m
     [90m     |[39m                                    
   [31m[1m^[22m[39m
     [90m 177 |[39m   })[33m;[39m
     [90m 178 |[39m
     [90m 179 |[39m   test([32m'GM mode - applyToGM 
true'[39m[33m,[39m [36masync[39m () [33m=>[39m 
{[0m

      at Object.<anonymous> 
(tests/comprehensive.test.js:176:39)

  ΓùÅ Styles Coverage ΓÇ║ GM mode - applyToGM true

    expect(received).toHaveBeenCalled()

    Matcher error: received value must be a mock or spy 
function

    Received has type:  function
    Received has value: [Function appendChild]

    [0m [90m 182 |[39m     [36mconst[39m { 
updateHotbarStyles } [33m=[39m [36mawait[39m [36mimp
ort[39m([32m'../scripts/styles.js'[39m)[33m;[39m
     [90m 183 |[39m     updateHotbarStyles()[33m;[39m
    [31m[1m>[22m[39m[90m 184 |[39m     expect(docum
ent[33m.[39mhead[33m.[39mappendChild)[33m.[39mtoHav
eBeenCalled()[33m;[39m
     [90m     |[39m                                    
   [31m[1m^[22m[39m
     [90m 185 |[39m   })[33m;[39m
     [90m 186 |[39m
     [90m 187 |[39m   test([32m'hiddenSlots CSS 
generated'[39m[33m,[39m [36masync[39m () 
[33m=>[39m {[0m

      at Object.<anonymous> 
(tests/comprehensive.test.js:184:39)

  ΓùÅ Styles Coverage ΓÇ║ hiddenSlots CSS generated

    expect(received).toHaveBeenCalled()

    Matcher error: received value must be a mock or spy 
function

    Received has type:  function
    Received has value: [Function appendChild]

    [0m [90m 189 |[39m     [36mconst[39m { 
updateHotbarStyles } [33m=[39m [36mawait[39m [36mimp
ort[39m([32m'../scripts/styles.js'[39m)[33m;[39m
     [90m 190 |[39m     updateHotbarStyles()[33m;[39m
    [31m[1m>[22m[39m[90m 191 |[39m     expect(docum
ent[33m.[39mhead[33m.[39mappendChild)[33m.[39mtoHav
eBeenCalled()[33m;[39m
     [90m     |[39m                                    
   [31m[1m^[22m[39m
     [90m 192 |[39m   })[33m;[39m
     [90m 193 |[39m
     [90m 194 |[39m   test([32m'hiddenPages CSS 
generated'[39m[33m,[39m [36masync[39m () 
[33m=>[39m {[0m

      at Object.<anonymous> 
(tests/comprehensive.test.js:191:39)

  ΓùÅ Styles Coverage ΓÇ║ hiddenPages CSS generated

    expect(received).toHaveBeenCalled()

    Matcher error: received value must be a mock or spy 
function

    Received has type:  function
    Received has value: [Function appendChild]

    [0m [90m 196 |[39m     [36mconst[39m { 
updateHotbarStyles } [33m=[39m [36mawait[39m [36mimp
ort[39m([32m'../scripts/styles.js'[39m)[33m;[39m
     [90m 197 |[39m     updateHotbarStyles()[33m;[39m
    [31m[1m>[22m[39m[90m 198 |[39m     expect(docum
ent[33m.[39mhead[33m.[39mappendChild)[33m.[39mtoHav
eBeenCalled()[33m;[39m
     [90m     |[39m                                    
   [31m[1m^[22m[39m
     [90m 199 |[39m   })[33m;[39m
     [90m 200 |[39m
     [90m 201 |[39m   test([32m'opacity CSS 
generated'[39m[33m,[39m [36masync[39m () 
[33m=>[39m {[0m

      at Object.<anonymous> 
(tests/comprehensive.test.js:198:39)

  ΓùÅ Styles Coverage ΓÇ║ opacity CSS generated

    expect(received).toHaveBeenCalled()

    Matcher error: received value must be a mock or spy 
function

    Received has type:  function
    Received has value: [Function appendChild]

    [0m [90m 203 |[39m     [36mconst[39m { 
updateHotbarStyles } [33m=[39m [36mawait[39m [36mimp
ort[39m([32m'../scripts/styles.js'[39m)[33m;[39m
     [90m 204 |[39m     updateHotbarStyles()[33m;[39m
    [31m[1m>[22m[39m[90m 205 |[39m     expect(docum
ent[33m.[39mhead[33m.[39mappendChild)[33m.[39mtoHav
eBeenCalled()[33m;[39m
     [90m     |[39m                                    
   [31m[1m^[22m[39m
     [90m 206 |[39m   })[33m;[39m
     [90m 207 |[39m })[33m;[39m
     [90m 208 |[39m[0m

      at Object.<anonymous> 
(tests/comprehensive.test.js:205:39)

  ΓùÅ Hooks Coverage ΓÇ║ readyHook calls 
updateHotbarStyles

    expect(received).toHaveBeenCalled()

    Matcher error: received value must be a mock or spy 
function

    Received has type:  function
    Received has value: [Function appendChild]

    [0m [90m 248 |[39m     [36mconst[39m { 
readyHook } [33m=[39m [36mawait[39m [36mimport[39m(
[32m'../scripts/hooks.js'[39m)[33m;[39m
     [90m 249 |[39m     readyHook()[33m;[39m
    [31m[1m>[22m[39m[90m 250 |[39m     expect(docum
ent[33m.[39mhead[33m.[39mappendChild)[33m.[39mtoHav
eBeenCalled()[33m;[39m
     [90m     |[39m                                    
   [31m[1m^[22m[39m
     [90m 251 |[39m   })[33m;[39m
     [90m 252 |[39m })[33m;[39m
     [90m 253 |[39m[0m

      at Object.<anonymous> 
(tests/comprehensive.test.js:250:39)

  ΓùÅ Config Coverage ΓÇ║ defaultOptions

    expect(received).toBe(expected) // Object.is equality

    Expected: "rnk-hide-em-config"
    Received: "hide-hotbar-config"

    [0m [90m 261 |[39m   
test([32m'defaultOptions'[39m[33m,[39m 
[36masync[39m () [33m=>[39m {
     [90m 262 |[39m     [36mconst[39m { 
[33mHideHotbarConfig[39m } [33m=[39m [36mawait[39m 
[36mimport[39m([32m'../scripts/config.js'[39m)[33m;
[39m
    [31m[1m>[22m[39m[90m 263 |[39m     expect([33m
HideHotbarConfig[39m[33m.[39mdefaultOptions[33m.[39m
id)[33m.[39mtoBe([32m'rnk-hide-em-config'[39m)[33m;
[39m
     [90m     |[39m                                    
            [31m[1m^[22m[39m
     [90m 264 |[39m   })[33m;[39m
     [90m 265 |[39m
     [90m 266 |[39m   test([32m'getData returns 
data'[39m[33m,[39m [36masync[39m () [33m=>[39m 
{[0m

      at Object.<anonymous> 
(tests/comprehensive.test.js:263:48)

  ΓùÅ Export/Import Coverage ΓÇ║ exportConfiguration 
creates download

    expect(received).toHaveBeenCalled()

    Matcher error: received value must be a mock or spy 
function

    Received has type:  function
    Received has value: [Function appendChild]

    [0m [90m 332 |[39m     [36mconst[39m { 
exportConfiguration } [33m=[39m [36mawait[39m [36mim
port[39m([32m'../scripts/features/export-import.js'[39
m)[33m;[39m
     [90m 333 |[39m     
exportConfiguration()[33m;[39m
    [31m[1m>[22m[39m[90m 334 |[39m     expect(docum
ent[33m.[39mbody[33m.[39mappendChild)[33m.[39mtoHav
eBeenCalled()[33m;[39m
     [90m     |[39m                                    
   [31m[1m^[22m[39m
     [90m 335 |[39m   })[33m;[39m
     [90m 336 |[39m })[33m;[39m
     [90m 337 |[39m[0m

      at Object.<anonymous> 
(tests/comprehensive.test.js:334:39)

FAIL tests/complete-100-coverage.test.js
  ΓùÅ Console

    console.log
      rnk-hide-em | Configuration imported

      at log (scripts/utils.js:100:17)

    console.error
      rnk-hide-em | Error importing config: Invalid 
configuration file format

    [0m [90m  98 |[39m [90m */[39m
     [90m  99 |[39m [36mexport[39m 
[36mfunction[39m log(message[33m,[39m level 
[33m=[39m [32m"log"[39m) {
    [31m[1m>[22m[39m[90m 100 |[39m   
console[level]([32m`${MODULE_ID} | 
${message}`[39m)[33m;[39m
     [90m     |[39m                 
[31m[1m^[22m[39m
     [90m 101 |[39m }
     [90m 102 |[39m
     [90m 103 |[39m [90m/**[39m[0m

      at log (scripts/utils.js:100:17)
      at log (scripts/features/export-import.js:98:5)
      at input.onchange 
(scripts/features/export-import.js:116:22)
      at Object.<anonymous> 
(tests/complete-100-coverage.test.js:139:5)

    console.error
      rnk-hide-em | Error importing config: Invalid 
configuration file format

    [0m [90m  98 |[39m [90m */[39m
     [90m  99 |[39m [36mexport[39m 
[36mfunction[39m log(message[33m,[39m level 
[33m=[39m [32m"log"[39m) {
    [31m[1m>[22m[39m[90m 100 |[39m   
console[level]([32m`${MODULE_ID} | 
${message}`[39m)[33m;[39m
     [90m     |[39m                 
[31m[1m^[22m[39m
     [90m 101 |[39m }
     [90m 102 |[39m
     [90m 103 |[39m [90m/**[39m[0m

      at log (scripts/utils.js:100:17)
      at log (scripts/features/export-import.js:98:5)
      at input.onchange 
(scripts/features/export-import.js:116:22)
      at Object.<anonymous> 
(tests/complete-100-coverage.test.js:171:5)

    console.error
      rnk-hide-em | Error importing config: Unexpected 
token 'i', "invalid json {" is not valid JSON

    [0m [90m  98 |[39m [90m */[39m
     [90m  99 |[39m [36mexport[39m 
[36mfunction[39m log(message[33m,[39m level 
[33m=[39m [32m"log"[39m) {
    [31m[1m>[22m[39m[90m 100 |[39m   
console[level]([32m`${MODULE_ID} | 
${message}`[39m)[33m;[39m
     [90m     |[39m                 
[31m[1m^[22m[39m
     [90m 101 |[39m }
     [90m 102 |[39m
     [90m 103 |[39m [90m/**[39m[0m

      at log (scripts/utils.js:100:17)
      at log (scripts/features/export-import.js:98:5)
      at input.onchange 
(scripts/features/export-import.js:116:22)
      at Object.<anonymous> 
(tests/complete-100-coverage.test.js:234:5)

    console.error
      rnk-hide-em | Error importing config: File read 
error

    [0m [90m  98 |[39m [90m */[39m
     [90m  99 |[39m [36mexport[39m 
[36mfunction[39m log(message[33m,[39m level 
[33m=[39m [32m"log"[39m) {
    [31m[1m>[22m[39m[90m 100 |[39m   
console[level]([32m`${MODULE_ID} | 
${message}`[39m)[33m;[39m
     [90m     |[39m                 
[31m[1m^[22m[39m
     [90m 101 |[39m }
     [90m 102 |[39m
     [90m 103 |[39m [90m/**[39m[0m

      at log (scripts/utils.js:100:17)
      at log (scripts/features/export-import.js:98:5)
      at input.onchange 
(scripts/features/export-import.js:116:22)
      at Object.<anonymous> 
(tests/complete-100-coverage.test.js:262:5)

    console.log
      rnk-hide-em | Configuration imported

      at log (scripts/utils.js:100:17)

    console.log
      rnk-hide-em | Configuration imported

      at log (scripts/utils.js:100:17)

    console.log
      rnk-hide-em | Configuration imported

      at log (scripts/utils.js:100:17)

    console.log
      rnk-hide-em | Configuration imported

      at log (scripts/utils.js:100:17)

    console.log
      rnk-hide-em | Configuration imported

      at log (scripts/utils.js:100:17)

    console.log
      rnk-hide-em | Configuration imported

      at log (scripts/utils.js:100:17)

    console.log
      rnk-hide-em | Configuration imported

      at log (scripts/utils.js:100:17)

    console.log
      rnk-hide-em | Configuration imported

      at log (scripts/utils.js:100:17)

    console.log
      rnk-hide-em | Configuration imported

      at log (scripts/utils.js:100:17)

    console.log
      rnk-hide-em | Module loaded

      at log (scripts/utils.js:100:17)

    console.log
      rnk-hide-em | Initializing RNK Hide 'Em v2.0

      at log (scripts/utils.js:100:17)

    console.error
      rnk-hide-em | Error loading shared config: Invalid 
base64

    [0m [90m  98 |[39m [90m */[39m
     [90m  99 |[39m [36mexport[39m 
[36mfunction[39m log(message[33m,[39m level 
[33m=[39m [32m"log"[39m) {
    [31m[1m>[22m[39m[90m 100 |[39m   
console[level]([32m`${MODULE_ID} | 
${message}`[39m)[33m;[39m
     [90m     |[39m                 
[31m[1m^[22m[39m
     [90m 101 |[39m }
     [90m 102 |[39m
     [90m 103 |[39m [90m/**[39m[0m

      at log (scripts/utils.js:100:17)
      at log (scripts/features/export-import.js:177:5)
      at Object.<anonymous> 
(tests/complete-100-coverage.test.js:358:26)

    console.error
      rnk-hide-em | Error loading shared config: Invalid 
configuration code

    [0m [90m  98 |[39m [90m */[39m
     [90m  99 |[39m [36mexport[39m 
[36mfunction[39m log(message[33m,[39m level 
[33m=[39m [32m"log"[39m) {
    [31m[1m>[22m[39m[90m 100 |[39m   
console[level]([32m`${MODULE_ID} | 
${message}`[39m)[33m;[39m
     [90m     |[39m                 
[31m[1m^[22m[39m
     [90m 101 |[39m }
     [90m 102 |[39m
     [90m 103 |[39m [90m/**[39m[0m

      at log (scripts/utils.js:100:17)
      at log (scripts/features/export-import.js:177:5)
      at Object.<anonymous> 
(tests/complete-100-coverage.test.js:369:26)

    console.log
      rnk-hide-em | Updating styles. GM: true, 
ApplyToGM: false, Scene Controls hidden: false, Entire 
Hotbar hidden: false, Chat hidden: false, Players 
hidden: false

      at log (scripts/utils.js:100:17)

    console.error
      rnk-hide-em | Error importing config: TypeError: 
Failed to execute 'appendChild' on 'Node': parameter 1 
is not of type 'Node'.

    [0m [90m  98 |[39m [90m */[39m
     [90m  99 |[39m [36mexport[39m 
[36mfunction[39m log(message[33m,[39m level 
[33m=[39m [32m"log"[39m) {
    [31m[1m>[22m[39m[90m 100 |[39m   
console[level]([32m`${MODULE_ID} | 
${message}`[39m)[33m;[39m
     [90m     |[39m                 
[31m[1m^[22m[39m
     [90m 101 |[39m }
     [90m 102 |[39m
     [90m 103 |[39m [90m/**[39m[0m

      at log (scripts/utils.js:100:17)
      at log (scripts/config.js:264:9)
      at Object.<anonymous> 
(tests/complete-100-coverage.test.js:449:7)

  ΓùÅ Import Configuration 100% Coverage ΓÇ║ 
importConfiguration - successful complete flow with all 
settings

    expect(received).toBe(expected) // Object.is equality

    Expected: true
    Received: false

    [0m [90m 82 |[39m     
expect(setCalls[33m.[39msome(c [33m=>[39m 
c[[35m1[39m] [33m===[39m [32m'hideLeftControls'[39m
))[33m.[39mtoBe([36mtrue[39m)[33m;[39m
     [90m 83 |[39m     
expect(setCalls[33m.[39msome(c [33m=>[39m 
c[[35m1[39m] [33m===[39m [32m'hideRightControls'[39
m))[33m.[39mtoBe([36mtrue[39m)[33m;[39m
    [31m[1m>[22m[39m[90m 84 |[39m     
expect(setCalls[33m.[39msome(c [33m=>[39m 
c[[35m1[39m] [33m===[39m [32m'opacity'[39m))[33m.
[39mtoBe([36mtrue[39m)[33m;[39m
     [90m    |[39m                                     
               [31m[1m^[22m[39m
     [90m 85 |[39m     
expect(setCalls[33m.[39msome(c [33m=>[39m 
c[[35m1[39m] [33m===[39m [32m'animationDuration'[39
m))[33m.[39mtoBe([36mtrue[39m)[33m;[39m
     [90m 86 |[39m     
expect(setCalls[33m.[39msome(c [33m=>[39m 
c[[35m1[39m] [33m===[39m [32m'hiddenPages'[39m))[3
3m.[39mtoBe([36mtrue[39m)[33m;[39m
     [90m 87 |[39m     
expect(setCalls[33m.[39msome(c [33m=>[39m 
c[[35m1[39m] [33m===[39m [32m'presets'[39m))[33m.
[39mtoBe([36mtrue[39m)[33m;[39m[0m

      at Object.<anonymous> 
(tests/complete-100-coverage.test.js:84:52)

  ΓùÅ All Remaining Branch Coverage ΓÇ║ hooks 
renderMacroDirectoryHook edge cases

    TypeError: button.addEventListener is not a function

    [0m [90m 46 |[39m   button[33m.[39mclassName 
[33m=[39m [32m"rnk-hide-em-config"[39m[33m;[39m
     [90m 47 |[39m   button[33m.[39minnerHTML 
[33m=[39m [32m"<i class=\"fas fa-eye-slash\"></i> RNK 
Hide 'Em"[39m[33m;[39m
    [31m[1m>[22m[39m[90m 48 |[39m   button[33m.[3
9maddEventListener([32m"click"[39m[33m,[39m () 
[33m=>[39m {
     [90m    |[39m          [31m[1m^[22m[39m
     [90m 49 |[39m     [36mnew[39m [33mHideHotbarCon
fig[39m()[33m.[39mrender([36mtrue[39m)[33m;[39m
     [90m 50 |[39m   })[33m;[39m
     [90m 51 |[39m[0m

      at addEventListener (scripts/hooks.js:48:10)
      at Object.<anonymous> 
(tests/complete-100-coverage.test.js:471:5)

FAIL tests/refactored-100-coverage.test.js
  ΓùÅ Refactored Code - 100% Coverage ΓÇ║ module.js - 
Handlebars helpers ΓÇ║ mathHelper multiplies two numbers

    ReferenceError: jest is not defined

    [0m [90m  7 |[39m     [90m// Import mocks 
first[39m
     [90m  8 |[39m     [36mawait[39m [36mimport[39m
([32m'../tests/mocks.js'[39m)[33m;[39m
    [31m[1m>[22m[39m[90m  9 |[39m     
jest[33m.[39mclearAllMocks()[33m;[39m
     [90m    |[39m     [31m[1m^[22m[39m
     [90m 10 |[39m     
jest[33m.[39mresetModules()[33m;[39m
     [90m 11 |[39m   })[33m;[39m
     [90m 12 |[39m[0m

      at Object.<anonymous> 
(tests/refactored-100-coverage.test.js:9:5)

  ΓùÅ Refactored Code - 100% Coverage ΓÇ║ module.js - 
Handlebars helpers ΓÇ║ subtractHelper subtracts two 
numbers

    ReferenceError: jest is not defined

    [0m [90m  7 |[39m     [90m// Import mocks 
first[39m
     [90m  8 |[39m     [36mawait[39m [36mimport[39m
([32m'../tests/mocks.js'[39m)[33m;[39m
    [31m[1m>[22m[39m[90m  9 |[39m     
jest[33m.[39mclearAllMocks()[33m;[39m
     [90m    |[39m     [31m[1m^[22m[39m
     [90m 10 |[39m     
jest[33m.[39mresetModules()[33m;[39m
     [90m 11 |[39m   })[33m;[39m
     [90m 12 |[39m[0m

      at Object.<anonymous> 
(tests/refactored-100-coverage.test.js:9:5)

  ΓùÅ Refactored Code - 100% Coverage ΓÇ║ module.js - 
Handlebars helpers ΓÇ║ multiplyHelper multiplies two 
numbers

    ReferenceError: jest is not defined

    [0m [90m  7 |[39m     [90m// Import mocks 
first[39m
     [90m  8 |[39m     [36mawait[39m [36mimport[39m
([32m'../tests/mocks.js'[39m)[33m;[39m
    [31m[1m>[22m[39m[90m  9 |[39m     
jest[33m.[39mclearAllMocks()[33m;[39m
     [90m    |[39m     [31m[1m^[22m[39m
     [90m 10 |[39m     
jest[33m.[39mresetModules()[33m;[39m
     [90m 11 |[39m   })[33m;[39m
     [90m 12 |[39m[0m

      at Object.<anonymous> 
(tests/refactored-100-coverage.test.js:9:5)

  ΓùÅ Refactored Code - 100% Coverage ΓÇ║ module.js - 
Handlebars helpers ΓÇ║ registerHandlebarsHelpers 
registers all helpers

    ReferenceError: jest is not defined

    [0m [90m  7 |[39m     [90m// Import mocks 
first[39m
     [90m  8 |[39m     [36mawait[39m [36mimport[39m
([32m'../tests/mocks.js'[39m)[33m;[39m
    [31m[1m>[22m[39m[90m  9 |[39m     
jest[33m.[39mclearAllMocks()[33m;[39m
     [90m    |[39m     [31m[1m^[22m[39m
     [90m 10 |[39m     
jest[33m.[39mresetModules()[33m;[39m
     [90m 11 |[39m   })[33m;[39m
     [90m 12 |[39m[0m

      at Object.<anonymous> 
(tests/refactored-100-coverage.test.js:9:5)

  ΓùÅ Refactored Code - 100% Coverage ΓÇ║ 
export-import.js - processImportedFile ΓÇ║ 
processImportedFile returns false with null file

    ReferenceError: jest is not defined

    [0m [90m  7 |[39m     [90m// Import mocks 
first[39m
     [90m  8 |[39m     [36mawait[39m [36mimport[39m
([32m'../tests/mocks.js'[39m)[33m;[39m
    [31m[1m>[22m[39m[90m  9 |[39m     
jest[33m.[39mclearAllMocks()[33m;[39m
     [90m    |[39m     [31m[1m^[22m[39m
     [90m 10 |[39m     
jest[33m.[39mresetModules()[33m;[39m
     [90m 11 |[39m   })[33m;[39m
     [90m 12 |[39m[0m

      at Object.<anonymous> 
(tests/refactored-100-coverage.test.js:9:5)

  ΓùÅ Refactored Code - 100% Coverage ΓÇ║ 
export-import.js - processImportedFile ΓÇ║ 
processImportedFile returns false with undefined file

    ReferenceError: jest is not defined

    [0m [90m  7 |[39m     [90m// Import mocks 
first[39m
     [90m  8 |[39m     [36mawait[39m [36mimport[39m
([32m'../tests/mocks.js'[39m)[33m;[39m
    [31m[1m>[22m[39m[90m  9 |[39m     
jest[33m.[39mclearAllMocks()[33m;[39m
     [90m    |[39m     [31m[1m^[22m[39m
     [90m 10 |[39m     
jest[33m.[39mresetModules()[33m;[39m
     [90m 11 |[39m   })[33m;[39m
     [90m 12 |[39m[0m

      at Object.<anonymous> 
(tests/refactored-100-coverage.test.js:9:5)

  ΓùÅ Refactored Code - 100% Coverage ΓÇ║ 
export-import.js - processImportedFile ΓÇ║ 
processImportedFile handles valid file with all settings

    ReferenceError: jest is not defined

    [0m [90m  7 |[39m     [90m// Import mocks 
first[39m
     [90m  8 |[39m     [36mawait[39m [36mimport[39m
([32m'../tests/mocks.js'[39m)[33m;[39m
    [31m[1m>[22m[39m[90m  9 |[39m     
jest[33m.[39mclearAllMocks()[33m;[39m
     [90m    |[39m     [31m[1m^[22m[39m
     [90m 10 |[39m     
jest[33m.[39mresetModules()[33m;[39m
     [90m 11 |[39m   })[33m;[39m
     [90m 12 |[39m[0m

      at Object.<anonymous> 
(tests/refactored-100-coverage.test.js:9:5)

  ΓùÅ Refactored Code - 100% Coverage ΓÇ║ 
export-import.js - processImportedFile ΓÇ║ 
processImportedFile handles partial settings

    ReferenceError: jest is not defined

    [0m [90m  7 |[39m     [90m// Import mocks 
first[39m
     [90m  8 |[39m     [36mawait[39m [36mimport[39m
([32m'../tests/mocks.js'[39m)[33m;[39m
    [31m[1m>[22m[39m[90m  9 |[39m     
jest[33m.[39mclearAllMocks()[33m;[39m
     [90m    |[39m     [31m[1m^[22m[39m
     [90m 10 |[39m     
jest[33m.[39mresetModules()[33m;[39m
     [90m 11 |[39m   })[33m;[39m
     [90m 12 |[39m[0m

      at Object.<anonymous> 
(tests/refactored-100-coverage.test.js:9:5)

  ΓùÅ Refactored Code - 100% Coverage ΓÇ║ 
export-import.js - processImportedFile ΓÇ║ 
processImportedFile rejects invalid format - missing 
settings

    ReferenceError: jest is not defined

    [0m [90m  7 |[39m     [90m// Import mocks 
first[39m
     [90m  8 |[39m     [36mawait[39m [36mimport[39m
([32m'../tests/mocks.js'[39m)[33m;[39m
    [31m[1m>[22m[39m[90m  9 |[39m     
jest[33m.[39mclearAllMocks()[33m;[39m
     [90m    |[39m     [31m[1m^[22m[39m
     [90m 10 |[39m     
jest[33m.[39mresetModules()[33m;[39m
     [90m 11 |[39m   })[33m;[39m
     [90m 12 |[39m[0m

      at Object.<anonymous> 
(tests/refactored-100-coverage.test.js:9:5)

  ΓùÅ Refactored Code - 100% Coverage ΓÇ║ 
export-import.js - processImportedFile ΓÇ║ 
processImportedFile rejects invalid format - missing 
version

    ReferenceError: jest is not defined

    [0m [90m  7 |[39m     [90m// Import mocks 
first[39m
     [90m  8 |[39m     [36mawait[39m [36mimport[39m
([32m'../tests/mocks.js'[39m)[33m;[39m
    [31m[1m>[22m[39m[90m  9 |[39m     
jest[33m.[39mclearAllMocks()[33m;[39m
     [90m    |[39m     [31m[1m^[22m[39m
     [90m 10 |[39m     
jest[33m.[39mresetModules()[33m;[39m
     [90m 11 |[39m   })[33m;[39m
     [90m 12 |[39m[0m

      at Object.<anonymous> 
(tests/refactored-100-coverage.test.js:9:5)

  ΓùÅ Refactored Code - 100% Coverage ΓÇ║ 
export-import.js - processImportedFile ΓÇ║ 
processImportedFile handles JSON parse error

    ReferenceError: jest is not defined

    [0m [90m  7 |[39m     [90m// Import mocks 
first[39m
     [90m  8 |[39m     [36mawait[39m [36mimport[39m
([32m'../tests/mocks.js'[39m)[33m;[39m
    [31m[1m>[22m[39m[90m  9 |[39m     
jest[33m.[39mclearAllMocks()[33m;[39m
     [90m    |[39m     [31m[1m^[22m[39m
     [90m 10 |[39m     
jest[33m.[39mresetModules()[33m;[39m
     [90m 11 |[39m   })[33m;[39m
     [90m 12 |[39m[0m

      at Object.<anonymous> 
(tests/refactored-100-coverage.test.js:9:5)

  ΓùÅ Refactored Code - 100% Coverage ΓÇ║ 
export-import.js - processImportedFile ΓÇ║ 
processImportedFile handles file.text() error

    ReferenceError: jest is not defined

    [0m [90m  7 |[39m     [90m// Import mocks 
first[39m
     [90m  8 |[39m     [36mawait[39m [36mimport[39m
([32m'../tests/mocks.js'[39m)[33m;[39m
    [31m[1m>[22m[39m[90m  9 |[39m     
jest[33m.[39mclearAllMocks()[33m;[39m
     [90m    |[39m     [31m[1m^[22m[39m
     [90m 10 |[39m     
jest[33m.[39mresetModules()[33m;[39m
     [90m 11 |[39m   })[33m;[39m
     [90m 12 |[39m[0m

      at Object.<anonymous> 
(tests/refactored-100-coverage.test.js:9:5)

  ΓùÅ Refactored Code - 100% Coverage ΓÇ║ 
export-import.js - processImportedFile ΓÇ║ 
processImportedFile returns false when user cancels

    ReferenceError: jest is not defined

    [0m [90m  7 |[39m     [90m// Import mocks 
first[39m
     [90m  8 |[39m     [36mawait[39m [36mimport[39m
([32m'../tests/mocks.js'[39m)[33m;[39m
    [31m[1m>[22m[39m[90m  9 |[39m     
jest[33m.[39mclearAllMocks()[33m;[39m
     [90m    |[39m     [31m[1m^[22m[39m
     [90m 10 |[39m     
jest[33m.[39mresetModules()[33m;[39m
     [90m 11 |[39m   })[33m;[39m
     [90m 12 |[39m[0m

      at Object.<anonymous> 
(tests/refactored-100-coverage.test.js:9:5)

  ΓùÅ Refactored Code - 100% Coverage ΓÇ║ 
export-import.js - processImportedFile ΓÇ║ 
processImportedFile tests all conditional branches

    ReferenceError: jest is not defined

    [0m [90m  7 |[39m     [90m// Import mocks 
first[39m
     [90m  8 |[39m     [36mawait[39m [36mimport[39m
([32m'../tests/mocks.js'[39m)[33m;[39m
    [31m[1m>[22m[39m[90m  9 |[39m     
jest[33m.[39mclearAllMocks()[33m;[39m
     [90m    |[39m     [31m[1m^[22m[39m
     [90m 10 |[39m     
jest[33m.[39mresetModules()[33m;[39m
     [90m 11 |[39m   })[33m;[39m
     [90m 12 |[39m[0m

      at Object.<anonymous> 
(tests/refactored-100-coverage.test.js:9:5)

  ΓùÅ Refactored Code - 100% Coverage ΓÇ║ 
export-import.js - processImportedFile ΓÇ║ 
processImportedFile with false boolean values

    ReferenceError: jest is not defined

    [0m [90m  7 |[39m     [90m// Import mocks 
first[39m
     [90m  8 |[39m     [36mawait[39m [36mimport[39m
([32m'../tests/mocks.js'[39m)[33m;[39m
    [31m[1m>[22m[39m[90m  9 |[39m     
jest[33m.[39mclearAllMocks()[33m;[39m
     [90m    |[39m     [31m[1m^[22m[39m
     [90m 10 |[39m     
jest[33m.[39mresetModules()[33m;[39m
     [90m 11 |[39m   })[33m;[39m
     [90m 12 |[39m[0m

      at Object.<anonymous> 
(tests/refactored-100-coverage.test.js:9:5)

  ΓùÅ Refactored Code - 100% Coverage ΓÇ║ 
importConfiguration - DOM integration ΓÇ║ 
importConfiguration creates file input and triggers 
processImportedFile

    ReferenceError: jest is not defined

    [0m [90m  7 |[39m     [90m// Import mocks 
first[39m
     [90m  8 |[39m     [36mawait[39m [36mimport[39m
([32m'../tests/mocks.js'[39m)[33m;[39m
    [31m[1m>[22m[39m[90m  9 |[39m     
jest[33m.[39mclearAllMocks()[33m;[39m
     [90m    |[39m     [31m[1m^[22m[39m
     [90m 10 |[39m     
jest[33m.[39mresetModules()[33m;[39m
     [90m 11 |[39m   })[33m;[39m
     [90m 12 |[39m[0m

      at Object.<anonymous> 
(tests/refactored-100-coverage.test.js:9:5)

  ΓùÅ Refactored Code - 100% Coverage ΓÇ║ Complete 
branch coverage for all conditionals ΓÇ║ All if 
statements with undefined values

    ReferenceError: jest is not defined

    [0m [90m  7 |[39m     [90m// Import mocks 
first[39m
     [90m  8 |[39m     [36mawait[39m [36mimport[39m
([32m'../tests/mocks.js'[39m)[33m;[39m
    [31m[1m>[22m[39m[90m  9 |[39m     
jest[33m.[39mclearAllMocks()[33m;[39m
     [90m    |[39m     [31m[1m^[22m[39m
     [90m 10 |[39m     
jest[33m.[39mresetModules()[33m;[39m
     [90m 11 |[39m   })[33m;[39m
     [90m 12 |[39m[0m

      at Object.<anonymous> 
(tests/refactored-100-coverage.test.js:9:5)

  ΓùÅ Refactored Code - 100% Coverage ΓÇ║ Complete 
branch coverage for all conditionals ΓÇ║ All if 
statements with defined values

    ReferenceError: jest is not defined

    [0m [90m  7 |[39m     [90m// Import mocks 
first[39m
     [90m  8 |[39m     [36mawait[39m [36mimport[39m
([32m'../tests/mocks.js'[39m)[33m;[39m
    [31m[1m>[22m[39m[90m  9 |[39m     
jest[33m.[39mclearAllMocks()[33m;[39m
     [90m    |[39m     [31m[1m^[22m[39m
     [90m 10 |[39m     
jest[33m.[39mresetModules()[33m;[39m
     [90m 11 |[39m   })[33m;[39m
     [90m 12 |[39m[0m

      at Object.<anonymous> 
(tests/refactored-100-coverage.test.js:9:5)

FAIL tests/complete-function-coverage.test.js
  ΓùÅ Complete Function Coverage ΓÇ║ All utils.js 
functions ΓÇ║ isValidSlot - all branches

    ReferenceError: jest is not defined

    [0m [90m  7 |[39m   beforeEach([36masync[39m () 
[33m=>[39m {
     [90m  8 |[39m     [36mawait[39m [36mimport[39m
([32m'../tests/mocks.js'[39m)[33m;[39m
    [31m[1m>[22m[39m[90m  9 |[39m     
jest[33m.[39mclearAllMocks()[33m;[39m
     [90m    |[39m     [31m[1m^[22m[39m
     [90m 10 |[39m     
jest[33m.[39mresetModules()[33m;[39m
     [90m 11 |[39m   })[33m;[39m
     [90m 12 |[39m[0m

      at Object.<anonymous> 
(tests/complete-function-coverage.test.js:9:5)

  ΓùÅ Complete Function Coverage ΓÇ║ All utils.js 
functions ΓÇ║ isValidPage - all branches

    ReferenceError: jest is not defined

    [0m [90m  7 |[39m   beforeEach([36masync[39m () 
[33m=>[39m {
     [90m  8 |[39m     [36mawait[39m [36mimport[39m
([32m'../tests/mocks.js'[39m)[33m;[39m
    [31m[1m>[22m[39m[90m  9 |[39m     
jest[33m.[39mclearAllMocks()[33m;[39m
     [90m    |[39m     [31m[1m^[22m[39m
     [90m 10 |[39m     
jest[33m.[39mresetModules()[33m;[39m
     [90m 11 |[39m   })[33m;[39m
     [90m 12 |[39m[0m

      at Object.<anonymous> 
(tests/complete-function-coverage.test.js:9:5)

  ΓùÅ Complete Function Coverage ΓÇ║ All utils.js 
functions ΓÇ║ getSlotsForPage - all pages

    ReferenceError: jest is not defined

    [0m [90m  7 |[39m   beforeEach([36masync[39m () 
[33m=>[39m {
     [90m  8 |[39m     [36mawait[39m [36mimport[39m
([32m'../tests/mocks.js'[39m)[33m;[39m
    [31m[1m>[22m[39m[90m  9 |[39m     
jest[33m.[39mclearAllMocks()[33m;[39m
     [90m    |[39m     [31m[1m^[22m[39m
     [90m 10 |[39m     
jest[33m.[39mresetModules()[33m;[39m
     [90m 11 |[39m   })[33m;[39m
     [90m 12 |[39m[0m

      at Object.<anonymous> 
(tests/complete-function-coverage.test.js:9:5)

  ΓùÅ Complete Function Coverage ΓÇ║ All utils.js 
functions ΓÇ║ toggleClass - apply true and false

    ReferenceError: jest is not defined

    [0m [90m  7 |[39m   beforeEach([36masync[39m () 
[33m=>[39m {
     [90m  8 |[39m     [36mawait[39m [36mimport[39m
([32m'../tests/mocks.js'[39m)[33m;[39m
    [31m[1m>[22m[39m[90m  9 |[39m     
jest[33m.[39mclearAllMocks()[33m;[39m
     [90m    |[39m     [31m[1m^[22m[39m
     [90m 10 |[39m     
jest[33m.[39mresetModules()[33m;[39m
     [90m 11 |[39m   })[33m;[39m
     [90m 12 |[39m[0m

      at Object.<anonymous> 
(tests/complete-function-coverage.test.js:9:5)

  ΓùÅ Complete Function Coverage ΓÇ║ All utils.js 
functions ΓÇ║ updateStyleElement - create and update

    ReferenceError: jest is not defined

    [0m [90m  7 |[39m   beforeEach([36masync[39m () 
[33m=>[39m {
     [90m  8 |[39m     [36mawait[39m [36mimport[39m
([32m'../tests/mocks.js'[39m)[33m;[39m
    [31m[1m>[22m[39m[90m  9 |[39m     
jest[33m.[39mclearAllMocks()[33m;[39m
     [90m    |[39m     [31m[1m^[22m[39m
     [90m 10 |[39m     
jest[33m.[39mresetModules()[33m;[39m
     [90m 11 |[39m   })[33m;[39m
     [90m 12 |[39m[0m

      at Object.<anonymous> 
(tests/complete-function-coverage.test.js:9:5)

  ΓùÅ Complete Function Coverage ΓÇ║ All utils.js 
functions ΓÇ║ log - all log levels

    ReferenceError: jest is not defined

    [0m [90m  7 |[39m   beforeEach([36masync[39m () 
[33m=>[39m {
     [90m  8 |[39m     [36mawait[39m [36mimport[39m
([32m'../tests/mocks.js'[39m)[33m;[39m
    [31m[1m>[22m[39m[90m  9 |[39m     
jest[33m.[39mclearAllMocks()[33m;[39m
     [90m    |[39m     [31m[1m^[22m[39m
     [90m 10 |[39m     
jest[33m.[39mresetModules()[33m;[39m
     [90m 11 |[39m   })[33m;[39m
     [90m 12 |[39m[0m

      at Object.<anonymous> 
(tests/complete-function-coverage.test.js:9:5)

  ΓùÅ Complete Function Coverage ΓÇ║ All utils.js 
functions ΓÇ║ notify - all notification types

    ReferenceError: jest is not defined

    [0m [90m  7 |[39m   beforeEach([36masync[39m () 
[33m=>[39m {
     [90m  8 |[39m     [36mawait[39m [36mimport[39m
([32m'../tests/mocks.js'[39m)[33m;[39m
    [31m[1m>[22m[39m[90m  9 |[39m     
jest[33m.[39mclearAllMocks()[33m;[39m
     [90m    |[39m     [31m[1m^[22m[39m
     [90m 10 |[39m     
jest[33m.[39mresetModules()[33m;[39m
     [90m 11 |[39m   })[33m;[39m
     [90m 12 |[39m[0m

      at Object.<anonymous> 
(tests/complete-function-coverage.test.js:9:5)

  ΓùÅ Complete Function Coverage ΓÇ║ All utils.js 
functions ΓÇ║ getSetting - with and without default

    ReferenceError: jest is not defined

    [0m [90m  7 |[39m   beforeEach([36masync[39m () 
[33m=>[39m {
     [90m  8 |[39m     [36mawait[39m [36mimport[39m
([32m'../tests/mocks.js'[39m)[33m;[39m
    [31m[1m>[22m[39m[90m  9 |[39m     
jest[33m.[39mclearAllMocks()[33m;[39m
     [90m    |[39m     [31m[1m^[22m[39m
     [90m 10 |[39m     
jest[33m.[39mresetModules()[33m;[39m
     [90m 11 |[39m   })[33m;[39m
     [90m 12 |[39m[0m

      at Object.<anonymous> 
(tests/complete-function-coverage.test.js:9:5)

  ΓùÅ Complete Function Coverage ΓÇ║ All utils.js 
functions ΓÇ║ setSetting - success and error

    ReferenceError: jest is not defined

    [0m [90m  7 |[39m   beforeEach([36masync[39m () 
[33m=>[39m {
     [90m  8 |[39m     [36mawait[39m [36mimport[39m
([32m'../tests/mocks.js'[39m)[33m;[39m
    [31m[1m>[22m[39m[90m  9 |[39m     
jest[33m.[39mclearAllMocks()[33m;[39m
     [90m    |[39m     [31m[1m^[22m[39m
     [90m 10 |[39m     
jest[33m.[39mresetModules()[33m;[39m
     [90m 11 |[39m   })[33m;[39m
     [90m 12 |[39m[0m

      at Object.<anonymous> 
(tests/complete-function-coverage.test.js:9:5)

  ΓùÅ Complete Function Coverage ΓÇ║ All presets.js 
functions ΓÇ║ deletePreset - success

    ReferenceError: jest is not defined

    [0m [90m  7 |[39m   beforeEach([36masync[39m () 
[33m=>[39m {
     [90m  8 |[39m     [36mawait[39m [36mimport[39m
([32m'../tests/mocks.js'[39m)[33m;[39m
    [31m[1m>[22m[39m[90m  9 |[39m     
jest[33m.[39mclearAllMocks()[33m;[39m
     [90m    |[39m     [31m[1m^[22m[39m
     [90m 10 |[39m     
jest[33m.[39mresetModules()[33m;[39m
     [90m 11 |[39m   })[33m;[39m
     [90m 12 |[39m[0m

      at Object.<anonymous> 
(tests/complete-function-coverage.test.js:9:5)

  ΓùÅ Complete Function Coverage ΓÇ║ All presets.js 
functions ΓÇ║ deletePreset - not found

    ReferenceError: jest is not defined

    [0m [90m  7 |[39m   beforeEach([36masync[39m () 
[33m=>[39m {
     [90m  8 |[39m     [36mawait[39m [36mimport[39m
([32m'../tests/mocks.js'[39m)[33m;[39m
    [31m[1m>[22m[39m[90m  9 |[39m     
jest[33m.[39mclearAllMocks()[33m;[39m
     [90m    |[39m     [31m[1m^[22m[39m
     [90m 10 |[39m     
jest[33m.[39mresetModules()[33m;[39m
     [90m 11 |[39m   })[33m;[39m
     [90m 12 |[39m[0m

      at Object.<anonymous> 
(tests/complete-function-coverage.test.js:9:5)

  ΓùÅ Complete Function Coverage ΓÇ║ All presets.js 
functions ΓÇ║ getAllPresets - empty and populated

    ReferenceError: jest is not defined

    [0m [90m  7 |[39m   beforeEach([36masync[39m () 
[33m=>[39m {
     [90m  8 |[39m     [36mawait[39m [36mimport[39m
([32m'../tests/mocks.js'[39m)[33m;[39m
    [31m[1m>[22m[39m[90m  9 |[39m     
jest[33m.[39mclearAllMocks()[33m;[39m
     [90m    |[39m     [31m[1m^[22m[39m
     [90m 10 |[39m     
jest[33m.[39mresetModules()[33m;[39m
     [90m 11 |[39m   })[33m;[39m
     [90m 12 |[39m[0m

      at Object.<anonymous> 
(tests/complete-function-coverage.test.js:9:5)

  ΓùÅ Complete Function Coverage ΓÇ║ All presets.js 
functions ΓÇ║ savePreset - new and overwrite

    ReferenceError: jest is not defined

    [0m [90m  7 |[39m   beforeEach([36masync[39m () 
[33m=>[39m {
     [90m  8 |[39m     [36mawait[39m [36mimport[39m
([32m'../tests/mocks.js'[39m)[33m;[39m
    [31m[1m>[22m[39m[90m  9 |[39m     
jest[33m.[39mclearAllMocks()[33m;[39m
     [90m    |[39m     [31m[1m^[22m[39m
     [90m 10 |[39m     
jest[33m.[39mresetModules()[33m;[39m
     [90m 11 |[39m   })[33m;[39m
     [90m 12 |[39m[0m

      at Object.<anonymous> 
(tests/complete-function-coverage.test.js:9:5)

  ΓùÅ Complete Function Coverage ΓÇ║ All presets.js 
functions ΓÇ║ loadPreset - success and not found

    ReferenceError: jest is not defined

    [0m [90m  7 |[39m   beforeEach([36masync[39m () 
[33m=>[39m {
     [90m  8 |[39m     [36mawait[39m [36mimport[39m
([32m'../tests/mocks.js'[39m)[33m;[39m
    [31m[1m>[22m[39m[90m  9 |[39m     
jest[33m.[39mclearAllMocks()[33m;[39m
     [90m    |[39m     [31m[1m^[22m[39m
     [90m 10 |[39m     
jest[33m.[39mresetModules()[33m;[39m
     [90m 11 |[39m   })[33m;[39m
     [90m 12 |[39m[0m

      at Object.<anonymous> 
(tests/complete-function-coverage.test.js:9:5)

  ΓùÅ Complete Function Coverage ΓÇ║ All hooks.js 
functions ΓÇ║ initHook executes

    ReferenceError: jest is not defined

    [0m [90m  7 |[39m   beforeEach([36masync[39m () 
[33m=>[39m {
     [90m  8 |[39m     [36mawait[39m [36mimport[39m
([32m'../tests/mocks.js'[39m)[33m;[39m
    [31m[1m>[22m[39m[90m  9 |[39m     
jest[33m.[39mclearAllMocks()[33m;[39m
     [90m    |[39m     [31m[1m^[22m[39m
     [90m 10 |[39m     
jest[33m.[39mresetModules()[33m;[39m
     [90m 11 |[39m   })[33m;[39m
     [90m 12 |[39m[0m

      at Object.<anonymous> 
(tests/complete-function-coverage.test.js:9:5)

  ΓùÅ Complete Function Coverage ΓÇ║ All hooks.js 
functions ΓÇ║ readyHook executes

    ReferenceError: jest is not defined

    [0m [90m  7 |[39m   beforeEach([36masync[39m () 
[33m=>[39m {
     [90m  8 |[39m     [36mawait[39m [36mimport[39m
([32m'../tests/mocks.js'[39m)[33m;[39m
    [31m[1m>[22m[39m[90m  9 |[39m     
jest[33m.[39mclearAllMocks()[33m;[39m
     [90m    |[39m     [31m[1m^[22m[39m
     [90m 10 |[39m     
jest[33m.[39mresetModules()[33m;[39m
     [90m 11 |[39m   })[33m;[39m
     [90m 12 |[39m[0m

      at Object.<anonymous> 
(tests/complete-function-coverage.test.js:9:5)

  ΓùÅ Complete Function Coverage ΓÇ║ All hooks.js 
functions ΓÇ║ hotbarCollapseHook executes

    ReferenceError: jest is not defined

    [0m [90m  7 |[39m   beforeEach([36masync[39m () 
[33m=>[39m {
     [90m  8 |[39m     [36mawait[39m [36mimport[39m
([32m'../tests/mocks.js'[39m)[33m;[39m
    [31m[1m>[22m[39m[90m  9 |[39m     
jest[33m.[39mclearAllMocks()[33m;[39m
     [90m    |[39m     [31m[1m^[22m[39m
     [90m 10 |[39m     
jest[33m.[39mresetModules()[33m;[39m
     [90m 11 |[39m   })[33m;[39m
     [90m 12 |[39m[0m

      at Object.<anonymous> 
(tests/complete-function-coverage.test.js:9:5)

  ΓùÅ Complete Function Coverage ΓÇ║ All hooks.js 
functions ΓÇ║ renderMacroDirectoryHook - full execution

    ReferenceError: jest is not defined

    [0m [90m  7 |[39m   beforeEach([36masync[39m () 
[33m=>[39m {
     [90m  8 |[39m     [36mawait[39m [36mimport[39m
([32m'../tests/mocks.js'[39m)[33m;[39m
    [31m[1m>[22m[39m[90m  9 |[39m     
jest[33m.[39mclearAllMocks()[33m;[39m
     [90m    |[39m     [31m[1m^[22m[39m
     [90m 10 |[39m     
jest[33m.[39mresetModules()[33m;[39m
     [90m 11 |[39m   })[33m;[39m
     [90m 12 |[39m[0m

      at Object.<anonymous> 
(tests/complete-function-coverage.test.js:9:5)

  ΓùÅ Complete Function Coverage ΓÇ║ All animation.js 
functions ΓÇ║ getAnimationCSS - all animation types

    ReferenceError: jest is not defined

    [0m [90m  7 |[39m   beforeEach([36masync[39m () 
[33m=>[39m {
     [90m  8 |[39m     [36mawait[39m [36mimport[39m
([32m'../tests/mocks.js'[39m)[33m;[39m
    [31m[1m>[22m[39m[90m  9 |[39m     
jest[33m.[39mclearAllMocks()[33m;[39m
     [90m    |[39m     [31m[1m^[22m[39m
     [90m 10 |[39m     
jest[33m.[39mresetModules()[33m;[39m
     [90m 11 |[39m   })[33m;[39m
     [90m 12 |[39m[0m

      at Object.<anonymous> 
(tests/complete-function-coverage.test.js:9:5)

  ΓùÅ Complete Function Coverage ΓÇ║ All animation.js 
functions ΓÇ║ animateElement - show and hide

    ReferenceError: jest is not defined

    [0m [90m  7 |[39m   beforeEach([36masync[39m () 
[33m=>[39m {
     [90m  8 |[39m     [36mawait[39m [36mimport[39m
([32m'../tests/mocks.js'[39m)[33m;[39m
    [31m[1m>[22m[39m[90m  9 |[39m     
jest[33m.[39mclearAllMocks()[33m;[39m
     [90m    |[39m     [31m[1m^[22m[39m
     [90m 10 |[39m     
jest[33m.[39mresetModules()[33m;[39m
     [90m 11 |[39m   })[33m;[39m
     [90m 12 |[39m[0m

      at Object.<anonymous> 
(tests/complete-function-coverage.test.js:9:5)

  ΓùÅ Complete Function Coverage ΓÇ║ All styles.js 
functions ΓÇ║ updateHotbarStyles - comprehensive

    ReferenceError: jest is not defined

    [0m [90m  7 |[39m   beforeEach([36masync[39m () 
[33m=>[39m {
     [90m  8 |[39m     [36mawait[39m [36mimport[39m
([32m'../tests/mocks.js'[39m)[33m;[39m
    [31m[1m>[22m[39m[90m  9 |[39m     
jest[33m.[39mclearAllMocks()[33m;[39m
     [90m    |[39m     [31m[1m^[22m[39m
     [90m 10 |[39m     
jest[33m.[39mresetModules()[33m;[39m
     [90m 11 |[39m   })[33m;[39m
     [90m 12 |[39m[0m

      at Object.<anonymous> 
(tests/complete-function-coverage.test.js:9:5)

  ΓùÅ Complete Function Coverage ΓÇ║ All styles.js 
functions ΓÇ║ getHiddenSlotsCSS

    ReferenceError: jest is not defined

    [0m [90m  7 |[39m   beforeEach([36masync[39m () 
[33m=>[39m {
     [90m  8 |[39m     [36mawait[39m [36mimport[39m
([32m'../tests/mocks.js'[39m)[33m;[39m
    [31m[1m>[22m[39m[90m  9 |[39m     
jest[33m.[39mclearAllMocks()[33m;[39m
     [90m    |[39m     [31m[1m^[22m[39m
     [90m 10 |[39m     
jest[33m.[39mresetModules()[33m;[39m
     [90m 11 |[39m   })[33m;[39m
     [90m 12 |[39m[0m

      at Object.<anonymous> 
(tests/complete-function-coverage.test.js:9:5)

  ΓùÅ Complete Function Coverage ΓÇ║ All styles.js 
functions ΓÇ║ getAnimationSpeed

    ReferenceError: jest is not defined

    [0m [90m  7 |[39m   beforeEach([36masync[39m () 
[33m=>[39m {
     [90m  8 |[39m     [36mawait[39m [36mimport[39m
([32m'../tests/mocks.js'[39m)[33m;[39m
    [31m[1m>[22m[39m[90m  9 |[39m     
jest[33m.[39mclearAllMocks()[33m;[39m
     [90m    |[39m     [31m[1m^[22m[39m
     [90m 10 |[39m     
jest[33m.[39mresetModules()[33m;[39m
     [90m 11 |[39m   })[33m;[39m
     [90m 12 |[39m[0m

      at Object.<anonymous> 
(tests/complete-function-coverage.test.js:9:5)

  ΓùÅ Complete Function Coverage ΓÇ║ All 
export-import.js functions ΓÇ║ exportConfiguration - 
complete flow

    ReferenceError: jest is not defined

    [0m [90m  7 |[39m   beforeEach([36masync[39m () 
[33m=>[39m {
     [90m  8 |[39m     [36mawait[39m [36mimport[39m
([32m'../tests/mocks.js'[39m)[33m;[39m
    [31m[1m>[22m[39m[90m  9 |[39m     
jest[33m.[39mclearAllMocks()[33m;[39m
     [90m    |[39m     [31m[1m^[22m[39m
     [90m 10 |[39m     
jest[33m.[39mresetModules()[33m;[39m
     [90m 11 |[39m   })[33m;[39m
     [90m 12 |[39m[0m

      at Object.<anonymous> 
(tests/complete-function-coverage.test.js:9:5)

  ΓùÅ Complete Function Coverage ΓÇ║ All 
export-import.js functions ΓÇ║ shareConfiguration

    ReferenceError: jest is not defined

    [0m [90m  7 |[39m   beforeEach([36masync[39m () 
[33m=>[39m {
     [90m  8 |[39m     [36mawait[39m [36mimport[39m
([32m'../tests/mocks.js'[39m)[33m;[39m
    [31m[1m>[22m[39m[90m  9 |[39m     
jest[33m.[39mclearAllMocks()[33m;[39m
     [90m    |[39m     [31m[1m^[22m[39m
     [90m 10 |[39m     
jest[33m.[39mresetModules()[33m;[39m
     [90m 11 |[39m   })[33m;[39m
     [90m 12 |[39m[0m

      at Object.<anonymous> 
(tests/complete-function-coverage.test.js:9:5)

  ΓùÅ Complete Function Coverage ΓÇ║ All 
export-import.js functions ΓÇ║ loadSharedConfiguration - 
all paths

    ReferenceError: jest is not defined

    [0m [90m  7 |[39m   beforeEach([36masync[39m () 
[33m=>[39m {
     [90m  8 |[39m     [36mawait[39m [36mimport[39m
([32m'../tests/mocks.js'[39m)[33m;[39m
    [31m[1m>[22m[39m[90m  9 |[39m     
jest[33m.[39mclearAllMocks()[33m;[39m
     [90m    |[39m     [31m[1m^[22m[39m
     [90m 10 |[39m     
jest[33m.[39mresetModules()[33m;[39m
     [90m 11 |[39m   })[33m;[39m
     [90m 12 |[39m[0m

      at Object.<anonymous> 
(tests/complete-function-coverage.test.js:9:5)

  ΓùÅ Complete Function Coverage ΓÇ║ All config.js 
methods ΓÇ║ HideHotbarConfig showConfig

    ReferenceError: jest is not defined

    [0m [90m  7 |[39m   beforeEach([36masync[39m () 
[33m=>[39m {
     [90m  8 |[39m     [36mawait[39m [36mimport[39m
([32m'../tests/mocks.js'[39m)[33m;[39m
    [31m[1m>[22m[39m[90m  9 |[39m     
jest[33m.[39mclearAllMocks()[33m;[39m
     [90m    |[39m     [31m[1m^[22m[39m
     [90m 10 |[39m     
jest[33m.[39mresetModules()[33m;[39m
     [90m 11 |[39m   })[33m;[39m
     [90m 12 |[39m[0m

      at Object.<anonymous> 
(tests/complete-function-coverage.test.js:9:5)

  ΓùÅ Complete Function Coverage ΓÇ║ All config.js 
methods ΓÇ║ HideHotbarConfig defaultOptions

    ReferenceError: jest is not defined

    [0m [90m  7 |[39m   beforeEach([36masync[39m () 
[33m=>[39m {
     [90m  8 |[39m     [36mawait[39m [36mimport[39m
([32m'../tests/mocks.js'[39m)[33m;[39m
    [31m[1m>[22m[39m[90m  9 |[39m     
jest[33m.[39mclearAllMocks()[33m;[39m
     [90m    |[39m     [31m[1m^[22m[39m
     [90m 10 |[39m     
jest[33m.[39mresetModules()[33m;[39m
     [90m 11 |[39m   })[33m;[39m
     [90m 12 |[39m[0m

      at Object.<anonymous> 
(tests/complete-function-coverage.test.js:9:5)

  ΓùÅ Complete Function Coverage ΓÇ║ All config.js 
methods ΓÇ║ HideHotbarConfig getData - all data

    ReferenceError: jest is not defined

    [0m [90m  7 |[39m   beforeEach([36masync[39m () 
[33m=>[39m {
     [90m  8 |[39m     [36mawait[39m [36mimport[39m
([32m'../tests/mocks.js'[39m)[33m;[39m
    [31m[1m>[22m[39m[90m  9 |[39m     
jest[33m.[39mclearAllMocks()[33m;[39m
     [90m    |[39m     [31m[1m^[22m[39m
     [90m 10 |[39m     
jest[33m.[39mresetModules()[33m;[39m
     [90m 11 |[39m   })[33m;[39m
     [90m 12 |[39m[0m

      at Object.<anonymous> 
(tests/complete-function-coverage.test.js:9:5)

  ΓùÅ Complete Function Coverage ΓÇ║ All config.js 
methods ΓÇ║ HideHotbarConfig activateListeners

    ReferenceError: jest is not defined

    [0m [90m  7 |[39m   beforeEach([36masync[39m () 
[33m=>[39m {
     [90m  8 |[39m     [36mawait[39m [36mimport[39m
([32m'../tests/mocks.js'[39m)[33m;[39m
    [31m[1m>[22m[39m[90m  9 |[39m     
jest[33m.[39mclearAllMocks()[33m;[39m
     [90m    |[39m     [31m[1m^[22m[39m
     [90m 10 |[39m     
jest[33m.[39mresetModules()[33m;[39m
     [90m 11 |[39m   })[33m;[39m
     [90m 12 |[39m[0m

      at Object.<anonymous> 
(tests/complete-function-coverage.test.js:9:5)

  ΓùÅ Complete Function Coverage ΓÇ║ All config.js 
methods ΓÇ║ HideHotbarConfig _updateObject

    ReferenceError: jest is not defined

    [0m [90m  7 |[39m   beforeEach([36masync[39m () 
[33m=>[39m {
     [90m  8 |[39m     [36mawait[39m [36mimport[39m
([32m'../tests/mocks.js'[39m)[33m;[39m
    [31m[1m>[22m[39m[90m  9 |[39m     
jest[33m.[39mclearAllMocks()[33m;[39m
     [90m    |[39m     [31m[1m^[22m[39m
     [90m 10 |[39m     
jest[33m.[39mresetModules()[33m;[39m
     [90m 11 |[39m   })[33m;[39m
     [90m 12 |[39m[0m

      at Object.<anonymous> 
(tests/complete-function-coverage.test.js:9:5)

  ΓùÅ Complete Function Coverage ΓÇ║ All settings.js 
functions ΓÇ║ registerSettings - all settings registered

    ReferenceError: jest is not defined

    [0m [90m  7 |[39m   beforeEach([36masync[39m () 
[33m=>[39m {
     [90m  8 |[39m     [36mawait[39m [36mimport[39m
([32m'../tests/mocks.js'[39m)[33m;[39m
    [31m[1m>[22m[39m[90m  9 |[39m     
jest[33m.[39mclearAllMocks()[33m;[39m
     [90m    |[39m     [31m[1m^[22m[39m
     [90m 10 |[39m     
jest[33m.[39mresetModules()[33m;[39m
     [90m 11 |[39m   })[33m;[39m
     [90m 12 |[39m[0m

      at Object.<anonymous> 
(tests/complete-function-coverage.test.js:9:5)

FAIL tests/final-coverage-push.test.js
  ΓùÅ Console

    console.log
      rnk-hide-em | Configuration imported

      at log (scripts/utils.js:100:17)

    console.error
      rnk-hide-em | Error loading shared config: 
Unexpected token '∩┐╜', 
"∩┐╜∩┐╜i∩┐╜∩┐╜∩┐╜┼⌐∩┐╜∩┐╜∩┐╜(∩┐╜∩┐╜(∩┐╜∩┐╜∩┐╜∩┐╜∩┐╜'" is 
not valid JSON

    [0m [90m  98 |[39m [90m */[39m
     [90m  99 |[39m [36mexport[39m 
[36mfunction[39m log(message[33m,[39m level 
[33m=[39m [32m"log"[39m) {
    [31m[1m>[22m[39m[90m 100 |[39m   
console[level]([32m`${MODULE_ID} | 
${message}`[39m)[33m;[39m
     [90m     |[39m                 
[31m[1m^[22m[39m
     [90m 101 |[39m }
     [90m 102 |[39m
     [90m 103 |[39m [90m/**[39m[0m

      at log (scripts/utils.js:100:17)
      at log (scripts/features/export-import.js:177:5)
      at Object.<anonymous> 
(tests/final-coverage-push.test.js:200:26)

    console.log
      rnk-hide-em | Updating styles. GM: true, 
ApplyToGM: false, Scene Controls hidden: false, Entire 
Hotbar hidden: false, Chat hidden: false, Players 
hidden: false

      at log (scripts/utils.js:100:17)

    console.log
      rnk-hide-em | Applying hotbar styles

      at log (scripts/utils.js:100:17)

    console.log
      rnk-hide-em | Updating styles. GM: true, 
ApplyToGM: false, Scene Controls hidden: false, Entire 
Hotbar hidden: false, Chat hidden: false, Players 
hidden: false

      at log (scripts/utils.js:100:17)

  ΓùÅ Export-Import Direct Function Coverage ΓÇ║ 
exportConfiguration function execution path

    TypeError: Failed to execute 'appendChild' on 
'Node': parameter 1 is not of type 'Node'.

    [0m [90m 36 |[39m   a[33m.[39mhref [33m=[39m 
url[33m;[39m
     [90m 37 |[39m   a[33m.[39mdownload [33m=[39m 
[32m`rnk-hide-em-config-${Date.now()}.json`[39m[33m;[3
9m
    [31m[1m>[22m[39m[90m 38 |[39m   document[33m.
[39mbody[33m.[39mappendChild(a)[33m;[39m
     [90m    |[39m                 [31m[1m^[22m[39m
     [90m 39 |[39m   a[33m.[39mclick()[33m;[39m
     [90m 40 |[39m   document[33m.[39mbody[33m.[39m
removeChild(a)[33m;[39m
     [90m 41 |[39m   [33mURL[39m[33m.[39mrevokeObje
ctURL(url)[33m;[39m[0m

      at Object.exports.convert (node_modules/jsdom/lib/j
sdom/living/generated/Node.js:25:9)
      at HTMLBodyElement.appendChild (node_modules/jsdom/
lib/jsdom/living/generated/Node.js:404:26)
      at appendChild 
(scripts/features/export-import.js:38:17)
      at Object.<anonymous> 
(tests/final-coverage-push.test.js:114:11)

  ΓùÅ Export-Import Direct Function Coverage ΓÇ║ 
loadSharedConfiguration complete flow

    expect(received).toBe(expected) // Object.is equality

    Expected: true
    Received: false

    [0m [90m 200 |[39m     [36mconst[39m result 
[33m=[39m [36mawait[39m loadSharedConfiguration([32m
'https://example.com/config.json'[39m)[33m;[39m
     [90m 201 |[39m     
    [31m[1m>[22m[39m[90m 202 |[39m     
expect(result)[33m.[39mtoBe([36mtrue[39m)[33m;[39m
     [90m     |[39m                    
[31m[1m^[22m[39m
     [90m 203 |[39m     expect(global[33m.[39mfetch)
[33m.[39mtoHaveBeenCalledWith([32m'https://example.com/
config.json'[39m)[33m;[39m
     [90m 204 |[39m     expect(global[33m.[39m[33mDi
alog[39m[33m.[39mconfirm)[33m.[39mtoHaveBeenCalled()
[33m;[39m
     [90m 205 |[39m     expect(game[33m.[39msettings
[33m.[39m[36mset[39m)[33m.[39mtoHaveBeenCalled()[33
m;[39m[0m

      at Object.<anonymous> 
(tests/final-coverage-push.test.js:202:20)

  ΓùÅ Settings All onChange Paths ΓÇ║ all boolean 
settings onChange handlers execute

    TypeError: Failed to execute 'appendChild' on 
'Node': parameter 1 is not of type 'Node'.

    [0m [90m 87 |[39m     styleElement [33m=[39m doc
ument[33m.[39mcreateElement([32m"style"[39m)[33m;[3
9m
     [90m 88 |[39m     styleElement[33m.[39mid 
[33m=[39m [33mCSS_IDS[39m[33m.[39m[33mSTYLE_ELEMEN
T[39m[33m;[39m
    [31m[1m>[22m[39m[90m 89 |[39m     document[33m
.[39mhead[33m.[39mappendChild(styleElement)[33m;[39m
     [90m    |[39m                   
[31m[1m^[22m[39m
     [90m 90 |[39m   }
     [90m 91 |[39m   
styleElement[33m.[39mtextContent [33m=[39m 
css[33m;[39m
     [90m 92 |[39m }[0m

      at Object.exports.convert (node_modules/jsdom/lib/j
sdom/living/generated/Node.js:25:9)
      at HTMLHeadElement.appendChild (node_modules/jsdom/
lib/jsdom/living/generated/Node.js:404:26)
      at appendChild (scripts/utils.js:89:19)
      at updateStyleElement (scripts/styles.js:312:3)
      at Object.updateHotbarStyles [as onChange] 
(scripts/settings.js:29:21)
      at Object.<anonymous> 
(tests/final-coverage-push.test.js:280:20)

  ΓùÅ Hooks All Callbacks ΓÇ║ renderMacroDirectory 
multiple calls

    TypeError: button.addEventListener is not a function

    [0m [90m 46 |[39m   button[33m.[39mclassName 
[33m=[39m [32m"rnk-hide-em-config"[39m[33m;[39m
     [90m 47 |[39m   button[33m.[39minnerHTML 
[33m=[39m [32m"<i class=\"fas fa-eye-slash\"></i> RNK 
Hide 'Em"[39m[33m;[39m
    [31m[1m>[22m[39m[90m 48 |[39m   button[33m.[3
9maddEventListener([32m"click"[39m[33m,[39m () 
[33m=>[39m {
     [90m    |[39m          [31m[1m^[22m[39m
     [90m 49 |[39m     [36mnew[39m [33mHideHotbarCon
fig[39m()[33m.[39mrender([36mtrue[39m)[33m;[39m
     [90m 50 |[39m   })[33m;[39m
     [90m 51 |[39m[0m

      at addEventListener (scripts/hooks.js:48:10)
      at Object.<anonymous> 
(tests/final-coverage-push.test.js:351:5)

  ΓùÅ Hooks All Callbacks ΓÇ║ ready hook multiple calls

    TypeError: Failed to execute 'appendChild' on 
'Node': parameter 1 is not of type 'Node'.

    [0m [90m 87 |[39m     styleElement [33m=[39m doc
ument[33m.[39mcreateElement([32m"style"[39m)[33m;[3
9m
     [90m 88 |[39m     styleElement[33m.[39mid 
[33m=[39m [33mCSS_IDS[39m[33m.[39m[33mSTYLE_ELEMEN
T[39m[33m;[39m
    [31m[1m>[22m[39m[90m 89 |[39m     document[33m
.[39mhead[33m.[39mappendChild(styleElement)[33m;[39m
     [90m    |[39m                   
[31m[1m^[22m[39m
     [90m 90 |[39m   }
     [90m 91 |[39m   
styleElement[33m.[39mtextContent [33m=[39m 
css[33m;[39m
     [90m 92 |[39m }[0m

      at Object.exports.convert (node_modules/jsdom/lib/j
sdom/living/generated/Node.js:25:9)
      at HTMLHeadElement.appendChild (node_modules/jsdom/
lib/jsdom/living/generated/Node.js:404:26)
      at appendChild (scripts/utils.js:89:19)
      at updateStyleElement (scripts/styles.js:312:3)
      at updateHotbarStyles (scripts/hooks.js:36:3)
      at Object.<anonymous> 
(tests/final-coverage-push.test.js:361:5)

FAIL tests/module-complete-init.test.js
  ΓùÅ Console

    console.log
      rnk-hide-em | Module loaded

      at log (scripts/utils.js:100:17)

  ΓùÅ Module Complete Initialization ΓÇ║ init hook 
registers all Handlebars helpers

    expect(received).toBeDefined()

    Received: undefined

    [0m [90m 42 |[39m     [36mconst[39m 
initHookCall [33m=[39m global[33m.[39m[33mHooks[39m
[33m.[39monce[33m.[39mmock[33m.[39mcalls[33m.[39m
find(call [33m=>[39m call[[35m0[39m] [33m===[39m 
[32m'init'[39m)[33m;[39m
     [90m 43 |[39m     
    [31m[1m>[22m[39m[90m 44 |[39m     
expect(initHookCall)[33m.[39mtoBeDefined()[33m;[39m
     [90m    |[39m                          
[31m[1m^[22m[39m
     [90m 45 |[39m     
     [90m 46 |[39m     [36mif[39m (initHookCall) {
     [90m 47 |[39m       [36mconst[39m initCallback 
[33m=[39m initHookCall[[35m1[39m][33m;[39m[0m

      at Object.<anonymous> 
(tests/module-complete-init.test.js:44:26)

  ΓùÅ Module Complete Initialization ΓÇ║ ready hook 
callback executes

    expect(received).toBeDefined()

    Received: undefined

    [0m [90m 159 |[39m     [36mconst[39m 
readyHookCall [33m=[39m global[33m.[39m[33mHooks[39
m[33m.[39monce[33m.[39mmock[33m.[39mcalls[33m.[39
mfind(call [33m=>[39m call[[35m0[39m] [33m===[39m 
[32m'ready'[39m)[33m;[39m
     [90m 160 |[39m     
    [31m[1m>[22m[39m[90m 161 |[39m     
expect(readyHookCall)[33m.[39mtoBeDefined()[33m;[39m
     [90m     |[39m                           
[31m[1m^[22m[39m
     [90m 162 |[39m     
     [90m 163 |[39m     [36mif[39m (readyHookCall) {
     [90m 164 |[39m       [36mconst[39m 
readyCallback [33m=[39m 
readyHookCall[[35m1[39m][33m;[39m[0m

      at Object.<anonymous> 
(tests/module-complete-init.test.js:161:27)

  ΓùÅ Module Complete Initialization ΓÇ║ 
renderMacroDirectory hook callback executes

    expect(received).toBeDefined()

    Received: undefined

    [0m [90m 172 |[39m     [36mconst[39m 
renderHookCall [33m=[39m global[33m.[39m[33mHooks[3
9m[33m.[39mon[33m.[39mmock[33m.[39mcalls[33m.[39m
find(call [33m=>[39m call[[35m0[39m] [33m===[39m 
[32m'renderMacroDirectory'[39m)[33m;[39m
     [90m 173 |[39m     
    [31m[1m>[22m[39m[90m 174 |[39m     
expect(renderHookCall)[33m.[39mtoBeDefined()[33m;[39m
     [90m     |[39m                            
[31m[1m^[22m[39m
     [90m 175 |[39m     
     [90m 176 |[39m     [36mif[39m (renderHookCall) {
     [90m 177 |[39m       [36mconst[39m 
renderCallback [33m=[39m 
renderHookCall[[35m1[39m][33m;[39m[0m

      at Object.<anonymous> 
(tests/module-complete-init.test.js:174:28)

  ΓùÅ Module Complete Initialization ΓÇ║ all hooks are 
registered on module load

    expect(jest.fn()).toHaveBeenCalledWith(...expected)

    Expected: "init", Any<Function>

    Number of calls: 0

    [0m [90m 183 |[39m
     [90m 184 |[39m   test([32m'all hooks are 
registered on module load'[39m[33m,[39m () 
[33m=>[39m {
    [31m[1m>[22m[39m[90m 185 |[39m     expect(globa
l[33m.[39m[33mHooks[39m[33m.[39monce)[33m.[39mtoH
aveBeenCalledWith([32m'init'[39m[33m,[39m 
expect[33m.[39many([33mFunction[39m))[33m;[39m
     [90m     |[39m                               
[31m[1m^[22m[39m
     [90m 186 |[39m     expect(global[33m.[39m[33mHo
oks[39m[33m.[39monce)[33m.[39mtoHaveBeenCalledWith(
[32m'ready'[39m[33m,[39m 
expect[33m.[39many([33mFunction[39m))[33m;[39m
     [90m 187 |[39m     expect(global[33m.[39m[33mHo
oks[39m[33m.[39mon)[33m.[39mtoHaveBeenCalledWith([3
2m'renderMacroDirectory'[39m[33m,[39m 
expect[33m.[39many([33mFunction[39m))[33m;[39m
     [90m 188 |[39m   })[33m;[39m[0m

      at Object.<anonymous> 
(tests/module-complete-init.test.js:185:31)

  ΓùÅ Module Complete Initialization ΓÇ║ module logs on 
load

    expect(jest.fn()).toHaveBeenCalled()

    Expected number of calls: >= 1
    Received number of calls:    0

    [0m [90m 193 |[39m     [90m// The module should 
have logged when first imported[39m
     [90m 194 |[39m     [90m// We can't re-trigger 
top-level code, but we can verify hooks exist[39m
    [31m[1m>[22m[39m[90m 195 |[39m     expect(globa
l[33m.[39m[33mHooks[39m[33m.[39monce)[33m.[39mtoH
aveBeenCalled()[33m;[39m
     [90m     |[39m                               
[31m[1m^[22m[39m
     [90m 196 |[39m     
     [90m 197 |[39m     
logSpy[33m.[39mmockRestore()[33m;[39m
     [90m 198 |[39m   })[33m;[39m[0m

      at Object.<anonymous> 
(tests/module-complete-init.test.js:195:31)

FAIL tests/final-100-push.test.js
  ΓùÅ 100% Coverage - Final Push ΓÇ║ module.js init hook 
- Handlebars helpers ΓÇ║ init hook registers all 
Handlebars helpers

    ReferenceError: jest is not defined

    [0m [90m  8 |[39m describe([32m'100% Coverage - 
Final Push'[39m[33m,[39m () [33m=>[39m {
     [90m  9 |[39m   beforeEach(() [33m=>[39m {
    [31m[1m>[22m[39m[90m 10 |[39m     
jest[33m.[39mclearAllMocks()[33m;[39m
     [90m    |[39m     [31m[1m^[22m[39m
     [90m 11 |[39m     
jest[33m.[39mresetModules()[33m;[39m
     [90m 12 |[39m   })[33m;[39m
     [90m 13 |[39m[0m

      at Object.<anonymous> 
(tests/final-100-push.test.js:10:5)

  ΓùÅ 100% Coverage - Final Push ΓÇ║ export-import.js 
exportConfiguration - DOM manipulation ΓÇ║ 
exportConfiguration creates download link and triggers 
click

    ReferenceError: jest is not defined

    [0m [90m  8 |[39m describe([32m'100% Coverage - 
Final Push'[39m[33m,[39m () [33m=>[39m {
     [90m  9 |[39m   beforeEach(() [33m=>[39m {
    [31m[1m>[22m[39m[90m 10 |[39m     
jest[33m.[39mclearAllMocks()[33m;[39m
     [90m    |[39m     [31m[1m^[22m[39m
     [90m 11 |[39m     
jest[33m.[39mresetModules()[33m;[39m
     [90m 12 |[39m   })[33m;[39m
     [90m 13 |[39m[0m

      at Object.<anonymous> 
(tests/final-100-push.test.js:10:5)

  ΓùÅ 100% Coverage - Final Push ΓÇ║ export-import.js 
importConfiguration - All paths ΓÇ║ importConfiguration 
successful import with all conditional settings

    ReferenceError: jest is not defined

    [0m [90m  8 |[39m describe([32m'100% Coverage - 
Final Push'[39m[33m,[39m () [33m=>[39m {
     [90m  9 |[39m   beforeEach(() [33m=>[39m {
    [31m[1m>[22m[39m[90m 10 |[39m     
jest[33m.[39mclearAllMocks()[33m;[39m
     [90m    |[39m     [31m[1m^[22m[39m
     [90m 11 |[39m     
jest[33m.[39mresetModules()[33m;[39m
     [90m 12 |[39m   })[33m;[39m
     [90m 13 |[39m[0m

      at Object.<anonymous> 
(tests/final-100-push.test.js:10:5)

  ΓùÅ 100% Coverage - Final Push ΓÇ║ export-import.js 
importConfiguration - All paths ΓÇ║ importConfiguration 
- partial conditional settings

    ReferenceError: jest is not defined

    [0m [90m  8 |[39m describe([32m'100% Coverage - 
Final Push'[39m[33m,[39m () [33m=>[39m {
     [90m  9 |[39m   beforeEach(() [33m=>[39m {
    [31m[1m>[22m[39m[90m 10 |[39m     
jest[33m.[39mclearAllMocks()[33m;[39m
     [90m    |[39m     [31m[1m^[22m[39m
     [90m 11 |[39m     
jest[33m.[39mresetModules()[33m;[39m
     [90m 12 |[39m   })[33m;[39m
     [90m 13 |[39m[0m

      at Object.<anonymous> 
(tests/final-100-push.test.js:10:5)

  ΓùÅ 100% Coverage - Final Push ΓÇ║ export-import.js 
importConfiguration - All paths ΓÇ║ importConfiguration 
- missing optional settings

    ReferenceError: jest is not defined

    [0m [90m  8 |[39m describe([32m'100% Coverage - 
Final Push'[39m[33m,[39m () [33m=>[39m {
     [90m  9 |[39m   beforeEach(() [33m=>[39m {
    [31m[1m>[22m[39m[90m 10 |[39m     
jest[33m.[39mclearAllMocks()[33m;[39m
     [90m    |[39m     [31m[1m^[22m[39m
     [90m 11 |[39m     
jest[33m.[39mresetModules()[33m;[39m
     [90m 12 |[39m   })[33m;[39m
     [90m 13 |[39m[0m

      at Object.<anonymous> 
(tests/final-100-push.test.js:10:5)

  ΓùÅ 100% Coverage - Final Push ΓÇ║ export-import.js 
loadSharedConfiguration - validation paths ΓÇ║ 
loadSharedConfiguration with invalid data type

    ReferenceError: jest is not defined

    [0m [90m  8 |[39m describe([32m'100% Coverage - 
Final Push'[39m[33m,[39m () [33m=>[39m {
     [90m  9 |[39m   beforeEach(() [33m=>[39m {
    [31m[1m>[22m[39m[90m 10 |[39m     
jest[33m.[39mclearAllMocks()[33m;[39m
     [90m    |[39m     [31m[1m^[22m[39m
     [90m 11 |[39m     
jest[33m.[39mresetModules()[33m;[39m
     [90m 12 |[39m   })[33m;[39m
     [90m 13 |[39m[0m

      at Object.<anonymous> 
(tests/final-100-push.test.js:10:5)

  ΓùÅ 100% Coverage - Final Push ΓÇ║ export-import.js 
loadSharedConfiguration - validation paths ΓÇ║ 
loadSharedConfiguration with missing version

    ReferenceError: jest is not defined

    [0m [90m  8 |[39m describe([32m'100% Coverage - 
Final Push'[39m[33m,[39m () [33m=>[39m {
     [90m  9 |[39m   beforeEach(() [33m=>[39m {
    [31m[1m>[22m[39m[90m 10 |[39m     
jest[33m.[39mclearAllMocks()[33m;[39m
     [90m    |[39m     [31m[1m^[22m[39m
     [90m 11 |[39m     
jest[33m.[39mresetModules()[33m;[39m
     [90m 12 |[39m   })[33m;[39m
     [90m 13 |[39m[0m

      at Object.<anonymous> 
(tests/final-100-push.test.js:10:5)

  ΓùÅ 100% Coverage - Final Push ΓÇ║ export-import.js 
loadSharedConfiguration - validation paths ΓÇ║ 
loadSharedConfiguration with missing settings

    ReferenceError: jest is not defined

    [0m [90m  8 |[39m describe([32m'100% Coverage - 
Final Push'[39m[33m,[39m () [33m=>[39m {
     [90m  9 |[39m   beforeEach(() [33m=>[39m {
    [31m[1m>[22m[39m[90m 10 |[39m     
jest[33m.[39mclearAllMocks()[33m;[39m
     [90m    |[39m     [31m[1m^[22m[39m
     [90m 11 |[39m     
jest[33m.[39mresetModules()[33m;[39m
     [90m 12 |[39m   })[33m;[39m
     [90m 13 |[39m[0m

      at Object.<anonymous> 
(tests/final-100-push.test.js:10:5)

  ΓùÅ 100% Coverage - Final Push ΓÇ║ export-import.js 
loadSharedConfiguration - validation paths ΓÇ║ 
loadSharedConfiguration success path

    ReferenceError: jest is not defined

    [0m [90m  8 |[39m describe([32m'100% Coverage - 
Final Push'[39m[33m,[39m () [33m=>[39m {
     [90m  9 |[39m   beforeEach(() [33m=>[39m {
    [31m[1m>[22m[39m[90m 10 |[39m     
jest[33m.[39mclearAllMocks()[33m;[39m
     [90m    |[39m     [31m[1m^[22m[39m
     [90m 11 |[39m     
jest[33m.[39mresetModules()[33m;[39m
     [90m 12 |[39m   })[33m;[39m
     [90m 13 |[39m[0m

      at Object.<anonymous> 
(tests/final-100-push.test.js:10:5)

  ΓùÅ 100% Coverage - Final Push ΓÇ║ export-import.js 
loadSharedConfiguration - validation paths ΓÇ║ 
loadSharedConfiguration user rejects

    ReferenceError: jest is not defined

    [0m [90m  8 |[39m describe([32m'100% Coverage - 
Final Push'[39m[33m,[39m () [33m=>[39m {
     [90m  9 |[39m   beforeEach(() [33m=>[39m {
    [31m[1m>[22m[39m[90m 10 |[39m     
jest[33m.[39mclearAllMocks()[33m;[39m
     [90m    |[39m     [31m[1m^[22m[39m
     [90m 11 |[39m     
jest[33m.[39mresetModules()[33m;[39m
     [90m 12 |[39m   })[33m;[39m
     [90m 13 |[39m[0m

      at Object.<anonymous> 
(tests/final-100-push.test.js:10:5)

  ΓùÅ 100% Coverage - Final Push ΓÇ║ Remaining edge 
cases and uncovered branches ΓÇ║ config.js _updateObject 
with log errors

    ReferenceError: jest is not defined

    [0m [90m  8 |[39m describe([32m'100% Coverage - 
Final Push'[39m[33m,[39m () [33m=>[39m {
     [90m  9 |[39m   beforeEach(() [33m=>[39m {
    [31m[1m>[22m[39m[90m 10 |[39m     
jest[33m.[39mclearAllMocks()[33m;[39m
     [90m    |[39m     [31m[1m^[22m[39m
     [90m 11 |[39m     
jest[33m.[39mresetModules()[33m;[39m
     [90m 12 |[39m   })[33m;[39m
     [90m 13 |[39m[0m

      at Object.<anonymous> 
(tests/final-100-push.test.js:10:5)

  ΓùÅ 100% Coverage - Final Push ΓÇ║ Remaining edge 
cases and uncovered branches ΓÇ║ settings.js 
registerSettings with all edge cases

    ReferenceError: jest is not defined

    [0m [90m  8 |[39m describe([32m'100% Coverage - 
Final Push'[39m[33m,[39m () [33m=>[39m {
     [90m  9 |[39m   beforeEach(() [33m=>[39m {
    [31m[1m>[22m[39m[90m 10 |[39m     
jest[33m.[39mclearAllMocks()[33m;[39m
     [90m    |[39m     [31m[1m^[22m[39m
     [90m 11 |[39m     
jest[33m.[39mresetModules()[33m;[39m
     [90m 12 |[39m   })[33m;[39m
     [90m 13 |[39m[0m

      at Object.<anonymous> 
(tests/final-100-push.test.js:10:5)

  ΓùÅ 100% Coverage - Final Push ΓÇ║ Remaining edge 
cases and uncovered branches ΓÇ║ hooks.js 
renderMacroDirectory with DOM manipulation

    ReferenceError: jest is not defined

    [0m [90m  8 |[39m describe([32m'100% Coverage - 
Final Push'[39m[33m,[39m () [33m=>[39m {
     [90m  9 |[39m   beforeEach(() [33m=>[39m {
    [31m[1m>[22m[39m[90m 10 |[39m     
jest[33m.[39mclearAllMocks()[33m;[39m
     [90m    |[39m     [31m[1m^[22m[39m
     [90m 11 |[39m     
jest[33m.[39mresetModules()[33m;[39m
     [90m 12 |[39m   })[33m;[39m
     [90m 13 |[39m[0m

      at Object.<anonymous> 
(tests/final-100-push.test.js:10:5)

  ΓùÅ 100% Coverage - Final Push ΓÇ║ Uncovered function 
calls ΓÇ║ utils.js updateStyleElement multiple calls

    ReferenceError: jest is not defined

    [0m [90m  8 |[39m describe([32m'100% Coverage - 
Final Push'[39m[33m,[39m () [33m=>[39m {
     [90m  9 |[39m   beforeEach(() [33m=>[39m {
    [31m[1m>[22m[39m[90m 10 |[39m     
jest[33m.[39mclearAllMocks()[33m;[39m
     [90m    |[39m     [31m[1m^[22m[39m
     [90m 11 |[39m     
jest[33m.[39mresetModules()[33m;[39m
     [90m 12 |[39m   })[33m;[39m
     [90m 13 |[39m[0m

      at Object.<anonymous> 
(tests/final-100-push.test.js:10:5)

  ΓùÅ 100% Coverage - Final Push ΓÇ║ Uncovered function 
calls ΓÇ║ styles.js getAnimationSpeed edge cases

    ReferenceError: jest is not defined

    [0m [90m  8 |[39m describe([32m'100% Coverage - 
Final Push'[39m[33m,[39m () [33m=>[39m {
     [90m  9 |[39m   beforeEach(() [33m=>[39m {
    [31m[1m>[22m[39m[90m 10 |[39m     
jest[33m.[39mclearAllMocks()[33m;[39m
     [90m    |[39m     [31m[1m^[22m[39m
     [90m 11 |[39m     
jest[33m.[39mresetModules()[33m;[39m
     [90m 12 |[39m   })[33m;[39m
     [90m 13 |[39m[0m

      at Object.<anonymous> 
(tests/final-100-push.test.js:10:5)

FAIL tests/simple-100.test.js
  ΓùÅ 100% Coverage Push ΓÇ║ mathHelper

    ReferenceError: FormApplication is not defined

    [0m [90m 11 |[39m [90m * Configuration form for 
Hide Hotbar Buttons[39m
     [90m 12 |[39m [90m */[39m
    [31m[1m>[22m[39m[90m 13 |[39m [36mexport[39m 
[36mclass[39m [33mHideHotbarConfig[39m 
[36mextends[39m [33mFormApplication[39m {
     [90m    |[39m                                     
  [31m[1m^[22m[39m
     [90m 14 |[39m   [36mstatic[39m [36mget[39m 
defaultOptions() {
     [90m 15 |[39m     [36mreturn[39m foundry[33m.[
39mutils[33m.[39mmergeObject([36msuper[39m[33m.[39m
defaultOptions[33m,[39m {
     [90m 16 |[39m       title[33m:[39m game[33m.[3
9mi18n[33m.[39mlocalize([32m"RNKHTM.Config.Title"[39m
)[33m,[39m[0m

      at FormApplication (scripts/config.js:13:39)
      at Object.<anonymous> 
(tests/simple-100.test.js:24:27)

  ΓùÅ 100% Coverage Push ΓÇ║ subtractHelper

    ReferenceError: FormApplication is not defined

    [0m [90m 11 |[39m [90m * Configuration form for 
Hide Hotbar Buttons[39m
     [90m 12 |[39m [90m */[39m
    [31m[1m>[22m[39m[90m 13 |[39m [36mexport[39m 
[36mclass[39m [33mHideHotbarConfig[39m 
[36mextends[39m [33mFormApplication[39m {
     [90m    |[39m                                     
  [31m[1m^[22m[39m
     [90m 14 |[39m   [36mstatic[39m [36mget[39m 
defaultOptions() {
     [90m 15 |[39m     [36mreturn[39m foundry[33m.[
39mutils[33m.[39mmergeObject([36msuper[39m[33m.[39m
defaultOptions[33m,[39m {
     [90m 16 |[39m       title[33m:[39m game[33m.[3
9mi18n[33m.[39mlocalize([32m"RNKHTM.Config.Title"[39m
)[33m,[39m[0m

      at FormApplication (scripts/config.js:13:39)
      at Object.<anonymous> 
(tests/simple-100.test.js:24:27)

  ΓùÅ 100% Coverage Push ΓÇ║ multiplyHelper

    ReferenceError: FormApplication is not defined

    [0m [90m 11 |[39m [90m * Configuration form for 
Hide Hotbar Buttons[39m
     [90m 12 |[39m [90m */[39m
    [31m[1m>[22m[39m[90m 13 |[39m [36mexport[39m 
[36mclass[39m [33mHideHotbarConfig[39m 
[36mextends[39m [33mFormApplication[39m {
     [90m    |[39m                                     
  [31m[1m^[22m[39m
     [90m 14 |[39m   [36mstatic[39m [36mget[39m 
defaultOptions() {
     [90m 15 |[39m     [36mreturn[39m foundry[33m.[
39mutils[33m.[39mmergeObject([36msuper[39m[33m.[39m
defaultOptions[33m,[39m {
     [90m 16 |[39m       title[33m:[39m game[33m.[3
9mi18n[33m.[39mlocalize([32m"RNKHTM.Config.Title"[39m
)[33m,[39m[0m

      at FormApplication (scripts/config.js:13:39)
      at Object.<anonymous> 
(tests/simple-100.test.js:24:27)

  ΓùÅ 100% Coverage Push ΓÇ║ registerHandlebarsHelpers

    ReferenceError: FormApplication is not defined

    [0m [90m 11 |[39m [90m * Configuration form for 
Hide Hotbar Buttons[39m
     [90m 12 |[39m [90m */[39m
    [31m[1m>[22m[39m[90m 13 |[39m [36mexport[39m 
[36mclass[39m [33mHideHotbarConfig[39m 
[36mextends[39m [33mFormApplication[39m {
     [90m    |[39m                                     
  [31m[1m^[22m[39m
     [90m 14 |[39m   [36mstatic[39m [36mget[39m 
defaultOptions() {
     [90m 15 |[39m     [36mreturn[39m foundry[33m.[
39mutils[33m.[39mmergeObject([36msuper[39m[33m.[39m
defaultOptions[33m,[39m {
     [90m 16 |[39m       title[33m:[39m game[33m.[3
9mi18n[33m.[39mlocalize([32m"RNKHTM.Config.Title"[39m
)[33m,[39m[0m

      at FormApplication (scripts/config.js:13:39)
      at Object.<anonymous> 
(tests/simple-100.test.js:24:27)

  ΓùÅ 100% Coverage Push ΓÇ║ processImportedFile - null 
file

    ReferenceError: FormApplication is not defined

    [0m [90m 11 |[39m [90m * Configuration form for 
Hide Hotbar Buttons[39m
     [90m 12 |[39m [90m */[39m
    [31m[1m>[22m[39m[90m 13 |[39m [36mexport[39m 
[36mclass[39m [33mHideHotbarConfig[39m 
[36mextends[39m [33mFormApplication[39m {
     [90m    |[39m                                     
  [31m[1m^[22m[39m
     [90m 14 |[39m   [36mstatic[39m [36mget[39m 
defaultOptions() {
     [90m 15 |[39m     [36mreturn[39m foundry[33m.[
39mutils[33m.[39mmergeObject([36msuper[39m[33m.[39m
defaultOptions[33m,[39m {
     [90m 16 |[39m       title[33m:[39m game[33m.[3
9mi18n[33m.[39mlocalize([32m"RNKHTM.Config.Title"[39m
)[33m,[39m[0m

      at FormApplication (scripts/config.js:13:39)
      at Object.<anonymous> 
(tests/simple-100.test.js:24:27)

  ΓùÅ 100% Coverage Push ΓÇ║ processImportedFile - valid 
file

    ReferenceError: FormApplication is not defined

    [0m [90m 11 |[39m [90m * Configuration form for 
Hide Hotbar Buttons[39m
     [90m 12 |[39m [90m */[39m
    [31m[1m>[22m[39m[90m 13 |[39m [36mexport[39m 
[36mclass[39m [33mHideHotbarConfig[39m 
[36mextends[39m [33mFormApplication[39m {
     [90m    |[39m                                     
  [31m[1m^[22m[39m
     [90m 14 |[39m   [36mstatic[39m [36mget[39m 
defaultOptions() {
     [90m 15 |[39m     [36mreturn[39m foundry[33m.[
39mutils[33m.[39mmergeObject([36msuper[39m[33m.[39m
defaultOptions[33m,[39m {
     [90m 16 |[39m       title[33m:[39m game[33m.[3
9mi18n[33m.[39mlocalize([32m"RNKHTM.Config.Title"[39m
)[33m,[39m[0m

      at FormApplication (scripts/config.js:13:39)
      at Object.<anonymous> 
(tests/simple-100.test.js:24:27)

  ΓùÅ 100% Coverage Push ΓÇ║ isValidSlot

    ReferenceError: FormApplication is not defined

    [0m [90m 11 |[39m [90m * Configuration form for 
Hide Hotbar Buttons[39m
     [90m 12 |[39m [90m */[39m
    [31m[1m>[22m[39m[90m 13 |[39m [36mexport[39m 
[36mclass[39m [33mHideHotbarConfig[39m 
[36mextends[39m [33mFormApplication[39m {
     [90m    |[39m                                     
  [31m[1m^[22m[39m
     [90m 14 |[39m   [36mstatic[39m [36mget[39m 
defaultOptions() {
     [90m 15 |[39m     [36mreturn[39m foundry[33m.[
39mutils[33m.[39mmergeObject([36msuper[39m[33m.[39m
defaultOptions[33m,[39m {
     [90m 16 |[39m       title[33m:[39m game[33m.[3
9mi18n[33m.[39mlocalize([32m"RNKHTM.Config.Title"[39m
)[33m,[39m[0m

      at FormApplication (scripts/config.js:13:39)
      at Object.<anonymous> 
(tests/simple-100.test.js:24:27)

  ΓùÅ 100% Coverage Push ΓÇ║ isValidPage

    ReferenceError: FormApplication is not defined

    [0m [90m 11 |[39m [90m * Configuration form for 
Hide Hotbar Buttons[39m
     [90m 12 |[39m [90m */[39m
    [31m[1m>[22m[39m[90m 13 |[39m [36mexport[39m 
[36mclass[39m [33mHideHotbarConfig[39m 
[36mextends[39m [33mFormApplication[39m {
     [90m    |[39m                                     
  [31m[1m^[22m[39m
     [90m 14 |[39m   [36mstatic[39m [36mget[39m 
defaultOptions() {
     [90m 15 |[39m     [36mreturn[39m foundry[33m.[
39mutils[33m.[39mmergeObject([36msuper[39m[33m.[39m
defaultOptions[33m,[39m {
     [90m 16 |[39m       title[33m:[39m game[33m.[3
9mi18n[33m.[39mlocalize([32m"RNKHTM.Config.Title"[39m
)[33m,[39m[0m

      at FormApplication (scripts/config.js:13:39)
      at Object.<anonymous> 
(tests/simple-100.test.js:24:27)

  ΓùÅ 100% Coverage Push ΓÇ║ getSlotsForPage

    ReferenceError: FormApplication is not defined

    [0m [90m 11 |[39m [90m * Configuration form for 
Hide Hotbar Buttons[39m
     [90m 12 |[39m [90m */[39m
    [31m[1m>[22m[39m[90m 13 |[39m [36mexport[39m 
[36mclass[39m [33mHideHotbarConfig[39m 
[36mextends[39m [33mFormApplication[39m {
     [90m    |[39m                                     
  [31m[1m^[22m[39m
     [90m 14 |[39m   [36mstatic[39m [36mget[39m 
defaultOptions() {
     [90m 15 |[39m     [36mreturn[39m foundry[33m.[
39mutils[33m.[39mmergeObject([36msuper[39m[33m.[39m
defaultOptions[33m,[39m {
     [90m 16 |[39m       title[33m:[39m game[33m.[3
9mi18n[33m.[39mlocalize([32m"RNKHTM.Config.Title"[39m
)[33m,[39m[0m

      at FormApplication (scripts/config.js:13:39)
      at Object.<anonymous> 
(tests/simple-100.test.js:24:27)

  ΓùÅ 100% Coverage Push ΓÇ║ toggleClass

    ReferenceError: FormApplication is not defined

    [0m [90m 11 |[39m [90m * Configuration form for 
Hide Hotbar Buttons[39m
     [90m 12 |[39m [90m */[39m
    [31m[1m>[22m[39m[90m 13 |[39m [36mexport[39m 
[36mclass[39m [33mHideHotbarConfig[39m 
[36mextends[39m [33mFormApplication[39m {
     [90m    |[39m                                     
  [31m[1m^[22m[39m
     [90m 14 |[39m   [36mstatic[39m [36mget[39m 
defaultOptions() {
     [90m 15 |[39m     [36mreturn[39m foundry[33m.[
39mutils[33m.[39mmergeObject([36msuper[39m[33m.[39m
defaultOptions[33m,[39m {
     [90m 16 |[39m       title[33m:[39m game[33m.[3
9mi18n[33m.[39mlocalize([32m"RNKHTM.Config.Title"[39m
)[33m,[39m[0m

      at FormApplication (scripts/config.js:13:39)
      at Object.<anonymous> 
(tests/simple-100.test.js:24:27)

  ΓùÅ 100% Coverage Push ΓÇ║ log

    ReferenceError: FormApplication is not defined

    [0m [90m 11 |[39m [90m * Configuration form for 
Hide Hotbar Buttons[39m
     [90m 12 |[39m [90m */[39m
    [31m[1m>[22m[39m[90m 13 |[39m [36mexport[39m 
[36mclass[39m [33mHideHotbarConfig[39m 
[36mextends[39m [33mFormApplication[39m {
     [90m    |[39m                                     
  [31m[1m^[22m[39m
     [90m 14 |[39m   [36mstatic[39m [36mget[39m 
defaultOptions() {
     [90m 15 |[39m     [36mreturn[39m foundry[33m.[
39mutils[33m.[39mmergeObject([36msuper[39m[33m.[39m
defaultOptions[33m,[39m {
     [90m 16 |[39m       title[33m:[39m game[33m.[3
9mi18n[33m.[39mlocalize([32m"RNKHTM.Config.Title"[39m
)[33m,[39m[0m

      at FormApplication (scripts/config.js:13:39)
      at Object.<anonymous> 
(tests/simple-100.test.js:24:27)

  ΓùÅ 100% Coverage Push ΓÇ║ notify

    ReferenceError: FormApplication is not defined

    [0m [90m 11 |[39m [90m * Configuration form for 
Hide Hotbar Buttons[39m
     [90m 12 |[39m [90m */[39m
    [31m[1m>[22m[39m[90m 13 |[39m [36mexport[39m 
[36mclass[39m [33mHideHotbarConfig[39m 
[36mextends[39m [33mFormApplication[39m {
     [90m    |[39m                                     
  [31m[1m^[22m[39m
     [90m 14 |[39m   [36mstatic[39m [36mget[39m 
defaultOptions() {
     [90m 15 |[39m     [36mreturn[39m foundry[33m.[
39mutils[33m.[39mmergeObject([36msuper[39m[33m.[39m
defaultOptions[33m,[39m {
     [90m 16 |[39m       title[33m:[39m game[33m.[3
9mi18n[33m.[39mlocalize([32m"RNKHTM.Config.Title"[39m
)[33m,[39m[0m

      at FormApplication (scripts/config.js:13:39)
      at Object.<anonymous> 
(tests/simple-100.test.js:24:27)

  ΓùÅ 100% Coverage Push ΓÇ║ getSetting

    ReferenceError: FormApplication is not defined

    [0m [90m 11 |[39m [90m * Configuration form for 
Hide Hotbar Buttons[39m
     [90m 12 |[39m [90m */[39m
    [31m[1m>[22m[39m[90m 13 |[39m [36mexport[39m 
[36mclass[39m [33mHideHotbarConfig[39m 
[36mextends[39m [33mFormApplication[39m {
     [90m    |[39m                                     
  [31m[1m^[22m[39m
     [90m 14 |[39m   [36mstatic[39m [36mget[39m 
defaultOptions() {
     [90m 15 |[39m     [36mreturn[39m foundry[33m.[
39mutils[33m.[39mmergeObject([36msuper[39m[33m.[39m
defaultOptions[33m,[39m {
     [90m 16 |[39m       title[33m:[39m game[33m.[3
9mi18n[33m.[39mlocalize([32m"RNKHTM.Config.Title"[39m
)[33m,[39m[0m

      at FormApplication (scripts/config.js:13:39)
      at Object.<anonymous> 
(tests/simple-100.test.js:24:27)

  ΓùÅ 100% Coverage Push ΓÇ║ setSetting

    ReferenceError: FormApplication is not defined

    [0m [90m 11 |[39m [90m * Configuration form for 
Hide Hotbar Buttons[39m
     [90m 12 |[39m [90m */[39m
    [31m[1m>[22m[39m[90m 13 |[39m [36mexport[39m 
[36mclass[39m [33mHideHotbarConfig[39m 
[36mextends[39m [33mFormApplication[39m {
     [90m    |[39m                                     
  [31m[1m^[22m[39m
     [90m 14 |[39m   [36mstatic[39m [36mget[39m 
defaultOptions() {
     [90m 15 |[39m     [36mreturn[39m foundry[33m.[
39mutils[33m.[39mmergeObject([36msuper[39m[33m.[39m
defaultOptions[33m,[39m {
     [90m 16 |[39m       title[33m:[39m game[33m.[3
9mi18n[33m.[39mlocalize([32m"RNKHTM.Config.Title"[39m
)[33m,[39m[0m

      at FormApplication (scripts/config.js:13:39)
      at Object.<anonymous> 
(tests/simple-100.test.js:24:27)

  ΓùÅ 100% Coverage Push ΓÇ║ getAllPresets

    ReferenceError: FormApplication is not defined

    [0m [90m 11 |[39m [90m * Configuration form for 
Hide Hotbar Buttons[39m
     [90m 12 |[39m [90m */[39m
    [31m[1m>[22m[39m[90m 13 |[39m [36mexport[39m 
[36mclass[39m [33mHideHotbarConfig[39m 
[36mextends[39m [33mFormApplication[39m {
     [90m    |[39m                                     
  [31m[1m^[22m[39m
     [90m 14 |[39m   [36mstatic[39m [36mget[39m 
defaultOptions() {
     [90m 15 |[39m     [36mreturn[39m foundry[33m.[
39mutils[33m.[39mmergeObject([36msuper[39m[33m.[39m
defaultOptions[33m,[39m {
     [90m 16 |[39m       title[33m:[39m game[33m.[3
9mi18n[33m.[39mlocalize([32m"RNKHTM.Config.Title"[39m
)[33m,[39m[0m

      at FormApplication (scripts/config.js:13:39)
      at Object.<anonymous> 
(tests/simple-100.test.js:24:27)

  ΓùÅ 100% Coverage Push ΓÇ║ getAnimationCSS

    ReferenceError: FormApplication is not defined

    [0m [90m 11 |[39m [90m * Configuration form for 
Hide Hotbar Buttons[39m
     [90m 12 |[39m [90m */[39m
    [31m[1m>[22m[39m[90m 13 |[39m [36mexport[39m 
[36mclass[39m [33mHideHotbarConfig[39m 
[36mextends[39m [33mFormApplication[39m {
     [90m    |[39m                                     
  [31m[1m^[22m[39m
     [90m 14 |[39m   [36mstatic[39m [36mget[39m 
defaultOptions() {
     [90m 15 |[39m     [36mreturn[39m foundry[33m.[
39mutils[33m.[39mmergeObject([36msuper[39m[33m.[39m
defaultOptions[33m,[39m {
     [90m 16 |[39m       title[33m:[39m game[33m.[3
9mi18n[33m.[39mlocalize([32m"RNKHTM.Config.Title"[39m
)[33m,[39m[0m

      at FormApplication (scripts/config.js:13:39)
      at Object.<anonymous> 
(tests/simple-100.test.js:24:27)

  ΓùÅ 100% Coverage Push ΓÇ║ animateElement

    ReferenceError: FormApplication is not defined

    [0m [90m 11 |[39m [90m * Configuration form for 
Hide Hotbar Buttons[39m
     [90m 12 |[39m [90m */[39m
    [31m[1m>[22m[39m[90m 13 |[39m [36mexport[39m 
[36mclass[39m [33mHideHotbarConfig[39m 
[36mextends[39m [33mFormApplication[39m {
     [90m    |[39m                                     
  [31m[1m^[22m[39m
     [90m 14 |[39m   [36mstatic[39m [36mget[39m 
defaultOptions() {
     [90m 15 |[39m     [36mreturn[39m foundry[33m.[
39mutils[33m.[39mmergeObject([36msuper[39m[33m.[39m
defaultOptions[33m,[39m {
     [90m 16 |[39m       title[33m:[39m game[33m.[3
9mi18n[33m.[39mlocalize([32m"RNKHTM.Config.Title"[39m
)[33m,[39m[0m

      at FormApplication (scripts/config.js:13:39)
      at Object.<anonymous> 
(tests/simple-100.test.js:24:27)

  ΓùÅ 100% Coverage Push ΓÇ║ updateHotbarStyles

    ReferenceError: FormApplication is not defined

    [0m [90m 11 |[39m [90m * Configuration form for 
Hide Hotbar Buttons[39m
     [90m 12 |[39m [90m */[39m
    [31m[1m>[22m[39m[90m 13 |[39m [36mexport[39m 
[36mclass[39m [33mHideHotbarConfig[39m 
[36mextends[39m [33mFormApplication[39m {
     [90m    |[39m                                     
  [31m[1m^[22m[39m
     [90m 14 |[39m   [36mstatic[39m [36mget[39m 
defaultOptions() {
     [90m 15 |[39m     [36mreturn[39m foundry[33m.[
39mutils[33m.[39mmergeObject([36msuper[39m[33m.[39m
defaultOptions[33m,[39m {
     [90m 16 |[39m       title[33m:[39m game[33m.[3
9mi18n[33m.[39mlocalize([32m"RNKHTM.Config.Title"[39m
)[33m,[39m[0m

      at FormApplication (scripts/config.js:13:39)
      at Object.<anonymous> 
(tests/simple-100.test.js:24:27)

  ΓùÅ 100% Coverage Push ΓÇ║ getHiddenSlotsCSS

    ReferenceError: FormApplication is not defined

    [0m [90m 11 |[39m [90m * Configuration form for 
Hide Hotbar Buttons[39m
     [90m 12 |[39m [90m */[39m
    [31m[1m>[22m[39m[90m 13 |[39m [36mexport[39m 
[36mclass[39m [33mHideHotbarConfig[39m 
[36mextends[39m [33mFormApplication[39m {
     [90m    |[39m                                     
  [31m[1m^[22m[39m
     [90m 14 |[39m   [36mstatic[39m [36mget[39m 
defaultOptions() {
     [90m 15 |[39m     [36mreturn[39m foundry[33m.[
39mutils[33m.[39mmergeObject([36msuper[39m[33m.[39m
defaultOptions[33m,[39m {
     [90m 16 |[39m       title[33m:[39m game[33m.[3
9mi18n[33m.[39mlocalize([32m"RNKHTM.Config.Title"[39m
)[33m,[39m[0m

      at FormApplication (scripts/config.js:13:39)
      at Object.<anonymous> 
(tests/simple-100.test.js:24:27)

  ΓùÅ 100% Coverage Push ΓÇ║ getAnimationSpeed

    ReferenceError: FormApplication is not defined

    [0m [90m 11 |[39m [90m * Configuration form for 
Hide Hotbar Buttons[39m
     [90m 12 |[39m [90m */[39m
    [31m[1m>[22m[39m[90m 13 |[39m [36mexport[39m 
[36mclass[39m [33mHideHotbarConfig[39m 
[36mextends[39m [33mFormApplication[39m {
     [90m    |[39m                                     
  [31m[1m^[22m[39m
     [90m 14 |[39m   [36mstatic[39m [36mget[39m 
defaultOptions() {
     [90m 15 |[39m     [36mreturn[39m foundry[33m.[
39mutils[33m.[39mmergeObject([36msuper[39m[33m.[39m
defaultOptions[33m,[39m {
     [90m 16 |[39m       title[33m:[39m game[33m.[3
9mi18n[33m.[39mlocalize([32m"RNKHTM.Config.Title"[39m
)[33m,[39m[0m

      at FormApplication (scripts/config.js:13:39)
      at Object.<anonymous> 
(tests/simple-100.test.js:24:27)

  ΓùÅ 100% Coverage Push ΓÇ║ initHook

    ReferenceError: FormApplication is not defined

    [0m [90m 11 |[39m [90m * Configuration form for 
Hide Hotbar Buttons[39m
     [90m 12 |[39m [90m */[39m
    [31m[1m>[22m[39m[90m 13 |[39m [36mexport[39m 
[36mclass[39m [33mHideHotbarConfig[39m 
[36mextends[39m [33mFormApplication[39m {
     [90m    |[39m                                     
  [31m[1m^[22m[39m
     [90m 14 |[39m   [36mstatic[39m [36mget[39m 
defaultOptions() {
     [90m 15 |[39m     [36mreturn[39m foundry[33m.[
39mutils[33m.[39mmergeObject([36msuper[39m[33m.[39m
defaultOptions[33m,[39m {
     [90m 16 |[39m       title[33m:[39m game[33m.[3
9mi18n[33m.[39mlocalize([32m"RNKHTM.Config.Title"[39m
)[33m,[39m[0m

      at FormApplication (scripts/config.js:13:39)
      at Object.<anonymous> 
(tests/simple-100.test.js:24:27)

  ΓùÅ 100% Coverage Push ΓÇ║ readyHook

    ReferenceError: FormApplication is not defined

    [0m [90m 11 |[39m [90m * Configuration form for 
Hide Hotbar Buttons[39m
     [90m 12 |[39m [90m */[39m
    [31m[1m>[22m[39m[90m 13 |[39m [36mexport[39m 
[36mclass[39m [33mHideHotbarConfig[39m 
[36mextends[39m [33mFormApplication[39m {
     [90m    |[39m                                     
  [31m[1m^[22m[39m
     [90m 14 |[39m   [36mstatic[39m [36mget[39m 
defaultOptions() {
     [90m 15 |[39m     [36mreturn[39m foundry[33m.[
39mutils[33m.[39mmergeObject([36msuper[39m[33m.[39m
defaultOptions[33m,[39m {
     [90m 16 |[39m       title[33m:[39m game[33m.[3
9mi18n[33m.[39mlocalize([32m"RNKHTM.Config.Title"[39m
)[33m,[39m[0m

      at FormApplication (scripts/config.js:13:39)
      at Object.<anonymous> 
(tests/simple-100.test.js:24:27)

  ΓùÅ 100% Coverage Push ΓÇ║ hotbarCollapseHook

    ReferenceError: FormApplication is not defined

    [0m [90m 11 |[39m [90m * Configuration form for 
Hide Hotbar Buttons[39m
     [90m 12 |[39m [90m */[39m
    [31m[1m>[22m[39m[90m 13 |[39m [36mexport[39m 
[36mclass[39m [33mHideHotbarConfig[39m 
[36mextends[39m [33mFormApplication[39m {
     [90m    |[39m                                     
  [31m[1m^[22m[39m
     [90m 14 |[39m   [36mstatic[39m [36mget[39m 
defaultOptions() {
     [90m 15 |[39m     [36mreturn[39m foundry[33m.[
39mutils[33m.[39mmergeObject([36msuper[39m[33m.[39m
defaultOptions[33m,[39m {
     [90m 16 |[39m       title[33m:[39m game[33m.[3
9mi18n[33m.[39mlocalize([32m"RNKHTM.Config.Title"[39m
)[33m,[39m[0m

      at FormApplication (scripts/config.js:13:39)
      at Object.<anonymous> 
(tests/simple-100.test.js:24:27)

  ΓùÅ 100% Coverage Push ΓÇ║ HideHotbarConfig getData

    ReferenceError: FormApplication is not defined

    [0m [90m 11 |[39m [90m * Configuration form for 
Hide Hotbar Buttons[39m
     [90m 12 |[39m [90m */[39m
    [31m[1m>[22m[39m[90m 13 |[39m [36mexport[39m 
[36mclass[39m [33mHideHotbarConfig[39m 
[36mextends[39m [33mFormApplication[39m {
     [90m    |[39m                                     
  [31m[1m^[22m[39m
     [90m 14 |[39m   [36mstatic[39m [36mget[39m 
defaultOptions() {
     [90m 15 |[39m     [36mreturn[39m foundry[33m.[
39mutils[33m.[39mmergeObject([36msuper[39m[33m.[39m
defaultOptions[33m,[39m {
     [90m 16 |[39m       title[33m:[39m game[33m.[3
9mi18n[33m.[39mlocalize([32m"RNKHTM.Config.Title"[39m
)[33m,[39m[0m

      at FormApplication (scripts/config.js:13:39)
      at Object.<anonymous> 
(tests/simple-100.test.js:24:27)

  ΓùÅ 100% Coverage Push ΓÇ║ registerSettings

    ReferenceError: FormApplication is not defined

    [0m [90m 11 |[39m [90m * Configuration form for 
Hide Hotbar Buttons[39m
     [90m 12 |[39m [90m */[39m
    [31m[1m>[22m[39m[90m 13 |[39m [36mexport[39m 
[36mclass[39m [33mHideHotbarConfig[39m 
[36mextends[39m [33mFormApplication[39m {
     [90m    |[39m                                     
  [31m[1m^[22m[39m
     [90m 14 |[39m   [36mstatic[39m [36mget[39m 
defaultOptions() {
     [90m 15 |[39m     [36mreturn[39m foundry[33m.[
39mutils[33m.[39mmergeObject([36msuper[39m[33m.[39m
defaultOptions[33m,[39m {
     [90m 16 |[39m       title[33m:[39m game[33m.[3
9mi18n[33m.[39mlocalize([32m"RNKHTM.Config.Title"[39m
)[33m,[39m[0m

      at FormApplication (scripts/config.js:13:39)
      at Object.<anonymous> 
(tests/simple-100.test.js:24:27)

  ΓùÅ 100% Coverage Push ΓÇ║ loadSharedConfiguration - 
invalid

    ReferenceError: FormApplication is not defined

    [0m [90m 11 |[39m [90m * Configuration form for 
Hide Hotbar Buttons[39m
     [90m 12 |[39m [90m */[39m
    [31m[1m>[22m[39m[90m 13 |[39m [36mexport[39m 
[36mclass[39m [33mHideHotbarConfig[39m 
[36mextends[39m [33mFormApplication[39m {
     [90m    |[39m                                     
  [31m[1m^[22m[39m
     [90m 14 |[39m   [36mstatic[39m [36mget[39m 
defaultOptions() {
     [90m 15 |[39m     [36mreturn[39m foundry[33m.[
39mutils[33m.[39mmergeObject([36msuper[39m[33m.[39m
defaultOptions[33m,[39m {
     [90m 16 |[39m       title[33m:[39m game[33m.[3
9mi18n[33m.[39mlocalize([32m"RNKHTM.Config.Title"[39m
)[33m,[39m[0m

      at FormApplication (scripts/config.js:13:39)
      at Object.<anonymous> 
(tests/simple-100.test.js:24:27)

  ΓùÅ 100% Coverage Push ΓÇ║ processImportedFile - all 
settings branches

    ReferenceError: FormApplication is not defined

    [0m [90m 11 |[39m [90m * Configuration form for 
Hide Hotbar Buttons[39m
     [90m 12 |[39m [90m */[39m
    [31m[1m>[22m[39m[90m 13 |[39m [36mexport[39m 
[36mclass[39m [33mHideHotbarConfig[39m 
[36mextends[39m [33mFormApplication[39m {
     [90m    |[39m                                     
  [31m[1m^[22m[39m
     [90m 14 |[39m   [36mstatic[39m [36mget[39m 
defaultOptions() {
     [90m 15 |[39m     [36mreturn[39m foundry[33m.[
39mutils[33m.[39mmergeObject([36msuper[39m[33m.[39m
defaultOptions[33m,[39m {
     [90m 16 |[39m       title[33m:[39m game[33m.[3
9mi18n[33m.[39mlocalize([32m"RNKHTM.Config.Title"[39m
)[33m,[39m[0m

      at FormApplication (scripts/config.js:13:39)
      at Object.<anonymous> 
(tests/simple-100.test.js:24:27)

  ΓùÅ 100% Coverage Push ΓÇ║ processImportedFile - user 
cancels

    ReferenceError: FormApplication is not defined

    [0m [90m 11 |[39m [90m * Configuration form for 
Hide Hotbar Buttons[39m
     [90m 12 |[39m [90m */[39m
    [31m[1m>[22m[39m[90m 13 |[39m [36mexport[39m 
[36mclass[39m [33mHideHotbarConfig[39m 
[36mextends[39m [33mFormApplication[39m {
     [90m    |[39m                                     
  [31m[1m^[22m[39m
     [90m 14 |[39m   [36mstatic[39m [36mget[39m 
defaultOptions() {
     [90m 15 |[39m     [36mreturn[39m foundry[33m.[
39mutils[33m.[39mmergeObject([36msuper[39m[33m.[39m
defaultOptions[33m,[39m {
     [90m 16 |[39m       title[33m:[39m game[33m.[3
9mi18n[33m.[39mlocalize([32m"RNKHTM.Config.Title"[39m
)[33m,[39m[0m

      at FormApplication (scripts/config.js:13:39)
      at Object.<anonymous> 
(tests/simple-100.test.js:24:27)

  ΓùÅ 100% Coverage Push ΓÇ║ savePreset

    ReferenceError: FormApplication is not defined

    [0m [90m 11 |[39m [90m * Configuration form for 
Hide Hotbar Buttons[39m
     [90m 12 |[39m [90m */[39m
    [31m[1m>[22m[39m[90m 13 |[39m [36mexport[39m 
[36mclass[39m [33mHideHotbarConfig[39m 
[36mextends[39m [33mFormApplication[39m {
     [90m    |[39m                                     
  [31m[1m^[22m[39m
     [90m 14 |[39m   [36mstatic[39m [36mget[39m 
defaultOptions() {
     [90m 15 |[39m     [36mreturn[39m foundry[33m.[
39mutils[33m.[39mmergeObject([36msuper[39m[33m.[39m
defaultOptions[33m,[39m {
     [90m 16 |[39m       title[33m:[39m game[33m.[3
9mi18n[33m.[39mlocalize([32m"RNKHTM.Config.Title"[39m
)[33m,[39m[0m

      at FormApplication (scripts/config.js:13:39)
      at Object.<anonymous> 
(tests/simple-100.test.js:24:27)

  ΓùÅ 100% Coverage Push ΓÇ║ loadPreset - not found

    ReferenceError: FormApplication is not defined

    [0m [90m 11 |[39m [90m * Configuration form for 
Hide Hotbar Buttons[39m
     [90m 12 |[39m [90m */[39m
    [31m[1m>[22m[39m[90m 13 |[39m [36mexport[39m 
[36mclass[39m [33mHideHotbarConfig[39m 
[36mextends[39m [33mFormApplication[39m {
     [90m    |[39m                                     
  [31m[1m^[22m[39m
     [90m 14 |[39m   [36mstatic[39m [36mget[39m 
defaultOptions() {
     [90m 15 |[39m     [36mreturn[39m foundry[33m.[
39mutils[33m.[39mmergeObject([36msuper[39m[33m.[39m
defaultOptions[33m,[39m {
     [90m 16 |[39m       title[33m:[39m game[33m.[3
9mi18n[33m.[39mlocalize([32m"RNKHTM.Config.Title"[39m
)[33m,[39m[0m

      at FormApplication (scripts/config.js:13:39)
      at Object.<anonymous> 
(tests/simple-100.test.js:24:27)

  ΓùÅ 100% Coverage Push ΓÇ║ deletePreset

    ReferenceError: FormApplication is not defined

    [0m [90m 11 |[39m [90m * Configuration form for 
Hide Hotbar Buttons[39m
     [90m 12 |[39m [90m */[39m
    [31m[1m>[22m[39m[90m 13 |[39m [36mexport[39m 
[36mclass[39m [33mHideHotbarConfig[39m 
[36mextends[39m [33mFormApplication[39m {
     [90m    |[39m                                     
  [31m[1m^[22m[39m
     [90m 14 |[39m   [36mstatic[39m [36mget[39m 
defaultOptions() {
     [90m 15 |[39m     [36mreturn[39m foundry[33m.[
39mutils[33m.[39mmergeObject([36msuper[39m[33m.[39m
defaultOptions[33m,[39m {
     [90m 16 |[39m       title[33m:[39m game[33m.[3
9mi18n[33m.[39mlocalize([32m"RNKHTM.Config.Title"[39m
)[33m,[39m[0m

      at FormApplication (scripts/config.js:13:39)
      at Object.<anonymous> 
(tests/simple-100.test.js:24:27)

FAIL tests/shared-config.test.js
  ΓùÅ Console

    console.error
      rnk-hide-em | Error loading shared config: Invalid 
base64

    [0m [90m  98 |[39m [90m */[39m
     [90m  99 |[39m [36mexport[39m 
[36mfunction[39m log(message[33m,[39m level 
[33m=[39m [32m"log"[39m) {
    [31m[1m>[22m[39m[90m 100 |[39m   
console[level]([32m`${MODULE_ID} | 
${message}`[39m)[33m;[39m
     [90m     |[39m                 
[31m[1m^[22m[39m
     [90m 101 |[39m }
     [90m 102 |[39m
     [90m 103 |[39m [90m/**[39m[0m

      at log (scripts/utils.js:100:17)
      at log (scripts/features/export-import.js:177:5)
      at Object.<anonymous> 
(tests/shared-config.test.js:101:26)

    console.error
      rnk-hide-em | Error loading shared config: 
Expected property name or '}' in JSON at position 2 
(line 1 column 3)

    [0m [90m  98 |[39m [90m */[39m
     [90m  99 |[39m [36mexport[39m 
[36mfunction[39m log(message[33m,[39m level 
[33m=[39m [32m"log"[39m) {
    [31m[1m>[22m[39m[90m 100 |[39m   
console[level]([32m`${MODULE_ID} | 
${message}`[39m)[33m;[39m
     [90m     |[39m                 
[31m[1m^[22m[39m
     [90m 101 |[39m }
     [90m 102 |[39m
     [90m 103 |[39m [90m/**[39m[0m

      at log (scripts/utils.js:100:17)
      at log (scripts/features/export-import.js:177:5)
      at Object.<anonymous> 
(tests/shared-config.test.js:112:26)

    console.error
      rnk-hide-em | Error loading shared config: Invalid 
configuration code

    [0m [90m  98 |[39m [90m */[39m
     [90m  99 |[39m [36mexport[39m 
[36mfunction[39m log(message[33m,[39m level 
[33m=[39m [32m"log"[39m) {
    [31m[1m>[22m[39m[90m 100 |[39m   
console[level]([32m`${MODULE_ID} | 
${message}`[39m)[33m;[39m
     [90m     |[39m                 
[31m[1m^[22m[39m
     [90m 101 |[39m }
     [90m 102 |[39m
     [90m 103 |[39m [90m/**[39m[0m

      at log (scripts/utils.js:100:17)
      at log (scripts/features/export-import.js:177:5)
      at Object.<anonymous> 
(tests/shared-config.test.js:128:26)

  ΓùÅ Shared Configuration Functions ΓÇ║ 
exportSharedConfiguration creates base64

    TypeError: exportSharedConfiguration is not a 
function

    [0m [90m 42 |[39m     [36mconst[39m { 
exportSharedConfiguration } [33m=[39m [36mawait[39m 
[36mimport[39m([32m'../scripts/features/export-import.j
s'[39m)[33m;[39m
     [90m 43 |[39m     
    [31m[1m>[22m[39m[90m 44 |[39m     
[36mconst[39m result [33m=[39m [36mawait[39m 
exportSharedConfiguration()[33m;[39m
     [90m    |[39m                          
[31m[1m^[22m[39m
     [90m 45 |[39m     
     [90m 46 |[39m     
expect(result)[33m.[39mtoBeDefined()[33m;[39m
     [90m 47 |[39m     expect([36mtypeof[39m 
result)[33m.[39mtoBe([32m'string'[39m)[33m;[39m[0m

      at Object.<anonymous> 
(tests/shared-config.test.js:44:26)

  ΓùÅ Shared Configuration Functions ΓÇ║ 
exportSharedConfiguration handles clipboard error

    TypeError: Cannot set properties of undefined 
(setting 'writeText')

    [0m [90m 57 |[39m     })[33m;[39m
     [90m 58 |[39m     
    [31m[1m>[22m[39m[90m 59 |[39m     global[33m.
[39mnavigator[33m.[39mclipboard[33m.[39mwriteText 
[33m=[39m jest[33m.[39mfn(() [33m=>[39m 
[33mPromise[39m[33m.[39mreject([36mnew[39m 
[33mError[39m([32m'Clipboard error'[39m)))[33m;[39m
     [90m    |[39m                                     
     [31m[1m^[22m[39m
     [90m 60 |[39m     
     [90m 61 |[39m     [36mconst[39m { 
exportSharedConfiguration } [33m=[39m [36mawait[39m 
[36mimport[39m([32m'../scripts/features/export-import.j
s'[39m)[33m;[39m
     [90m 62 |[39m     [0m

      at Object.<anonymous> 
(tests/shared-config.test.js:59:42)

PASS tests/import-deep-coverage.test.js
  ΓùÅ Console

    console.log
      rnk-hide-em | Configuration imported

      at log (scripts/utils.js:100:17)

    console.error
      rnk-hide-em | Error importing config: Invalid 
configuration file format

    [0m [90m  98 |[39m [90m */[39m
     [90m  99 |[39m [36mexport[39m 
[36mfunction[39m log(message[33m,[39m level 
[33m=[39m [32m"log"[39m) {
    [31m[1m>[22m[39m[90m 100 |[39m   
console[level]([32m`${MODULE_ID} | 
${message}`[39m)[33m;[39m
     [90m     |[39m                 
[31m[1m^[22m[39m
     [90m 101 |[39m }
     [90m 102 |[39m
     [90m 103 |[39m [90m/**[39m[0m

      at log (scripts/utils.js:100:17)
      at log (scripts/features/export-import.js:98:5)
      at Object.input.onchange 
(scripts/features/export-import.js:116:22)
      at Object.<anonymous> 
(tests/import-deep-coverage.test.js:138:7)

    console.error
      rnk-hide-em | Error importing config: Invalid 
configuration file format

    [0m [90m  98 |[39m [90m */[39m
     [90m  99 |[39m [36mexport[39m 
[36mfunction[39m log(message[33m,[39m level 
[33m=[39m [32m"log"[39m) {
    [31m[1m>[22m[39m[90m 100 |[39m   
console[level]([32m`${MODULE_ID} | 
${message}`[39m)[33m;[39m
     [90m     |[39m                 
[31m[1m^[22m[39m
     [90m 101 |[39m }
     [90m 102 |[39m
     [90m 103 |[39m [90m/**[39m[0m

      at log (scripts/utils.js:100:17)
      at log (scripts/features/export-import.js:98:5)
      at Object.input.onchange 
(scripts/features/export-import.js:116:22)
      at Object.<anonymous> 
(tests/import-deep-coverage.test.js:171:7)

    console.log
      rnk-hide-em | Configuration imported

      at log (scripts/utils.js:100:17)

    console.error
      rnk-hide-em | Error importing config: File read 
error

    [0m [90m  98 |[39m [90m */[39m
     [90m  99 |[39m [36mexport[39m 
[36mfunction[39m log(message[33m,[39m level 
[33m=[39m [32m"log"[39m) {
    [31m[1m>[22m[39m[90m 100 |[39m   
console[level]([32m`${MODULE_ID} | 
${message}`[39m)[33m;[39m
     [90m     |[39m                 
[31m[1m^[22m[39m
     [90m 101 |[39m }
     [90m 102 |[39m
     [90m 103 |[39m [90m/**[39m[0m

      at log (scripts/utils.js:100:17)
      at log (scripts/features/export-import.js:98:5)
      at Object.input.onchange 
(scripts/features/export-import.js:116:22)
      at Object.<anonymous> 
(tests/import-deep-coverage.test.js:286:7)

    console.error
      rnk-hide-em | Error importing config: Expected 
property name or '}' in JSON at position 2 (line 1 
column 3)

    [0m [90m  98 |[39m [90m */[39m
     [90m  99 |[39m [36mexport[39m 
[36mfunction[39m log(message[33m,[39m level 
[33m=[39m [32m"log"[39m) {
    [31m[1m>[22m[39m[90m 100 |[39m   
console[level]([32m`${MODULE_ID} | 
${message}`[39m)[33m;[39m
     [90m     |[39m                 
[31m[1m^[22m[39m
     [90m 101 |[39m }
     [90m 102 |[39m
     [90m 103 |[39m [90m/**[39m[0m

      at log (scripts/utils.js:100:17)
      at log (scripts/features/export-import.js:98:5)
      at Object.input.onchange 
(scripts/features/export-import.js:116:22)
      at Object.<anonymous> 
(tests/import-deep-coverage.test.js:313:7)

    console.log
      rnk-hide-em | Configuration imported

      at log (scripts/utils.js:100:17)

PASS tests/config-helpers.test.js
  ΓùÅ Console

    console.log
      rnk-hide-em | Updating styles. GM: true, 
ApplyToGM: false, Scene Controls hidden: false, Entire 
Hotbar hidden: false, Chat hidden: false, Players 
hidden: false

      at log (scripts/utils.js:100:17)

    console.log
      rnk-hide-em | Updating styles. GM: true, 
ApplyToGM: false, Scene Controls hidden: false, Entire 
Hotbar hidden: false, Chat hidden: false, Players 
hidden: false

      at log (scripts/utils.js:100:17)

    console.error
      rnk-hide-em | Error importing config: SyntaxError: 
Expected property name or '}' in JSON at position 2 
(line 1 column 3)

    [0m [90m  98 |[39m [90m */[39m
     [90m  99 |[39m [36mexport[39m 
[36mfunction[39m log(message[33m,[39m level 
[33m=[39m [32m"log"[39m) {
    [31m[1m>[22m[39m[90m 100 |[39m   
console[level]([32m`${MODULE_ID} | 
${message}`[39m)[33m;[39m
     [90m     |[39m                 
[31m[1m^[22m[39m
     [90m 101 |[39m }
     [90m 102 |[39m
     [90m 103 |[39m [90m/**[39m[0m

      at log (scripts/utils.js:100:17)
      at Object.log [as onchange] 
(scripts/config.js:264:9)
      at Object.<anonymous> 
(tests/config-helpers.test.js:360:7)

PASS tests/styles-branches.test.js
  ΓùÅ Console

    console.log
      rnk-hide-em | Updating styles. GM: false, 
ApplyToGM: false, Scene Controls hidden: false, Entire 
Hotbar hidden: false, Chat hidden: false, Players 
hidden: false

      at log (scripts/utils.js:100:17)

    console.log
      rnk-hide-em | Updating styles. GM: false, 
ApplyToGM: false, Scene Controls hidden: false, Entire 
Hotbar hidden: true, Chat hidden: false, Players hidden: 
false

      at log (scripts/utils.js:100:17)

    console.log
      rnk-hide-em | Updating styles. GM: true, 
ApplyToGM: false, Scene Controls hidden: false, Entire 
Hotbar hidden: true, Chat hidden: false, Players hidden: 
false

      at log (scripts/utils.js:100:17)

    console.log
      rnk-hide-em | Updating styles. GM: true, 
ApplyToGM: true, Scene Controls hidden: false, Entire 
Hotbar hidden: true, Chat hidden: false, Players hidden: 
false

      at log (scripts/utils.js:100:17)

    console.log
      rnk-hide-em | Updating styles. GM: true, 
ApplyToGM: false, Scene Controls hidden: false, Entire 
Hotbar hidden: false, Chat hidden: false, Players 
hidden: false

      at log (scripts/utils.js:100:17)

    console.log
      rnk-hide-em | Updating styles. GM: false, 
ApplyToGM: false, Scene Controls hidden: false, Entire 
Hotbar hidden: false, Chat hidden: false, Players 
hidden: false

      at log (scripts/utils.js:100:17)

    console.log
      rnk-hide-em | Updating styles. GM: true, 
ApplyToGM: true, Scene Controls hidden: false, Entire 
Hotbar hidden: false, Chat hidden: false, Players 
hidden: false

      at log (scripts/utils.js:100:17)

    console.log
      rnk-hide-em | Updating styles. GM: true, 
ApplyToGM: false, Scene Controls hidden: false, Entire 
Hotbar hidden: false, Chat hidden: false, Players 
hidden: false

      at log (scripts/utils.js:100:17)

    console.log
      rnk-hide-em | Updating styles. GM: true, 
ApplyToGM: false, Scene Controls hidden: false, Entire 
Hotbar hidden: false, Chat hidden: false, Players 
hidden: false

      at log (scripts/utils.js:100:17)

    console.log
      rnk-hide-em | Updating styles. GM: true, 
ApplyToGM: false, Scene Controls hidden: false, Entire 
Hotbar hidden: false, Chat hidden: false, Players 
hidden: false

      at log (scripts/utils.js:100:17)

    console.log
      rnk-hide-em | Updating styles. GM: true, 
ApplyToGM: false, Scene Controls hidden: false, Entire 
Hotbar hidden: false, Chat hidden: false, Players 
hidden: false

      at log (scripts/utils.js:100:17)

    console.log
      rnk-hide-em | Updating styles. GM: true, 
ApplyToGM: false, Scene Controls hidden: false, Entire 
Hotbar hidden: false, Chat hidden: false, Players 
hidden: false

      at log (scripts/utils.js:100:17)

    console.log
      rnk-hide-em | Updating styles. GM: true, 
ApplyToGM: false, Scene Controls hidden: false, Entire 
Hotbar hidden: false, Chat hidden: false, Players 
hidden: false

      at log (scripts/utils.js:100:17)

    console.log
      rnk-hide-em | Updating styles. GM: true, 
ApplyToGM: false, Scene Controls hidden: false, Entire 
Hotbar hidden: false, Chat hidden: false, Players 
hidden: false

      at log (scripts/utils.js:100:17)

    console.log
      rnk-hide-em | Updating styles. GM: true, 
ApplyToGM: false, Scene Controls hidden: false, Entire 
Hotbar hidden: false, Chat hidden: false, Players 
hidden: false

      at log (scripts/utils.js:100:17)

    console.log
      rnk-hide-em | Updating styles. GM: true, 
ApplyToGM: false, Scene Controls hidden: false, Entire 
Hotbar hidden: false, Chat hidden: false, Players 
hidden: false

      at log (scripts/utils.js:100:17)

    console.log
      rnk-hide-em | Updating styles. GM: true, 
ApplyToGM: false, Scene Controls hidden: false, Entire 
Hotbar hidden: false, Chat hidden: false, Players 
hidden: false

      at log (scripts/utils.js:100:17)

    console.log
      rnk-hide-em | Updating styles. GM: true, 
ApplyToGM: false, Scene Controls hidden: false, Entire 
Hotbar hidden: false, Chat hidden: false, Players 
hidden: false

      at log (scripts/utils.js:100:17)

    console.log
      rnk-hide-em | Updating styles. GM: true, 
ApplyToGM: false, Scene Controls hidden: false, Entire 
Hotbar hidden: false, Chat hidden: false, Players 
hidden: false

      at log (scripts/utils.js:100:17)

    console.log
      rnk-hide-em | Updating styles. GM: true, 
ApplyToGM: false, Scene Controls hidden: false, Entire 
Hotbar hidden: false, Chat hidden: false, Players 
hidden: false

      at log (scripts/utils.js:100:17)

    console.log
      rnk-hide-em | Updating styles. GM: true, 
ApplyToGM: false, Scene Controls hidden: false, Entire 
Hotbar hidden: false, Chat hidden: false, Players 
hidden: false

      at log (scripts/utils.js:100:17)

    console.log
      rnk-hide-em | Updating styles. GM: true, 
ApplyToGM: false, Scene Controls hidden: false, Entire 
Hotbar hidden: false, Chat hidden: false, Players 
hidden: false

      at log (scripts/utils.js:100:17)

    console.log
      rnk-hide-em | Updating styles. GM: true, 
ApplyToGM: false, Scene Controls hidden: false, Entire 
Hotbar hidden: false, Chat hidden: false, Players 
hidden: false

      at log (scripts/utils.js:100:17)

    console.log
      rnk-hide-em | Generated CSS for tabs: chat

      at log (scripts/utils.js:100:17)

    console.log
      rnk-hide-em | Updating styles. GM: true, 
ApplyToGM: false, Scene Controls hidden: false, Entire 
Hotbar hidden: false, Chat hidden: false, Players 
hidden: false

      at log (scripts/utils.js:100:17)

    console.log
      rnk-hide-em | Generated CSS for tabs: chat, 
combat, scenes

      at log (scripts/utils.js:100:17)

FAIL tests/module-settings-coverage.test.js (11.738 s)
  ΓùÅ Console

    console.log
      rnk-hide-em | Module loaded

      at log (scripts/utils.js:100:17)

    console.log
      rnk-hide-em | Updating styles. GM: true, 
ApplyToGM: false, Scene Controls hidden: false, Entire 
Hotbar hidden: false, Chat hidden: false, Players 
hidden: false

      at log (scripts/utils.js:100:17)

    console.log
      rnk-hide-em | Updating styles. GM: true, 
ApplyToGM: false, Scene Controls hidden: false, Entire 
Hotbar hidden: false, Chat hidden: false, Players 
hidden: false

      at log (scripts/utils.js:100:17)

    console.log
      rnk-hide-em | Updating styles. GM: true, 
ApplyToGM: false, Scene Controls hidden: false, Entire 
Hotbar hidden: false, Chat hidden: false, Players 
hidden: false

      at log (scripts/utils.js:100:17)

    console.log
      rnk-hide-em | Updating styles. GM: true, 
ApplyToGM: false, Scene Controls hidden: false, Entire 
Hotbar hidden: false, Chat hidden: false, Players 
hidden: false

      at log (scripts/utils.js:100:17)

    console.log
      rnk-hide-em | Updating styles. GM: true, 
ApplyToGM: false, Scene Controls hidden: false, Entire 
Hotbar hidden: false, Chat hidden: false, Players 
hidden: false

      at log (scripts/utils.js:100:17)

    console.log
      rnk-hide-em | Updating styles. GM: true, 
ApplyToGM: false, Scene Controls hidden: false, Entire 
Hotbar hidden: false, Chat hidden: false, Players 
hidden: false

      at log (scripts/utils.js:100:17)

    console.log
      rnk-hide-em | Updating styles. GM: true, 
ApplyToGM: false, Scene Controls hidden: false, Entire 
Hotbar hidden: false, Chat hidden: false, Players 
hidden: false

      at log (scripts/utils.js:100:17)

    console.log
      rnk-hide-em | Updating styles. GM: true, 
ApplyToGM: false, Scene Controls hidden: false, Entire 
Hotbar hidden: false, Chat hidden: false, Players 
hidden: false

      at log (scripts/utils.js:100:17)

    console.log
      rnk-hide-em | Updating styles. GM: true, 
ApplyToGM: false, Scene Controls hidden: false, Entire 
Hotbar hidden: false, Chat hidden: false, Players 
hidden: false

      at log (scripts/utils.js:100:17)

    console.log
      rnk-hide-em | Updating styles. GM: true, 
ApplyToGM: false, Scene Controls hidden: false, Entire 
Hotbar hidden: false, Chat hidden: false, Players 
hidden: false

      at log (scripts/utils.js:100:17)

    console.log
      rnk-hide-em | Initializing RNK Hide 'Em v2.0

      at log (scripts/utils.js:100:17)

    console.error
      Error: Uncaught [ReferenceError: Handlebars is not 
defined]
          at reportException 
(C:\Users\thugg\OneDrive\Desktop\a\Local Dev Enviorment\C
omplete\rnk-hide-em\node_modules\jsdom\lib\jsdom\living\h
elpers\runtime-script-errors.js:66:24)
          at Timeout.task [as _onTimeout] 
(C:\Users\thugg\OneDrive\Desktop\a\Local Dev Enviorment\C
omplete\rnk-hide-em\node_modules\jsdom\lib\jsdom\browser\
Window.js:525:9)
          at listOnTimeout (node:internal/timers:588:17)
          at processTimers (node:internal/timers:523:7) {
        detail: ReferenceError: Handlebars is not defined
            at Handlebars 
(C:\Users\thugg\OneDrive\Desktop\a\Local Dev 
Enviorment\Complete\rnk-hide-em\scripts\module.js:31:3)
            at registerHandlebarsHelpers 
(C:\Users\thugg\OneDrive\Desktop\a\Local Dev 
Enviorment\Complete\rnk-hide-em\scripts\module.js:40:3)
            at C:\Users\thugg\OneDrive\Desktop\a\Local 
Dev Enviorment\Complete\rnk-hide-em\tests\mocks.js:71:28
            at Timeout.task [as _onTimeout] 
(C:\Users\thugg\OneDrive\Desktop\a\Local Dev Enviorment\C
omplete\rnk-hide-em\node_modules\jsdom\lib\jsdom\browser\
Window.js:520:19)
            at listOnTimeout 
(node:internal/timers:588:17)
            at processTimers 
(node:internal/timers:523:7),
        type: 'unhandled exception'
      }

      at VirtualConsole.<anonymous> (node_modules/jest-en
vironment-jsdom/build/index.js:63:23)
      at reportException (node_modules/jsdom/lib/jsdom/li
ving/helpers/runtime-script-errors.js:70:28)
      at Timeout.task [as _onTimeout] 
(node_modules/jsdom/lib/jsdom/browser/Window.js:525:9)

    console.log
      rnk-hide-em | RNK Hide 'Em ready

      at log (scripts/utils.js:100:17)

    console.log
      rnk-hide-em | Applying hotbar styles

      at log (scripts/utils.js:100:17)

    console.log
      rnk-hide-em | Updating styles. GM: true, 
ApplyToGM: false, Scene Controls hidden: false, Entire 
Hotbar hidden: false, Chat hidden: false, Players 
hidden: false

      at log (scripts/utils.js:100:17)

    console.error
      rnk-hide-em | Error loading shared config: 
Expected property name or '}' in JSON at position 1 
(line 1 column 2)

    [0m [90m  98 |[39m [90m */[39m
     [90m  99 |[39m [36mexport[39m 
[36mfunction[39m log(message[33m,[39m level 
[33m=[39m [32m"log"[39m) {
    [31m[1m>[22m[39m[90m 100 |[39m   
console[level]([32m`${MODULE_ID} | 
${message}`[39m)[33m;[39m
     [90m     |[39m                 
[31m[1m^[22m[39m
     [90m 101 |[39m }
     [90m 102 |[39m
     [90m 103 |[39m [90m/**[39m[0m

      at log (scripts/utils.js:100:17)
      at log (scripts/features/export-import.js:177:5)
      at Object.<anonymous> 
(tests/module-settings-coverage.test.js:372:26)

  ΓùÅ Module.js Complete Coverage ΓÇ║ init hook is 
registered

    expect(received).toBeGreaterThan(expected)

    Expected: > 0
    Received:   0

    [0m [90m 28 |[39m     [36mawait[39m [36mimport
[39m([32m'../scripts/module.js'[39m)[33m;[39m
     [90m 29 |[39m     [36mconst[39m initCalls 
[33m=[39m global[33m.[39m[33mHooks[39m[33m.[39mon
ce[33m.[39mmock[33m.[39mcalls[33m.[39mfilter(call 
[33m=>[39m call[[35m0[39m] [33m===[39m 
[32m'init'[39m)[33m;[39m
    [31m[1m>[22m[39m[90m 30 |[39m     expect(initCa
lls[33m.[39mlength)[33m.[39mtoBeGreaterThan([35m0[3
9m)[33m;[39m
     [90m    |[39m                              
[31m[1m^[22m[39m
     [90m 31 |[39m   })[33m;[39m
     [90m 32 |[39m
     [90m 33 |[39m   test([32m'ready hook is 
registered'[39m[33m,[39m [36masync[39m () 
[33m=>[39m {[0m

      at Object.<anonymous> 
(tests/module-settings-coverage.test.js:30:30)

  ΓùÅ Module.js Complete Coverage ΓÇ║ ready hook is 
registered

    expect(received).toBeGreaterThan(expected)

    Expected: > 0
    Received:   0

    [0m [90m 34 |[39m     [36mawait[39m [36mimport
[39m([32m'../scripts/module.js'[39m)[33m;[39m
     [90m 35 |[39m     [36mconst[39m readyCalls 
[33m=[39m global[33m.[39m[33mHooks[39m[33m.[39mon
ce[33m.[39mmock[33m.[39mcalls[33m.[39mfilter(call 
[33m=>[39m call[[35m0[39m] [33m===[39m 
[32m'ready'[39m)[33m;[39m
    [31m[1m>[22m[39m[90m 36 |[39m     expect(readyC
alls[33m.[39mlength)[33m.[39mtoBeGreaterThan([35m0[
39m)[33m;[39m
     [90m    |[39m                               
[31m[1m^[22m[39m
     [90m 37 |[39m   })[33m;[39m
     [90m 38 |[39m
     [90m 39 |[39m   test([32m'renderMacroDirectory 
hook is registered'[39m[33m,[39m [36masync[39m () 
[33m=>[39m {[0m

      at Object.<anonymous> 
(tests/module-settings-coverage.test.js:36:31)

  ΓùÅ Module.js Complete Coverage ΓÇ║ 
renderMacroDirectory hook is registered

    expect(received).toBeGreaterThan(expected)

    Expected: > 0
    Received:   0

    [0m [90m 40 |[39m     [36mawait[39m [36mimport
[39m([32m'../scripts/module.js'[39m)[33m;[39m
     [90m 41 |[39m     [36mconst[39m renderCalls 
[33m=[39m global[33m.[39m[33mHooks[39m[33m.[39mon
[33m.[39mmock[33m.[39mcalls[33m.[39mfilter(call 
[33m=>[39m call[[35m0[39m] [33m===[39m 
[32m'renderMacroDirectory'[39m)[33m;[39m
    [31m[1m>[22m[39m[90m 42 |[39m     expect(render
Calls[33m.[39mlength)[33m.[39mtoBeGreaterThan([35m0
[39m)[33m;[39m
     [90m    |[39m                                
[31m[1m^[22m[39m
     [90m 43 |[39m   })[33m;[39m
     [90m 44 |[39m
     [90m 45 |[39m   test([32m'init hook callback 
executes'[39m[33m,[39m [36masync[39m () 
[33m=>[39m {[0m

      at Object.<anonymous> 
(tests/module-settings-coverage.test.js:42:32)

  ΓùÅ Module.js Complete Coverage ΓÇ║ init hook callback 
executes

    TypeError: Cannot read properties of undefined 
(reading '1')

    [0m [90m 46 |[39m     [36mawait[39m [36mimport
[39m([32m'../scripts/module.js'[39m)[33m;[39m
     [90m 47 |[39m     [36mconst[39m initCall 
[33m=[39m global[33m.[39m[33mHooks[39m[33m.[39mon
ce[33m.[39mmock[33m.[39mcalls[33m.[39mfind(call 
[33m=>[39m call[[35m0[39m] [33m===[39m 
[32m'init'[39m)[33m;[39m
    [31m[1m>[22m[39m[90m 48 |[39m     
[36mconst[39m callback [33m=[39m 
initCall[[35m1[39m][33m;[39m
     [90m    |[39m                              
[31m[1m^[22m[39m
     [90m 49 |[39m     expect([36mtypeof[39m 
callback)[33m.[39mtoBe([32m'function'[39m)[33m;[39m
     [90m 50 |[39m     callback()[33m;[39m
     [90m 51 |[39m     expect(game[33m.[39msettings[
33m.[39mregister)[33m.[39mtoHaveBeenCalled()[33m;[39
m[0m

      at Object.<anonymous> 
(tests/module-settings-coverage.test.js:48:30)

  ΓùÅ Module.js Complete Coverage ΓÇ║ ready hook 
callback executes

    TypeError: Cannot read properties of undefined 
(reading '1')

    [0m [90m 55 |[39m     [36mawait[39m [36mimport
[39m([32m'../scripts/module.js'[39m)[33m;[39m
     [90m 56 |[39m     [36mconst[39m readyCall 
[33m=[39m global[33m.[39m[33mHooks[39m[33m.[39mon
ce[33m.[39mmock[33m.[39mcalls[33m.[39mfind(call 
[33m=>[39m call[[35m0[39m] [33m===[39m 
[32m'ready'[39m)[33m;[39m
    [31m[1m>[22m[39m[90m 57 |[39m     
[36mconst[39m callback [33m=[39m 
readyCall[[35m1[39m][33m;[39m
     [90m    |[39m                               
[31m[1m^[22m[39m
     [90m 58 |[39m     expect([36mtypeof[39m 
callback)[33m.[39mtoBe([32m'function'[39m)[33m;[39m
     [90m 59 |[39m     callback()[33m;[39m
     [90m 60 |[39m     expect(document[33m.[39mgetEle
mentById)[33m.[39mtoHaveBeenCalled()[33m;[39m[0m

      at Object.<anonymous> 
(tests/module-settings-coverage.test.js:57:31)

  ΓùÅ Module.js Complete Coverage ΓÇ║ 
renderMacroDirectory hook callback executes

    TypeError: Cannot read properties of undefined 
(reading '1')

    [0m [90m 65 |[39m     [36mawait[39m [36mimport
[39m([32m'../scripts/module.js'[39m)[33m;[39m
     [90m 66 |[39m     [36mconst[39m renderCall 
[33m=[39m global[33m.[39m[33mHooks[39m[33m.[39mon
[33m.[39mmock[33m.[39mcalls[33m.[39mfind(call 
[33m=>[39m call[[35m0[39m] [33m===[39m 
[32m'renderMacroDirectory'[39m)[33m;[39m
    [31m[1m>[22m[39m[90m 67 |[39m     
[36mconst[39m callback [33m=[39m 
renderCall[[35m1[39m][33m;[39m
     [90m    |[39m                                
[31m[1m^[22m[39m
     [90m 68 |[39m     expect([36mtypeof[39m 
callback)[33m.[39mtoBe([32m'function'[39m)[33m;[39m
     [90m 69 |[39m     [36mconst[39m mockFooter 
[33m=[39m {appendChild[33m:[39m 
jest[33m.[39mfn()}[33m;[39m
     [90m 70 |[39m     [36mconst[39m mockHtml 
[33m=[39m [{querySelector[33m:[39m 
jest[33m.[39mfn(() [33m=>[39m 
mockFooter)}][33m;[39m[0m

      at Object.<anonymous> 
(tests/module-settings-coverage.test.js:67:32)

  ΓùÅ Settings.js Complete Coverage ΓÇ║ opacity setting 
registered with onChange

    expect(received).toBeDefined()

    Received: undefined

    [0m [90m 176 |[39m     
registerSettings()[33m;[39m
     [90m 177 |[39m     [36mconst[39m setting 
[33m=[39m game[33m.[39msettings[33m.[39mregister[3
3m.[39mmock[33m.[39mcalls[33m.[39mfind(call 
[33m=>[39m call[[35m1[39m] [33m===[39m 
[32m'opacity'[39m)[33m;[39m
    [31m[1m>[22m[39m[90m 178 |[39m     
expect(setting)[33m.[39mtoBeDefined()[33m;[39m
     [90m     |[39m                     
[31m[1m^[22m[39m
     [90m 179 |[39m     expect(setting[[35m2[39m][33
m.[39monChange)[33m.[39mtoBeDefined()[33m;[39m
     [90m 180 |[39m     setting[[35m2[39m][33m.[39m
onChange([35m50[39m)[33m;[39m
     [90m 181 |[39m   })[33m;[39m[0m

      at Object.<anonymous> 
(tests/module-settings-coverage.test.js:178:21)

  ΓùÅ Settings.js Complete Coverage ΓÇ║ hiddenPages 
setting registered as Object

    expect(received).toBe(expected) // Object.is equality

    Expected: [Function Object]
    Received: [Function Array]

    [0m [90m 202 |[39m     [36mconst[39m setting 
[33m=[39m game[33m.[39msettings[33m.[39mregister[3
3m.[39mmock[33m.[39mcalls[33m.[39mfind(call 
[33m=>[39m call[[35m1[39m] [33m===[39m 
[32m'hiddenPages'[39m)[33m;[39m
     [90m 203 |[39m     
expect(setting)[33m.[39mtoBeDefined()[33m;[39m
    [31m[1m>[22m[39m[90m 204 |[39m     expect(setti
ng[[35m2[39m][33m.[39mtype)[33m.[39mtoBe([33mObjec
t[39m)[33m;[39m
     [90m     |[39m                             
[31m[1m^[22m[39m
     [90m 205 |[39m   })[33m;[39m
     [90m 206 |[39m
     [90m 207 |[39m   test([32m'hiddenSidebarTabs 
setting registered as Object'[39m[33m,[39m 
[36masync[39m () [33m=>[39m {[0m

      at Object.<anonymous> 
(tests/module-settings-coverage.test.js:204:29)

  ΓùÅ Settings.js Complete Coverage ΓÇ║ 
hiddenSidebarTabs setting registered as Object

    expect(received).toBe(expected) // Object.is equality

    Expected: [Function Object]
    Received: [Function Array]

    [0m [90m 210 |[39m     [36mconst[39m setting 
[33m=[39m game[33m.[39msettings[33m.[39mregister[3
3m.[39mmock[33m.[39mcalls[33m.[39mfind(call 
[33m=>[39m call[[35m1[39m] [33m===[39m 
[32m'hiddenSidebarTabs'[39m)[33m;[39m
     [90m 211 |[39m     
expect(setting)[33m.[39mtoBeDefined()[33m;[39m
    [31m[1m>[22m[39m[90m 212 |[39m     expect(setti
ng[[35m2[39m][33m.[39mtype)[33m.[39mtoBe([33mObjec
t[39m)[33m;[39m
     [90m     |[39m                             
[31m[1m^[22m[39m
     [90m 213 |[39m   })[33m;[39m
     [90m 214 |[39m
     [90m 215 |[39m   test([32m'presets setting 
registered as Object'[39m[33m,[39m [36masync[39m () 
[33m=>[39m {[0m

      at Object.<anonymous> 
(tests/module-settings-coverage.test.js:212:29)

  ΓùÅ Settings.js Complete Coverage ΓÇ║ presets setting 
registered as Object

    expect(received).toBe(expected) // Object.is equality

    Expected: [Function Object]
    Received: [Function Array]

    [0m [90m 218 |[39m     [36mconst[39m setting 
[33m=[39m game[33m.[39msettings[33m.[39mregister[3
3m.[39mmock[33m.[39mcalls[33m.[39mfind(call 
[33m=>[39m call[[35m1[39m] [33m===[39m 
[32m'presets'[39m)[33m;[39m
     [90m 219 |[39m     
expect(setting)[33m.[39mtoBeDefined()[33m;[39m
    [31m[1m>[22m[39m[90m 220 |[39m     expect(setti
ng[[35m2[39m][33m.[39mtype)[33m.[39mtoBe([33mObjec
t[39m)[33m;[39m
     [90m     |[39m                             
[31m[1m^[22m[39m
     [90m 221 |[39m   })[33m;[39m
     [90m 222 |[39m
     [90m 223 |[39m   test([32m'menu registered with 
correct type'[39m[33m,[39m [36masync[39m () 
[33m=>[39m {[0m

      at Object.<anonymous> 
(tests/module-settings-coverage.test.js:220:29)

  ΓùÅ Settings.js Complete Coverage ΓÇ║ keybinding 
registered for toggle config

    expect(jest.fn()).toHaveBeenCalled()

    Expected number of calls: >= 1
    Received number of calls:    0

    [0m [90m 232 |[39m     [36mconst[39m { 
registerSettings } [33m=[39m [36mawait[39m [36mimpor
t[39m([32m'../scripts/settings.js'[39m)[33m;[39m
     [90m 233 |[39m     registerSettings()[33m;[39m
    [31m[1m>[22m[39m[90m 234 |[39m     expect(game
[33m.[39mkeybindings[33m.[39mregister)[33m.[39mtoHav
eBeenCalled()[33m;[39m
     [90m     |[39m                                    
   [31m[1m^[22m[39m
     [90m 235 |[39m     [36mconst[39m keybindCall 
[33m=[39m game[33m.[39mkeybindings[33m.[39mregister
[33m.[39mmock[33m.[39mcalls[[35m0[39m][33m;[39m
     [90m 236 |[39m     expect(keybindCall[[35m2[39m]
)[33m.[39mtoBe([32m'toggleConfig'[39m)[33m;[39m
     [90m 237 |[39m   })[33m;[39m[0m

      at Object.<anonymous> 
(tests/module-settings-coverage.test.js:234:39)

  ΓùÅ Settings.js Complete Coverage ΓÇ║ keybinding 
onDown callback exists

    TypeError: Cannot read properties of undefined 
(reading '3')

    [0m [90m 241 |[39m     
registerSettings()[33m;[39m
     [90m 242 |[39m     [36mconst[39m keybindCall 
[33m=[39m game[33m.[39mkeybindings[33m.[39mregister
[33m.[39mmock[33m.[39mcalls[[35m0[39m][33m;[39m
    [31m[1m>[22m[39m[90m 243 |[39m     expect(keybi
ndCall[[35m3[39m][33m.[39monDown)[33m.[39mtoBeDefin
ed()[33m;[39m
     [90m     |[39m                       
[31m[1m^[22m[39m
     [90m 244 |[39m     expect([36mtypeof[39m keybind
Call[[35m3[39m][33m.[39monDown)[33m.[39mtoBe([32m'
function'[39m)[33m;[39m
     [90m 245 |[39m   })[33m;[39m
     [90m 246 |[39m })[33m;[39m[0m

      at Object.<anonymous> 
(tests/module-settings-coverage.test.js:243:23)

  ΓùÅ Export-Import Complete Coverage ΓÇ║ 
exportConfiguration creates download link

    TypeError: Failed to execute 'appendChild' on 
'Node': parameter 1 is not of type 'Node'.

    [0m [90m 36 |[39m   a[33m.[39mhref [33m=[39m 
url[33m;[39m
     [90m 37 |[39m   a[33m.[39mdownload [33m=[39m 
[32m`rnk-hide-em-config-${Date.now()}.json`[39m[33m;[3
9m
    [31m[1m>[22m[39m[90m 38 |[39m   document[33m.
[39mbody[33m.[39mappendChild(a)[33m;[39m
     [90m    |[39m                 [31m[1m^[22m[39m
     [90m 39 |[39m   a[33m.[39mclick()[33m;[39m
     [90m 40 |[39m   document[33m.[39mbody[33m.[39m
removeChild(a)[33m;[39m
     [90m 41 |[39m   [33mURL[39m[33m.[39mrevokeObje
ctURL(url)[33m;[39m[0m

      at Object.exports.convert (node_modules/jsdom/lib/j
sdom/living/generated/Node.js:25:9)
      at HTMLBodyElement.appendChild (node_modules/jsdom/
lib/jsdom/living/generated/Node.js:404:26)
      at appendChild 
(scripts/features/export-import.js:38:17)
      at Object.<anonymous> 
(tests/module-settings-coverage.test.js:259:11)

  ΓùÅ Export-Import Complete Coverage ΓÇ║ 
exportConfiguration with all settings populated

    TypeError: Failed to execute 'appendChild' on 
'Node': parameter 1 is not of type 'Node'.

    [0m [90m 36 |[39m   a[33m.[39mhref [33m=[39m 
url[33m;[39m
     [90m 37 |[39m   a[33m.[39mdownload [33m=[39m 
[32m`rnk-hide-em-config-${Date.now()}.json`[39m[33m;[3
9m
    [31m[1m>[22m[39m[90m 38 |[39m   document[33m.
[39mbody[33m.[39mappendChild(a)[33m;[39m
     [90m    |[39m                 [31m[1m^[22m[39m
     [90m 39 |[39m   a[33m.[39mclick()[33m;[39m
     [90m 40 |[39m   document[33m.[39mbody[33m.[39m
removeChild(a)[33m;[39m
     [90m 41 |[39m   [33mURL[39m[33m.[39mrevokeObje
ctURL(url)[33m;[39m[0m

      at Object.exports.convert (node_modules/jsdom/lib/j
sdom/living/generated/Node.js:25:9)
      at HTMLBodyElement.appendChild (node_modules/jsdom/
lib/jsdom/living/generated/Node.js:404:26)
      at appendChild 
(scripts/features/export-import.js:38:17)
      at Object.<anonymous> 
(tests/module-settings-coverage.test.js:294:11)

  ΓùÅ Export-Import Complete Coverage ΓÇ║ 
importConfiguration with all valid settings

    ReferenceError: Handlebars is not defined

    [0m [90m 29 |[39m [90m */[39m
     [90m 30 |[39m [36mexport[39m [36mfunction[39m 
registerHandlebarsHelpers() {
    [31m[1m>[22m[39m[90m 31 |[39m   [33mHandlebars
[39m[33m.[39mregisterHelper([32m'math'[39m[33m,[39
m mathHelper)[33m;[39m
     [90m    |[39m   [31m[1m^[22m[39m
     [90m 32 |[39m   [33mHandlebars[39m[33m.[39mreg
isterHelper([32m'subtract'[39m[33m,[39m 
subtractHelper)[33m;[39m
     [90m 33 |[39m   [33mHandlebars[39m[33m.[39mreg
isterHelper([32m'multiply'[39m[33m,[39m 
multiplyHelper)[33m;[39m
     [90m 34 |[39m }[0m

      at Handlebars (scripts/module.js:31:3)
      at registerHandlebarsHelpers 
(scripts/module.js:40:3)
      at tests/mocks.js:71:28
      at Timeout.task [as _onTimeout] 
(node_modules/jsdom/lib/jsdom/browser/Window.js:520:19)

  ΓùÅ Export-Import Complete Coverage ΓÇ║ 
importConfiguration with all valid settings

    thrown: "Exceeded timeout of 5000 ms for a test.
    Add a timeout value to this test to increase the 
timeout, if this is a long-running test. See 
https://jestjs.io/docs/api#testname-fn-timeout."

    [0m [90m 297 |[39m   })[33m;[39m
     [90m 298 |[39m
    [31m[1m>[22m[39m[90m 299 |[39m   
test([32m'importConfiguration with all valid 
settings'[39m[33m,[39m [36masync[39m () 
[33m=>[39m {
     [90m     |[39m   [31m[1m^[22m[39m
     [90m 300 |[39m     [36mconst[39m config 
[33m=[39m {
     [90m 301 |[39m       hiddenSlots[33m:[39m 
{[35m5[39m[33m:[39m [36mtrue[39m}[33m,[39m
     [90m 302 |[39m       hiddenPages[33m:[39m 
[[35m2[39m][33m,[39m[0m

      at tests/module-settings-coverage.test.js:299:3
      at tests/module-settings-coverage.test.js:248:1

  ΓùÅ Export-Import Complete Coverage ΓÇ║ 
importConfiguration with empty object

    thrown: "Exceeded timeout of 5000 ms for a test.
    Add a timeout value to this test to increase the 
timeout, if this is a long-running test. See 
https://jestjs.io/docs/api#testname-fn-timeout."

    [0m [90m 334 |[39m   })[33m;[39m
     [90m 335 |[39m
    [31m[1m>[22m[39m[90m 336 |[39m   
test([32m'importConfiguration with empty 
object'[39m[33m,[39m [36masync[39m () [33m=>[39m {
     [90m     |[39m   [31m[1m^[22m[39m
     [90m 337 |[39m     [36mconst[39m config 
[33m=[39m {}[33m;[39m
     [90m 338 |[39m     [36mconst[39m mockFile 
[33m=[39m [36mnew[39m [33mBlob[39m([[33mJSON[39m
[33m.[39mstringify(config)][33m,[39m {type[33m:[39m 
[32m'application/json'[39m})[33m;[39m
     [90m 339 |[39m     [36mconst[39m mockReader 
[33m=[39m {[0m

      at tests/module-settings-coverage.test.js:336:3
      at tests/module-settings-coverage.test.js:248:1

FAIL tests/features-coverage.test.js (12.002 s)
  ΓùÅ Console

    console.log
      rnk-hide-em | Configuration exported

      at log (scripts/utils.js:100:17)

    console.error
      Error: Not implemented: navigation (except hash 
changes)
          at module.exports 
(C:\Users\thugg\OneDrive\Desktop\a\Local Dev Enviorment\C
omplete\rnk-hide-em\node_modules\jsdom\lib\jsdom\browser\
not-implemented.js:9:17)
          at navigateFetch 
(C:\Users\thugg\OneDrive\Desktop\a\Local Dev Enviorment\C
omplete\rnk-hide-em\node_modules\jsdom\lib\jsdom\living\w
indow\navigation.js:77:3)
          at exports.navigate 
(C:\Users\thugg\OneDrive\Desktop\a\Local Dev Enviorment\C
omplete\rnk-hide-em\node_modules\jsdom\lib\jsdom\living\w
indow\navigation.js:55:3)
          at Timeout._onTimeout 
(C:\Users\thugg\OneDrive\Desktop\a\Local Dev Enviorment\C
omplete\rnk-hide-em\node_modules\jsdom\lib\jsdom\living\n
odes\HTMLHyperlinkElementUtils-impl.js:81:7)
          at listOnTimeout (node:internal/timers:588:17)
          at processTimers (node:internal/timers:523:7) {
        type: 'not implemented'
      }

      at VirtualConsole.<anonymous> (node_modules/jest-en
vironment-jsdom/build/index.js:63:23)
      at module.exports (node_modules/jsdom/lib/jsdom/bro
wser/not-implemented.js:12:26)
      at navigateFetch (node_modules/jsdom/lib/jsdom/livi
ng/window/navigation.js:77:3)
      at exports.navigate (node_modules/jsdom/lib/jsdom/l
iving/window/navigation.js:55:3)
      at Timeout._onTimeout (node_modules/jsdom/lib/jsdom
/living/nodes/HTMLHyperlinkElementUtils-impl.js:81:7)

    console.error
      rnk-hide-em | Error loading shared config: 
Unexpected token '∩┐╜', "∩┐╜{┌û'" is not valid JSON

    [0m [90m  98 |[39m [90m */[39m
     [90m  99 |[39m [36mexport[39m 
[36mfunction[39m log(message[33m,[39m level 
[33m=[39m [32m"log"[39m) {
    [31m[1m>[22m[39m[90m 100 |[39m   
console[level]([32m`${MODULE_ID} | 
${message}`[39m)[33m;[39m
     [90m     |[39m                 
[31m[1m^[22m[39m
     [90m 101 |[39m }
     [90m 102 |[39m
     [90m 103 |[39m [90m/**[39m[0m

      at log (scripts/utils.js:100:17)
      at log (scripts/features/export-import.js:177:5)
      at Object.<anonymous> 
(tests/features-coverage.test.js:191:26)

    console.log
      rnk-hide-em | getData: hiddenSidebarTabs from 
settings: chat

      at log (scripts/utils.js:100:17)

    console.log
      rnk-hide-em | Saving settings. FormData:

      at log (scripts/utils.js:100:17)

    console.log
      {}

      at HideHotbarConfig.log [as _updateObject] 
(scripts/config.js:301:15)

    console.log
      rnk-hide-em | Hidden tabs to save:

      at log (scripts/utils.js:100:17)

    console.log
      rnk-hide-em | Updating styles. GM: true, 
ApplyToGM: false, Scene Controls hidden: false, Entire 
Hotbar hidden: false, Chat hidden: false, Players 
hidden: false

      at log (scripts/utils.js:100:17)

    console.log
      rnk-hide-em | Saving settings. FormData:

      at log (scripts/utils.js:100:17)

    console.log
      {
        'slot-1': true,
        'slot-2': true,
        'slot-3': true,
        'slot-4': true,
        'slot-5': true,
        'slot-6': true,
        'slot-7': true,
        'slot-8': true,
        'slot-9': true,
        'slot-10': true,
        'slot-11': true,
        'slot-12': true,
        'slot-13': true,
        'slot-14': true,
        'slot-15': true,
        'slot-16': true,
        'slot-17': true,
        'slot-18': true,
        'slot-19': true,
        'slot-20': true,
        'slot-21': true,
        'slot-22': true,
        'slot-23': true,
        'slot-24': true,
        'slot-25': true,
        'slot-26': true,
        'slot-27': true,
        'slot-28': true,
        'slot-29': true,
        'slot-30': true,
        'slot-31': true,
        'slot-32': true,
        'slot-33': true,
        'slot-34': true,
        'slot-35': true,
        'slot-36': true,
        'slot-37': true,
        'slot-38': true,
        'slot-39': true,
        'slot-40': true,
        'slot-41': true,
        'slot-42': true,
        'slot-43': true,
        'slot-44': true,
        'slot-45': true,
        'slot-46': true,
        'slot-47': true,
        'slot-48': true,
        'slot-49': true,
        'slot-50': true
      }

      at HideHotbarConfig.log [as _updateObject] 
(scripts/config.js:301:15)

    console.log
      rnk-hide-em | Hidden tabs to save:

      at log (scripts/utils.js:100:17)

    console.log
      rnk-hide-em | Updating styles. GM: true, 
ApplyToGM: false, Scene Controls hidden: false, Entire 
Hotbar hidden: false, Chat hidden: false, Players 
hidden: false

      at log (scripts/utils.js:100:17)

    console.log
      rnk-hide-em | Saving settings. FormData:

      at log (scripts/utils.js:100:17)

    console.log
      {
        'page-1': true,
        'page-2': true,
        'page-3': true,
        'page-4': true,
        'page-5': true
      }

      at HideHotbarConfig.log [as _updateObject] 
(scripts/config.js:301:15)

    console.log
      rnk-hide-em | Hidden tabs to save:

      at log (scripts/utils.js:100:17)

    console.log
      rnk-hide-em | Updating styles. GM: true, 
ApplyToGM: false, Scene Controls hidden: false, Entire 
Hotbar hidden: false, Chat hidden: false, Players 
hidden: false

      at log (scripts/utils.js:100:17)

    console.log
      rnk-hide-em | Module loaded

      at log (scripts/utils.js:100:17)

  ΓùÅ Presets Coverage ΓÇ║ savePreset with existing name 
updates preset

    expect(received).toBe(expected) // Object.is equality

    Expected: true
    Received: false

    [0m [90m 72 |[39m     [36mconst[39m { 
savePreset } [33m=[39m [36mawait[39m [36mimport[39m
([32m'../scripts/features/presets.js'[39m)[33m;[39m
     [90m 73 |[39m     [36mconst[39m result 
[33m=[39m [36mawait[39m 
savePreset([32m'Existing'[39m)[33m;[39m
    [31m[1m>[22m[39m[90m 74 |[39m     
expect(result)[33m.[39mtoBe([36mtrue[39m)[33m;[39m
     [90m    |[39m                    
[31m[1m^[22m[39m
     [90m 75 |[39m   })[33m;[39m
     [90m 76 |[39m
     [90m 77 |[39m   test([32m'loadPreset with 
built-in preset'[39m[33m,[39m [36masync[39m () 
[33m=>[39m {[0m

      at Object.<anonymous> 
(tests/features-coverage.test.js:74:20)

  ΓùÅ Export/Import Coverage ΓÇ║ exportConfiguration 
with all settings

    expect(received).toHaveBeenCalledWith(...expected)

    Matcher error: received value must be a mock or spy 
function

    Received has type:  function
    Received has value: [Function createElement]

    [0m [90m 139 |[39m     [36mconst[39m { 
exportConfiguration } [33m=[39m [36mawait[39m [36mim
port[39m([32m'../scripts/features/export-import.js'[39
m)[33m;[39m
     [90m 140 |[39m     [36mawait[39m 
exportConfiguration()[33m;[39m
    [31m[1m>[22m[39m[90m 141 |[39m     expect(docum
ent[33m.[39mcreateElement)[33m.[39mtoHaveBeenCalledWi
th([32m'a'[39m)[33m;[39m
     [90m     |[39m                                    
[31m[1m^[22m[39m
     [90m 142 |[39m   })[33m;[39m
     [90m 143 |[39m
     [90m 144 |[39m   test([32m'importConfiguration 
with valid JSON'[39m[33m,[39m [36masync[39m () 
[33m=>[39m {[0m

      at Object.<anonymous> 
(tests/features-coverage.test.js:141:36)

  ΓùÅ Export/Import Coverage ΓÇ║ importConfiguration 
with valid JSON

    thrown: "Exceeded timeout of 5000 ms for a test.
    Add a timeout value to this test to increase the 
timeout, if this is a long-running test. See 
https://jestjs.io/docs/api#testname-fn-timeout."

    [0m [90m 142 |[39m   })[33m;[39m
     [90m 143 |[39m
    [31m[1m>[22m[39m[90m 144 |[39m   
test([32m'importConfiguration with valid 
JSON'[39m[33m,[39m [36masync[39m () [33m=>[39m {
     [90m     |[39m   [31m[1m^[22m[39m
     [90m 145 |[39m     [36mconst[39m validConfig 
[33m=[39m [33mJSON[39m[33m.[39mstringify({
     [90m 146 |[39m       hiddenSlots[33m:[39m 
{[35m10[39m[33m:[39m [36mtrue[39m}[33m,[39m
     [90m 147 |[39m       opacity[33m:[39m 
[35m50[39m[33m,[39m[0m

      at tests/features-coverage.test.js:144:3
      at tests/features-coverage.test.js:125:1

  ΓùÅ Export/Import Coverage ΓÇ║ importConfiguration 
with invalid JSON

    thrown: "Exceeded timeout of 5000 ms for a test.
    Add a timeout value to this test to increase the 
timeout, if this is a long-running test. See 
https://jestjs.io/docs/api#testname-fn-timeout."

    [0m [90m 162 |[39m   })[33m;[39m
     [90m 163 |[39m
    [31m[1m>[22m[39m[90m 164 |[39m   
test([32m'importConfiguration with invalid 
JSON'[39m[33m,[39m [36masync[39m () [33m=>[39m {
     [90m     |[39m   [31m[1m^[22m[39m
     [90m 165 |[39m     [36mconst[39m invalidConfig 
[33m=[39m [32m'not valid json'[39m[33m;[39m
     [90m 166 |[39m     [36mconst[39m mockFile 
[33m=[39m [36mnew[39m 
[33mBlob[39m([invalidConfig][33m,[39m 
{type[33m:[39m 
[32m'application/json'[39m})[33m;[39m
     [90m 167 |[39m     [36mconst[39m mockReader 
[33m=[39m {[0m

      at tests/features-coverage.test.js:164:3
      at tests/features-coverage.test.js:125:1

  ΓùÅ Animation Coverage ΓÇ║ getAnimationCSS with 1000 
duration

    expect(received).toContain(expected) // indexOf

    Expected substring: "1000ms"
    Received string:    "
        /* Smooth transitions for all hotbar elements */
        #hotbar .macro,
        #hotbar li[data-slot],
        #hotbar .bar-controls {
          transition:┬╖
            opacity 300ms cubic-bezier(0.4, 0, 0.2, 1),
            transform 300ms cubic-bezier(0.4, 0, 0.2, 1),
            visibility 300ms cubic-bezier(0.4, 0, 0.2, 
1) !important;
        }┬╖
        /* Hidden state animation */
        #hotbar .macro.rnk-hidden,
        #hotbar li[data-slot].rnk-hidden {
          animation: rnk-fade-out 300ms ease-in-out 
forwards;
        }┬╖
        /* Visible state animation */
        #hotbar .macro.rnk-visible,
        #hotbar li[data-slot].rnk-visible {
          animation: rnk-fade-in 300ms ease-in-out 
forwards;
        }┬╖
        @keyframes rnk-fade-out {
          0% {
            opacity: 1;
            transform: scale(1) translateY(0);
          }
          50% {
            transform: scale(0.95) translateY(-5px);
          }
          100% {
            opacity: 0;
            transform: scale(0.8) translateY(0);
            visibility: hidden;
            pointer-events: none;
          }
        }┬╖
        @keyframes rnk-fade-in {
          0% {
            opacity: 0;
            transform: scale(0.8) translateY(0);
          }
          50% {
            transform: scale(1.05) translateY(-5px);
          }
          100% {
            opacity: 1;
            transform: scale(1) translateY(0);
          }
        }┬╖
        /* Pulse effect on hover for visible slots */
        #hotbar .macro:not(.rnk-hidden):hover {
          animation: rnk-pulse 0.3s ease-in-out;
        }┬╖
        @keyframes rnk-pulse {
          0%, 100% {
            transform: scale(1);
          }
          50% {
            transform: scale(1.1);
          }
        }
      "

    [0m [90m 211 |[39m     [36mconst[39m { 
getAnimationCSS } [33m=[39m [36mawait[39m [36mimport
[39m([32m'../scripts/features/animation.js'[39m)[33m;
[39m
     [90m 212 |[39m     [36mconst[39m css 
[33m=[39m getAnimationCSS([35m1000[39m)[33m;[39m
    [31m[1m>[22m[39m[90m 213 |[39m     expect(css)
[33m.[39mtoContain([32m'1000ms'[39m)[33m;[39m
     [90m     |[39m                 
[31m[1m^[22m[39m
     [90m 214 |[39m   })[33m;[39m
     [90m 215 |[39m
     [90m 216 |[39m   test([32m'animateElement with 
hidden class'[39m[33m,[39m [36masync[39m () 
[33m=>[39m {[0m

      at Object.<anonymous> 
(tests/features-coverage.test.js:213:17)

  ΓùÅ Animation Coverage ΓÇ║ animateElement with visible 
class

    expect(jest.fn()).toHaveBeenCalledWith(...expected)

    Expected: "rnk-visible"
    Received: "rnk-hidden"

    Number of calls: 1

    [0m [90m 235 |[39m     [36mconst[39m { 
animateElement } [33m=[39m [36mawait[39m [36mimport
[39m([32m'../scripts/features/animation.js'[39m)[33m;
[39m
     [90m 236 |[39m     
animateElement(mockElement[33m,[39m 
[32m'visible'[39m)[33m;[39m
    [31m[1m>[22m[39m[90m 237 |[39m     expect(mockE
lement[33m.[39mclassList[33m.[39madd)[33m.[39mtoHav
eBeenCalledWith([32m'rnk-visible'[39m)[33m;[39m
     [90m     |[39m                                    
   [31m[1m^[22m[39m
     [90m 238 |[39m   })[33m;[39m
     [90m 239 |[39m
     [90m 240 |[39m   test([32m'animateElement with 
null element does nothing'[39m[33m,[39m 
[36masync[39m () [33m=>[39m {[0m

      at Object.<anonymous> 
(tests/features-coverage.test.js:237:39)

  ΓùÅ Config Coverage - Additional Paths ΓÇ║ 
HideHotbarConfig activateListeners with reset button

    TypeError: Cannot read properties of null (reading 
'click')

    [0m [90m 114 |[39m
     [90m 115 |[39m     [90m// Select all/none 
buttons[39m
    [31m[1m>[22m[39m[90m 116 |[39m     html[33m.[
39mfind([32m".select-all-slots"[39m)[33m.[39mclick(()
 [33m=>[39m 
[36mthis[39m[33m.[39m_selectAllSlots(html[33m,[39m 
[36mtrue[39m))[33m;[39m
     [90m     |[39m                                   
[31m[1m^[22m[39m
     [90m 117 |[39m     html[33m.[39mfind([32m".sele
ct-none-slots"[39m)[33m.[39mclick(() [33m=>[39m 
[36mthis[39m[33m.[39m_selectAllSlots(html[33m,[39m 
[36mfalse[39m))[33m;[39m
     [90m 118 |[39m     
     [90m 119 |[39m     [90m// Page selection[39m[0m

      at HideHotbarConfig.activateListeners 
(scripts/config.js:116:35)
      at Object.<anonymous> 
(tests/features-coverage.test.js:263:12)

  ΓùÅ Config Coverage - Additional Paths ΓÇ║ 
HideHotbarConfig getData returns all settings

    expect(received).toBeDefined()

    Received: undefined

    [0m [90m 280 |[39m     [36mconst[39m config 
[33m=[39m [36mnew[39m 
[33mHideHotbarConfig[39m()[33m;[39m
     [90m 281 |[39m     [36mconst[39m data 
[33m=[39m config[33m.[39mgetData()[33m;[39m
    [31m[1m>[22m[39m[90m 282 |[39m     expect(data
[33m.[39mhiddenSlots)[33m.[39mtoBeDefined()[33m;[39m
     [90m     |[39m                              
[31m[1m^[22m[39m
     [90m 283 |[39m     expect(data[33m.[39mhiddenPag
es)[33m.[39mtoBeDefined()[33m;[39m
     [90m 284 |[39m   })[33m;[39m
     [90m 285 |[39m[0m

      at Object.<anonymous> 
(tests/features-coverage.test.js:282:30)

  ΓùÅ Module Coverage - Additional Paths ΓÇ║ settings 
registers keybindings

    expect(jest.fn()).toHaveBeenCalled()

    Expected number of calls: >= 1
    Received number of calls:    0

    [0m [90m 329 |[39m     [36mconst[39m { 
registerSettings } [33m=[39m [36mawait[39m [36mimpor
t[39m([32m'../scripts/settings.js'[39m)[33m;[39m
     [90m 330 |[39m     registerSettings()[33m;[39m
    [31m[1m>[22m[39m[90m 331 |[39m     expect(game
[33m.[39mkeybindings[33m.[39mregister)[33m.[39mtoHav
eBeenCalled()[33m;[39m
     [90m     |[39m                                    
   [31m[1m^[22m[39m
     [90m 332 |[39m   })[33m;[39m
     [90m 333 |[39m
     [90m 334 |[39m   test([32m'hooks initHook with 
keybinding callback'[39m[33m,[39m [36masync[39m () 
[33m=>[39m {[0m

      at Object.<anonymous> 
(tests/features-coverage.test.js:331:39)

  ΓùÅ Module Coverage - Additional Paths ΓÇ║ hooks 
initHook with keybinding callback

    TypeError: Cannot read properties of undefined 
(reading 'onDown')

    [0m [90m 336 |[39m     initHook()[33m;[39m
     [90m 337 |[39m     [36mconst[39m calls 
[33m=[39m game[33m.[39mkeybindings[33m.[39mregister
[33m.[39mmock[33m.[39mcalls[33m;[39m
    [31m[1m>[22m[39m[90m 338 |[39m     expect(calls
[[35m0[39m][[35m3[39m][33m.[39monDown)[33m.[39mto
BeDefined()[33m;[39m
     [90m     |[39m                        
[31m[1m^[22m[39m
     [90m 339 |[39m   })[33m;[39m
     [90m 340 |[39m
     [90m 341 |[39m   test([32m'hooks 
renderMacroDirectoryHook with null html'[39m[33m,[39m 
[36masync[39m () [33m=>[39m {[0m

      at Object.<anonymous> 
(tests/features-coverage.test.js:338:24)

  ΓùÅ Module Coverage - Additional Paths ΓÇ║ hooks 
renderMacroDirectoryHook with null html

    expect(received).not.toThrow()

    Error name:    "TypeError"
    Error message: "Cannot read properties of null 
(reading '0')"

        [0m [90m 51 |[39m
         [90m 52 |[39m   [90m// Handle both jQuery 
array and DOM element[39m
        [31m[1m>[22m[39m[90m 53 |[39m   
[36mconst[39m element [33m=[39m html[[35m0[39m] 
[33m||[39m html[33m;[39m
         [90m    |[39m                       
[31m[1m^[22m[39m
         [90m 54 |[39m   [36mif[39m 
([33m![39melement [33m||[39m 
[33m![39melement[33m.[39mquerySelector) 
[36mreturn[39m[33m;[39m
         [90m 55 |[39m
         [90m 56 |[39m   [36mlet[39m footer 
[33m=[39m element[33m.[39mquerySelector([32m".direct
ory-footer"[39m)[33m;[39m[0m

      at renderMacroDirectoryHook 
(scripts/hooks.js:53:23)
      at tests/features-coverage.test.js:344:18
      at Object.<anonymous> 
(node_modules/expect/build/toThrowMatchers.js:74:11)
      at Object.throwingMatcher [as toThrow] 
(node_modules/expect/build/index.js:320:21)
      at Object.<anonymous> 
(tests/features-coverage.test.js:344:58)
      at Object.<anonymous> 
(tests/features-coverage.test.js:344:58)

  ΓùÅ Module Coverage - Additional Paths ΓÇ║ hooks 
renderMacroDirectoryHook with no footer

    TypeError: element.appendChild is not a function

    [0m [90m 58 |[39m     footer [33m=[39m document
[33m.[39mcreateElement([32m"footer"[39m)[33m;[39m
     [90m 59 |[39m     footer[33m.[39mclassName 
[33m=[39m [32m"directory-footer"[39m[33m;[39m
    [31m[1m>[22m[39m[90m 60 |[39m     
element[33m.[39mappendChild(footer)[33m;[39m
     [90m    |[39m             [31m[1m^[22m[39m
     [90m 61 |[39m   }
     [90m 62 |[39m   
footer[33m.[39mappendChild(button)[33m;[39m
     [90m 63 |[39m }[0m

      at appendChild (scripts/hooks.js:60:13)
      at Object.<anonymous> 
(tests/features-coverage.test.js:351:5)


=============================== Coverage summary ===============================
Statements   : 95% ( 456/480 )
Branches     : 88.83% ( 175/197 )
Functions    : 82.95% ( 73/88 )
Lines        : 96.75% ( 418/432 )
================================================================================
-------------------|---------|----------|---------|---------|-------------------
File               | % Stmts | % Branch | % Funcs | % Lines | Uncovered Line #s 
-------------------|---------|----------|---------|---------|-------------------
All files          |      95 |    88.83 |   82.95 |   96.75 |                   
 scripts           |   94.42 |    86.66 |   80.88 |   97.06 |                   
  config.js        |   92.04 |    79.16 |      64 |   97.29 | 150,296,323-324   
  constants.js     |     100 |      100 |     100 |     100 |                   
  hooks.js         |    91.3 |    83.33 |   85.71 |      90 | 22-23             
  module.js        |     100 |      100 |     100 |     100 |                   
  settings.js      |    90.9 |      100 |   81.25 |    90.9 | 119,133,172       
  styles.js        |     100 |      100 |     100 |     100 |                   
  utils.js         |     100 |    93.75 |     100 |     100 | 108               
 scripts/features  |    96.4 |    93.54 |      90 |      96 |                   
  animation.js     |     100 |      100 |     100 |     100 |                   
  export-import.js |   96.25 |      100 |   77.77 |   95.77 | 143-148           
  presets.js       |   95.74 |       80 |     100 |   95.34 | 136-137           
-------------------|---------|----------|---------|---------|-------------------
Summary of all failing tests
FAIL tests/config-complete.test.js
  ΓùÅ Config Module - Complete Coverage ΓÇ║ 
defaultOptions returns correct configuration

    expect(received).toBe(expected) // Object.is equality

    Expected: "rnk-hide-em-config"
    Received: "hide-hotbar-config"

    [0m [90m 29 |[39m     [36mconst[39m opts 
[33m=[39m [33mHideHotbarConfig[39m[33m.[39mdefaultO
ptions[33m;[39m
     [90m 30 |[39m     
    [31m[1m>[22m[39m[90m 31 |[39m     expect(opts[
33m.[39mid)[33m.[39mtoBe([32m'rnk-hide-em-config'[39
m)[33m;[39m
     [90m    |[39m                     
[31m[1m^[22m[39m
     [90m 32 |[39m     expect(opts[33m.[39mtemplate)
[33m.[39mtoContain([32m'templates/settings.html'[39m)
[33m;[39m
     [90m 33 |[39m     expect(opts[33m.[39mwidth)[33
m.[39mtoBe([35m720[39m)[33m;[39m
     [90m 34 |[39m     expect(opts[33m.[39mheight)[3
3m.[39mtoBe([32m'auto'[39m)[33m;[39m[0m

      at Object.<anonymous> 
(tests/config-complete.test.js:31:21)

  ΓùÅ Config Module - Complete Coverage ΓÇ║ getData 
retrieves all settings

    expect(received).toHaveProperty(path)

    Expected path: "hiddenSlots"
    Received path: []

    Received value: {"activePreset": false, 
"animationDuration": 300, "applyToGM": false, 
"hideBackground": false, "hideChat": false, 
"hideEntireHotbar": false, "hideLeftControls": false, 
"hidePlayers": false, "hideRightControls": false, 
"hideSceneControls": false, "hideSceneNavigation": 
false, "hideSidebar": false, "logoUrl": 
"modules/rnk-hide-em/assets/rnk-0.jpg", "opacity": 
false, "pages": [{"hidden": false, "n": 1}, {"hidden": 
false, "n": 2}, {"hidden": false, "n": 3}, {"hidden": 
false, "n": 4}, {"hidden": false, "n": 5}], "presets": 
[], "sidebarTabs": [{"hidden": false, "icon": "fas 
fa-comments", "id": "chat", "label": "Chat Log"}, 
{"hidden": false, "icon": "fas fa-swords", "id": 
"combat", "label": "Combat Tracker"}, {"hidden": false, 
"icon": "fas fa-map", "id": "scenes", "label": "Scene 
Directory"}, {"hidden": false, "icon": "fas fa-users", 
"id": "actors", "label": "Actor Directory"}, {"hidden": 
false, "icon": "fas fa-suitcase", "id": "items", 
"label": "Item Directory"}, {"hidden": false, "icon": 
"fas fa-book-open", "id": "journal", "label": "Journal 
Notes"}, {"hidden": false, "icon": "fas fa-th-list", 
"id": "tables", "label": "Rollable Tables"}, {"hidden": 
false, "icon": "fas fa-cards", "id": "cards", "label": 
"Card Stacks"}, {"hidden": false, "icon": "fas 
fa-music", "id": "playlists", "label": "Audio 
Playlists"}, {"hidden": false, "icon": "fas fa-atlas", 
"id": "compendium", "label": "Compendium Packs"}, ΓÇª], 
"slots": [{"hidden": false, "n": 1, "page": 1}, 
{"hidden": false, "n": 2, "page": 1}, {"hidden": false, 
"n": 3, "page": 1}, {"hidden": false, "n": 4, "page": 
1}, {"hidden": false, "n": 5, "page": 1}, {"hidden": 
false, "n": 6, "page": 1}, {"hidden": false, "n": 7, 
"page": 1}, {"hidden": false, "n": 8, "page": 1}, 
{"hidden": false, "n": 9, "page": 1}, {"hidden": false, 
"n": 10, "page": 1}, ΓÇª]}

    [0m [90m 42 |[39m     [36mconst[39m data 
[33m=[39m config[33m.[39mgetData()[33m;[39m
     [90m 43 |[39m     
    [31m[1m>[22m[39m[90m 44 |[39m     expect(data)
[33m.[39mtoHaveProperty([32m'hiddenSlots'[39m)[33m;[
39m
     [90m    |[39m                  
[31m[1m^[22m[39m
     [90m 45 |[39m     expect(data)[33m.[39mtoHavePro
perty([32m'hideBackground'[39m)[33m;[39m
     [90m 46 |[39m     expect(data)[33m.[39mtoHavePro
perty([32m'applyToGM'[39m)[33m;[39m
     [90m 47 |[39m     expect(data)[33m.[39mtoHavePro
perty([32m'hideLeftControls'[39m)[33m;[39m[0m

      at Object.<anonymous> 
(tests/config-complete.test.js:44:18)

  ΓùÅ Config Module - Complete Coverage ΓÇ║ 
_updateObject processes hiddenSidebarTabs from form

    expect(received).toEqual(expected) // deep equality

    Expected: ArrayContaining ["chat", "combat", 
"scenes"]
    Received: []

    [0m [90m 111 |[39m     [36mconst[39m setCall 
[33m=[39m game[33m.[39msettings[33m.[39m[36mset[3
9m[33m.[39mmock[33m.[39mcalls[33m.[39mfind(call 
[33m=>[39m call[[35m1[39m] [33m===[39m 
[32m'hiddenSidebarTabs'[39m)[33m;[39m
     [90m 112 |[39m     
expect(setCall)[33m.[39mtoBeDefined()[33m;[39m
    [31m[1m>[22m[39m[90m 113 |[39m     expect(setCa
ll[[35m2[39m])[33m.[39mtoEqual(expect[33m.[39marray
Containing([[32m'chat'[39m[33m,[39m 
[32m'combat'[39m[33m,[39m 
[32m'scenes'[39m]))[33m;[39m
     [90m     |[39m                        
[31m[1m^[22m[39m
     [90m 114 |[39m   })[33m;[39m
     [90m 115 |[39m
     [90m 116 |[39m   test([32m'_updateObject saves 
boolean settings'[39m[33m,[39m [36masync[39m () 
[33m=>[39m {[0m

      at Object.<anonymous> 
(tests/config-complete.test.js:113:24)

  ΓùÅ Config Module - Complete Coverage ΓÇ║ 
_updateObject saves numeric settings

    expect(jest.fn()).toHaveBeenCalledWith(...expected)

    Expected: Any<String>, "opacity", 75
    Received
           1: "rnk-hide-em", "hiddenSlots", {"1": false, 
"10": false, "11": false, "12": false, "13": false, 
"14": false, "15": false, "16": false, "17": false, 
"18": false, "19": false, "2": false, "20": false, "21": 
false, "22": false, "23": false, "24": false, "25": 
false, "26": false, "27": false, "28": false, "29": 
false, "3": false, "30": false, "31": false, "32": 
false, "33": false, "34": false, "35": false, "36": 
false, "37": false, "38": false, "39": false, "4": 
false, "40": false, "41": false, "42": false, "43": 
false, "44": false, "45": false, "46": false, "47": 
false, "48": false, "49": false, "5": false, "50": 
false, "6": false, "7": false, "8": false, "9": false}
           2: "rnk-hide-em", "hideBackground", false
           3: "rnk-hide-em", "applyToGM", false

    Number of calls: 15

    [0m [90m 148 |[39m     [36mawait[39m 
config[33m.[39m_updateObject({}[33m,[39m 
formData)[33m;[39m
     [90m 149 |[39m     
    [31m[1m>[22m[39m[90m 150 |[39m     expect(game
[33m.[39msettings[33m.[39m[36mset[39m)[33m.[39mtoH
aveBeenCalledWith(expect[33m.[39many([33mString[39m)
[33m,[39m [32m'opacity'[39m[33m,[39m 
[35m75[39m)[33m;[39m
     [90m     |[39m                               
[31m[1m^[22m[39m
     [90m 151 |[39m     expect(game[33m.[39msettings
[33m.[39m[36mset[39m)[33m.[39mtoHaveBeenCalledWith(e
xpect[33m.[39many([33mString[39m)[33m,[39m 
[32m'animationDuration'[39m[33m,[39m 
[35m500[39m)[33m;[39m
     [90m 152 |[39m   })[33m;[39m
     [90m 153 |[39m[0m

      at Object.<anonymous> 
(tests/config-complete.test.js:150:31)

  ΓùÅ Config Module - Complete Coverage ΓÇ║ showConfig 
creates and renders new instance

    TypeError: showConfig is not a function

    [0m [90m 196 |[39m   test([32m'showConfig 
creates and renders new instance'[39m[33m,[39m 
[36masync[39m () [33m=>[39m {
     [90m 197 |[39m     [36mconst[39m { showConfig } 
[33m=[39m [36mawait[39m [36mimport[39m([32m'../scr
ipts/config.js'[39m)[33m;[39m
    [31m[1m>[22m[39m[90m 198 |[39m     
[36mconst[39m result [33m=[39m 
showConfig()[33m;[39m
     [90m     |[39m                    
[31m[1m^[22m[39m
     [90m 199 |[39m     
     [90m 200 |[39m     
expect(result)[33m.[39mtoBeDefined()[33m;[39m
     [90m 201 |[39m     expect(result)[33m.[39mtoBeIn
stanceOf([33mObject[39m)[33m;[39m[0m

      at Object.<anonymous> 
(tests/config-complete.test.js:198:20)

  ΓùÅ Config Module - Complete Coverage ΓÇ║ 
_updateObject filters out non-setting keys

    expect(received).toBeDefined()

    Received: undefined

    [0m [90m 241 |[39m     
     [90m 242 |[39m     [36mconst[39m opacityCall 
[33m=[39m game[33m.[39msettings[33m.[39m[36mset[3
9m[33m.[39mmock[33m.[39mcalls[33m.[39mfind(call 
[33m=>[39m call[[35m1[39m] [33m===[39m 
[32m'opacity'[39m)[33m;[39m
    [31m[1m>[22m[39m[90m 243 |[39m     
expect(opacityCall)[33m.[39mtoBeDefined()[33m;[39m
     [90m     |[39m                         
[31m[1m^[22m[39m
     [90m 244 |[39m   })[33m;[39m
     [90m 245 |[39m
     [90m 246 |[39m   test([32m'getData returns 
proper slot structure'[39m[33m,[39m [36masync[39m 
() [33m=>[39m {[0m

      at Object.<anonymous> 
(tests/config-complete.test.js:243:25)

  ΓùÅ Config Module - Complete Coverage ΓÇ║ getData 
returns proper slot structure

    expect(received).toEqual(expected) // deep equality

    Expected: {"1": true, "5": true}
    Received: undefined

    [0m [90m 257 |[39m     [36mconst[39m data 
[33m=[39m config[33m.[39mgetData()[33m;[39m
     [90m 258 |[39m     
    [31m[1m>[22m[39m[90m 259 |[39m     
expect(data[33m.[39mhiddenSlots)[33m.[39mtoEqual({ 
[32m'1'[39m[33m:[39m [36mtrue[39m[33m,[39m 
[32m'5'[39m[33m:[39m [36mtrue[39m })[33m;[39m
     [90m     |[39m                              
[31m[1m^[22m[39m
     [90m 260 |[39m   })[33m;[39m
     [90m 261 |[39m
     [90m 262 |[39m   test([32m'getData returns 
proper pages structure'[39m[33m,[39m [36masync[39m 
() [33m=>[39m {[0m

      at Object.<anonymous> 
(tests/config-complete.test.js:259:30)

  ΓùÅ Config Module - Complete Coverage ΓÇ║ getData 
returns proper pages structure

    expect(received).toEqual(expected) // deep equality

    Expected: [1, 3, 5]
    Received: undefined

    [0m [90m 273 |[39m     [36mconst[39m data 
[33m=[39m config[33m.[39mgetData()[33m;[39m
     [90m 274 |[39m     
    [31m[1m>[22m[39m[90m 275 |[39m     expect(data
[33m.[39mhiddenPages)[33m.[39mtoEqual([[35m1[39m[33
m,[39m [35m3[39m[33m,[39m [35m5[39m])[33m;[39m
     [90m     |[39m                              
[31m[1m^[22m[39m
     [90m 276 |[39m   })[33m;[39m
     [90m 277 |[39m
     [90m 278 |[39m   test([32m'render method can be 
called'[39m[33m,[39m [36masync[39m () [33m=>[39m 
{[0m

      at Object.<anonymous> 
(tests/config-complete.test.js:275:30)

  ΓùÅ Config Module - Complete Coverage ΓÇ║ close method 
can be called

    expect(received).toBeDefined()

    Received: undefined

    [0m [90m 288 |[39m     
     [90m 289 |[39m     [36mconst[39m result 
[33m=[39m [36mawait[39m 
config[33m.[39mclose()[33m;[39m
    [31m[1m>[22m[39m[90m 290 |[39m     
expect(result)[33m.[39mtoBeDefined()[33m;[39m
     [90m     |[39m                    
[31m[1m^[22m[39m
     [90m 291 |[39m   })[33m;[39m
     [90m 292 |[39m })[33m;[39m
     [90m 293 |[39m[0m

      at Object.<anonymous> 
(tests/config-complete.test.js:290:20)

FAIL tests/hooks-complete.test.js
  ΓùÅ Hooks Module - Complete Coverage ΓÇ║ readyHook 
calls updateHotbarStyles

    expect(received).toHaveBeenCalled()

    Matcher error: received value must be a mock or spy 
function

    Received has type:  function
    Received has value: [Function appendChild]

    [0m [90m 48 |[39m     [36mconst[39m { readyHook 
} [33m=[39m [36mawait[39m [36mimport[39m([32m'../s
cripts/hooks.js'[39m)[33m;[39m
     [90m 49 |[39m     readyHook()[33m;[39m
    [31m[1m>[22m[39m[90m 50 |[39m     expect(docume
nt[33m.[39mhead[33m.[39mappendChild)[33m.[39mtoHave
BeenCalled()[33m;[39m
     [90m    |[39m                                     
  [31m[1m^[22m[39m
     [90m 51 |[39m   })[33m;[39m
     [90m 52 |[39m
     [90m 53 |[39m   
test([32m'renderMacroDirectoryHook with GM 
user'[39m[33m,[39m [36masync[39m () [33m=>[39m 
{[0m

      at Object.<anonymous> 
(tests/hooks-complete.test.js:50:39)

  ΓùÅ Hooks Module - Complete Coverage ΓÇ║ 
hotbarCollapseHook applies styles after delay

    expect(received).toHaveBeenCalled()

    Matcher error: received value must be a mock or spy 
function

    Received has type:  function
    Received has value: [Function appendChild]

    [0m [90m 139 |[39m     jest[33m.[39madvanceTimer
sByTime([35m100[39m)[33m;[39m
     [90m 140 |[39m     
    [31m[1m>[22m[39m[90m 141 |[39m     expect(docum
ent[33m.[39mhead[33m.[39mappendChild)[33m.[39mtoHav
eBeenCalled()[33m;[39m
     [90m     |[39m                                    
   [31m[1m^[22m[39m
     [90m 142 |[39m     
     [90m 143 |[39m     
jest[33m.[39museRealTimers()[33m;[39m
     [90m 144 |[39m   })[33m;[39m[0m

      at Object.<anonymous> 
(tests/hooks-complete.test.js:141:39)

FAIL tests/module-complete.test.js
  ΓùÅ Module Init - Complete Coverage ΓÇ║ init hook is 
registered

    expect(jest.fn()).toHaveBeenCalledWith(...expected)

    Expected: "init", Any<Function>

    Number of calls: 0

    [0m [90m 26 |[39m   test([32m'init hook is 
registered'[39m[33m,[39m [36masync[39m () 
[33m=>[39m {
     [90m 27 |[39m     [36mawait[39m [36mimport[39m
([32m'../scripts/module.js'[39m)[33m;[39m
    [31m[1m>[22m[39m[90m 28 |[39m     expect([33mH
ooks[39m[33m.[39monce)[33m.[39mtoHaveBeenCalledWith(
[32m'init'[39m[33m,[39m 
expect[33m.[39many([33mFunction[39m))[33m;[39m
     [90m    |[39m                        
[31m[1m^[22m[39m
     [90m 29 |[39m   })[33m;[39m
     [90m 30 |[39m
     [90m 31 |[39m   test([32m'ready hook is 
registered'[39m[33m,[39m [36masync[39m () 
[33m=>[39m {[0m

      at Object.<anonymous> 
(tests/module-complete.test.js:28:24)

  ΓùÅ Module Init - Complete Coverage ΓÇ║ ready hook is 
registered

    expect(jest.fn()).toHaveBeenCalledWith(...expected)

    Expected: "ready", Any<Function>

    Number of calls: 0

    [0m [90m 31 |[39m   test([32m'ready hook is 
registered'[39m[33m,[39m [36masync[39m () 
[33m=>[39m {
     [90m 32 |[39m     [36mawait[39m [36mimport[39m
([32m'../scripts/module.js'[39m)[33m;[39m
    [31m[1m>[22m[39m[90m 33 |[39m     expect([33mH
ooks[39m[33m.[39monce)[33m.[39mtoHaveBeenCalledWith(
[32m'ready'[39m[33m,[39m 
expect[33m.[39many([33mFunction[39m))[33m;[39m
     [90m    |[39m                        
[31m[1m^[22m[39m
     [90m 34 |[39m   })[33m;[39m
     [90m 35 |[39m
     [90m 36 |[39m   test([32m'renderMacroDirectory 
hook is registered'[39m[33m,[39m [36masync[39m () 
[33m=>[39m {[0m

      at Object.<anonymous> 
(tests/module-complete.test.js:33:24)

  ΓùÅ Module Init - Complete Coverage ΓÇ║ 
renderMacroDirectory hook is registered

    expect(jest.fn()).toHaveBeenCalledWith(...expected)

    Expected: "renderMacroDirectory", Any<Function>

    Number of calls: 0

    [0m [90m 36 |[39m   
test([32m'renderMacroDirectory hook is 
registered'[39m[33m,[39m [36masync[39m () 
[33m=>[39m {
     [90m 37 |[39m     [36mawait[39m [36mimport[39m
([32m'../scripts/module.js'[39m)[33m;[39m
    [31m[1m>[22m[39m[90m 38 |[39m     expect([33mH
ooks[39m[33m.[39mon)[33m.[39mtoHaveBeenCalledWith([
32m'renderMacroDirectory'[39m[33m,[39m 
expect[33m.[39many([33mFunction[39m))[33m;[39m
     [90m    |[39m                      
[31m[1m^[22m[39m
     [90m 39 |[39m   })[33m;[39m
     [90m 40 |[39m
     [90m 41 |[39m   test([32m'init hook callback 
executes registerSettings'[39m[33m,[39m 
[36masync[39m () [33m=>[39m {[0m

      at Object.<anonymous> 
(tests/module-complete.test.js:38:22)

  ΓùÅ Module Init - Complete Coverage ΓÇ║ init and ready 
hooks execute in sequence

    expect(received).toBeDefined()

    Received: undefined

    [0m [90m 105 |[39m     [36mconst[39m readyCall 
[33m=[39m hookCalls[33m.[39mfind(call [33m=>[39m 
call[[35m0[39m] [33m===[39m 
[32m'ready'[39m)[33m;[39m
     [90m 106 |[39m     
    [31m[1m>[22m[39m[90m 107 |[39m     
expect(initCall)[33m.[39mtoBeDefined()[33m;[39m
     [90m     |[39m                      
[31m[1m^[22m[39m
     [90m 108 |[39m     
expect(readyCall)[33m.[39mtoBeDefined()[33m;[39m
     [90m 109 |[39m     
     [90m 110 |[39m     [36mif[39m (initCall 
[33m&&[39m readyCall) {[0m

      at Object.<anonymous> 
(tests/module-complete.test.js:107:22)

  ΓùÅ Module Init - Complete Coverage ΓÇ║ hooks are 
called only once per event

    expect(received).toBeGreaterThanOrEqual(expected)

    Expected: >= 1
    Received:    0

    [0m [90m 131 |[39m     
     [90m 132 |[39m     [90m// Each hook should be 
registered once[39m
    [31m[1m>[22m[39m[90m 133 |[39m     expect(initC
alls[33m.[39mlength)[33m.[39mtoBeGreaterThanOrEqual(
[35m1[39m)[33m;[39m
     [90m     |[39m                              
[31m[1m^[22m[39m
     [90m 134 |[39m     expect(readyCalls[33m.[39mlen
gth)[33m.[39mtoBeGreaterThanOrEqual([35m1[39m)[33m;
[39m
     [90m 135 |[39m   })[33m;[39m
     [90m 136 |[39m })[33m;[39m[0m

      at Object.<anonymous> 
(tests/module-complete.test.js:133:30)

FAIL tests/integration-workflow.test.js
  ΓùÅ Full Workflow Integration ΓÇ║ Animation helpers 
all cases

    expect(jest.fn()).toHaveBeenCalledWith(...expected)

    Expected: "rnk-visible"
    Received
           1: "rnk-hidden"
           2: "rnk-hidden"

    Number of calls: 2

    [0m [90m 261 |[39m     
     [90m 262 |[39m     
animateElement(mockElement[33m,[39m 
[32m'visible'[39m)[33m;[39m
    [31m[1m>[22m[39m[90m 263 |[39m     expect(mockE
lement[33m.[39mclassList[33m.[39madd)[33m.[39mtoHav
eBeenCalledWith([32m'rnk-visible'[39m)[33m;[39m
     [90m     |[39m                                    
   [31m[1m^[22m[39m
     [90m 264 |[39m     
     [90m 265 |[39m     [90m// Null safety[39m
     [90m 266 |[39m     expect(() [33m=>[39m 
animateElement([36mnull[39m[33m,[39m [32m'hidden'[3
9m))[33m.[39mnot[33m.[39mtoThrow()[33m;[39m[0m

      at Object.<anonymous> 
(tests/integration-workflow.test.js:263:39)

FAIL tests/edge-cases.test.js
  ΓùÅ Edge Cases and Integration Tests ΓÇ║ Styles - All 
Conditional Branches ΓÇ║ hideBackground + 
hideLeftControls + hideRightControls combo

    expect(received).toHaveBeenCalled()

    Matcher error: received value must be a mock or spy 
function

    Received has type:  function
    Received has value: [Function appendChild]

    [0m [90m 32 |[39m       [36mconst[39m { 
updateHotbarStyles } [33m=[39m [36mawait[39m [36mimp
ort[39m([32m'../scripts/styles.js'[39m)[33m;[39m
     [90m 33 |[39m       
updateHotbarStyles()[33m;[39m
    [31m[1m>[22m[39m[90m 34 |[39m       expect(docu
ment[33m.[39mhead[33m.[39mappendChild)[33m.[39mtoHa
veBeenCalled()[33m;[39m
     [90m    |[39m                                     
    [31m[1m^[22m[39m
     [90m 35 |[39m     })[33m;[39m
     [90m 36 |[39m
     [90m 37 |[39m     test([32m'all UI hiding 
features enabled simultaneously'[39m[33m,[39m 
[36masync[39m () [33m=>[39m {[0m

      at Object.<anonymous> 
(tests/edge-cases.test.js:34:41)

  ΓùÅ Edge Cases and Integration Tests ΓÇ║ Styles - All 
Conditional Branches ΓÇ║ all UI hiding features enabled 
simultaneously

    expect(received).toHaveBeenCalled()

    Matcher error: received value must be a mock or spy 
function

    Received has type:  function
    Received has value: [Function appendChild]

    [0m [90m 48 |[39m       [36mconst[39m { 
updateHotbarStyles } [33m=[39m [36mawait[39m [36mimp
ort[39m([32m'../scripts/styles.js'[39m)[33m;[39m
     [90m 49 |[39m       
updateHotbarStyles()[33m;[39m
    [31m[1m>[22m[39m[90m 50 |[39m       expect(docu
ment[33m.[39mhead[33m.[39mappendChild)[33m.[39mtoHa
veBeenCalled()[33m;[39m
     [90m    |[39m                                     
    [31m[1m^[22m[39m
     [90m 51 |[39m     })[33m;[39m
     [90m 52 |[39m
     [90m 53 |[39m     test([32m'hiddenSlots with all 
50 slots hidden'[39m[33m,[39m [36masync[39m () 
[33m=>[39m {[0m

      at Object.<anonymous> 
(tests/edge-cases.test.js:50:41)

  ΓùÅ Edge Cases and Integration Tests ΓÇ║ Styles - All 
Conditional Branches ΓÇ║ hiddenSlots with all 50 slots 
hidden

    expect(received).toHaveBeenCalled()

    Matcher error: received value must be a mock or spy 
function

    Received has type:  function
    Received has value: [Function appendChild]

    [0m [90m 64 |[39m       [36mconst[39m { 
updateHotbarStyles } [33m=[39m [36mawait[39m [36mimp
ort[39m([32m'../scripts/styles.js'[39m)[33m;[39m
     [90m 65 |[39m       
updateHotbarStyles()[33m;[39m
    [31m[1m>[22m[39m[90m 66 |[39m       expect(docu
ment[33m.[39mhead[33m.[39mappendChild)[33m.[39mtoHa
veBeenCalled()[33m;[39m
     [90m    |[39m                                     
    [31m[1m^[22m[39m
     [90m 67 |[39m     })[33m;[39m
     [90m 68 |[39m
     [90m 69 |[39m     test([32m'hiddenPages with all 
pages hidden'[39m[33m,[39m [36masync[39m () 
[33m=>[39m {[0m

      at Object.<anonymous> 
(tests/edge-cases.test.js:66:41)

  ΓùÅ Edge Cases and Integration Tests ΓÇ║ Styles - All 
Conditional Branches ΓÇ║ hiddenPages with all pages 
hidden

    expect(received).toHaveBeenCalled()

    Matcher error: received value must be a mock or spy 
function

    Received has type:  function
    Received has value: [Function appendChild]

    [0m [90m 77 |[39m       [36mconst[39m { 
updateHotbarStyles } [33m=[39m [36mawait[39m [36mimp
ort[39m([32m'../scripts/styles.js'[39m)[33m;[39m
     [90m 78 |[39m       
updateHotbarStyles()[33m;[39m
    [31m[1m>[22m[39m[90m 79 |[39m       expect(docu
ment[33m.[39mhead[33m.[39mappendChild)[33m.[39mtoHa
veBeenCalled()[33m;[39m
     [90m    |[39m                                     
    [31m[1m^[22m[39m
     [90m 80 |[39m     })[33m;[39m
     [90m 81 |[39m
     [90m 82 |[39m     test([32m'hiddenSidebarTabs 
with maximum tabs'[39m[33m,[39m [36masync[39m () 
[33m=>[39m {[0m

      at Object.<anonymous> 
(tests/edge-cases.test.js:79:41)

  ΓùÅ Edge Cases and Integration Tests ΓÇ║ Styles - All 
Conditional Branches ΓÇ║ hiddenSidebarTabs with maximum 
tabs

    expect(received).toHaveBeenCalled()

    Matcher error: received value must be a mock or spy 
function

    Received has type:  function
    Received has value: [Function appendChild]

    [0m [90m 92 |[39m       [36mconst[39m { 
updateHotbarStyles } [33m=[39m [36mawait[39m [36mimp
ort[39m([32m'../scripts/styles.js'[39m)[33m;[39m
     [90m 93 |[39m       
updateHotbarStyles()[33m;[39m
    [31m[1m>[22m[39m[90m 94 |[39m       expect(docu
ment[33m.[39mhead[33m.[39mappendChild)[33m.[39mtoHa
veBeenCalled()[33m;[39m
     [90m    |[39m                                     
    [31m[1m^[22m[39m
     [90m 95 |[39m     })[33m;[39m
     [90m 96 |[39m
     [90m 97 |[39m     test([32m'opacity at boundary 
0'[39m[33m,[39m [36masync[39m () [33m=>[39m {[0m

      at Object.<anonymous> 
(tests/edge-cases.test.js:94:41)

  ΓùÅ Edge Cases and Integration Tests ΓÇ║ Styles - All 
Conditional Branches ΓÇ║ opacity at boundary 0

    expect(received).toHaveBeenCalled()

    Matcher error: received value must be a mock or spy 
function

    Received has type:  function
    Received has value: [Function appendChild]

    [0m [90m 105 |[39m       [36mconst[39m { 
updateHotbarStyles } [33m=[39m [36mawait[39m [36mimp
ort[39m([32m'../scripts/styles.js'[39m)[33m;[39m
     [90m 106 |[39m       
updateHotbarStyles()[33m;[39m
    [31m[1m>[22m[39m[90m 107 |[39m       expect(doc
ument[33m.[39mhead[33m.[39mappendChild)[33m.[39mtoH
aveBeenCalled()[33m;[39m
     [90m     |[39m                                    
     [31m[1m^[22m[39m
     [90m 108 |[39m     })[33m;[39m
     [90m 109 |[39m
     [90m 110 |[39m     test([32m'non-GM with 
applyToGM false'[39m[33m,[39m [36masync[39m () 
[33m=>[39m {[0m

      at Object.<anonymous> 
(tests/edge-cases.test.js:107:41)

  ΓùÅ Edge Cases and Integration Tests ΓÇ║ Styles - All 
Conditional Branches ΓÇ║ non-GM with applyToGM false

    expect(received).toHaveBeenCalled()

    Matcher error: received value must be a mock or spy 
function

    Received has type:  function
    Received has value: [Function appendChild]

    [0m [90m 121 |[39m       [36mconst[39m { 
updateHotbarStyles } [33m=[39m [36mawait[39m [36mimp
ort[39m([32m'../scripts/styles.js'[39m)[33m;[39m
     [90m 122 |[39m       
updateHotbarStyles()[33m;[39m
    [31m[1m>[22m[39m[90m 123 |[39m       expect(doc
ument[33m.[39mhead[33m.[39mappendChild)[33m.[39mtoH
aveBeenCalled()[33m;[39m
     [90m     |[39m                                    
     [31m[1m^[22m[39m
     [90m 124 |[39m     })[33m;[39m
     [90m 125 |[39m   })[33m;[39m
     [90m 126 |[39m[0m

      at Object.<anonymous> 
(tests/edge-cases.test.js:123:41)

  ΓùÅ Edge Cases and Integration Tests ΓÇ║ Utils - All 
Function Paths ΓÇ║ updateStyleElement removes old style 
and creates new

    expect(received).toBe(expected) // Object.is equality

    Expected: "new content"
    Received: "old content"

    [0m [90m 194 |[39m       
updateStyleElement([32m'new content'[39m)[33m;[39m
     [90m 195 |[39m       
    [31m[1m>[22m[39m[90m 196 |[39m       expect(moc
kOldStyle[33m.[39mtextContent)[33m.[39mtoBe([32m'new
 content'[39m)[33m;[39m
     [90m     |[39m                                    
    [31m[1m^[22m[39m
     [90m 197 |[39m     })[33m;[39m
     [90m 198 |[39m   })[33m;[39m
     [90m 199 |[39m[0m

      at Object.<anonymous> 
(tests/edge-cases.test.js:196:40)

  ΓùÅ Edge Cases and Integration Tests ΓÇ║ Config - Form 
Data Processing ΓÇ║ _updateObject with extreme opacity 
values

    expect(jest.fn()).toHaveBeenCalledWith(...expected)

    Expected: Any<String>, "opacity", 0
    Received
           1: "rnk-hide-em", "hiddenSlots", {"1": false, 
"10": false, "11": false, "12": false, "13": false, 
"14": false, "15": false, "16": false, "17": false, 
"18": false, "19": false, "2": false, "20": false, "21": 
false, "22": false, "23": false, "24": false, "25": 
false, "26": false, "27": false, "28": false, "29": 
false, "3": false, "30": false, "31": false, "32": 
false, "33": false, "34": false, "35": false, "36": 
false, "37": false, "38": false, "39": false, "4": 
false, "40": false, "41": false, "42": false, "43": 
false, "44": false, "45": false, "46": false, "47": 
false, "48": false, "49": false, "5": false, "50": 
false, "6": false, "7": false, "8": false, "9": false}
           2: "rnk-hide-em", "hideBackground", false
           3: "rnk-hide-em", "applyToGM", false

    Number of calls: 30

    [0m [90m 278 |[39m       [36mawait[39m 
config[33m.[39m_updateObject({}[33m,[39m { 
opacity[33m:[39m [35m100[39m })[33m;[39m
     [90m 279 |[39m       
    [31m[1m>[22m[39m[90m 280 |[39m       expect(gam
e[33m.[39msettings[33m.[39m[36mset[39m)[33m.[39mt
oHaveBeenCalledWith(expect[33m.[39many([33mString[39m
)[33m,[39m [32m'opacity'[39m[33m,[39m 
[35m0[39m)[33m;[39m
     [90m     |[39m                                 
[31m[1m^[22m[39m
     [90m 281 |[39m       expect(game[33m.[39msetting
s[33m.[39m[36mset[39m)[33m.[39mtoHaveBeenCalledWith
(expect[33m.[39many([33mString[39m)[33m,[39m 
[32m'opacity'[39m[33m,[39m [35m100[39m)[33m;[39m
     [90m 282 |[39m     })[33m;[39m
     [90m 283 |[39m[0m

      at Object.<anonymous> 
(tests/edge-cases.test.js:280:33)

  ΓùÅ Edge Cases and Integration Tests ΓÇ║ Config - Form 
Data Processing ΓÇ║ _updateObject with extreme animation 
duration

    expect(jest.fn()).toHaveBeenCalledWith(...expected)

    Expected: Any<String>, "animationDuration", 0
    Received
           1: "rnk-hide-em", "hiddenSlots", {"1": false, 
"10": false, "11": false, "12": false, "13": false, 
"14": false, "15": false, "16": false, "17": false, 
"18": false, "19": false, "2": false, "20": false, "21": 
false, "22": false, "23": false, "24": false, "25": 
false, "26": false, "27": false, "28": false, "29": 
false, "3": false, "30": false, "31": false, "32": 
false, "33": false, "34": false, "35": false, "36": 
false, "37": false, "38": false, "39": false, "4": 
false, "40": false, "41": false, "42": false, "43": 
false, "44": false, "45": false, "46": false, "47": 
false, "48": false, "49": false, "5": false, "50": 
false, "6": false, "7": false, "8": false, "9": false}
           2: "rnk-hide-em", "hideBackground", false
           3: "rnk-hide-em", "applyToGM", false

    Number of calls: 30

    [0m [90m 289 |[39m       [36mawait[39m 
config[33m.[39m_updateObject({}[33m,[39m { 
animationDuration[33m:[39m [35m1000[39m })[33m;[39m
     [90m 290 |[39m       
    [31m[1m>[22m[39m[90m 291 |[39m       expect(gam
e[33m.[39msettings[33m.[39m[36mset[39m)[33m.[39mt
oHaveBeenCalledWith(expect[33m.[39many([33mString[39m
)[33m,[39m [32m'animationDuration'[39m[33m,[39m 
[35m0[39m)[33m;[39m
     [90m     |[39m                                 
[31m[1m^[22m[39m
     [90m 292 |[39m       expect(game[33m.[39msetting
s[33m.[39m[36mset[39m)[33m.[39mtoHaveBeenCalledWith
(expect[33m.[39many([33mString[39m)[33m,[39m 
[32m'animationDuration'[39m[33m,[39m 
[35m1000[39m)[33m;[39m
     [90m 293 |[39m     })[33m;[39m
     [90m 294 |[39m   })[33m;[39m[0m

      at Object.<anonymous> 
(tests/edge-cases.test.js:291:33)

  ΓùÅ Edge Cases and Integration Tests ΓÇ║ Export/Import 
- Full Cycle ΓÇ║ exportConfiguration with all settings 
populated

    expect(received).toHaveBeenCalled()

    Matcher error: received value must be a mock or spy 
function

    Received has type:  function
    Received has value: [Function appendChild]

    [0m [90m 393 |[39m       
exportConfiguration()[33m;[39m
     [90m 394 |[39m       
    [31m[1m>[22m[39m[90m 395 |[39m       expect(doc
ument[33m.[39mbody[33m.[39mappendChild)[33m.[39mtoH
aveBeenCalled()[33m;[39m
     [90m     |[39m                                    
     [31m[1m^[22m[39m
     [90m 396 |[39m       expect(ui[33m.[39mnotificat
ions[33m.[39minfo)[33m.[39mtoHaveBeenCalled()[33m;[
39m
     [90m 397 |[39m     })[33m;[39m
     [90m 398 |[39m[0m

      at Object.<anonymous> 
(tests/edge-cases.test.js:395:41)

  ΓùÅ Edge Cases and Integration Tests ΓÇ║ Export/Import 
- Full Cycle ΓÇ║ shareConfiguration with minimal settings

    TypeError: Cannot read properties of undefined 
(reading 'writeText')

    [0m [90m 140 |[39m   
     [90m 141 |[39m   [90m// Copy to clipboard[39m
    [31m[1m>[22m[39m[90m 142 |[39m   navigator[33m
.[39mclipboard[33m.[39mwriteText(base64)[33m.[39mthe
n(() [33m=>[39m {
     [90m     |[39m                       
[31m[1m^[22m[39m
     [90m 143 |[39m     notify([32m"Configuration 
code copied to clipboard!"[39m[33m,[39m 
[32m"info"[39m)[33m;[39m
     [90m 144 |[39m   })[33m.[39m[36mcatch[39m(() 
[33m=>[39m {
     [90m 145 |[39m     notify([32m"Failed to copy to 
clipboard"[39m[33m,[39m 
[32m"error"[39m)[33m;[39m[0m

      at writeText 
(scripts/features/export-import.js:142:23)
      at Object.<anonymous> 
(tests/edge-cases.test.js:406:22)

FAIL tests/branch-coverage.test.js
  ΓùÅ Branch Coverage - utils.js ΓÇ║ setSetting handles 
error

    test

    [0m [90m 268 |[39m
     [90m 269 |[39m   test([32m'setSetting handles 
error'[39m[33m,[39m [36masync[39m () [33m=>[39m {
    [31m[1m>[22m[39m[90m 270 |[39m     
game[33m.[39msettings[33m.[39m[36mset[39m 
[33m=[39m jest[33m.[39mfn(() [33m=>[39m { 
[36mthrow[39m [36mnew[39m 
[33mError[39m([32m'test'[39m)[33m;[39m 
})[33m;[39m
     [90m     |[39m                                    
           [31m[1m^[22m[39m
     [90m 271 |[39m     [36mconst[39m { setSetting } 
[33m=[39m [36mawait[39m [36mimport[39m([32m'../scr
ipts/utils.js'[39m)[33m;[39m
     [90m 272 |[39m     [36mawait[39m 
setSetting([32m'test'[39m[33m,[39m 
[32m'value'[39m)[33m;[39m
     [90m 273 |[39m     expect(ui[33m.[39mnotificatio
ns[33m.[39merror)[33m.[39mtoHaveBeenCalled()[33m;[3
9m[0m

      at Object.<anonymous> 
(tests/branch-coverage.test.js:270:47)
      at set (scripts/utils.js:29:25)
      at Object.<anonymous> 
(tests/branch-coverage.test.js:272:11)

FAIL tests/ultra-coverage.test.js
  ΓùÅ Ultra Complete Coverage Suite ΓÇ║ Styles Module - 
Every Branch ΓÇ║ GM with applyToGM false

    expect(jest.fn()).toHaveBeenCalled()

    Expected number of calls: >= 1
    Received number of calls:    0

    [0m [90m 109 |[39m       [36mconst[39m { 
updateHotbarStyles } [33m=[39m [36mawait[39m [36mimp
ort[39m([32m'../scripts/styles.js'[39m)[33m;[39m
     [90m 110 |[39m       
updateHotbarStyles()[33m;[39m
    [31m[1m>[22m[39m[90m 111 |[39m       
expect(appendSpy)[33m.[39mtoHaveBeenCalled()[33m;[39m
     [90m     |[39m                         
[31m[1m^[22m[39m
     [90m 112 |[39m       
appendSpy[33m.[39mmockRestore()[33m;[39m
     [90m 113 |[39m     })[33m;[39m
     [90m 114 |[39m[0m

      at Object.<anonymous> 
(tests/ultra-coverage.test.js:111:25)

  ΓùÅ Ultra Complete Coverage Suite ΓÇ║ Styles Module - 
Every Branch ΓÇ║ GM with applyToGM true

    expect(jest.fn()).toHaveBeenCalled()

    Expected number of calls: >= 1
    Received number of calls:    0

    [0m [90m 119 |[39m       [36mconst[39m { 
updateHotbarStyles } [33m=[39m [36mawait[39m [36mimp
ort[39m([32m'../scripts/styles.js'[39m)[33m;[39m
     [90m 120 |[39m       
updateHotbarStyles()[33m;[39m
    [31m[1m>[22m[39m[90m 121 |[39m       
expect(appendSpy)[33m.[39mtoHaveBeenCalled()[33m;[39m
     [90m     |[39m                         
[31m[1m^[22m[39m
     [90m 122 |[39m       
appendSpy[33m.[39mmockRestore()[33m;[39m
     [90m 123 |[39m     })[33m;[39m
     [90m 124 |[39m[0m

      at Object.<anonymous> 
(tests/ultra-coverage.test.js:121:25)

  ΓùÅ Ultra Complete Coverage Suite ΓÇ║ Styles Module - 
Every Branch ΓÇ║ non-GM user

    expect(jest.fn()).toHaveBeenCalled()

    Expected number of calls: >= 1
    Received number of calls:    0

    [0m [90m 129 |[39m       [36mconst[39m { 
updateHotbarStyles } [33m=[39m [36mawait[39m [36mimp
ort[39m([32m'../scripts/styles.js'[39m)[33m;[39m
     [90m 130 |[39m       
updateHotbarStyles()[33m;[39m
    [31m[1m>[22m[39m[90m 131 |[39m       
expect(appendSpy)[33m.[39mtoHaveBeenCalled()[33m;[39m
     [90m     |[39m                         
[31m[1m^[22m[39m
     [90m 132 |[39m       
appendSpy[33m.[39mmockRestore()[33m;[39m
     [90m 133 |[39m     })[33m;[39m
     [90m 134 |[39m[0m

      at Object.<anonymous> 
(tests/ultra-coverage.test.js:131:25)

  ΓùÅ Ultra Complete Coverage Suite ΓÇ║ Styles Module - 
Every Branch ΓÇ║ all hide features enabled

    expect(jest.fn()).toHaveBeenCalled()

    Expected number of calls: >= 1
    Received number of calls:    0

    [0m [90m 146 |[39m       [36mconst[39m { 
updateHotbarStyles } [33m=[39m [36mawait[39m [36mimp
ort[39m([32m'../scripts/styles.js'[39m)[33m;[39m
     [90m 147 |[39m       
updateHotbarStyles()[33m;[39m
    [31m[1m>[22m[39m[90m 148 |[39m       
expect(appendSpy)[33m.[39mtoHaveBeenCalled()[33m;[39m
     [90m     |[39m                         
[31m[1m^[22m[39m
     [90m 149 |[39m       
appendSpy[33m.[39mmockRestore()[33m;[39m
     [90m 150 |[39m     })[33m;[39m
     [90m 151 |[39m[0m

      at Object.<anonymous> 
(tests/ultra-coverage.test.js:148:25)

  ΓùÅ Ultra Complete Coverage Suite ΓÇ║ Styles Module - 
Every Branch ΓÇ║ opacity 0

    expect(jest.fn()).toHaveBeenCalled()

    Expected number of calls: >= 1
    Received number of calls:    0

    [0m [90m 155 |[39m       [36mconst[39m { 
updateHotbarStyles } [33m=[39m [36mawait[39m [36mimp
ort[39m([32m'../scripts/styles.js'[39m)[33m;[39m
     [90m 156 |[39m       
updateHotbarStyles()[33m;[39m
    [31m[1m>[22m[39m[90m 157 |[39m       
expect(appendSpy)[33m.[39mtoHaveBeenCalled()[33m;[39m
     [90m     |[39m                         
[31m[1m^[22m[39m
     [90m 158 |[39m       
appendSpy[33m.[39mmockRestore()[33m;[39m
     [90m 159 |[39m     })[33m;[39m
     [90m 160 |[39m[0m

      at Object.<anonymous> 
(tests/ultra-coverage.test.js:157:25)

  ΓùÅ Ultra Complete Coverage Suite ΓÇ║ Styles Module - 
Every Branch ΓÇ║ opacity 100

    expect(jest.fn()).toHaveBeenCalled()

    Expected number of calls: >= 1
    Received number of calls:    0

    [0m [90m 164 |[39m       [36mconst[39m { 
updateHotbarStyles } [33m=[39m [36mawait[39m [36mimp
ort[39m([32m'../scripts/styles.js'[39m)[33m;[39m
     [90m 165 |[39m       
updateHotbarStyles()[33m;[39m
    [31m[1m>[22m[39m[90m 166 |[39m       
expect(appendSpy)[33m.[39mtoHaveBeenCalled()[33m;[39m
     [90m     |[39m                         
[31m[1m^[22m[39m
     [90m 167 |[39m       
appendSpy[33m.[39mmockRestore()[33m;[39m
     [90m 168 |[39m     })[33m;[39m
     [90m 169 |[39m[0m

      at Object.<anonymous> 
(tests/ultra-coverage.test.js:166:25)

  ΓùÅ Ultra Complete Coverage Suite ΓÇ║ Styles Module - 
Every Branch ΓÇ║ all 50 slots hidden

    expect(jest.fn()).toHaveBeenCalled()

    Expected number of calls: >= 1
    Received number of calls:    0

    [0m [90m 175 |[39m       [36mconst[39m { 
updateHotbarStyles } [33m=[39m [36mawait[39m [36mimp
ort[39m([32m'../scripts/styles.js'[39m)[33m;[39m
     [90m 176 |[39m       
updateHotbarStyles()[33m;[39m
    [31m[1m>[22m[39m[90m 177 |[39m       
expect(appendSpy)[33m.[39mtoHaveBeenCalled()[33m;[39m
     [90m     |[39m                         
[31m[1m^[22m[39m
     [90m 178 |[39m       
appendSpy[33m.[39mmockRestore()[33m;[39m
     [90m 179 |[39m     })[33m;[39m
     [90m 180 |[39m[0m

      at Object.<anonymous> 
(tests/ultra-coverage.test.js:177:25)

  ΓùÅ Ultra Complete Coverage Suite ΓÇ║ Styles Module - 
Every Branch ΓÇ║ all 5 pages hidden

    expect(jest.fn()).toHaveBeenCalled()

    Expected number of calls: >= 1
    Received number of calls:    0

    [0m [90m 184 |[39m       [36mconst[39m { 
updateHotbarStyles } [33m=[39m [36mawait[39m [36mimp
ort[39m([32m'../scripts/styles.js'[39m)[33m;[39m
     [90m 185 |[39m       
updateHotbarStyles()[33m;[39m
    [31m[1m>[22m[39m[90m 186 |[39m       
expect(appendSpy)[33m.[39mtoHaveBeenCalled()[33m;[39m
     [90m     |[39m                         
[31m[1m^[22m[39m
     [90m 187 |[39m       
appendSpy[33m.[39mmockRestore()[33m;[39m
     [90m 188 |[39m     })[33m;[39m
     [90m 189 |[39m[0m

      at Object.<anonymous> 
(tests/ultra-coverage.test.js:186:25)

  ΓùÅ Ultra Complete Coverage Suite ΓÇ║ Styles Module - 
Every Branch ΓÇ║ all sidebar tabs hidden

    expect(jest.fn()).toHaveBeenCalled()

    Expected number of calls: >= 1
    Received number of calls:    0

    [0m [90m 193 |[39m       [36mconst[39m { 
updateHotbarStyles } [33m=[39m [36mawait[39m [36mimp
ort[39m([32m'../scripts/styles.js'[39m)[33m;[39m
     [90m 194 |[39m       
updateHotbarStyles()[33m;[39m
    [31m[1m>[22m[39m[90m 195 |[39m       
expect(appendSpy)[33m.[39mtoHaveBeenCalled()[33m;[39m
     [90m     |[39m                         
[31m[1m^[22m[39m
     [90m 196 |[39m       
appendSpy[33m.[39mmockRestore()[33m;[39m
     [90m 197 |[39m     })[33m;[39m
     [90m 198 |[39m   })[33m;[39m[0m

      at Object.<anonymous> 
(tests/ultra-coverage.test.js:195:25)

  ΓùÅ Ultra Complete Coverage Suite ΓÇ║ Hooks Module - 
Every Hook ΓÇ║ readyHook applies styles

    expect(jest.fn()).toHaveBeenCalled()

    Expected number of calls: >= 1
    Received number of calls:    0

    [0m [90m 289 |[39m       [36mconst[39m { 
readyHook } [33m=[39m [36mawait[39m [36mimport[39m(
[32m'../scripts/hooks.js'[39m)[33m;[39m
     [90m 290 |[39m       readyHook()[33m;[39m
    [31m[1m>[22m[39m[90m 291 |[39m       
expect(appendSpy)[33m.[39mtoHaveBeenCalled()[33m;[39m
     [90m     |[39m                         
[31m[1m^[22m[39m
     [90m 292 |[39m       
appendSpy[33m.[39mmockRestore()[33m;[39m
     [90m 293 |[39m     })[33m;[39m
     [90m 294 |[39m[0m

      at Object.<anonymous> 
(tests/ultra-coverage.test.js:291:25)

  ΓùÅ Ultra Complete Coverage Suite ΓÇ║ Hooks Module - 
Every Hook ΓÇ║ hotbarCollapseHook with timer

    expect(jest.fn()).toHaveBeenCalled()

    Expected number of calls: >= 1
    Received number of calls:    0

    [0m [90m 316 |[39m       
hotbarCollapseHook()[33m;[39m
     [90m 317 |[39m       jest[33m.[39madvanceTimersB
yTime([35m100[39m)[33m;[39m
    [31m[1m>[22m[39m[90m 318 |[39m       
expect(appendSpy)[33m.[39mtoHaveBeenCalled()[33m;[39m
     [90m     |[39m                         
[31m[1m^[22m[39m
     [90m 319 |[39m       
jest[33m.[39museRealTimers()[33m;[39m
     [90m 320 |[39m       
appendSpy[33m.[39mmockRestore()[33m;[39m
     [90m 321 |[39m     })[33m;[39m[0m

      at Object.<anonymous> 
(tests/ultra-coverage.test.js:318:25)

  ΓùÅ Ultra Complete Coverage Suite ΓÇ║ Export/Import 
Module - Every Function ΓÇ║ exportConfiguration full

    expect(received).toHaveBeenCalled()

    Matcher error: received value must be a mock or spy 
function

    Received has type:  function
    Received has value: [Function appendChild]

    [0m [90m 373 |[39m       [36mconst[39m { 
exportConfiguration } [33m=[39m [36mawait[39m [36mim
port[39m([32m'../scripts/features/export-import.js'[39
m)[33m;[39m
     [90m 374 |[39m       
exportConfiguration()[33m;[39m
    [31m[1m>[22m[39m[90m 375 |[39m       expect(doc
ument[33m.[39mbody[33m.[39mappendChild)[33m.[39mtoH
aveBeenCalled()[33m;[39m
     [90m     |[39m                                    
     [31m[1m^[22m[39m
     [90m 376 |[39m     })[33m;[39m
     [90m 377 |[39m   })[33m;[39m
     [90m 378 |[39m[0m

      at Object.<anonymous> 
(tests/ultra-coverage.test.js:375:41)

FAIL tests/module-init.test.js
  ΓùÅ Module Initialization ΓÇ║ ready hook calls 
initialization functions

    expect(received).toBeDefined()

    Received: undefined

    [0m [90m 105 |[39m     
     [90m 106 |[39m     [36mconst[39m readyCall 
[33m=[39m global[33m.[39m[33mHooks[39m[33m.[39mon
ce[33m.[39mmock[33m.[39mcalls[33m.[39mfind(call 
[33m=>[39m call[[35m0[39m] [33m===[39m 
[32m'ready'[39m)[33m;[39m
    [31m[1m>[22m[39m[90m 107 |[39m     
expect(readyCall)[33m.[39mtoBeDefined()[33m;[39m
     [90m     |[39m                       
[31m[1m^[22m[39m
     [90m 108 |[39m     
     [90m 109 |[39m     [90m// Execute the ready 
callback[39m
     [90m 110 |[39m     [36mif[39m (readyCall) {[0m

      at Object.<anonymous> 
(tests/module-init.test.js:107:23)

  ΓùÅ Module Initialization ΓÇ║ renderMacroDirectory 
hook exists

    expect(received).toBeDefined()

    Received: undefined

    [0m [90m 122 |[39m       call [33m=>[39m 
call[[35m0[39m] [33m===[39m 
[32m'renderMacroDirectory'[39m
     [90m 123 |[39m     )[33m;[39m
    [31m[1m>[22m[39m[90m 124 |[39m     
expect(renderCall)[33m.[39mtoBeDefined()[33m;[39m
     [90m     |[39m                        
[31m[1m^[22m[39m
     [90m 125 |[39m   })[33m;[39m
     [90m 126 |[39m })[33m;[39m
     [90m 127 |[39m[0m

      at Object.<anonymous> 
(tests/module-init.test.js:124:24)

FAIL tests/deep-coverage.test.js
  ΓùÅ Hooks - All Callback Paths ΓÇ║ hotbarCollapseHook 
executes after timeout

    expect(received).toHaveBeenCalled()

    Matcher error: received value must be a mock or spy 
function

    Received has type:  function
    Received has value: [Function getElementById]

    [0m [90m 193 |[39m     
hotbarCollapseHook()[33m;[39m
     [90m 194 |[39m     jest[33m.[39madvanceTimersByT
ime([35m100[39m)[33m;[39m
    [31m[1m>[22m[39m[90m 195 |[39m     expect(docum
ent[33m.[39mgetElementById)[33m.[39mtoHaveBeenCalled(
)[33m;[39m
     [90m     |[39m                                    
 [31m[1m^[22m[39m
     [90m 196 |[39m     
jest[33m.[39museRealTimers()[33m;[39m
     [90m 197 |[39m   })[33m;[39m
     [90m 198 |[39m[0m

      at Object.<anonymous> 
(tests/deep-coverage.test.js:195:37)

  ΓùÅ Hooks - All Callback Paths ΓÇ║ initHook keybinding 
callback execution

    TypeError: Cannot read properties of undefined 
(reading 'onDown')

    [0m [90m 201 |[39m     initHook()[33m;[39m
     [90m 202 |[39m     [36mconst[39m keybindingCall 
[33m=[39m game[33m.[39mkeybindings[33m.[39mregister
[33m.[39mmock[33m.[39mcalls[[35m0[39m][33m;[39m
    [31m[1m>[22m[39m[90m 203 |[39m     
[36mconst[39m callback [33m=[39m 
keybindingCall[[35m3[39m][33m.[39monDown[33m;[39m
     [90m     |[39m                                    
    [31m[1m^[22m[39m
     [90m 204 |[39m     expect([36mtypeof[39m 
callback)[33m.[39mtoBe([32m'function'[39m)[33m;[39m
     [90m 205 |[39m   })[33m;[39m
     [90m 206 |[39m[0m

      at Object.<anonymous> 
(tests/deep-coverage.test.js:203:40)

  ΓùÅ Config - All Form Processing Paths ΓÇ║ 
_updateObject with all boolean settings

    expect(jest.fn()).toHaveBeenCalledTimes(expected)

    Expected number of calls: 10
    Received number of calls: 15

    [0m [90m 297 |[39m     }[33m;[39m
     [90m 298 |[39m     [36mawait[39m 
config[33m.[39m_updateObject({}[33m,[39m 
formData)[33m;[39m
    [31m[1m>[22m[39m[90m 299 |[39m     expect(game
[33m.[39msettings[33m.[39m[36mset[39m)[33m.[39mtoH
aveBeenCalledTimes([35m10[39m)[33m;[39m
     [90m     |[39m                               
[31m[1m^[22m[39m
     [90m 300 |[39m   })[33m;[39m
     [90m 301 |[39m
     [90m 302 |[39m   test([32m'_updateObject with 
opacity value'[39m[33m,[39m [36masync[39m () 
[33m=>[39m {[0m

      at Object.<anonymous> 
(tests/deep-coverage.test.js:299:31)

  ΓùÅ Config - All Form Processing Paths ΓÇ║ getData 
returns tabs array

    expect(received).toBeDefined()

    Received: undefined

    [0m [90m 340 |[39m     [36mconst[39m config 
[33m=[39m [36mnew[39m 
[33mHideHotbarConfig[39m()[33m;[39m
     [90m 341 |[39m     [36mconst[39m data 
[33m=[39m config[33m.[39mgetData()[33m;[39m
    [31m[1m>[22m[39m[90m 342 |[39m     expect(data
[33m.[39mtabs)[33m.[39mtoBeDefined()[33m;[39m
     [90m     |[39m                       
[31m[1m^[22m[39m
     [90m 343 |[39m   })[33m;[39m
     [90m 344 |[39m
     [90m 345 |[39m   test([32m'render method returns 
this'[39m[33m,[39m [36masync[39m () [33m=>[39m 
{[0m

      at Object.<anonymous> 
(tests/deep-coverage.test.js:342:23)

  ΓùÅ Utils - All Error Paths ΓÇ║ setSetting with error 
shows notification

    Settings error

    [0m [90m 372 |[39m   test([32m'setSetting with 
error shows notification'[39m[33m,[39m 
[36masync[39m () [33m=>[39m {
     [90m 373 |[39m     
game[33m.[39msettings[33m.[39m[36mset[39m 
[33m=[39m jest[33m.[39mfn(() [33m=>[39m {
    [31m[1m>[22m[39m[90m 374 |[39m       
[36mthrow[39m [36mnew[39m 
[33mError[39m([32m'Settings error'[39m)[33m;[39m
     [90m     |[39m             [31m[1m^[22m[39m
     [90m 375 |[39m     })[33m;[39m
     [90m 376 |[39m     [36mconst[39m { setSetting } 
[33m=[39m [36mawait[39m [36mimport[39m([32m'../scr
ipts/utils.js'[39m)[33m;[39m
     [90m 377 |[39m     [36mawait[39m 
setSetting([32m'test'[39m[33m,[39m 
[32m'value'[39m)[33m;[39m[0m

      at Object.<anonymous> 
(tests/deep-coverage.test.js:374:13)
      at set (scripts/utils.js:29:25)
      at Object.<anonymous> 
(tests/deep-coverage.test.js:377:11)

  ΓùÅ Utils - All Error Paths ΓÇ║ updateStyleElement 
creates new style element

    TypeError: Failed to execute 'appendChild' on 
'Node': parameter 1 is not of type 'Node'.

    [0m [90m 87 |[39m     styleElement [33m=[39m doc
ument[33m.[39mcreateElement([32m"style"[39m)[33m;[3
9m
     [90m 88 |[39m     styleElement[33m.[39mid 
[33m=[39m [33mCSS_IDS[39m[33m.[39m[33mSTYLE_ELEMEN
T[39m[33m;[39m
    [31m[1m>[22m[39m[90m 89 |[39m     document[33m
.[39mhead[33m.[39mappendChild(styleElement)[33m;[39m
     [90m    |[39m                   
[31m[1m^[22m[39m
     [90m 90 |[39m   }
     [90m 91 |[39m   
styleElement[33m.[39mtextContent [33m=[39m 
css[33m;[39m
     [90m 92 |[39m }[0m

      at Object.exports.convert (node_modules/jsdom/lib/j
sdom/living/generated/Node.js:25:9)
      at HTMLHeadElement.appendChild (node_modules/jsdom/
lib/jsdom/living/generated/Node.js:404:26)
      at appendChild (scripts/utils.js:89:19)
      at Object.<anonymous> 
(tests/deep-coverage.test.js:440:5)

  ΓùÅ Settings - All onChange Callbacks ΓÇ║ opacity 
onChange callback triggers

    TypeError: Cannot read properties of undefined 
(reading '2')

    [0m [90m 465 |[39m       call [33m=>[39m 
call[[35m1[39m] [33m===[39m [32m'opacity'[39m
     [90m 466 |[39m     )[33m;[39m
    [31m[1m>[22m[39m[90m 467 |[39m     expect(opaci
tySetting[[35m2[39m][33m.[39monChange)[33m.[39mtoBe
Defined()[33m;[39m
     [90m     |[39m                          
[31m[1m^[22m[39m
     [90m 468 |[39m   })[33m;[39m
     [90m 469 |[39m
     [90m 470 |[39m   test([32m'hideBackground 
onChange callback triggers'[39m[33m,[39m 
[36masync[39m () [33m=>[39m {[0m

      at Object.<anonymous> 
(tests/deep-coverage.test.js:467:26)

FAIL tests/ultimate-100.test.js
  ΓùÅ Ultimate 100% Coverage ΓÇ║ module.js - Complete 
init hook coverage ΓÇ║ Handlebars helpers are registered 
and executed

    ReferenceError: jest is not defined

    [0m [90m  9 |[39m describe([32m'Ultimate 100% 
Coverage'[39m[33m,[39m () [33m=>[39m {
     [90m 10 |[39m   beforeEach(() [33m=>[39m {
    [31m[1m>[22m[39m[90m 11 |[39m     
jest[33m.[39mclearAllMocks()[33m;[39m
     [90m    |[39m     [31m[1m^[22m[39m
     [90m 12 |[39m     
jest[33m.[39mresetModules()[33m;[39m
     [90m 13 |[39m   })[33m;[39m
     [90m 14 |[39m[0m

      at Object.<anonymous> 
(tests/ultimate-100.test.js:11:5)

  ΓùÅ Ultimate 100% Coverage ΓÇ║ hooks.js - 
hotbarCollapseHook ΓÇ║ hotbarCollapseHook executes 
updateHotbarStyles

    ReferenceError: jest is not defined

    [0m [90m  9 |[39m describe([32m'Ultimate 100% 
Coverage'[39m[33m,[39m () [33m=>[39m {
     [90m 10 |[39m   beforeEach(() [33m=>[39m {
    [31m[1m>[22m[39m[90m 11 |[39m     
jest[33m.[39mclearAllMocks()[33m;[39m
     [90m    |[39m     [31m[1m^[22m[39m
     [90m 12 |[39m     
jest[33m.[39mresetModules()[33m;[39m
     [90m 13 |[39m   })[33m;[39m
     [90m 14 |[39m[0m

      at Object.<anonymous> 
(tests/ultimate-100.test.js:11:5)

  ΓùÅ Ultimate 100% Coverage ΓÇ║ export-import.js - 
shareConfiguration complete ΓÇ║ shareConfiguration 
copies to clipboard

    ReferenceError: jest is not defined

    [0m [90m  9 |[39m describe([32m'Ultimate 100% 
Coverage'[39m[33m,[39m () [33m=>[39m {
     [90m 10 |[39m   beforeEach(() [33m=>[39m {
    [31m[1m>[22m[39m[90m 11 |[39m     
jest[33m.[39mclearAllMocks()[33m;[39m
     [90m    |[39m     [31m[1m^[22m[39m
     [90m 12 |[39m     
jest[33m.[39mresetModules()[33m;[39m
     [90m 13 |[39m   })[33m;[39m
     [90m 14 |[39m[0m

      at Object.<anonymous> 
(tests/ultimate-100.test.js:11:5)

  ΓùÅ Ultimate 100% Coverage ΓÇ║ config.js - All 
uncovered methods ΓÇ║ HideHotbarConfig showConfig static 
method

    ReferenceError: jest is not defined

    [0m [90m  9 |[39m describe([32m'Ultimate 100% 
Coverage'[39m[33m,[39m () [33m=>[39m {
     [90m 10 |[39m   beforeEach(() [33m=>[39m {
    [31m[1m>[22m[39m[90m 11 |[39m     
jest[33m.[39mclearAllMocks()[33m;[39m
     [90m    |[39m     [31m[1m^[22m[39m
     [90m 12 |[39m     
jest[33m.[39mresetModules()[33m;[39m
     [90m 13 |[39m   })[33m;[39m
     [90m 14 |[39m[0m

      at Object.<anonymous> 
(tests/ultimate-100.test.js:11:5)

  ΓùÅ Ultimate 100% Coverage ΓÇ║ config.js - All 
uncovered methods ΓÇ║ HideHotbarConfig close method

    ReferenceError: jest is not defined

    [0m [90m  9 |[39m describe([32m'Ultimate 100% 
Coverage'[39m[33m,[39m () [33m=>[39m {
     [90m 10 |[39m   beforeEach(() [33m=>[39m {
    [31m[1m>[22m[39m[90m 11 |[39m     
jest[33m.[39mclearAllMocks()[33m;[39m
     [90m    |[39m     [31m[1m^[22m[39m
     [90m 12 |[39m     
jest[33m.[39mresetModules()[33m;[39m
     [90m 13 |[39m   })[33m;[39m
     [90m 14 |[39m[0m

      at Object.<anonymous> 
(tests/ultimate-100.test.js:11:5)

  ΓùÅ Ultimate 100% Coverage ΓÇ║ config.js - All 
uncovered methods ΓÇ║ HideHotbarConfig getData with all 
options

    ReferenceError: jest is not defined

    [0m [90m  9 |[39m describe([32m'Ultimate 100% 
Coverage'[39m[33m,[39m () [33m=>[39m {
     [90m 10 |[39m   beforeEach(() [33m=>[39m {
    [31m[1m>[22m[39m[90m 11 |[39m     
jest[33m.[39mclearAllMocks()[33m;[39m
     [90m    |[39m     [31m[1m^[22m[39m
     [90m 12 |[39m     
jest[33m.[39mresetModules()[33m;[39m
     [90m 13 |[39m   })[33m;[39m
     [90m 14 |[39m[0m

      at Object.<anonymous> 
(tests/ultimate-100.test.js:11:5)

  ΓùÅ Ultimate 100% Coverage ΓÇ║ config.js - All 
uncovered methods ΓÇ║ HideHotbarConfig activateListeners 
all button types

    ReferenceError: jest is not defined

    [0m [90m  9 |[39m describe([32m'Ultimate 100% 
Coverage'[39m[33m,[39m () [33m=>[39m {
     [90m 10 |[39m   beforeEach(() [33m=>[39m {
    [31m[1m>[22m[39m[90m 11 |[39m     
jest[33m.[39mclearAllMocks()[33m;[39m
     [90m    |[39m     [31m[1m^[22m[39m
     [90m 12 |[39m     
jest[33m.[39mresetModules()[33m;[39m
     [90m 13 |[39m   })[33m;[39m
     [90m 14 |[39m[0m

      at Object.<anonymous> 
(tests/ultimate-100.test.js:11:5)

  ΓùÅ Ultimate 100% Coverage ΓÇ║ config.js - All 
uncovered methods ΓÇ║ HideHotbarConfig _updateObject 
with all settings

    ReferenceError: jest is not defined

    [0m [90m  9 |[39m describe([32m'Ultimate 100% 
Coverage'[39m[33m,[39m () [33m=>[39m {
     [90m 10 |[39m   beforeEach(() [33m=>[39m {
    [31m[1m>[22m[39m[90m 11 |[39m     
jest[33m.[39mclearAllMocks()[33m;[39m
     [90m    |[39m     [31m[1m^[22m[39m
     [90m 12 |[39m     
jest[33m.[39mresetModules()[33m;[39m
     [90m 13 |[39m   })[33m;[39m
     [90m 14 |[39m[0m

      at Object.<anonymous> 
(tests/ultimate-100.test.js:11:5)

  ΓùÅ Ultimate 100% Coverage ΓÇ║ settings.js - All 
onChange callbacks ΓÇ║ registerSettings triggers all 
onChange handlers

    ReferenceError: jest is not defined

    [0m [90m  9 |[39m describe([32m'Ultimate 100% 
Coverage'[39m[33m,[39m () [33m=>[39m {
     [90m 10 |[39m   beforeEach(() [33m=>[39m {
    [31m[1m>[22m[39m[90m 11 |[39m     
jest[33m.[39mclearAllMocks()[33m;[39m
     [90m    |[39m     [31m[1m^[22m[39m
     [90m 12 |[39m     
jest[33m.[39mresetModules()[33m;[39m
     [90m 13 |[39m   })[33m;[39m
     [90m 14 |[39m[0m

      at Object.<anonymous> 
(tests/ultimate-100.test.js:11:5)

  ΓùÅ Ultimate 100% Coverage ΓÇ║ presets.js - All 
functions ΓÇ║ getAllPresets returns presets

    ReferenceError: jest is not defined

    [0m [90m  9 |[39m describe([32m'Ultimate 100% 
Coverage'[39m[33m,[39m () [33m=>[39m {
     [90m 10 |[39m   beforeEach(() [33m=>[39m {
    [31m[1m>[22m[39m[90m 11 |[39m     
jest[33m.[39mclearAllMocks()[33m;[39m
     [90m    |[39m     [31m[1m^[22m[39m
     [90m 12 |[39m     
jest[33m.[39mresetModules()[33m;[39m
     [90m 13 |[39m   })[33m;[39m
     [90m 14 |[39m[0m

      at Object.<anonymous> 
(tests/ultimate-100.test.js:11:5)

  ΓùÅ Ultimate 100% Coverage ΓÇ║ presets.js - All 
functions ΓÇ║ savePreset creates new preset

    ReferenceError: jest is not defined

    [0m [90m  9 |[39m describe([32m'Ultimate 100% 
Coverage'[39m[33m,[39m () [33m=>[39m {
     [90m 10 |[39m   beforeEach(() [33m=>[39m {
    [31m[1m>[22m[39m[90m 11 |[39m     
jest[33m.[39mclearAllMocks()[33m;[39m
     [90m    |[39m     [31m[1m^[22m[39m
     [90m 12 |[39m     
jest[33m.[39mresetModules()[33m;[39m
     [90m 13 |[39m   })[33m;[39m
     [90m 14 |[39m[0m

      at Object.<anonymous> 
(tests/ultimate-100.test.js:11:5)

  ΓùÅ Ultimate 100% Coverage ΓÇ║ presets.js - All 
functions ΓÇ║ loadPreset applies preset

    ReferenceError: jest is not defined

    [0m [90m  9 |[39m describe([32m'Ultimate 100% 
Coverage'[39m[33m,[39m () [33m=>[39m {
     [90m 10 |[39m   beforeEach(() [33m=>[39m {
    [31m[1m>[22m[39m[90m 11 |[39m     
jest[33m.[39mclearAllMocks()[33m;[39m
     [90m    |[39m     [31m[1m^[22m[39m
     [90m 12 |[39m     
jest[33m.[39mresetModules()[33m;[39m
     [90m 13 |[39m   })[33m;[39m
     [90m 14 |[39m[0m

      at Object.<anonymous> 
(tests/ultimate-100.test.js:11:5)

  ΓùÅ Ultimate 100% Coverage ΓÇ║ presets.js - All 
functions ΓÇ║ loadPreset with missing preset

    ReferenceError: jest is not defined

    [0m [90m  9 |[39m describe([32m'Ultimate 100% 
Coverage'[39m[33m,[39m () [33m=>[39m {
     [90m 10 |[39m   beforeEach(() [33m=>[39m {
    [31m[1m>[22m[39m[90m 11 |[39m     
jest[33m.[39mclearAllMocks()[33m;[39m
     [90m    |[39m     [31m[1m^[22m[39m
     [90m 12 |[39m     
jest[33m.[39mresetModules()[33m;[39m
     [90m 13 |[39m   })[33m;[39m
     [90m 14 |[39m[0m

      at Object.<anonymous> 
(tests/ultimate-100.test.js:11:5)

  ΓùÅ Ultimate 100% Coverage ΓÇ║ utils.js - All 
uncovered branches ΓÇ║ getSetting with default value

    ReferenceError: jest is not defined

    [0m [90m  9 |[39m describe([32m'Ultimate 100% 
Coverage'[39m[33m,[39m () [33m=>[39m {
     [90m 10 |[39m   beforeEach(() [33m=>[39m {
    [31m[1m>[22m[39m[90m 11 |[39m     
jest[33m.[39mclearAllMocks()[33m;[39m
     [90m    |[39m     [31m[1m^[22m[39m
     [90m 12 |[39m     
jest[33m.[39mresetModules()[33m;[39m
     [90m 13 |[39m   })[33m;[39m
     [90m 14 |[39m[0m

      at Object.<anonymous> 
(tests/ultimate-100.test.js:11:5)

  ΓùÅ Ultimate 100% Coverage ΓÇ║ utils.js - All 
uncovered branches ΓÇ║ setSetting with error

    ReferenceError: jest is not defined

    [0m [90m  9 |[39m describe([32m'Ultimate 100% 
Coverage'[39m[33m,[39m () [33m=>[39m {
     [90m 10 |[39m   beforeEach(() [33m=>[39m {
    [31m[1m>[22m[39m[90m 11 |[39m     
jest[33m.[39mclearAllMocks()[33m;[39m
     [90m    |[39m     [31m[1m^[22m[39m
     [90m 12 |[39m     
jest[33m.[39mresetModules()[33m;[39m
     [90m 13 |[39m   })[33m;[39m
     [90m 14 |[39m[0m

      at Object.<anonymous> 
(tests/ultimate-100.test.js:11:5)

  ΓùÅ Ultimate 100% Coverage ΓÇ║ utils.js - All 
uncovered branches ΓÇ║ log with different levels

    ReferenceError: jest is not defined

    [0m [90m  9 |[39m describe([32m'Ultimate 100% 
Coverage'[39m[33m,[39m () [33m=>[39m {
     [90m 10 |[39m   beforeEach(() [33m=>[39m {
    [31m[1m>[22m[39m[90m 11 |[39m     
jest[33m.[39mclearAllMocks()[33m;[39m
     [90m    |[39m     [31m[1m^[22m[39m
     [90m 12 |[39m     
jest[33m.[39mresetModules()[33m;[39m
     [90m 13 |[39m   })[33m;[39m
     [90m 14 |[39m[0m

      at Object.<anonymous> 
(tests/ultimate-100.test.js:11:5)

  ΓùÅ Ultimate 100% Coverage ΓÇ║ utils.js - All 
uncovered branches ΓÇ║ notify with all types

    ReferenceError: jest is not defined

    [0m [90m  9 |[39m describe([32m'Ultimate 100% 
Coverage'[39m[33m,[39m () [33m=>[39m {
     [90m 10 |[39m   beforeEach(() [33m=>[39m {
    [31m[1m>[22m[39m[90m 11 |[39m     
jest[33m.[39mclearAllMocks()[33m;[39m
     [90m    |[39m     [31m[1m^[22m[39m
     [90m 12 |[39m     
jest[33m.[39mresetModules()[33m;[39m
     [90m 13 |[39m   })[33m;[39m
     [90m 14 |[39m[0m

      at Object.<anonymous> 
(tests/ultimate-100.test.js:11:5)

  ΓùÅ Ultimate 100% Coverage ΓÇ║ utils.js - All 
uncovered branches ΓÇ║ updateStyleElement with null css

    ReferenceError: jest is not defined

    [0m [90m  9 |[39m describe([32m'Ultimate 100% 
Coverage'[39m[33m,[39m () [33m=>[39m {
     [90m 10 |[39m   beforeEach(() [33m=>[39m {
    [31m[1m>[22m[39m[90m 11 |[39m     
jest[33m.[39mclearAllMocks()[33m;[39m
     [90m    |[39m     [31m[1m^[22m[39m
     [90m 12 |[39m     
jest[33m.[39mresetModules()[33m;[39m
     [90m 13 |[39m   })[33m;[39m
     [90m 14 |[39m[0m

      at Object.<anonymous> 
(tests/ultimate-100.test.js:11:5)

  ΓùÅ Ultimate 100% Coverage ΓÇ║ styles.js - All 
functions and branches ΓÇ║ updateHotbarStyles with all 
settings combinations

    ReferenceError: jest is not defined

    [0m [90m  9 |[39m describe([32m'Ultimate 100% 
Coverage'[39m[33m,[39m () [33m=>[39m {
     [90m 10 |[39m   beforeEach(() [33m=>[39m {
    [31m[1m>[22m[39m[90m 11 |[39m     
jest[33m.[39mclearAllMocks()[33m;[39m
     [90m    |[39m     [31m[1m^[22m[39m
     [90m 12 |[39m     
jest[33m.[39mresetModules()[33m;[39m
     [90m 13 |[39m   })[33m;[39m
     [90m 14 |[39m[0m

      at Object.<anonymous> 
(tests/ultimate-100.test.js:11:5)

  ΓùÅ Ultimate 100% Coverage ΓÇ║ styles.js - All 
functions and branches ΓÇ║ getHiddenSlotsCSS with 
various slot patterns

    ReferenceError: jest is not defined

    [0m [90m  9 |[39m describe([32m'Ultimate 100% 
Coverage'[39m[33m,[39m () [33m=>[39m {
     [90m 10 |[39m   beforeEach(() [33m=>[39m {
    [31m[1m>[22m[39m[90m 11 |[39m     
jest[33m.[39mclearAllMocks()[33m;[39m
     [90m    |[39m     [31m[1m^[22m[39m
     [90m 12 |[39m     
jest[33m.[39mresetModules()[33m;[39m
     [90m 13 |[39m   })[33m;[39m
     [90m 14 |[39m[0m

      at Object.<anonymous> 
(tests/ultimate-100.test.js:11:5)

  ΓùÅ Ultimate 100% Coverage ΓÇ║ styles.js - All 
functions and branches ΓÇ║ getAnimationSpeed with 
various values

    ReferenceError: jest is not defined

    [0m [90m  9 |[39m describe([32m'Ultimate 100% 
Coverage'[39m[33m,[39m () [33m=>[39m {
     [90m 10 |[39m   beforeEach(() [33m=>[39m {
    [31m[1m>[22m[39m[90m 11 |[39m     
jest[33m.[39mclearAllMocks()[33m;[39m
     [90m    |[39m     [31m[1m^[22m[39m
     [90m 12 |[39m     
jest[33m.[39mresetModules()[33m;[39m
     [90m 13 |[39m   })[33m;[39m
     [90m 14 |[39m[0m

      at Object.<anonymous> 
(tests/ultimate-100.test.js:11:5)

  ΓùÅ Ultimate 100% Coverage ΓÇ║ animation.js - All 
animation types ΓÇ║ getAnimationCSS with all types

    ReferenceError: jest is not defined

    [0m [90m  9 |[39m describe([32m'Ultimate 100% 
Coverage'[39m[33m,[39m () [33m=>[39m {
     [90m 10 |[39m   beforeEach(() [33m=>[39m {
    [31m[1m>[22m[39m[90m 11 |[39m     
jest[33m.[39mclearAllMocks()[33m;[39m
     [90m    |[39m     [31m[1m^[22m[39m
     [90m 12 |[39m     
jest[33m.[39mresetModules()[33m;[39m
     [90m 13 |[39m   })[33m;[39m
     [90m 14 |[39m[0m

      at Object.<anonymous> 
(tests/ultimate-100.test.js:11:5)

  ΓùÅ Ultimate 100% Coverage ΓÇ║ animation.js - All 
animation types ΓÇ║ animateElement with hidden true/false

    ReferenceError: jest is not defined

    [0m [90m  9 |[39m describe([32m'Ultimate 100% 
Coverage'[39m[33m,[39m () [33m=>[39m {
     [90m 10 |[39m   beforeEach(() [33m=>[39m {
    [31m[1m>[22m[39m[90m 11 |[39m     
jest[33m.[39mclearAllMocks()[33m;[39m
     [90m    |[39m     [31m[1m^[22m[39m
     [90m 12 |[39m     
jest[33m.[39mresetModules()[33m;[39m
     [90m 13 |[39m   })[33m;[39m
     [90m 14 |[39m[0m

      at Object.<anonymous> 
(tests/ultimate-100.test.js:11:5)

  ΓùÅ Ultimate 100% Coverage ΓÇ║ hooks.js - 
renderMacroDirectoryHook edge cases ΓÇ║ 
renderMacroDirectoryHook with complex DOM

    ReferenceError: jest is not defined

    [0m [90m  9 |[39m describe([32m'Ultimate 100% 
Coverage'[39m[33m,[39m () [33m=>[39m {
     [90m 10 |[39m   beforeEach(() [33m=>[39m {
    [31m[1m>[22m[39m[90m 11 |[39m     
jest[33m.[39mclearAllMocks()[33m;[39m
     [90m    |[39m     [31m[1m^[22m[39m
     [90m 12 |[39m     
jest[33m.[39mresetModules()[33m;[39m
     [90m 13 |[39m   })[33m;[39m
     [90m 14 |[39m[0m

      at Object.<anonymous> 
(tests/ultimate-100.test.js:11:5)

  ΓùÅ Ultimate 100% Coverage ΓÇ║ export-import.js - 
importConfiguration all conditional branches ΓÇ║ 
importConfiguration with mixed conditional settings

    ReferenceError: jest is not defined

    [0m [90m  9 |[39m describe([32m'Ultimate 100% 
Coverage'[39m[33m,[39m () [33m=>[39m {
     [90m 10 |[39m   beforeEach(() [33m=>[39m {
    [31m[1m>[22m[39m[90m 11 |[39m     
jest[33m.[39mclearAllMocks()[33m;[39m
     [90m    |[39m     [31m[1m^[22m[39m
     [90m 12 |[39m     
jest[33m.[39mresetModules()[33m;[39m
     [90m 13 |[39m   })[33m;[39m
     [90m 14 |[39m[0m

      at Object.<anonymous> 
(tests/ultimate-100.test.js:11:5)

FAIL tests/export-import-advanced.test.js
  ΓùÅ Export/Import Advanced Coverage ΓÇ║ 
loadSharedConfiguration with valid URL

    expect(jest.fn()).toHaveBeenCalled()

    Expected number of calls: >= 1
    Received number of calls:    0

    [0m [90m 275 |[39m     [36mconst[39m result 
[33m=[39m [36mawait[39m loadSharedConfiguration([32m
'https://example.com/config.json'[39m)[33m;[39m
     [90m 276 |[39m     
    [31m[1m>[22m[39m[90m 277 |[39m     
expect(fetch)[33m.[39mtoHaveBeenCalled()[33m;[39m
     [90m     |[39m                   
[31m[1m^[22m[39m
     [90m 278 |[39m     expect([33mDialog[39m[33m.[
39mconfirm)[33m.[39mtoHaveBeenCalled()[33m;[39m
     [90m 279 |[39m     expect(game[33m.[39msettings
[33m.[39m[36mset[39m)[33m.[39mtoHaveBeenCalled()[33
m;[39m
     [90m 280 |[39m     expect(result)[33m.[39mtoBe(
[36mtrue[39m)[33m;[39m[0m

      at Object.<anonymous> 
(tests/export-import-advanced.test.js:277:19)

  ΓùÅ Export/Import Advanced Coverage ΓÇ║ 
loadSharedConfiguration with fetch error

    expect(jest.fn()).toHaveBeenCalled()

    Expected number of calls: >= 1
    Received number of calls:    0

    [0m [90m 293 |[39m     [36mconst[39m result 
[33m=[39m [36mawait[39m loadSharedConfiguration([32m
'https://example.com/missing.json'[39m)[33m;[39m
     [90m 294 |[39m     
    [31m[1m>[22m[39m[90m 295 |[39m     
expect(fetch)[33m.[39mtoHaveBeenCalled()[33m;[39m
     [90m     |[39m                   
[31m[1m^[22m[39m
     [90m 296 |[39m     
expect(result)[33m.[39mtoBe([36mfalse[39m)[33m;[39m
     [90m 297 |[39m   })[33m;[39m
     [90m 298 |[39m[0m

      at Object.<anonymous> 
(tests/export-import-advanced.test.js:295:19)

  ΓùÅ Export/Import Advanced Coverage ΓÇ║ 
loadSharedConfiguration user cancels

    expect(jest.fn()).toHaveBeenCalled()

    Expected number of calls: >= 1
    Received number of calls:    0

    [0m [90m 336 |[39m     [36mconst[39m result 
[33m=[39m [36mawait[39m loadSharedConfiguration([32m
'https://example.com/config.json'[39m)[33m;[39m
     [90m 337 |[39m     
    [31m[1m>[22m[39m[90m 338 |[39m     expect([33m
Dialog[39m[33m.[39mconfirm)[33m.[39mtoHaveBeenCalled
()[33m;[39m
     [90m     |[39m                            
[31m[1m^[22m[39m
     [90m 339 |[39m     expect(game[33m.[39msettings
[33m.[39m[36mset[39m)[33m.[39mnot[33m.[39mtoHaveBe
enCalled()[33m;[39m
     [90m 340 |[39m     
expect(result)[33m.[39mtoBe([36mfalse[39m)[33m;[39m
     [90m 341 |[39m   })[33m;[39m[0m

      at Object.<anonymous> 
(tests/export-import-advanced.test.js:338:28)

FAIL tests/settings-complete.test.js
  ΓùÅ Settings Module - Complete Coverage ΓÇ║ onChange 
callbacks call updateHotbarStyles

    expect(received).toHaveBeenCalled()

    Matcher error: received value must be a mock or spy 
function

    Received has type:  function
    Received has value: [Function appendChild]

    [0m [90m 68 |[39m       [36mconst[39m 
onChangeCallback [33m=[39m settingWithOnChange[[35m2[
39m][33m.[39monChange[33m;[39m
     [90m 69 |[39m       onChangeCallback()[33m;[39m
    [31m[1m>[22m[39m[90m 70 |[39m       expect(docu
ment[33m.[39mhead[33m.[39mappendChild)[33m.[39mtoHa
veBeenCalled()[33m;[39m
     [90m    |[39m                                     
    [31m[1m^[22m[39m
     [90m 71 |[39m     }
     [90m 72 |[39m   })[33m;[39m
     [90m 73 |[39m[0m

      at Object.<anonymous> 
(tests/settings-complete.test.js:70:41)

  ΓùÅ Settings Module - Complete Coverage ΓÇ║ opacity 
setting is registered with range

    expect(received).toBeDefined()

    Received: undefined

    [0m [90m 93 |[39m     )[33m;[39m
     [90m 94 |[39m     
    [31m[1m>[22m[39m[90m 95 |[39m     
expect(opacityCall)[33m.[39mtoBeDefined()[33m;[39m
     [90m    |[39m                         
[31m[1m^[22m[39m
     [90m 96 |[39m     expect(opacityCall[[35m2[39m]
[33m.[39mtype)[33m.[39mtoBe([33mNumber[39m)[33m;[3
9m
     [90m 97 |[39m     expect(opacityCall[[35m2[39m]
[33m.[39mrange)[33m.[39mtoBeDefined()[33m;[39m
     [90m 98 |[39m   })[33m;[39m[0m

      at Object.<anonymous> 
(tests/settings-complete.test.js:95:25)

  ΓùÅ Settings Module - Complete Coverage ΓÇ║ presets 
setting is registered as Object

    expect(received).toBe(expected) // Object.is equality

    Expected: [Function Object]
    Received: [Function Array]

    [0m [90m 120 |[39m     
     [90m 121 |[39m     
expect(presetsCall)[33m.[39mtoBeDefined()[33m;[39m
    [31m[1m>[22m[39m[90m 122 |[39m     expect(prese
tsCall[[35m2[39m][33m.[39mtype)[33m.[39mtoBe([33mO
bject[39m)[33m;[39m
     [90m     |[39m                                 
[31m[1m^[22m[39m
     [90m 123 |[39m     expect(presetsCall[[35m2[39m]
[33m.[39m[36mdefault[39m)[33m.[39mtoEqual([])[33m;
[39m
     [90m 124 |[39m   })[33m;[39m
     [90m 125 |[39m[0m

      at Object.<anonymous> 
(tests/settings-complete.test.js:122:33)

  ΓùÅ Settings Module - Complete Coverage ΓÇ║ 
hiddenPages setting is registered as Object

    expect(received).toBe(expected) // Object.is equality

    Expected: [Function Object]
    Received: [Function Array]

    [0m [90m 133 |[39m     
     [90m 134 |[39m     
expect(pagesCall)[33m.[39mtoBeDefined()[33m;[39m
    [31m[1m>[22m[39m[90m 135 |[39m     expect(pages
Call[[35m2[39m][33m.[39mtype)[33m.[39mtoBe([33mObj
ect[39m)[33m;[39m
     [90m     |[39m                               
[31m[1m^[22m[39m
     [90m 136 |[39m   })[33m;[39m
     [90m 137 |[39m
     [90m 138 |[39m   test([32m'all new hiding 
features are registered'[39m[33m,[39m [36masync[39m 
() [33m=>[39m {[0m

      at Object.<anonymous> 
(tests/settings-complete.test.js:135:31)

  ΓùÅ Settings Module - Complete Coverage ΓÇ║ settings 
have proper i18n keys

    expect(received).toHaveProperty(path)

    Expected path: "name"
    Received path: []

    Received value: {"config": false, "default": {}, 
"onChange": [Function onChange], "scope": "world", 
"type": [Function Object]}

    [0m [90m 204 |[39m     
     [90m 205 |[39m     
registerCalls[33m.[39mforEach(call [33m=>[39m {
    [31m[1m>[22m[39m[90m 206 |[39m       expect(cal
l[[35m2[39m])[33m.[39mtoHaveProperty([32m'name'[39m
)[33m;[39m
     [90m     |[39m                       
[31m[1m^[22m[39m
     [90m 207 |[39m       expect(call[[35m2[39m])[33
m.[39mtoHaveProperty([32m'hint'[39m)[33m;[39m
     [90m 208 |[39m     })[33m;[39m
     [90m 209 |[39m   })[33m;[39m[0m

      at tests/settings-complete.test.js:206:23
          at Array.forEach (<anonymous>)
      at Object.<anonymous> 
(tests/settings-complete.test.js:205:19)

FAIL tests/config-complete-coverage.test.js
  ΓùÅ Config.js Complete Function Coverage ΓÇ║ getData 
returns complete data object

    expect(received).toBeDefined()

    Received: undefined

    [0m [90m 55 |[39m     expect(data[33m.[39mslots)
[33m.[39mtoBeDefined()[33m;[39m
     [90m 56 |[39m     expect(data[33m.[39mpages)[33
m.[39mtoBeDefined()[33m;[39m
    [31m[1m>[22m[39m[90m 57 |[39m     expect(data[
33m.[39mtabs)[33m.[39mtoBeDefined()[33m;[39m
     [90m    |[39m                       
[31m[1m^[22m[39m
     [90m 58 |[39m     expect(data[33m.[39mopacity)[
33m.[39mtoBe([35m75[39m)[33m;[39m
     [90m 59 |[39m     expect(data[33m.[39manimationD
uration)[33m.[39mtoBe([35m300[39m)[33m;[39m
     [90m 60 |[39m     expect(data[33m.[39mhideBackgr
ound)[33m.[39mtoBe([36mtrue[39m)[33m;[39m[0m

      at Object.<anonymous> 
(tests/config-complete-coverage.test.js:57:23)

  ΓùÅ Config.js Complete Function Coverage ΓÇ║ getData 
slots array has correct structure

    TypeError: hiddenPages.includes is not a function

    [0m [90m 66 |[39m       pages[33m.[39mpush({
     [90m 67 |[39m         n[33m:[39m i[33m,[39m
    [31m[1m>[22m[39m[90m 68 |[39m         
hidden[33m:[39m hiddenPages[33m.[39mincludes(i)
     [90m    |[39m                             
[31m[1m^[22m[39m
     [90m 69 |[39m       })[33m;[39m
     [90m 70 |[39m     }
     [90m 71 |[39m[0m

      at HideHotbarConfig.includes [as getData] 
(scripts/config.js:68:29)
      at Object.<anonymous> 
(tests/config-complete-coverage.test.js:71:25)

  ΓùÅ Config.js Complete Function Coverage ΓÇ║ getData 
pages array has correct structure

    expect(received).toHaveProperty(path)

    Expected path: "number"
    Received path: []

    Received value: {"hidden": true, "n": 1}

    [0m [90m 91 |[39m     
     [90m 92 |[39m     expect(data[33m.[39mpages[33m
.[39mlength)[33m.[39mtoBe([35m5[39m)[33m;[39m
    [31m[1m>[22m[39m[90m 93 |[39m     expect(data[
33m.[39mpages[[35m0[39m])[33m.[39mtoHaveProperty([3
2m'number'[39m)[33m;[39m
     [90m    |[39m                           
[31m[1m^[22m[39m
     [90m 94 |[39m     expect(data[33m.[39mpages[[35
m0[39m])[33m.[39mtoHaveProperty([32m'hidden'[39m)[3
3m;[39m
     [90m 95 |[39m     expect(data[33m.[39mpages[[35
m0[39m][33m.[39mhidden)[33m.[39mtoBe([36mtrue[39m)
[33m;[39m
     [90m 96 |[39m     expect(data[33m.[39mpages[[35
m2[39m][33m.[39mhidden)[33m.[39mtoBe([36mtrue[39m)
[33m;[39m[0m

      at Object.<anonymous> 
(tests/config-complete-coverage.test.js:93:27)

  ΓùÅ Config.js Complete Function Coverage ΓÇ║ getData 
tabs array has correct structure

    TypeError: hiddenPages.includes is not a function

    [0m [90m 66 |[39m       pages[33m.[39mpush({
     [90m 67 |[39m         n[33m:[39m i[33m,[39m
    [31m[1m>[22m[39m[90m 68 |[39m         
hidden[33m:[39m hiddenPages[33m.[39mincludes(i)
     [90m    |[39m                             
[31m[1m^[22m[39m
     [90m 69 |[39m       })[33m;[39m
     [90m 70 |[39m     }
     [90m 71 |[39m[0m

      at HideHotbarConfig.includes [as getData] 
(scripts/config.js:68:29)
      at Object.<anonymous> 
(tests/config-complete-coverage.test.js:108:25)

  ΓùÅ Config.js Complete Function Coverage ΓÇ║ 
_updateObject processes slot checkboxes correctly

    expect(received).toEqual(expected) // deep equality

    - Expected  -  0
    + Received  + 47

      Object {
        "1": true,
        "10": true,
    +   "11": false,
    +   "12": false,
    +   "13": false,
    +   "14": false,
    +   "15": false,
    +   "16": false,
    +   "17": false,
    +   "18": false,
    +   "19": false,
    +   "2": false,
    +   "20": false,
    +   "21": false,
    +   "22": false,
    +   "23": false,
    +   "24": false,
    +   "25": false,
    +   "26": false,
    +   "27": false,
    +   "28": false,
    +   "29": false,
    +   "3": false,
    +   "30": false,
    +   "31": false,
    +   "32": false,
    +   "33": false,
    +   "34": false,
    +   "35": false,
    +   "36": false,
    +   "37": false,
    +   "38": false,
    +   "39": false,
    +   "4": false,
    +   "40": false,
    +   "41": false,
    +   "42": false,
    +   "43": false,
    +   "44": false,
    +   "45": false,
    +   "46": false,
    +   "47": false,
    +   "48": false,
    +   "49": false,
    +   "5": false,
        "50": true,
    +   "6": false,
    +   "7": false,
    +   "8": false,
    +   "9": false,
      }

    [0m [90m 133 |[39m     )[33m;[39m
     [90m 134 |[39m     expect(hiddenSlotsCall)[33m.[
39mtoBeDefined()[33m;[39m
    [31m[1m>[22m[39m[90m 135 |[39m     expect(hidde
nSlotsCall[[35m2[39m])[33m.[39mtoEqual({[35m1[39m[
33m:[39m [36mtrue[39m[33m,[39m 
[35m10[39m[33m:[39m [36mtrue[39m[33m,[39m 
[35m50[39m[33m:[39m [36mtrue[39m})[33m;[39m
     [90m     |[39m                                
[31m[1m^[22m[39m
     [90m 136 |[39m   })[33m;[39m
     [90m 137 |[39m
     [90m 138 |[39m   test([32m'_updateObject 
processes page checkboxes correctly'[39m[33m,[39m 
[36masync[39m () [33m=>[39m {[0m

      at Object.<anonymous> 
(tests/config-complete-coverage.test.js:135:32)

  ΓùÅ Config.js Complete Function Coverage ΓÇ║ 
_updateObject processes sidebar tab checkboxes correctly

    expect(received).toContain(expected) // indexOf

    Expected value: "chat"
    Received array: []

    [0m [90m 174 |[39m     )[33m;[39m
     [90m 175 |[39m     
expect(hiddenTabsCall)[33m.[39mtoBeDefined()[33m;[39m
    [31m[1m>[22m[39m[90m 176 |[39m     expect(hidde
nTabsCall[[35m2[39m])[33m.[39mtoContain([32m'chat'[
39m)[33m;[39m
     [90m     |[39m                               
[31m[1m^[22m[39m
     [90m 177 |[39m     expect(hiddenTabsCall[[35m2[3
9m])[33m.[39mtoContain([32m'scenes'[39m)[33m;[39m
     [90m 178 |[39m     expect(hiddenTabsCall[[35m2[3
9m])[33m.[39mnot[33m.[39mtoContain([32m'combat'[39m
)[33m;[39m
     [90m 179 |[39m   })[33m;[39m[0m

      at Object.<anonymous> 
(tests/config-complete-coverage.test.js:176:31)

  ΓùÅ Config.js Complete Function Coverage ΓÇ║ 
_updateObject processes numeric settings

    expect(jest.fn()).toHaveBeenCalledWith(...expected)

    Expected: Any<String>, "opacity", 85
    Received
           1: "rnk-hide-em", "hiddenSlots", {"1": false, 
"10": false, "11": false, "12": false, "13": false, 
"14": false, "15": false, "16": false, "17": false, 
"18": false, "19": false, "2": false, "20": false, "21": 
false, "22": false, "23": false, "24": false, "25": 
false, "26": false, "27": false, "28": false, "29": 
false, "3": false, "30": false, "31": false, "32": 
false, "33": false, "34": false, "35": false, "36": 
false, "37": false, "38": false, "39": false, "4": 
false, "40": false, "41": false, "42": false, "43": 
false, "44": false, "45": false, "46": false, "47": 
false, "48": false, "49": false, "5": false, "50": 
false, "6": false, "7": false, "8": false, "9": false}
           2: "rnk-hide-em", "hideBackground", false
           3: "rnk-hide-em", "applyToGM", false

    Number of calls: 15

    [0m [90m 209 |[39m     [36mawait[39m 
config[33m.[39m_updateObject({}[33m,[39m 
formData)[33m;[39m
     [90m 210 |[39m     
    [31m[1m>[22m[39m[90m 211 |[39m     expect(game
[33m.[39msettings[33m.[39m[36mset[39m)[33m.[39mtoH
aveBeenCalledWith(expect[33m.[39many([33mString[39m)
[33m,[39m [32m'opacity'[39m[33m,[39m 
[35m85[39m)[33m;[39m
     [90m     |[39m                               
[31m[1m^[22m[39m
     [90m 212 |[39m     expect(game[33m.[39msettings
[33m.[39m[36mset[39m)[33m.[39mtoHaveBeenCalledWith(e
xpect[33m.[39many([33mString[39m)[33m,[39m 
[32m'animationDuration'[39m[33m,[39m 
[35m450[39m)[33m;[39m
     [90m 213 |[39m   })[33m;[39m
     [90m 214 |[39m[0m

      at Object.<anonymous> 
(tests/config-complete-coverage.test.js:211:31)

  ΓùÅ Config.js Complete Function Coverage ΓÇ║ 
_updateObject with completely empty formData

    expect(received).toEqual(expected) // deep equality

    - Expected  -  1
    + Received  + 52

    - Object {}
    + Object {
    +   "1": false,
    +   "10": false,
    +   "11": false,
    +   "12": false,
    +   "13": false,
    +   "14": false,
    +   "15": false,
    +   "16": false,
    +   "17": false,
    +   "18": false,
    +   "19": false,
    +   "2": false,
    +   "20": false,
    +   "21": false,
    +   "22": false,
    +   "23": false,
    +   "24": false,
    +   "25": false,
    +   "26": false,
    +   "27": false,
    +   "28": false,
    +   "29": false,
    +   "3": false,
    +   "30": false,
    +   "31": false,
    +   "32": false,
    +   "33": false,
    +   "34": false,
    +   "35": false,
    +   "36": false,
    +   "37": false,
    +   "38": false,
    +   "39": false,
    +   "4": false,
    +   "40": false,
    +   "41": false,
    +   "42": false,
    +   "43": false,
    +   "44": false,
    +   "45": false,
    +   "46": false,
    +   "47": false,
    +   "48": false,
    +   "49": false,
    +   "5": false,
    +   "50": false,
    +   "6": false,
    +   "7": false,
    +   "8": false,
    +   "9": false,
    + }

    [0m [90m 223 |[39m     )[33m;[39m
     [90m 224 |[39m     expect(hiddenSlotsCall)[33m.[
39mtoBeDefined()[33m;[39m
    [31m[1m>[22m[39m[90m 225 |[39m     expect(hidde
nSlotsCall[[35m2[39m])[33m.[39mtoEqual({})[33m;[39m
     [90m     |[39m                                
[31m[1m^[22m[39m
     [90m 226 |[39m   })[33m;[39m
     [90m 227 |[39m
     [90m 228 |[39m   test([32m'activateListeners 
with valid html'[39m[33m,[39m [36masync[39m () 
[33m=>[39m {[0m

      at Object.<anonymous> 
(tests/config-complete-coverage.test.js:225:32)

  ΓùÅ Config.js Complete Function Coverage ΓÇ║ 
activateListeners with valid html

    TypeError: Cannot read properties of null (reading 
'click')

    [0m [90m 114 |[39m
     [90m 115 |[39m     [90m// Select all/none 
buttons[39m
    [31m[1m>[22m[39m[90m 116 |[39m     html[33m.[
39mfind([32m".select-all-slots"[39m)[33m.[39mclick(()
 [33m=>[39m 
[36mthis[39m[33m.[39m_selectAllSlots(html[33m,[39m 
[36mtrue[39m))[33m;[39m
     [90m     |[39m                                   
[31m[1m^[22m[39m
     [90m 117 |[39m     html[33m.[39mfind([32m".sele
ct-none-slots"[39m)[33m.[39mclick(() [33m=>[39m 
[36mthis[39m[33m.[39m_selectAllSlots(html[33m,[39m 
[36mfalse[39m))[33m;[39m
     [90m 118 |[39m     
     [90m 119 |[39m     [90m// Page selection[39m[0m

      at HideHotbarConfig.activateListeners 
(scripts/config.js:116:35)
      at Object.<anonymous> 
(tests/config-complete-coverage.test.js:247:12)

  ΓùÅ Config.js Complete Function Coverage ΓÇ║ 
activateListeners reset button callback

    TypeError: html.find(...).click is not a function

    [0m [90m 114 |[39m
     [90m 115 |[39m     [90m// Select all/none 
buttons[39m
    [31m[1m>[22m[39m[90m 116 |[39m     html[33m.[
39mfind([32m".select-all-slots"[39m)[33m.[39mclick(()
 [33m=>[39m 
[36mthis[39m[33m.[39m_selectAllSlots(html[33m,[39m 
[36mtrue[39m))[33m;[39m
     [90m     |[39m                                    
[31m[1m^[22m[39m
     [90m 117 |[39m     html[33m.[39mfind([32m".sele
ct-none-slots"[39m)[33m.[39mclick(() [33m=>[39m 
[36mthis[39m[33m.[39m_selectAllSlots(html[33m,[39m 
[36mfalse[39m))[33m;[39m
     [90m 118 |[39m     
     [90m 119 |[39m     [90m// Page selection[39m[0m

      at HideHotbarConfig.click [as activateListeners] 
(scripts/config.js:116:36)
      at Object.<anonymous> 
(tests/config-complete-coverage.test.js:265:12)

  ΓùÅ Config.js Complete Function Coverage ΓÇ║ config 
handles all 50 slots

    TypeError: hiddenPages.includes is not a function

    [0m [90m 66 |[39m       pages[33m.[39mpush({
     [90m 67 |[39m         n[33m:[39m i[33m,[39m
    [31m[1m>[22m[39m[90m 68 |[39m         
hidden[33m:[39m hiddenPages[33m.[39mincludes(i)
     [90m    |[39m                             
[31m[1m^[22m[39m
     [90m 69 |[39m       })[33m;[39m
     [90m 70 |[39m     }
     [90m 71 |[39m[0m

      at HideHotbarConfig.includes [as getData] 
(scripts/config.js:68:29)
      at Object.<anonymous> 
(tests/config-complete-coverage.test.js:299:25)

  ΓùÅ Config.js Complete Function Coverage ΓÇ║ config 
handles all sidebar tabs

    TypeError: hiddenPages.includes is not a function

    [0m [90m 66 |[39m       pages[33m.[39mpush({
     [90m 67 |[39m         n[33m:[39m i[33m,[39m
    [31m[1m>[22m[39m[90m 68 |[39m         
hidden[33m:[39m hiddenPages[33m.[39mincludes(i)
     [90m    |[39m                             
[31m[1m^[22m[39m
     [90m 69 |[39m       })[33m;[39m
     [90m 70 |[39m     }
     [90m 71 |[39m[0m

      at HideHotbarConfig.includes [as getData] 
(scripts/config.js:68:29)
      at Object.<anonymous> 
(tests/config-complete-coverage.test.js:325:25)

FAIL tests/remaining-coverage.test.js
  ΓùÅ Utils Remaining Coverage ΓÇ║ setSetting with error 
returns false

    Settings error

    [0m [90m 38 |[39m   test([32m'setSetting with 
error returns false'[39m[33m,[39m [36masync[39m () 
[33m=>[39m {
     [90m 39 |[39m     
game[33m.[39msettings[33m.[39m[36mset[39m 
[33m=[39m jest[33m.[39mfn(() [33m=>[39m {
    [31m[1m>[22m[39m[90m 40 |[39m       
[36mthrow[39m [36mnew[39m 
[33mError[39m([32m'Settings error'[39m)[33m;[39m
     [90m    |[39m             [31m[1m^[22m[39m
     [90m 41 |[39m     })[33m;[39m
     [90m 42 |[39m     
     [90m 43 |[39m     [36mconst[39m { setSetting } 
[33m=[39m [36mawait[39m [36mimport[39m([32m'../scr
ipts/utils.js'[39m)[33m;[39m[0m

      at Object.<anonymous> 
(tests/remaining-coverage.test.js:40:13)
      at set (scripts/utils.js:29:25)
      at Object.<anonymous> 
(tests/remaining-coverage.test.js:44:26)

  ΓùÅ Utils Remaining Coverage ΓÇ║ log with invalid 
level defaults to log

    TypeError: console[level] is not a function

    [0m [90m  98 |[39m [90m */[39m
     [90m  99 |[39m [36mexport[39m 
[36mfunction[39m log(message[33m,[39m level 
[33m=[39m [32m"log"[39m) {
    [31m[1m>[22m[39m[90m 100 |[39m   
console[level]([32m`${MODULE_ID} | 
${message}`[39m)[33m;[39m
     [90m     |[39m                 
[31m[1m^[22m[39m
     [90m 101 |[39m }
     [90m 102 |[39m
     [90m 103 |[39m [90m/**[39m[0m

      at log (scripts/utils.js:100:17)
      at Object.<anonymous> 
(tests/remaining-coverage.test.js:54:5)

  ΓùÅ Utils Remaining Coverage ΓÇ║ notify with invalid 
type defaults to info

    TypeError: ui.notifications[type] is not a function

    [0m [90m 107 |[39m [90m */[39m
     [90m 108 |[39m [36mexport[39m 
[36mfunction[39m notify(message[33m,[39m type 
[33m=[39m [32m"info"[39m) {
    [31m[1m>[22m[39m[90m 109 |[39m   
ui[33m.[39mnotifications[type](message)[33m;[39m
     [90m     |[39m                         
[31m[1m^[22m[39m
     [90m 110 |[39m }
     [90m 111 |[39m[0m

      at notify (scripts/utils.js:109:25)
      at Object.<anonymous> 
(tests/remaining-coverage.test.js:63:5)

  ΓùÅ Settings onChange Handlers ΓÇ║ hideBackground 
onChange updates styles

    expect(received).toHaveBeenCalled()

    Matcher error: received value must be a mock or spy 
function

    Received has type:  function
    Received has value: [Function getElementById]

    [0m [90m 80 |[39m     [36mif[39m (setting 
[33m&&[39m setting[[35m2[39m][33m.[39monChange) {
     [90m 81 |[39m       setting[[35m2[39m][33m.[39
monChange([36mtrue[39m)[33m;[39m
    [31m[1m>[22m[39m[90m 82 |[39m       expect(docu
ment[33m.[39mgetElementById)[33m.[39mtoHaveBeenCalled
()[33m;[39m
     [90m    |[39m                                     
  [31m[1m^[22m[39m
     [90m 83 |[39m     }
     [90m 84 |[39m   })[33m;[39m
     [90m 85 |[39m[0m

      at Object.<anonymous> 
(tests/remaining-coverage.test.js:82:39)

  ΓùÅ Settings onChange Handlers ΓÇ║ hideLeftControls 
onChange updates styles

    expect(received).toHaveBeenCalled()

    Matcher error: received value must be a mock or spy 
function

    Received has type:  function
    Received has value: [Function getElementById]

    [0m [90m 94 |[39m     [36mif[39m (setting 
[33m&&[39m setting[[35m2[39m][33m.[39monChange) {
     [90m 95 |[39m       setting[[35m2[39m][33m.[39
monChange([36mtrue[39m)[33m;[39m
    [31m[1m>[22m[39m[90m 96 |[39m       expect(docu
ment[33m.[39mgetElementById)[33m.[39mtoHaveBeenCalled
()[33m;[39m
     [90m    |[39m                                     
  [31m[1m^[22m[39m
     [90m 97 |[39m     }
     [90m 98 |[39m   })[33m;[39m
     [90m 99 |[39m[0m

      at Object.<anonymous> 
(tests/remaining-coverage.test.js:96:39)

  ΓùÅ Settings onChange Handlers ΓÇ║ hideRightControls 
onChange updates styles

    expect(received).toHaveBeenCalled()

    Matcher error: received value must be a mock or spy 
function

    Received has type:  function
    Received has value: [Function getElementById]

    [0m [90m 108 |[39m     [36mif[39m (setting 
[33m&&[39m setting[[35m2[39m][33m.[39monChange) {
     [90m 109 |[39m       setting[[35m2[39m][33m.[3
9monChange([36mtrue[39m)[33m;[39m
    [31m[1m>[22m[39m[90m 110 |[39m       expect(doc
ument[33m.[39mgetElementById)[33m.[39mtoHaveBeenCalle
d()[33m;[39m
     [90m     |[39m                                    
   [31m[1m^[22m[39m
     [90m 111 |[39m     }
     [90m 112 |[39m   })[33m;[39m
     [90m 113 |[39m[0m

      at Object.<anonymous> 
(tests/remaining-coverage.test.js:110:39)

  ΓùÅ Settings onChange Handlers ΓÇ║ animationDuration 
onChange updates styles

    expect(received).toHaveBeenCalled()

    Matcher error: received value must be a mock or spy 
function

    Received has type:  function
    Received has value: [Function getElementById]

    [0m [90m 122 |[39m     [36mif[39m (setting 
[33m&&[39m setting[[35m2[39m][33m.[39monChange) {
     [90m 123 |[39m       setting[[35m2[39m][33m.[3
9monChange([35m300[39m)[33m;[39m
    [31m[1m>[22m[39m[90m 124 |[39m       expect(doc
ument[33m.[39mgetElementById)[33m.[39mtoHaveBeenCalle
d()[33m;[39m
     [90m     |[39m                                    
   [31m[1m^[22m[39m
     [90m 125 |[39m     }
     [90m 126 |[39m   })[33m;[39m
     [90m 127 |[39m })[33m;[39m[0m

      at Object.<anonymous> 
(tests/remaining-coverage.test.js:124:39)

  ΓùÅ Hooks Complete Coverage ΓÇ║ renderMacroDirectory 
hook updates styles

    TypeError: Cannot read properties of undefined 
(reading '0')

    [0m [90m 51 |[39m
     [90m 52 |[39m   [90m// Handle both jQuery array 
and DOM element[39m
    [31m[1m>[22m[39m[90m 53 |[39m   
[36mconst[39m element [33m=[39m html[[35m0[39m] 
[33m||[39m html[33m;[39m
     [90m    |[39m                       
[31m[1m^[22m[39m
     [90m 54 |[39m   [36mif[39m ([33m![39melement 
[33m||[39m [33m![39melement[33m.[39mquerySelector) 
[36mreturn[39m[33m;[39m
     [90m 55 |[39m
     [90m 56 |[39m   [36mlet[39m footer [33m=[39m e
lement[33m.[39mquerySelector([32m".directory-footer"[
39m)[33m;[39m[0m

      at renderMacroDirectoryHook 
(scripts/hooks.js:53:23)
      at Object.<anonymous> 
(tests/remaining-coverage.test.js:272:5)

  ΓùÅ Hooks Complete Coverage ΓÇ║ ready hook calls all 
initialization

    expect(received).toHaveBeenCalled()

    Matcher error: received value must be a mock or spy 
function

    Received has type:  function
    Received has value: [Function getElementById]

    [0m [90m 281 |[39m     
     [90m 282 |[39m     expect(game[33m.[39msettings
[33m.[39m[36mget[39m)[33m.[39mtoHaveBeenCalled()[33
m;[39m
    [31m[1m>[22m[39m[90m 283 |[39m     expect(docum
ent[33m.[39mgetElementById)[33m.[39mtoHaveBeenCalled(
)[33m;[39m
     [90m     |[39m                                    
 [31m[1m^[22m[39m
     [90m 284 |[39m   })[33m;[39m
     [90m 285 |[39m })[33m;[39m
     [90m 286 |[39m[0m

      at Object.<anonymous> 
(tests/remaining-coverage.test.js:283:37)

  ΓùÅ Config Remaining Lines ΓÇ║ config getData handles 
hiddenSidebarTabs

    expect(received).toBeDefined()

    Received: undefined

    [0m [90m 301 |[39m     [36mconst[39m data 
[33m=[39m [36mawait[39m 
config[33m.[39mgetData()[33m;[39m
     [90m 302 |[39m     
    [31m[1m>[22m[39m[90m 303 |[39m     expect(data
[33m.[39mtabs)[33m.[39mtoBeDefined()[33m;[39m
     [90m     |[39m                       
[31m[1m^[22m[39m
     [90m 304 |[39m     expect(data[33m.[39mtabs[33m
.[39mchat)[33m.[39mtoBe([36mtrue[39m)[33m;[39m
     [90m 305 |[39m   })[33m;[39m
     [90m 306 |[39m[0m

      at Object.<anonymous> 
(tests/remaining-coverage.test.js:303:23)

FAIL tests/comprehensive.test.js
  ΓùÅ Utils Coverage ΓÇ║ updateStyleElement creates 
style when none exists

    expect(received).toHaveBeenCalledWith(...expected)

    Matcher error: received value must be a mock or spy 
function

    Received has type:  function
    Received has value: [Function createElement]

    [0m [90m 78 |[39m     [36mconst[39m { 
updateStyleElement } [33m=[39m [36mawait[39m [36mimp
ort[39m([32m'../scripts/utils.js'[39m)[33m;[39m
     [90m 79 |[39m     
updateStyleElement([32m'test'[39m)[33m;[39m
    [31m[1m>[22m[39m[90m 80 |[39m     expect(docume
nt[33m.[39mcreateElement)[33m.[39mtoHaveBeenCalledWit
h([32m'style'[39m)[33m;[39m
     [90m    |[39m                                    
[31m[1m^[22m[39m
     [90m 81 |[39m     expect(document[33m.[39mhead[
33m.[39mappendChild)[33m.[39mtoHaveBeenCalled()[33m;
[39m
     [90m 82 |[39m   })[33m;[39m
     [90m 83 |[39m[0m

      at Object.<anonymous> 
(tests/comprehensive.test.js:80:36)

  ΓùÅ Utils Coverage ΓÇ║ updateStyleElement updates 
existing style

    expect(received).toBe(expected) // Object.is equality

    Expected: "new content"
    Received: ""

    [0m [90m 87 |[39m     [36mconst[39m { 
updateStyleElement } [33m=[39m [36mawait[39m [36mimp
ort[39m([32m'../scripts/utils.js'[39m)[33m;[39m
     [90m 88 |[39m     updateStyleElement([32m'new 
content'[39m)[33m;[39m
    [31m[1m>[22m[39m[90m 89 |[39m     expect(mockSt
yle[33m.[39mtextContent)[33m.[39mtoBe([32m'new 
content'[39m)[33m;[39m
     [90m    |[39m                                   
[31m[1m^[22m[39m
     [90m 90 |[39m   })[33m;[39m
     [90m 91 |[39m
     [90m 92 |[39m   test([32m'getSlotsForPage 
calculates slots'[39m[33m,[39m [36masync[39m () 
[33m=>[39m {[0m

      at Object.<anonymous> 
(tests/comprehensive.test.js:89:35)

  ΓùÅ Utils Coverage ΓÇ║ log function info level

    expect(jest.fn()).toHaveBeenCalled()

    Expected number of calls: >= 1
    Received number of calls:    0

    [0m [90m 100 |[39m     [36mconst[39m { log } 
[33m=[39m [36mawait[39m [36mimport[39m([32m'../scr
ipts/utils.js'[39m)[33m;[39m
     [90m 101 |[39m     
log([32m'test'[39m[33m,[39m 
[32m'info'[39m)[33m;[39m
    [31m[1m>[22m[39m[90m 102 |[39m     
expect(spy)[33m.[39mtoHaveBeenCalled()[33m;[39m
     [90m     |[39m                 
[31m[1m^[22m[39m
     [90m 103 |[39m     
spy[33m.[39mmockRestore()[33m;[39m
     [90m 104 |[39m   })[33m;[39m
     [90m 105 |[39m[0m

      at Object.<anonymous> 
(tests/comprehensive.test.js:102:17)

  ΓùÅ Styles Coverage ΓÇ║ updateHotbarStyles generates 
CSS

    expect(received).toHaveBeenCalled()

    Matcher error: received value must be a mock or spy 
function

    Received has type:  function
    Received has value: [Function appendChild]

    [0m [90m 124 |[39m     [36mconst[39m { 
updateHotbarStyles } [33m=[39m [36mawait[39m [36mimp
ort[39m([32m'../scripts/styles.js'[39m)[33m;[39m
     [90m 125 |[39m     updateHotbarStyles()[33m;[39m
    [31m[1m>[22m[39m[90m 126 |[39m     expect(docum
ent[33m.[39mhead[33m.[39mappendChild)[33m.[39mtoHav
eBeenCalled()[33m;[39m
     [90m     |[39m                                    
   [31m[1m^[22m[39m
     [90m 127 |[39m   })[33m;[39m
     [90m 128 |[39m
     [90m 129 |[39m   test([32m'hideEntireHotbar CSS 
generated'[39m[33m,[39m [36masync[39m () 
[33m=>[39m {[0m

      at Object.<anonymous> 
(tests/comprehensive.test.js:126:39)

  ΓùÅ Styles Coverage ΓÇ║ hideEntireHotbar CSS generated

    expect(received).toHaveBeenCalled()

    Matcher error: received value must be a mock or spy 
function

    Received has type:  function
    Received has value: [Function appendChild]

    [0m [90m 131 |[39m     [36mconst[39m { 
updateHotbarStyles } [33m=[39m [36mawait[39m [36mimp
ort[39m([32m'../scripts/styles.js'[39m)[33m;[39m
     [90m 132 |[39m     updateHotbarStyles()[33m;[39m
    [31m[1m>[22m[39m[90m 133 |[39m     expect(docum
ent[33m.[39mhead[33m.[39mappendChild)[33m.[39mtoHav
eBeenCalled()[33m;[39m
     [90m     |[39m                                    
   [31m[1m^[22m[39m
     [90m 134 |[39m   })[33m;[39m
     [90m 135 |[39m
     [90m 136 |[39m   test([32m'hideChat CSS 
generated'[39m[33m,[39m [36masync[39m () 
[33m=>[39m {[0m

      at Object.<anonymous> 
(tests/comprehensive.test.js:133:39)

  ΓùÅ Styles Coverage ΓÇ║ hideChat CSS generated

    expect(received).toHaveBeenCalled()

    Matcher error: received value must be a mock or spy 
function

    Received has type:  function
    Received has value: [Function appendChild]

    [0m [90m 138 |[39m     [36mconst[39m { 
updateHotbarStyles } [33m=[39m [36mawait[39m [36mimp
ort[39m([32m'../scripts/styles.js'[39m)[33m;[39m
     [90m 139 |[39m     updateHotbarStyles()[33m;[39m
    [31m[1m>[22m[39m[90m 140 |[39m     expect(docum
ent[33m.[39mhead[33m.[39mappendChild)[33m.[39mtoHav
eBeenCalled()[33m;[39m
     [90m     |[39m                                    
   [31m[1m^[22m[39m
     [90m 141 |[39m   })[33m;[39m
     [90m 142 |[39m
     [90m 143 |[39m   test([32m'hidePlayers CSS 
generated'[39m[33m,[39m [36masync[39m () 
[33m=>[39m {[0m

      at Object.<anonymous> 
(tests/comprehensive.test.js:140:39)

  ΓùÅ Styles Coverage ΓÇ║ hidePlayers CSS generated

    expect(received).toHaveBeenCalled()

    Matcher error: received value must be a mock or spy 
function

    Received has type:  function
    Received has value: [Function appendChild]

    [0m [90m 145 |[39m     [36mconst[39m { 
updateHotbarStyles } [33m=[39m [36mawait[39m [36mimp
ort[39m([32m'../scripts/styles.js'[39m)[33m;[39m
     [90m 146 |[39m     updateHotbarStyles()[33m;[39m
    [31m[1m>[22m[39m[90m 147 |[39m     expect(docum
ent[33m.[39mhead[33m.[39mappendChild)[33m.[39mtoHav
eBeenCalled()[33m;[39m
     [90m     |[39m                                    
   [31m[1m^[22m[39m
     [90m 148 |[39m   })[33m;[39m
     [90m 149 |[39m
     [90m 150 |[39m   test([32m'hideSceneNavigation 
CSS generated'[39m[33m,[39m [36masync[39m () 
[33m=>[39m {[0m

      at Object.<anonymous> 
(tests/comprehensive.test.js:147:39)

  ΓùÅ Styles Coverage ΓÇ║ hideSceneNavigation CSS 
generated

    expect(received).toHaveBeenCalled()

    Matcher error: received value must be a mock or spy 
function

    Received has type:  function
    Received has value: [Function appendChild]

    [0m [90m 152 |[39m     [36mconst[39m { 
updateHotbarStyles } [33m=[39m [36mawait[39m [36mimp
ort[39m([32m'../scripts/styles.js'[39m)[33m;[39m
     [90m 153 |[39m     updateHotbarStyles()[33m;[39m
    [31m[1m>[22m[39m[90m 154 |[39m     expect(docum
ent[33m.[39mhead[33m.[39mappendChild)[33m.[39mtoHav
eBeenCalled()[33m;[39m
     [90m     |[39m                                    
   [31m[1m^[22m[39m
     [90m 155 |[39m   })[33m;[39m
     [90m 156 |[39m
     [90m 157 |[39m   test([32m'hideSceneControls CSS 
generated'[39m[33m,[39m [36masync[39m () 
[33m=>[39m {[0m

      at Object.<anonymous> 
(tests/comprehensive.test.js:154:39)

  ΓùÅ Styles Coverage ΓÇ║ hideSceneControls CSS generated

    expect(received).toHaveBeenCalled()

    Matcher error: received value must be a mock or spy 
function

    Received has type:  function
    Received has value: [Function appendChild]

    [0m [90m 159 |[39m     [36mconst[39m { 
updateHotbarStyles } [33m=[39m [36mawait[39m [36mimp
ort[39m([32m'../scripts/styles.js'[39m)[33m;[39m
     [90m 160 |[39m     updateHotbarStyles()[33m;[39m
    [31m[1m>[22m[39m[90m 161 |[39m     expect(docum
ent[33m.[39mhead[33m.[39mappendChild)[33m.[39mtoHav
eBeenCalled()[33m;[39m
     [90m     |[39m                                    
   [31m[1m^[22m[39m
     [90m 162 |[39m   })[33m;[39m
     [90m 163 |[39m
     [90m 164 |[39m   test([32m'hideSidebar CSS 
generated'[39m[33m,[39m [36masync[39m () 
[33m=>[39m {[0m

      at Object.<anonymous> 
(tests/comprehensive.test.js:161:39)

  ΓùÅ Styles Coverage ΓÇ║ hideSidebar CSS generated

    expect(received).toHaveBeenCalled()

    Matcher error: received value must be a mock or spy 
function

    Received has type:  function
    Received has value: [Function appendChild]

    [0m [90m 166 |[39m     [36mconst[39m { 
updateHotbarStyles } [33m=[39m [36mawait[39m [36mimp
ort[39m([32m'../scripts/styles.js'[39m)[33m;[39m
     [90m 167 |[39m     updateHotbarStyles()[33m;[39m
    [31m[1m>[22m[39m[90m 168 |[39m     expect(docum
ent[33m.[39mhead[33m.[39mappendChild)[33m.[39mtoHav
eBeenCalled()[33m;[39m
     [90m     |[39m                                    
   [31m[1m^[22m[39m
     [90m 169 |[39m   })[33m;[39m
     [90m 170 |[39m
     [90m 171 |[39m   test([32m'GM mode - applyToGM 
false'[39m[33m,[39m [36masync[39m () [33m=>[39m 
{[0m

      at Object.<anonymous> 
(tests/comprehensive.test.js:168:39)

  ΓùÅ Styles Coverage ΓÇ║ GM mode - applyToGM false

    expect(received).toHaveBeenCalled()

    Matcher error: received value must be a mock or spy 
function

    Received has type:  function
    Received has value: [Function appendChild]

    [0m [90m 174 |[39m     [36mconst[39m { 
updateHotbarStyles } [33m=[39m [36mawait[39m [36mimp
ort[39m([32m'../scripts/styles.js'[39m)[33m;[39m
     [90m 175 |[39m     updateHotbarStyles()[33m;[39m
    [31m[1m>[22m[39m[90m 176 |[39m     expect(docum
ent[33m.[39mhead[33m.[39mappendChild)[33m.[39mtoHav
eBeenCalled()[33m;[39m
     [90m     |[39m                                    
   [31m[1m^[22m[39m
     [90m 177 |[39m   })[33m;[39m
     [90m 178 |[39m
     [90m 179 |[39m   test([32m'GM mode - applyToGM 
true'[39m[33m,[39m [36masync[39m () [33m=>[39m 
{[0m

      at Object.<anonymous> 
(tests/comprehensive.test.js:176:39)

  ΓùÅ Styles Coverage ΓÇ║ GM mode - applyToGM true

    expect(received).toHaveBeenCalled()

    Matcher error: received value must be a mock or spy 
function

    Received has type:  function
    Received has value: [Function appendChild]

    [0m [90m 182 |[39m     [36mconst[39m { 
updateHotbarStyles } [33m=[39m [36mawait[39m [36mimp
ort[39m([32m'../scripts/styles.js'[39m)[33m;[39m
     [90m 183 |[39m     updateHotbarStyles()[33m;[39m
    [31m[1m>[22m[39m[90m 184 |[39m     expect(docum
ent[33m.[39mhead[33m.[39mappendChild)[33m.[39mtoHav
eBeenCalled()[33m;[39m
     [90m     |[39m                                    
   [31m[1m^[22m[39m
     [90m 185 |[39m   })[33m;[39m
     [90m 186 |[39m
     [90m 187 |[39m   test([32m'hiddenSlots CSS 
generated'[39m[33m,[39m [36masync[39m () 
[33m=>[39m {[0m

      at Object.<anonymous> 
(tests/comprehensive.test.js:184:39)

  ΓùÅ Styles Coverage ΓÇ║ hiddenSlots CSS generated

    expect(received).toHaveBeenCalled()

    Matcher error: received value must be a mock or spy 
function

    Received has type:  function
    Received has value: [Function appendChild]

    [0m [90m 189 |[39m     [36mconst[39m { 
updateHotbarStyles } [33m=[39m [36mawait[39m [36mimp
ort[39m([32m'../scripts/styles.js'[39m)[33m;[39m
     [90m 190 |[39m     updateHotbarStyles()[33m;[39m
    [31m[1m>[22m[39m[90m 191 |[39m     expect(docum
ent[33m.[39mhead[33m.[39mappendChild)[33m.[39mtoHav
eBeenCalled()[33m;[39m
     [90m     |[39m                                    
   [31m[1m^[22m[39m
     [90m 192 |[39m   })[33m;[39m
     [90m 193 |[39m
     [90m 194 |[39m   test([32m'hiddenPages CSS 
generated'[39m[33m,[39m [36masync[39m () 
[33m=>[39m {[0m

      at Object.<anonymous> 
(tests/comprehensive.test.js:191:39)

  ΓùÅ Styles Coverage ΓÇ║ hiddenPages CSS generated

    expect(received).toHaveBeenCalled()

    Matcher error: received value must be a mock or spy 
function

    Received has type:  function
    Received has value: [Function appendChild]

    [0m [90m 196 |[39m     [36mconst[39m { 
updateHotbarStyles } [33m=[39m [36mawait[39m [36mimp
ort[39m([32m'../scripts/styles.js'[39m)[33m;[39m
     [90m 197 |[39m     updateHotbarStyles()[33m;[39m
    [31m[1m>[22m[39m[90m 198 |[39m     expect(docum
ent[33m.[39mhead[33m.[39mappendChild)[33m.[39mtoHav
eBeenCalled()[33m;[39m
     [90m     |[39m                                    
   [31m[1m^[22m[39m
     [90m 199 |[39m   })[33m;[39m
     [90m 200 |[39m
     [90m 201 |[39m   test([32m'opacity CSS 
generated'[39m[33m,[39m [36masync[39m () 
[33m=>[39m {[0m

      at Object.<anonymous> 
(tests/comprehensive.test.js:198:39)

  ΓùÅ Styles Coverage ΓÇ║ opacity CSS generated

    expect(received).toHaveBeenCalled()

    Matcher error: received value must be a mock or spy 
function

    Received has type:  function
    Received has value: [Function appendChild]

    [0m [90m 203 |[39m     [36mconst[39m { 
updateHotbarStyles } [33m=[39m [36mawait[39m [36mimp
ort[39m([32m'../scripts/styles.js'[39m)[33m;[39m
     [90m 204 |[39m     updateHotbarStyles()[33m;[39m
    [31m[1m>[22m[39m[90m 205 |[39m     expect(docum
ent[33m.[39mhead[33m.[39mappendChild)[33m.[39mtoHav
eBeenCalled()[33m;[39m
     [90m     |[39m                                    
   [31m[1m^[22m[39m
     [90m 206 |[39m   })[33m;[39m
     [90m 207 |[39m })[33m;[39m
     [90m 208 |[39m[0m

      at Object.<anonymous> 
(tests/comprehensive.test.js:205:39)

  ΓùÅ Hooks Coverage ΓÇ║ readyHook calls 
updateHotbarStyles

    expect(received).toHaveBeenCalled()

    Matcher error: received value must be a mock or spy 
function

    Received has type:  function
    Received has value: [Function appendChild]

    [0m [90m 248 |[39m     [36mconst[39m { 
readyHook } [33m=[39m [36mawait[39m [36mimport[39m(
[32m'../scripts/hooks.js'[39m)[33m;[39m
     [90m 249 |[39m     readyHook()[33m;[39m
    [31m[1m>[22m[39m[90m 250 |[39m     expect(docum
ent[33m.[39mhead[33m.[39mappendChild)[33m.[39mtoHav
eBeenCalled()[33m;[39m
     [90m     |[39m                                    
   [31m[1m^[22m[39m
     [90m 251 |[39m   })[33m;[39m
     [90m 252 |[39m })[33m;[39m
     [90m 253 |[39m[0m

      at Object.<anonymous> 
(tests/comprehensive.test.js:250:39)

  ΓùÅ Config Coverage ΓÇ║ defaultOptions

    expect(received).toBe(expected) // Object.is equality

    Expected: "rnk-hide-em-config"
    Received: "hide-hotbar-config"

    [0m [90m 261 |[39m   
test([32m'defaultOptions'[39m[33m,[39m 
[36masync[39m () [33m=>[39m {
     [90m 262 |[39m     [36mconst[39m { 
[33mHideHotbarConfig[39m } [33m=[39m [36mawait[39m 
[36mimport[39m([32m'../scripts/config.js'[39m)[33m;
[39m
    [31m[1m>[22m[39m[90m 263 |[39m     expect([33m
HideHotbarConfig[39m[33m.[39mdefaultOptions[33m.[39m
id)[33m.[39mtoBe([32m'rnk-hide-em-config'[39m)[33m;
[39m
     [90m     |[39m                                    
            [31m[1m^[22m[39m
     [90m 264 |[39m   })[33m;[39m
     [90m 265 |[39m
     [90m 266 |[39m   test([32m'getData returns 
data'[39m[33m,[39m [36masync[39m () [33m=>[39m 
{[0m

      at Object.<anonymous> 
(tests/comprehensive.test.js:263:48)

  ΓùÅ Export/Import Coverage ΓÇ║ exportConfiguration 
creates download

    expect(received).toHaveBeenCalled()

    Matcher error: received value must be a mock or spy 
function

    Received has type:  function
    Received has value: [Function appendChild]

    [0m [90m 332 |[39m     [36mconst[39m { 
exportConfiguration } [33m=[39m [36mawait[39m [36mim
port[39m([32m'../scripts/features/export-import.js'[39
m)[33m;[39m
     [90m 333 |[39m     
exportConfiguration()[33m;[39m
    [31m[1m>[22m[39m[90m 334 |[39m     expect(docum
ent[33m.[39mbody[33m.[39mappendChild)[33m.[39mtoHav
eBeenCalled()[33m;[39m
     [90m     |[39m                                    
   [31m[1m^[22m[39m
     [90m 335 |[39m   })[33m;[39m
     [90m 336 |[39m })[33m;[39m
     [90m 337 |[39m[0m

      at Object.<anonymous> 
(tests/comprehensive.test.js:334:39)

FAIL tests/complete-100-coverage.test.js
  ΓùÅ Import Configuration 100% Coverage ΓÇ║ 
importConfiguration - successful complete flow with all 
settings

    expect(received).toBe(expected) // Object.is equality

    Expected: true
    Received: false

    [0m [90m 82 |[39m     
expect(setCalls[33m.[39msome(c [33m=>[39m 
c[[35m1[39m] [33m===[39m [32m'hideLeftControls'[39m
))[33m.[39mtoBe([36mtrue[39m)[33m;[39m
     [90m 83 |[39m     
expect(setCalls[33m.[39msome(c [33m=>[39m 
c[[35m1[39m] [33m===[39m [32m'hideRightControls'[39
m))[33m.[39mtoBe([36mtrue[39m)[33m;[39m
    [31m[1m>[22m[39m[90m 84 |[39m     
expect(setCalls[33m.[39msome(c [33m=>[39m 
c[[35m1[39m] [33m===[39m [32m'opacity'[39m))[33m.
[39mtoBe([36mtrue[39m)[33m;[39m
     [90m    |[39m                                     
               [31m[1m^[22m[39m
     [90m 85 |[39m     
expect(setCalls[33m.[39msome(c [33m=>[39m 
c[[35m1[39m] [33m===[39m [32m'animationDuration'[39
m))[33m.[39mtoBe([36mtrue[39m)[33m;[39m
     [90m 86 |[39m     
expect(setCalls[33m.[39msome(c [33m=>[39m 
c[[35m1[39m] [33m===[39m [32m'hiddenPages'[39m))[3
3m.[39mtoBe([36mtrue[39m)[33m;[39m
     [90m 87 |[39m     
expect(setCalls[33m.[39msome(c [33m=>[39m 
c[[35m1[39m] [33m===[39m [32m'presets'[39m))[33m.
[39mtoBe([36mtrue[39m)[33m;[39m[0m

      at Object.<anonymous> 
(tests/complete-100-coverage.test.js:84:52)

  ΓùÅ All Remaining Branch Coverage ΓÇ║ hooks 
renderMacroDirectoryHook edge cases

    TypeError: button.addEventListener is not a function

    [0m [90m 46 |[39m   button[33m.[39mclassName 
[33m=[39m [32m"rnk-hide-em-config"[39m[33m;[39m
     [90m 47 |[39m   button[33m.[39minnerHTML 
[33m=[39m [32m"<i class=\"fas fa-eye-slash\"></i> RNK 
Hide 'Em"[39m[33m;[39m
    [31m[1m>[22m[39m[90m 48 |[39m   button[33m.[3
9maddEventListener([32m"click"[39m[33m,[39m () 
[33m=>[39m {
     [90m    |[39m          [31m[1m^[22m[39m
     [90m 49 |[39m     [36mnew[39m [33mHideHotbarCon
fig[39m()[33m.[39mrender([36mtrue[39m)[33m;[39m
     [90m 50 |[39m   })[33m;[39m
     [90m 51 |[39m[0m

      at addEventListener (scripts/hooks.js:48:10)
      at Object.<anonymous> 
(tests/complete-100-coverage.test.js:471:5)

FAIL tests/refactored-100-coverage.test.js
  ΓùÅ Refactored Code - 100% Coverage ΓÇ║ module.js - 
Handlebars helpers ΓÇ║ mathHelper multiplies two numbers

    ReferenceError: jest is not defined

    [0m [90m  7 |[39m     [90m// Import mocks 
first[39m
     [90m  8 |[39m     [36mawait[39m [36mimport[39m
([32m'../tests/mocks.js'[39m)[33m;[39m
    [31m[1m>[22m[39m[90m  9 |[39m     
jest[33m.[39mclearAllMocks()[33m;[39m
     [90m    |[39m     [31m[1m^[22m[39m
     [90m 10 |[39m     
jest[33m.[39mresetModules()[33m;[39m
     [90m 11 |[39m   })[33m;[39m
     [90m 12 |[39m[0m

      at Object.<anonymous> 
(tests/refactored-100-coverage.test.js:9:5)

  ΓùÅ Refactored Code - 100% Coverage ΓÇ║ module.js - 
Handlebars helpers ΓÇ║ subtractHelper subtracts two 
numbers

    ReferenceError: jest is not defined

    [0m [90m  7 |[39m     [90m// Import mocks 
first[39m
     [90m  8 |[39m     [36mawait[39m [36mimport[39m
([32m'../tests/mocks.js'[39m)[33m;[39m
    [31m[1m>[22m[39m[90m  9 |[39m     
jest[33m.[39mclearAllMocks()[33m;[39m
     [90m    |[39m     [31m[1m^[22m[39m
     [90m 10 |[39m     
jest[33m.[39mresetModules()[33m;[39m
     [90m 11 |[39m   })[33m;[39m
     [90m 12 |[39m[0m

      at Object.<anonymous> 
(tests/refactored-100-coverage.test.js:9:5)

  ΓùÅ Refactored Code - 100% Coverage ΓÇ║ module.js - 
Handlebars helpers ΓÇ║ multiplyHelper multiplies two 
numbers

    ReferenceError: jest is not defined

    [0m [90m  7 |[39m     [90m// Import mocks 
first[39m
     [90m  8 |[39m     [36mawait[39m [36mimport[39m
([32m'../tests/mocks.js'[39m)[33m;[39m
    [31m[1m>[22m[39m[90m  9 |[39m     
jest[33m.[39mclearAllMocks()[33m;[39m
     [90m    |[39m     [31m[1m^[22m[39m
     [90m 10 |[39m     
jest[33m.[39mresetModules()[33m;[39m
     [90m 11 |[39m   })[33m;[39m
     [90m 12 |[39m[0m

      at Object.<anonymous> 
(tests/refactored-100-coverage.test.js:9:5)

  ΓùÅ Refactored Code - 100% Coverage ΓÇ║ module.js - 
Handlebars helpers ΓÇ║ registerHandlebarsHelpers 
registers all helpers

    ReferenceError: jest is not defined

    [0m [90m  7 |[39m     [90m// Import mocks 
first[39m
     [90m  8 |[39m     [36mawait[39m [36mimport[39m
([32m'../tests/mocks.js'[39m)[33m;[39m
    [31m[1m>[22m[39m[90m  9 |[39m     
jest[33m.[39mclearAllMocks()[33m;[39m
     [90m    |[39m     [31m[1m^[22m[39m
     [90m 10 |[39m     
jest[33m.[39mresetModules()[33m;[39m
     [90m 11 |[39m   })[33m;[39m
     [90m 12 |[39m[0m

      at Object.<anonymous> 
(tests/refactored-100-coverage.test.js:9:5)

  ΓùÅ Refactored Code - 100% Coverage ΓÇ║ 
export-import.js - processImportedFile ΓÇ║ 
processImportedFile returns false with null file

    ReferenceError: jest is not defined

    [0m [90m  7 |[39m     [90m// Import mocks 
first[39m
     [90m  8 |[39m     [36mawait[39m [36mimport[39m
([32m'../tests/mocks.js'[39m)[33m;[39m
    [31m[1m>[22m[39m[90m  9 |[39m     
jest[33m.[39mclearAllMocks()[33m;[39m
     [90m    |[39m     [31m[1m^[22m[39m
     [90m 10 |[39m     
jest[33m.[39mresetModules()[33m;[39m
     [90m 11 |[39m   })[33m;[39m
     [90m 12 |[39m[0m

      at Object.<anonymous> 
(tests/refactored-100-coverage.test.js:9:5)

  ΓùÅ Refactored Code - 100% Coverage ΓÇ║ 
export-import.js - processImportedFile ΓÇ║ 
processImportedFile returns false with undefined file

    ReferenceError: jest is not defined

    [0m [90m  7 |[39m     [90m// Import mocks 
first[39m
     [90m  8 |[39m     [36mawait[39m [36mimport[39m
([32m'../tests/mocks.js'[39m)[33m;[39m
    [31m[1m>[22m[39m[90m  9 |[39m     
jest[33m.[39mclearAllMocks()[33m;[39m
     [90m    |[39m     [31m[1m^[22m[39m
     [90m 10 |[39m     
jest[33m.[39mresetModules()[33m;[39m
     [90m 11 |[39m   })[33m;[39m
     [90m 12 |[39m[0m

      at Object.<anonymous> 
(tests/refactored-100-coverage.test.js:9:5)

  ΓùÅ Refactored Code - 100% Coverage ΓÇ║ 
export-import.js - processImportedFile ΓÇ║ 
processImportedFile handles valid file with all settings

    ReferenceError: jest is not defined

    [0m [90m  7 |[39m     [90m// Import mocks 
first[39m
     [90m  8 |[39m     [36mawait[39m [36mimport[39m
([32m'../tests/mocks.js'[39m)[33m;[39m
    [31m[1m>[22m[39m[90m  9 |[39m     
jest[33m.[39mclearAllMocks()[33m;[39m
     [90m    |[39m     [31m[1m^[22m[39m
     [90m 10 |[39m     
jest[33m.[39mresetModules()[33m;[39m
     [90m 11 |[39m   })[33m;[39m
     [90m 12 |[39m[0m

      at Object.<anonymous> 
(tests/refactored-100-coverage.test.js:9:5)

  ΓùÅ Refactored Code - 100% Coverage ΓÇ║ 
export-import.js - processImportedFile ΓÇ║ 
processImportedFile handles partial settings

    ReferenceError: jest is not defined

    [0m [90m  7 |[39m     [90m// Import mocks 
first[39m
     [90m  8 |[39m     [36mawait[39m [36mimport[39m
([32m'../tests/mocks.js'[39m)[33m;[39m
    [31m[1m>[22m[39m[90m  9 |[39m     
jest[33m.[39mclearAllMocks()[33m;[39m
     [90m    |[39m     [31m[1m^[22m[39m
     [90m 10 |[39m     
jest[33m.[39mresetModules()[33m;[39m
     [90m 11 |[39m   })[33m;[39m
     [90m 12 |[39m[0m

      at Object.<anonymous> 
(tests/refactored-100-coverage.test.js:9:5)

  ΓùÅ Refactored Code - 100% Coverage ΓÇ║ 
export-import.js - processImportedFile ΓÇ║ 
processImportedFile rejects invalid format - missing 
settings

    ReferenceError: jest is not defined

    [0m [90m  7 |[39m     [90m// Import mocks 
first[39m
     [90m  8 |[39m     [36mawait[39m [36mimport[39m
([32m'../tests/mocks.js'[39m)[33m;[39m
    [31m[1m>[22m[39m[90m  9 |[39m     
jest[33m.[39mclearAllMocks()[33m;[39m
     [90m    |[39m     [31m[1m^[22m[39m
     [90m 10 |[39m     
jest[33m.[39mresetModules()[33m;[39m
     [90m 11 |[39m   })[33m;[39m
     [90m 12 |[39m[0m

      at Object.<anonymous> 
(tests/refactored-100-coverage.test.js:9:5)

  ΓùÅ Refactored Code - 100% Coverage ΓÇ║ 
export-import.js - processImportedFile ΓÇ║ 
processImportedFile rejects invalid format - missing 
version

    ReferenceError: jest is not defined

    [0m [90m  7 |[39m     [90m// Import mocks 
first[39m
     [90m  8 |[39m     [36mawait[39m [36mimport[39m
([32m'../tests/mocks.js'[39m)[33m;[39m
    [31m[1m>[22m[39m[90m  9 |[39m     
jest[33m.[39mclearAllMocks()[33m;[39m
     [90m    |[39m     [31m[1m^[22m[39m
     [90m 10 |[39m     
jest[33m.[39mresetModules()[33m;[39m
     [90m 11 |[39m   })[33m;[39m
     [90m 12 |[39m[0m

      at Object.<anonymous> 
(tests/refactored-100-coverage.test.js:9:5)

  ΓùÅ Refactored Code - 100% Coverage ΓÇ║ 
export-import.js - processImportedFile ΓÇ║ 
processImportedFile handles JSON parse error

    ReferenceError: jest is not defined

    [0m [90m  7 |[39m     [90m// Import mocks 
first[39m
     [90m  8 |[39m     [36mawait[39m [36mimport[39m
([32m'../tests/mocks.js'[39m)[33m;[39m
    [31m[1m>[22m[39m[90m  9 |[39m     
jest[33m.[39mclearAllMocks()[33m;[39m
     [90m    |[39m     [31m[1m^[22m[39m
     [90m 10 |[39m     
jest[33m.[39mresetModules()[33m;[39m
     [90m 11 |[39m   })[33m;[39m
     [90m 12 |[39m[0m

      at Object.<anonymous> 
(tests/refactored-100-coverage.test.js:9:5)

  ΓùÅ Refactored Code - 100% Coverage ΓÇ║ 
export-import.js - processImportedFile ΓÇ║ 
processImportedFile handles file.text() error

    ReferenceError: jest is not defined

    [0m [90m  7 |[39m     [90m// Import mocks 
first[39m
     [90m  8 |[39m     [36mawait[39m [36mimport[39m
([32m'../tests/mocks.js'[39m)[33m;[39m
    [31m[1m>[22m[39m[90m  9 |[39m     
jest[33m.[39mclearAllMocks()[33m;[39m
     [90m    |[39m     [31m[1m^[22m[39m
     [90m 10 |[39m     
jest[33m.[39mresetModules()[33m;[39m
     [90m 11 |[39m   })[33m;[39m
     [90m 12 |[39m[0m

      at Object.<anonymous> 
(tests/refactored-100-coverage.test.js:9:5)

  ΓùÅ Refactored Code - 100% Coverage ΓÇ║ 
export-import.js - processImportedFile ΓÇ║ 
processImportedFile returns false when user cancels

    ReferenceError: jest is not defined

    [0m [90m  7 |[39m     [90m// Import mocks 
first[39m
     [90m  8 |[39m     [36mawait[39m [36mimport[39m
([32m'../tests/mocks.js'[39m)[33m;[39m
    [31m[1m>[22m[39m[90m  9 |[39m     
jest[33m.[39mclearAllMocks()[33m;[39m
     [90m    |[39m     [31m[1m^[22m[39m
     [90m 10 |[39m     
jest[33m.[39mresetModules()[33m;[39m
     [90m 11 |[39m   })[33m;[39m
     [90m 12 |[39m[0m

      at Object.<anonymous> 
(tests/refactored-100-coverage.test.js:9:5)

  ΓùÅ Refactored Code - 100% Coverage ΓÇ║ 
export-import.js - processImportedFile ΓÇ║ 
processImportedFile tests all conditional branches

    ReferenceError: jest is not defined

    [0m [90m  7 |[39m     [90m// Import mocks 
first[39m
     [90m  8 |[39m     [36mawait[39m [36mimport[39m
([32m'../tests/mocks.js'[39m)[33m;[39m
    [31m[1m>[22m[39m[90m  9 |[39m     
jest[33m.[39mclearAllMocks()[33m;[39m
     [90m    |[39m     [31m[1m^[22m[39m
     [90m 10 |[39m     
jest[33m.[39mresetModules()[33m;[39m
     [90m 11 |[39m   })[33m;[39m
     [90m 12 |[39m[0m

      at Object.<anonymous> 
(tests/refactored-100-coverage.test.js:9:5)

  ΓùÅ Refactored Code - 100% Coverage ΓÇ║ 
export-import.js - processImportedFile ΓÇ║ 
processImportedFile with false boolean values

    ReferenceError: jest is not defined

    [0m [90m  7 |[39m     [90m// Import mocks 
first[39m
     [90m  8 |[39m     [36mawait[39m [36mimport[39m
([32m'../tests/mocks.js'[39m)[33m;[39m
    [31m[1m>[22m[39m[90m  9 |[39m     
jest[33m.[39mclearAllMocks()[33m;[39m
     [90m    |[39m     [31m[1m^[22m[39m
     [90m 10 |[39m     
jest[33m.[39mresetModules()[33m;[39m
     [90m 11 |[39m   })[33m;[39m
     [90m 12 |[39m[0m

      at Object.<anonymous> 
(tests/refactored-100-coverage.test.js:9:5)

  ΓùÅ Refactored Code - 100% Coverage ΓÇ║ 
importConfiguration - DOM integration ΓÇ║ 
importConfiguration creates file input and triggers 
processImportedFile

    ReferenceError: jest is not defined

    [0m [90m  7 |[39m     [90m// Import mocks 
first[39m
     [90m  8 |[39m     [36mawait[39m [36mimport[39m
([32m'../tests/mocks.js'[39m)[33m;[39m
    [31m[1m>[22m[39m[90m  9 |[39m     
jest[33m.[39mclearAllMocks()[33m;[39m
     [90m    |[39m     [31m[1m^[22m[39m
     [90m 10 |[39m     
jest[33m.[39mresetModules()[33m;[39m
     [90m 11 |[39m   })[33m;[39m
     [90m 12 |[39m[0m

      at Object.<anonymous> 
(tests/refactored-100-coverage.test.js:9:5)

  ΓùÅ Refactored Code - 100% Coverage ΓÇ║ Complete 
branch coverage for all conditionals ΓÇ║ All if 
statements with undefined values

    ReferenceError: jest is not defined

    [0m [90m  7 |[39m     [90m// Import mocks 
first[39m
     [90m  8 |[39m     [36mawait[39m [36mimport[39m
([32m'../tests/mocks.js'[39m)[33m;[39m
    [31m[1m>[22m[39m[90m  9 |[39m     
jest[33m.[39mclearAllMocks()[33m;[39m
     [90m    |[39m     [31m[1m^[22m[39m
     [90m 10 |[39m     
jest[33m.[39mresetModules()[33m;[39m
     [90m 11 |[39m   })[33m;[39m
     [90m 12 |[39m[0m

      at Object.<anonymous> 
(tests/refactored-100-coverage.test.js:9:5)

  ΓùÅ Refactored Code - 100% Coverage ΓÇ║ Complete 
branch coverage for all conditionals ΓÇ║ All if 
statements with defined values

    ReferenceError: jest is not defined

    [0m [90m  7 |[39m     [90m// Import mocks 
first[39m
     [90m  8 |[39m     [36mawait[39m [36mimport[39m
([32m'../tests/mocks.js'[39m)[33m;[39m
    [31m[1m>[22m[39m[90m  9 |[39m     
jest[33m.[39mclearAllMocks()[33m;[39m
     [90m    |[39m     [31m[1m^[22m[39m
     [90m 10 |[39m     
jest[33m.[39mresetModules()[33m;[39m
     [90m 11 |[39m   })[33m;[39m
     [90m 12 |[39m[0m

      at Object.<anonymous> 
(tests/refactored-100-coverage.test.js:9:5)

FAIL tests/complete-function-coverage.test.js
  ΓùÅ Complete Function Coverage ΓÇ║ All utils.js 
functions ΓÇ║ isValidSlot - all branches

    ReferenceError: jest is not defined

    [0m [90m  7 |[39m   beforeEach([36masync[39m () 
[33m=>[39m {
     [90m  8 |[39m     [36mawait[39m [36mimport[39m
([32m'../tests/mocks.js'[39m)[33m;[39m
    [31m[1m>[22m[39m[90m  9 |[39m     
jest[33m.[39mclearAllMocks()[33m;[39m
     [90m    |[39m     [31m[1m^[22m[39m
     [90m 10 |[39m     
jest[33m.[39mresetModules()[33m;[39m
     [90m 11 |[39m   })[33m;[39m
     [90m 12 |[39m[0m

      at Object.<anonymous> 
(tests/complete-function-coverage.test.js:9:5)

  ΓùÅ Complete Function Coverage ΓÇ║ All utils.js 
functions ΓÇ║ isValidPage - all branches

    ReferenceError: jest is not defined

    [0m [90m  7 |[39m   beforeEach([36masync[39m () 
[33m=>[39m {
     [90m  8 |[39m     [36mawait[39m [36mimport[39m
([32m'../tests/mocks.js'[39m)[33m;[39m
    [31m[1m>[22m[39m[90m  9 |[39m     
jest[33m.[39mclearAllMocks()[33m;[39m
     [90m    |[39m     [31m[1m^[22m[39m
     [90m 10 |[39m     
jest[33m.[39mresetModules()[33m;[39m
     [90m 11 |[39m   })[33m;[39m
     [90m 12 |[39m[0m

      at Object.<anonymous> 
(tests/complete-function-coverage.test.js:9:5)

  ΓùÅ Complete Function Coverage ΓÇ║ All utils.js 
functions ΓÇ║ getSlotsForPage - all pages

    ReferenceError: jest is not defined

    [0m [90m  7 |[39m   beforeEach([36masync[39m () 
[33m=>[39m {
     [90m  8 |[39m     [36mawait[39m [36mimport[39m
([32m'../tests/mocks.js'[39m)[33m;[39m
    [31m[1m>[22m[39m[90m  9 |[39m     
jest[33m.[39mclearAllMocks()[33m;[39m
     [90m    |[39m     [31m[1m^[22m[39m
     [90m 10 |[39m     
jest[33m.[39mresetModules()[33m;[39m
     [90m 11 |[39m   })[33m;[39m
     [90m 12 |[39m[0m

      at Object.<anonymous> 
(tests/complete-function-coverage.test.js:9:5)

  ΓùÅ Complete Function Coverage ΓÇ║ All utils.js 
functions ΓÇ║ toggleClass - apply true and false

    ReferenceError: jest is not defined

    [0m [90m  7 |[39m   beforeEach([36masync[39m () 
[33m=>[39m {
     [90m  8 |[39m     [36mawait[39m [36mimport[39m
([32m'../tests/mocks.js'[39m)[33m;[39m
    [31m[1m>[22m[39m[90m  9 |[39m     
jest[33m.[39mclearAllMocks()[33m;[39m
     [90m    |[39m     [31m[1m^[22m[39m
     [90m 10 |[39m     
jest[33m.[39mresetModules()[33m;[39m
     [90m 11 |[39m   })[33m;[39m
     [90m 12 |[39m[0m

      at Object.<anonymous> 
(tests/complete-function-coverage.test.js:9:5)

  ΓùÅ Complete Function Coverage ΓÇ║ All utils.js 
functions ΓÇ║ updateStyleElement - create and update

    ReferenceError: jest is not defined

    [0m [90m  7 |[39m   beforeEach([36masync[39m () 
[33m=>[39m {
     [90m  8 |[39m     [36mawait[39m [36mimport[39m
([32m'../tests/mocks.js'[39m)[33m;[39m
    [31m[1m>[22m[39m[90m  9 |[39m     
jest[33m.[39mclearAllMocks()[33m;[39m
     [90m    |[39m     [31m[1m^[22m[39m
     [90m 10 |[39m     
jest[33m.[39mresetModules()[33m;[39m
     [90m 11 |[39m   })[33m;[39m
     [90m 12 |[39m[0m

      at Object.<anonymous> 
(tests/complete-function-coverage.test.js:9:5)

  ΓùÅ Complete Function Coverage ΓÇ║ All utils.js 
functions ΓÇ║ log - all log levels

    ReferenceError: jest is not defined

    [0m [90m  7 |[39m   beforeEach([36masync[39m () 
[33m=>[39m {
     [90m  8 |[39m     [36mawait[39m [36mimport[39m
([32m'../tests/mocks.js'[39m)[33m;[39m
    [31m[1m>[22m[39m[90m  9 |[39m     
jest[33m.[39mclearAllMocks()[33m;[39m
     [90m    |[39m     [31m[1m^[22m[39m
     [90m 10 |[39m     
jest[33m.[39mresetModules()[33m;[39m
     [90m 11 |[39m   })[33m;[39m
     [90m 12 |[39m[0m

      at Object.<anonymous> 
(tests/complete-function-coverage.test.js:9:5)

  ΓùÅ Complete Function Coverage ΓÇ║ All utils.js 
functions ΓÇ║ notify - all notification types

    ReferenceError: jest is not defined

    [0m [90m  7 |[39m   beforeEach([36masync[39m () 
[33m=>[39m {
     [90m  8 |[39m     [36mawait[39m [36mimport[39m
([32m'../tests/mocks.js'[39m)[33m;[39m
    [31m[1m>[22m[39m[90m  9 |[39m     
jest[33m.[39mclearAllMocks()[33m;[39m
     [90m    |[39m     [31m[1m^[22m[39m
     [90m 10 |[39m     
jest[33m.[39mresetModules()[33m;[39m
     [90m 11 |[39m   })[33m;[39m
     [90m 12 |[39m[0m

      at Object.<anonymous> 
(tests/complete-function-coverage.test.js:9:5)

  ΓùÅ Complete Function Coverage ΓÇ║ All utils.js 
functions ΓÇ║ getSetting - with and without default

    ReferenceError: jest is not defined

    [0m [90m  7 |[39m   beforeEach([36masync[39m () 
[33m=>[39m {
     [90m  8 |[39m     [36mawait[39m [36mimport[39m
([32m'../tests/mocks.js'[39m)[33m;[39m
    [31m[1m>[22m[39m[90m  9 |[39m     
jest[33m.[39mclearAllMocks()[33m;[39m
     [90m    |[39m     [31m[1m^[22m[39m
     [90m 10 |[39m     
jest[33m.[39mresetModules()[33m;[39m
     [90m 11 |[39m   })[33m;[39m
     [90m 12 |[39m[0m

      at Object.<anonymous> 
(tests/complete-function-coverage.test.js:9:5)

  ΓùÅ Complete Function Coverage ΓÇ║ All utils.js 
functions ΓÇ║ setSetting - success and error

    ReferenceError: jest is not defined

    [0m [90m  7 |[39m   beforeEach([36masync[39m () 
[33m=>[39m {
     [90m  8 |[39m     [36mawait[39m [36mimport[39m
([32m'../tests/mocks.js'[39m)[33m;[39m
    [31m[1m>[22m[39m[90m  9 |[39m     
jest[33m.[39mclearAllMocks()[33m;[39m
     [90m    |[39m     [31m[1m^[22m[39m
     [90m 10 |[39m     
jest[33m.[39mresetModules()[33m;[39m
     [90m 11 |[39m   })[33m;[39m
     [90m 12 |[39m[0m

      at Object.<anonymous> 
(tests/complete-function-coverage.test.js:9:5)

  ΓùÅ Complete Function Coverage ΓÇ║ All presets.js 
functions ΓÇ║ deletePreset - success

    ReferenceError: jest is not defined

    [0m [90m  7 |[39m   beforeEach([36masync[39m () 
[33m=>[39m {
     [90m  8 |[39m     [36mawait[39m [36mimport[39m
([32m'../tests/mocks.js'[39m)[33m;[39m
    [31m[1m>[22m[39m[90m  9 |[39m     
jest[33m.[39mclearAllMocks()[33m;[39m
     [90m    |[39m     [31m[1m^[22m[39m
     [90m 10 |[39m     
jest[33m.[39mresetModules()[33m;[39m
     [90m 11 |[39m   })[33m;[39m
     [90m 12 |[39m[0m

      at Object.<anonymous> 
(tests/complete-function-coverage.test.js:9:5)

  ΓùÅ Complete Function Coverage ΓÇ║ All presets.js 
functions ΓÇ║ deletePreset - not found

    ReferenceError: jest is not defined

    [0m [90m  7 |[39m   beforeEach([36masync[39m () 
[33m=>[39m {
     [90m  8 |[39m     [36mawait[39m [36mimport[39m
([32m'../tests/mocks.js'[39m)[33m;[39m
    [31m[1m>[22m[39m[90m  9 |[39m     
jest[33m.[39mclearAllMocks()[33m;[39m
     [90m    |[39m     [31m[1m^[22m[39m
     [90m 10 |[39m     
jest[33m.[39mresetModules()[33m;[39m
     [90m 11 |[39m   })[33m;[39m
     [90m 12 |[39m[0m

      at Object.<anonymous> 
(tests/complete-function-coverage.test.js:9:5)

  ΓùÅ Complete Function Coverage ΓÇ║ All presets.js 
functions ΓÇ║ getAllPresets - empty and populated

    ReferenceError: jest is not defined

    [0m [90m  7 |[39m   beforeEach([36masync[39m () 
[33m=>[39m {
     [90m  8 |[39m     [36mawait[39m [36mimport[39m
([32m'../tests/mocks.js'[39m)[33m;[39m
    [31m[1m>[22m[39m[90m  9 |[39m     
jest[33m.[39mclearAllMocks()[33m;[39m
     [90m    |[39m     [31m[1m^[22m[39m
     [90m 10 |[39m     
jest[33m.[39mresetModules()[33m;[39m
     [90m 11 |[39m   })[33m;[39m
     [90m 12 |[39m[0m

      at Object.<anonymous> 
(tests/complete-function-coverage.test.js:9:5)

  ΓùÅ Complete Function Coverage ΓÇ║ All presets.js 
functions ΓÇ║ savePreset - new and overwrite

    ReferenceError: jest is not defined

    [0m [90m  7 |[39m   beforeEach([36masync[39m () 
[33m=>[39m {
     [90m  8 |[39m     [36mawait[39m [36mimport[39m
([32m'../tests/mocks.js'[39m)[33m;[39m
    [31m[1m>[22m[39m[90m  9 |[39m     
jest[33m.[39mclearAllMocks()[33m;[39m
     [90m    |[39m     [31m[1m^[22m[39m
     [90m 10 |[39m     
jest[33m.[39mresetModules()[33m;[39m
     [90m 11 |[39m   })[33m;[39m
     [90m 12 |[39m[0m

      at Object.<anonymous> 
(tests/complete-function-coverage.test.js:9:5)

  ΓùÅ Complete Function Coverage ΓÇ║ All presets.js 
functions ΓÇ║ loadPreset - success and not found

    ReferenceError: jest is not defined

    [0m [90m  7 |[39m   beforeEach([36masync[39m () 
[33m=>[39m {
     [90m  8 |[39m     [36mawait[39m [36mimport[39m
([32m'../tests/mocks.js'[39m)[33m;[39m
    [31m[1m>[22m[39m[90m  9 |[39m     
jest[33m.[39mclearAllMocks()[33m;[39m
     [90m    |[39m     [31m[1m^[22m[39m
     [90m 10 |[39m     
jest[33m.[39mresetModules()[33m;[39m
     [90m 11 |[39m   })[33m;[39m
     [90m 12 |[39m[0m

      at Object.<anonymous> 
(tests/complete-function-coverage.test.js:9:5)

  ΓùÅ Complete Function Coverage ΓÇ║ All hooks.js 
functions ΓÇ║ initHook executes

    ReferenceError: jest is not defined

    [0m [90m  7 |[39m   beforeEach([36masync[39m () 
[33m=>[39m {
     [90m  8 |[39m     [36mawait[39m [36mimport[39m
([32m'../tests/mocks.js'[39m)[33m;[39m
    [31m[1m>[22m[39m[90m  9 |[39m     
jest[33m.[39mclearAllMocks()[33m;[39m
     [90m    |[39m     [31m[1m^[22m[39m
     [90m 10 |[39m     
jest[33m.[39mresetModules()[33m;[39m
     [90m 11 |[39m   })[33m;[39m
     [90m 12 |[39m[0m

      at Object.<anonymous> 
(tests/complete-function-coverage.test.js:9:5)

  ΓùÅ Complete Function Coverage ΓÇ║ All hooks.js 
functions ΓÇ║ readyHook executes

    ReferenceError: jest is not defined

    [0m [90m  7 |[39m   beforeEach([36masync[39m () 
[33m=>[39m {
     [90m  8 |[39m     [36mawait[39m [36mimport[39m
([32m'../tests/mocks.js'[39m)[33m;[39m
    [31m[1m>[22m[39m[90m  9 |[39m     
jest[33m.[39mclearAllMocks()[33m;[39m
     [90m    |[39m     [31m[1m^[22m[39m
     [90m 10 |[39m     
jest[33m.[39mresetModules()[33m;[39m
     [90m 11 |[39m   })[33m;[39m
     [90m 12 |[39m[0m

      at Object.<anonymous> 
(tests/complete-function-coverage.test.js:9:5)

  ΓùÅ Complete Function Coverage ΓÇ║ All hooks.js 
functions ΓÇ║ hotbarCollapseHook executes

    ReferenceError: jest is not defined

    [0m [90m  7 |[39m   beforeEach([36masync[39m () 
[33m=>[39m {
     [90m  8 |[39m     [36mawait[39m [36mimport[39m
([32m'../tests/mocks.js'[39m)[33m;[39m
    [31m[1m>[22m[39m[90m  9 |[39m     
jest[33m.[39mclearAllMocks()[33m;[39m
     [90m    |[39m     [31m[1m^[22m[39m
     [90m 10 |[39m     
jest[33m.[39mresetModules()[33m;[39m
     [90m 11 |[39m   })[33m;[39m
     [90m 12 |[39m[0m

      at Object.<anonymous> 
(tests/complete-function-coverage.test.js:9:5)

  ΓùÅ Complete Function Coverage ΓÇ║ All hooks.js 
functions ΓÇ║ renderMacroDirectoryHook - full execution

    ReferenceError: jest is not defined

    [0m [90m  7 |[39m   beforeEach([36masync[39m () 
[33m=>[39m {
     [90m  8 |[39m     [36mawait[39m [36mimport[39m
([32m'../tests/mocks.js'[39m)[33m;[39m
    [31m[1m>[22m[39m[90m  9 |[39m     
jest[33m.[39mclearAllMocks()[33m;[39m
     [90m    |[39m     [31m[1m^[22m[39m
     [90m 10 |[39m     
jest[33m.[39mresetModules()[33m;[39m
     [90m 11 |[39m   })[33m;[39m
     [90m 12 |[39m[0m

      at Object.<anonymous> 
(tests/complete-function-coverage.test.js:9:5)

  ΓùÅ Complete Function Coverage ΓÇ║ All animation.js 
functions ΓÇ║ getAnimationCSS - all animation types

    ReferenceError: jest is not defined

    [0m [90m  7 |[39m   beforeEach([36masync[39m () 
[33m=>[39m {
     [90m  8 |[39m     [36mawait[39m [36mimport[39m
([32m'../tests/mocks.js'[39m)[33m;[39m
    [31m[1m>[22m[39m[90m  9 |[39m     
jest[33m.[39mclearAllMocks()[33m;[39m
     [90m    |[39m     [31m[1m^[22m[39m
     [90m 10 |[39m     
jest[33m.[39mresetModules()[33m;[39m
     [90m 11 |[39m   })[33m;[39m
     [90m 12 |[39m[0m

      at Object.<anonymous> 
(tests/complete-function-coverage.test.js:9:5)

  ΓùÅ Complete Function Coverage ΓÇ║ All animation.js 
functions ΓÇ║ animateElement - show and hide

    ReferenceError: jest is not defined

    [0m [90m  7 |[39m   beforeEach([36masync[39m () 
[33m=>[39m {
     [90m  8 |[39m     [36mawait[39m [36mimport[39m
([32m'../tests/mocks.js'[39m)[33m;[39m
    [31m[1m>[22m[39m[90m  9 |[39m     
jest[33m.[39mclearAllMocks()[33m;[39m
     [90m    |[39m     [31m[1m^[22m[39m
     [90m 10 |[39m     
jest[33m.[39mresetModules()[33m;[39m
     [90m 11 |[39m   })[33m;[39m
     [90m 12 |[39m[0m

      at Object.<anonymous> 
(tests/complete-function-coverage.test.js:9:5)

  ΓùÅ Complete Function Coverage ΓÇ║ All styles.js 
functions ΓÇ║ updateHotbarStyles - comprehensive

    ReferenceError: jest is not defined

    [0m [90m  7 |[39m   beforeEach([36masync[39m () 
[33m=>[39m {
     [90m  8 |[39m     [36mawait[39m [36mimport[39m
([32m'../tests/mocks.js'[39m)[33m;[39m
    [31m[1m>[22m[39m[90m  9 |[39m     
jest[33m.[39mclearAllMocks()[33m;[39m
     [90m    |[39m     [31m[1m^[22m[39m
     [90m 10 |[39m     
jest[33m.[39mresetModules()[33m;[39m
     [90m 11 |[39m   })[33m;[39m
     [90m 12 |[39m[0m

      at Object.<anonymous> 
(tests/complete-function-coverage.test.js:9:5)

  ΓùÅ Complete Function Coverage ΓÇ║ All styles.js 
functions ΓÇ║ getHiddenSlotsCSS

    ReferenceError: jest is not defined

    [0m [90m  7 |[39m   beforeEach([36masync[39m () 
[33m=>[39m {
     [90m  8 |[39m     [36mawait[39m [36mimport[39m
([32m'../tests/mocks.js'[39m)[33m;[39m
    [31m[1m>[22m[39m[90m  9 |[39m     
jest[33m.[39mclearAllMocks()[33m;[39m
     [90m    |[39m     [31m[1m^[22m[39m
     [90m 10 |[39m     
jest[33m.[39mresetModules()[33m;[39m
     [90m 11 |[39m   })[33m;[39m
     [90m 12 |[39m[0m

      at Object.<anonymous> 
(tests/complete-function-coverage.test.js:9:5)

  ΓùÅ Complete Function Coverage ΓÇ║ All styles.js 
functions ΓÇ║ getAnimationSpeed

    ReferenceError: jest is not defined

    [0m [90m  7 |[39m   beforeEach([36masync[39m () 
[33m=>[39m {
     [90m  8 |[39m     [36mawait[39m [36mimport[39m
([32m'../tests/mocks.js'[39m)[33m;[39m
    [31m[1m>[22m[39m[90m  9 |[39m     
jest[33m.[39mclearAllMocks()[33m;[39m
     [90m    |[39m     [31m[1m^[22m[39m
     [90m 10 |[39m     
jest[33m.[39mresetModules()[33m;[39m
     [90m 11 |[39m   })[33m;[39m
     [90m 12 |[39m[0m

      at Object.<anonymous> 
(tests/complete-function-coverage.test.js:9:5)

  ΓùÅ Complete Function Coverage ΓÇ║ All 
export-import.js functions ΓÇ║ exportConfiguration - 
complete flow

    ReferenceError: jest is not defined

    [0m [90m  7 |[39m   beforeEach([36masync[39m () 
[33m=>[39m {
     [90m  8 |[39m     [36mawait[39m [36mimport[39m
([32m'../tests/mocks.js'[39m)[33m;[39m
    [31m[1m>[22m[39m[90m  9 |[39m     
jest[33m.[39mclearAllMocks()[33m;[39m
     [90m    |[39m     [31m[1m^[22m[39m
     [90m 10 |[39m     
jest[33m.[39mresetModules()[33m;[39m
     [90m 11 |[39m   })[33m;[39m
     [90m 12 |[39m[0m

      at Object.<anonymous> 
(tests/complete-function-coverage.test.js:9:5)

  ΓùÅ Complete Function Coverage ΓÇ║ All 
export-import.js functions ΓÇ║ shareConfiguration

    ReferenceError: jest is not defined

    [0m [90m  7 |[39m   beforeEach([36masync[39m () 
[33m=>[39m {
     [90m  8 |[39m     [36mawait[39m [36mimport[39m
([32m'../tests/mocks.js'[39m)[33m;[39m
    [31m[1m>[22m[39m[90m  9 |[39m     
jest[33m.[39mclearAllMocks()[33m;[39m
     [90m    |[39m     [31m[1m^[22m[39m
     [90m 10 |[39m     
jest[33m.[39mresetModules()[33m;[39m
     [90m 11 |[39m   })[33m;[39m
     [90m 12 |[39m[0m

      at Object.<anonymous> 
(tests/complete-function-coverage.test.js:9:5)

  ΓùÅ Complete Function Coverage ΓÇ║ All 
export-import.js functions ΓÇ║ loadSharedConfiguration - 
all paths

    ReferenceError: jest is not defined

    [0m [90m  7 |[39m   beforeEach([36masync[39m () 
[33m=>[39m {
     [90m  8 |[39m     [36mawait[39m [36mimport[39m
([32m'../tests/mocks.js'[39m)[33m;[39m
    [31m[1m>[22m[39m[90m  9 |[39m     
jest[33m.[39mclearAllMocks()[33m;[39m
     [90m    |[39m     [31m[1m^[22m[39m
     [90m 10 |[39m     
jest[33m.[39mresetModules()[33m;[39m
     [90m 11 |[39m   })[33m;[39m
     [90m 12 |[39m[0m

      at Object.<anonymous> 
(tests/complete-function-coverage.test.js:9:5)

  ΓùÅ Complete Function Coverage ΓÇ║ All config.js 
methods ΓÇ║ HideHotbarConfig showConfig

    ReferenceError: jest is not defined

    [0m [90m  7 |[39m   beforeEach([36masync[39m () 
[33m=>[39m {
     [90m  8 |[39m     [36mawait[39m [36mimport[39m
([32m'../tests/mocks.js'[39m)[33m;[39m
    [31m[1m>[22m[39m[90m  9 |[39m     
jest[33m.[39mclearAllMocks()[33m;[39m
     [90m    |[39m     [31m[1m^[22m[39m
     [90m 10 |[39m     
jest[33m.[39mresetModules()[33m;[39m
     [90m 11 |[39m   })[33m;[39m
     [90m 12 |[39m[0m

      at Object.<anonymous> 
(tests/complete-function-coverage.test.js:9:5)

  ΓùÅ Complete Function Coverage ΓÇ║ All config.js 
methods ΓÇ║ HideHotbarConfig defaultOptions

    ReferenceError: jest is not defined

    [0m [90m  7 |[39m   beforeEach([36masync[39m () 
[33m=>[39m {
     [90m  8 |[39m     [36mawait[39m [36mimport[39m
([32m'../tests/mocks.js'[39m)[33m;[39m
    [31m[1m>[22m[39m[90m  9 |[39m     
jest[33m.[39mclearAllMocks()[33m;[39m
     [90m    |[39m     [31m[1m^[22m[39m
     [90m 10 |[39m     
jest[33m.[39mresetModules()[33m;[39m
     [90m 11 |[39m   })[33m;[39m
     [90m 12 |[39m[0m

      at Object.<anonymous> 
(tests/complete-function-coverage.test.js:9:5)

  ΓùÅ Complete Function Coverage ΓÇ║ All config.js 
methods ΓÇ║ HideHotbarConfig getData - all data

    ReferenceError: jest is not defined

    [0m [90m  7 |[39m   beforeEach([36masync[39m () 
[33m=>[39m {
     [90m  8 |[39m     [36mawait[39m [36mimport[39m
([32m'../tests/mocks.js'[39m)[33m;[39m
    [31m[1m>[22m[39m[90m  9 |[39m     
jest[33m.[39mclearAllMocks()[33m;[39m
     [90m    |[39m     [31m[1m^[22m[39m
     [90m 10 |[39m     
jest[33m.[39mresetModules()[33m;[39m
     [90m 11 |[39m   })[33m;[39m
     [90m 12 |[39m[0m

      at Object.<anonymous> 
(tests/complete-function-coverage.test.js:9:5)

  ΓùÅ Complete Function Coverage ΓÇ║ All config.js 
methods ΓÇ║ HideHotbarConfig activateListeners

    ReferenceError: jest is not defined

    [0m [90m  7 |[39m   beforeEach([36masync[39m () 
[33m=>[39m {
     [90m  8 |[39m     [36mawait[39m [36mimport[39m
([32m'../tests/mocks.js'[39m)[33m;[39m
    [31m[1m>[22m[39m[90m  9 |[39m     
jest[33m.[39mclearAllMocks()[33m;[39m
     [90m    |[39m     [31m[1m^[22m[39m
     [90m 10 |[39m     
jest[33m.[39mresetModules()[33m;[39m
     [90m 11 |[39m   })[33m;[39m
     [90m 12 |[39m[0m

      at Object.<anonymous> 
(tests/complete-function-coverage.test.js:9:5)

  ΓùÅ Complete Function Coverage ΓÇ║ All config.js 
methods ΓÇ║ HideHotbarConfig _updateObject

    ReferenceError: jest is not defined

    [0m [90m  7 |[39m   beforeEach([36masync[39m () 
[33m=>[39m {
     [90m  8 |[39m     [36mawait[39m [36mimport[39m
([32m'../tests/mocks.js'[39m)[33m;[39m
    [31m[1m>[22m[39m[90m  9 |[39m     
jest[33m.[39mclearAllMocks()[33m;[39m
     [90m    |[39m     [31m[1m^[22m[39m
     [90m 10 |[39m     
jest[33m.[39mresetModules()[33m;[39m
     [90m 11 |[39m   })[33m;[39m
     [90m 12 |[39m[0m

      at Object.<anonymous> 
(tests/complete-function-coverage.test.js:9:5)

  ΓùÅ Complete Function Coverage ΓÇ║ All settings.js 
functions ΓÇ║ registerSettings - all settings registered

    ReferenceError: jest is not defined

    [0m [90m  7 |[39m   beforeEach([36masync[39m () 
[33m=>[39m {
     [90m  8 |[39m     [36mawait[39m [36mimport[39m
([32m'../tests/mocks.js'[39m)[33m;[39m
    [31m[1m>[22m[39m[90m  9 |[39m     
jest[33m.[39mclearAllMocks()[33m;[39m
     [90m    |[39m     [31m[1m^[22m[39m
     [90m 10 |[39m     
jest[33m.[39mresetModules()[33m;[39m
     [90m 11 |[39m   })[33m;[39m
     [90m 12 |[39m[0m

      at Object.<anonymous> 
(tests/complete-function-coverage.test.js:9:5)

FAIL tests/final-coverage-push.test.js
  ΓùÅ Export-Import Direct Function Coverage ΓÇ║ 
exportConfiguration function execution path

    TypeError: Failed to execute 'appendChild' on 
'Node': parameter 1 is not of type 'Node'.

    [0m [90m 36 |[39m   a[33m.[39mhref [33m=[39m 
url[33m;[39m
     [90m 37 |[39m   a[33m.[39mdownload [33m=[39m 
[32m`rnk-hide-em-config-${Date.now()}.json`[39m[33m;[3
9m
    [31m[1m>[22m[39m[90m 38 |[39m   document[33m.
[39mbody[33m.[39mappendChild(a)[33m;[39m
     [90m    |[39m                 [31m[1m^[22m[39m
     [90m 39 |[39m   a[33m.[39mclick()[33m;[39m
     [90m 40 |[39m   document[33m.[39mbody[33m.[39m
removeChild(a)[33m;[39m
     [90m 41 |[39m   [33mURL[39m[33m.[39mrevokeObje
ctURL(url)[33m;[39m[0m

      at Object.exports.convert (node_modules/jsdom/lib/j
sdom/living/generated/Node.js:25:9)
      at HTMLBodyElement.appendChild (node_modules/jsdom/
lib/jsdom/living/generated/Node.js:404:26)
      at appendChild 
(scripts/features/export-import.js:38:17)
      at Object.<anonymous> 
(tests/final-coverage-push.test.js:114:11)

  ΓùÅ Export-Import Direct Function Coverage ΓÇ║ 
loadSharedConfiguration complete flow

    expect(received).toBe(expected) // Object.is equality

    Expected: true
    Received: false

    [0m [90m 200 |[39m     [36mconst[39m result 
[33m=[39m [36mawait[39m loadSharedConfiguration([32m
'https://example.com/config.json'[39m)[33m;[39m
     [90m 201 |[39m     
    [31m[1m>[22m[39m[90m 202 |[39m     
expect(result)[33m.[39mtoBe([36mtrue[39m)[33m;[39m
     [90m     |[39m                    
[31m[1m^[22m[39m
     [90m 203 |[39m     expect(global[33m.[39mfetch)
[33m.[39mtoHaveBeenCalledWith([32m'https://example.com/
config.json'[39m)[33m;[39m
     [90m 204 |[39m     expect(global[33m.[39m[33mDi
alog[39m[33m.[39mconfirm)[33m.[39mtoHaveBeenCalled()
[33m;[39m
     [90m 205 |[39m     expect(game[33m.[39msettings
[33m.[39m[36mset[39m)[33m.[39mtoHaveBeenCalled()[33
m;[39m[0m

      at Object.<anonymous> 
(tests/final-coverage-push.test.js:202:20)

  ΓùÅ Settings All onChange Paths ΓÇ║ all boolean 
settings onChange handlers execute

    TypeError: Failed to execute 'appendChild' on 
'Node': parameter 1 is not of type 'Node'.

    [0m [90m 87 |[39m     styleElement [33m=[39m doc
ument[33m.[39mcreateElement([32m"style"[39m)[33m;[3
9m
     [90m 88 |[39m     styleElement[33m.[39mid 
[33m=[39m [33mCSS_IDS[39m[33m.[39m[33mSTYLE_ELEMEN
T[39m[33m;[39m
    [31m[1m>[22m[39m[90m 89 |[39m     document[33m
.[39mhead[33m.[39mappendChild(styleElement)[33m;[39m
     [90m    |[39m                   
[31m[1m^[22m[39m
     [90m 90 |[39m   }
     [90m 91 |[39m   
styleElement[33m.[39mtextContent [33m=[39m 
css[33m;[39m
     [90m 92 |[39m }[0m

      at Object.exports.convert (node_modules/jsdom/lib/j
sdom/living/generated/Node.js:25:9)
      at HTMLHeadElement.appendChild (node_modules/jsdom/
lib/jsdom/living/generated/Node.js:404:26)
      at appendChild (scripts/utils.js:89:19)
      at updateStyleElement (scripts/styles.js:312:3)
      at Object.updateHotbarStyles [as onChange] 
(scripts/settings.js:29:21)
      at Object.<anonymous> 
(tests/final-coverage-push.test.js:280:20)

  ΓùÅ Hooks All Callbacks ΓÇ║ renderMacroDirectory 
multiple calls

    TypeError: button.addEventListener is not a function

    [0m [90m 46 |[39m   button[33m.[39mclassName 
[33m=[39m [32m"rnk-hide-em-config"[39m[33m;[39m
     [90m 47 |[39m   button[33m.[39minnerHTML 
[33m=[39m [32m"<i class=\"fas fa-eye-slash\"></i> RNK 
Hide 'Em"[39m[33m;[39m
    [31m[1m>[22m[39m[90m 48 |[39m   button[33m.[3
9maddEventListener([32m"click"[39m[33m,[39m () 
[33m=>[39m {
     [90m    |[39m          [31m[1m^[22m[39m
     [90m 49 |[39m     [36mnew[39m [33mHideHotbarCon
fig[39m()[33m.[39mrender([36mtrue[39m)[33m;[39m
     [90m 50 |[39m   })[33m;[39m
     [90m 51 |[39m[0m

      at addEventListener (scripts/hooks.js:48:10)
      at Object.<anonymous> 
(tests/final-coverage-push.test.js:351:5)

  ΓùÅ Hooks All Callbacks ΓÇ║ ready hook multiple calls

    TypeError: Failed to execute 'appendChild' on 
'Node': parameter 1 is not of type 'Node'.

    [0m [90m 87 |[39m     styleElement [33m=[39m doc
ument[33m.[39mcreateElement([32m"style"[39m)[33m;[3
9m
     [90m 88 |[39m     styleElement[33m.[39mid 
[33m=[39m [33mCSS_IDS[39m[33m.[39m[33mSTYLE_ELEMEN
T[39m[33m;[39m
    [31m[1m>[22m[39m[90m 89 |[39m     document[33m
.[39mhead[33m.[39mappendChild(styleElement)[33m;[39m
     [90m    |[39m                   
[31m[1m^[22m[39m
     [90m 90 |[39m   }
     [90m 91 |[39m   
styleElement[33m.[39mtextContent [33m=[39m 
css[33m;[39m
     [90m 92 |[39m }[0m

      at Object.exports.convert (node_modules/jsdom/lib/j
sdom/living/generated/Node.js:25:9)
      at HTMLHeadElement.appendChild (node_modules/jsdom/
lib/jsdom/living/generated/Node.js:404:26)
      at appendChild (scripts/utils.js:89:19)
      at updateStyleElement (scripts/styles.js:312:3)
      at updateHotbarStyles (scripts/hooks.js:36:3)
      at Object.<anonymous> 
(tests/final-coverage-push.test.js:361:5)

FAIL tests/module-complete-init.test.js
  ΓùÅ Module Complete Initialization ΓÇ║ init hook 
registers all Handlebars helpers

    expect(received).toBeDefined()

    Received: undefined

    [0m [90m 42 |[39m     [36mconst[39m 
initHookCall [33m=[39m global[33m.[39m[33mHooks[39m
[33m.[39monce[33m.[39mmock[33m.[39mcalls[33m.[39m
find(call [33m=>[39m call[[35m0[39m] [33m===[39m 
[32m'init'[39m)[33m;[39m
     [90m 43 |[39m     
    [31m[1m>[22m[39m[90m 44 |[39m     
expect(initHookCall)[33m.[39mtoBeDefined()[33m;[39m
     [90m    |[39m                          
[31m[1m^[22m[39m
     [90m 45 |[39m     
     [90m 46 |[39m     [36mif[39m (initHookCall) {
     [90m 47 |[39m       [36mconst[39m initCallback 
[33m=[39m initHookCall[[35m1[39m][33m;[39m[0m

      at Object.<anonymous> 
(tests/module-complete-init.test.js:44:26)

  ΓùÅ Module Complete Initialization ΓÇ║ ready hook 
callback executes

    expect(received).toBeDefined()

    Received: undefined

    [0m [90m 159 |[39m     [36mconst[39m 
readyHookCall [33m=[39m global[33m.[39m[33mHooks[39
m[33m.[39monce[33m.[39mmock[33m.[39mcalls[33m.[39
mfind(call [33m=>[39m call[[35m0[39m] [33m===[39m 
[32m'ready'[39m)[33m;[39m
     [90m 160 |[39m     
    [31m[1m>[22m[39m[90m 161 |[39m     
expect(readyHookCall)[33m.[39mtoBeDefined()[33m;[39m
     [90m     |[39m                           
[31m[1m^[22m[39m
     [90m 162 |[39m     
     [90m 163 |[39m     [36mif[39m (readyHookCall) {
     [90m 164 |[39m       [36mconst[39m 
readyCallback [33m=[39m 
readyHookCall[[35m1[39m][33m;[39m[0m

      at Object.<anonymous> 
(tests/module-complete-init.test.js:161:27)

  ΓùÅ Module Complete Initialization ΓÇ║ 
renderMacroDirectory hook callback executes

    expect(received).toBeDefined()

    Received: undefined

    [0m [90m 172 |[39m     [36mconst[39m 
renderHookCall [33m=[39m global[33m.[39m[33mHooks[3
9m[33m.[39mon[33m.[39mmock[33m.[39mcalls[33m.[39m
find(call [33m=>[39m call[[35m0[39m] [33m===[39m 
[32m'renderMacroDirectory'[39m)[33m;[39m
     [90m 173 |[39m     
    [31m[1m>[22m[39m[90m 174 |[39m     
expect(renderHookCall)[33m.[39mtoBeDefined()[33m;[39m
     [90m     |[39m                            
[31m[1m^[22m[39m
     [90m 175 |[39m     
     [90m 176 |[39m     [36mif[39m (renderHookCall) {
     [90m 177 |[39m       [36mconst[39m 
renderCallback [33m=[39m 
renderHookCall[[35m1[39m][33m;[39m[0m

      at Object.<anonymous> 
(tests/module-complete-init.test.js:174:28)

  ΓùÅ Module Complete Initialization ΓÇ║ all hooks are 
registered on module load

    expect(jest.fn()).toHaveBeenCalledWith(...expected)

    Expected: "init", Any<Function>

    Number of calls: 0

    [0m [90m 183 |[39m
     [90m 184 |[39m   test([32m'all hooks are 
registered on module load'[39m[33m,[39m () 
[33m=>[39m {
    [31m[1m>[22m[39m[90m 185 |[39m     expect(globa
l[33m.[39m[33mHooks[39m[33m.[39monce)[33m.[39mtoH
aveBeenCalledWith([32m'init'[39m[33m,[39m 
expect[33m.[39many([33mFunction[39m))[33m;[39m
     [90m     |[39m                               
[31m[1m^[22m[39m
     [90m 186 |[39m     expect(global[33m.[39m[33mHo
oks[39m[33m.[39monce)[33m.[39mtoHaveBeenCalledWith(
[32m'ready'[39m[33m,[39m 
expect[33m.[39many([33mFunction[39m))[33m;[39m
     [90m 187 |[39m     expect(global[33m.[39m[33mHo
oks[39m[33m.[39mon)[33m.[39mtoHaveBeenCalledWith([3
2m'renderMacroDirectory'[39m[33m,[39m 
expect[33m.[39many([33mFunction[39m))[33m;[39m
     [90m 188 |[39m   })[33m;[39m[0m

      at Object.<anonymous> 
(tests/module-complete-init.test.js:185:31)

  ΓùÅ Module Complete Initialization ΓÇ║ module logs on 
load

    expect(jest.fn()).toHaveBeenCalled()

    Expected number of calls: >= 1
    Received number of calls:    0

    [0m [90m 193 |[39m     [90m// The module should 
have logged when first imported[39m
     [90m 194 |[39m     [90m// We can't re-trigger 
top-level code, but we can verify hooks exist[39m
    [31m[1m>[22m[39m[90m 195 |[39m     expect(globa
l[33m.[39m[33mHooks[39m[33m.[39monce)[33m.[39mtoH
aveBeenCalled()[33m;[39m
     [90m     |[39m                               
[31m[1m^[22m[39m
     [90m 196 |[39m     
     [90m 197 |[39m     
logSpy[33m.[39mmockRestore()[33m;[39m
     [90m 198 |[39m   })[33m;[39m[0m

      at Object.<anonymous> 
(tests/module-complete-init.test.js:195:31)

FAIL tests/final-100-push.test.js
  ΓùÅ 100% Coverage - Final Push ΓÇ║ module.js init hook 
- Handlebars helpers ΓÇ║ init hook registers all 
Handlebars helpers

    ReferenceError: jest is not defined

    [0m [90m  8 |[39m describe([32m'100% Coverage - 
Final Push'[39m[33m,[39m () [33m=>[39m {
     [90m  9 |[39m   beforeEach(() [33m=>[39m {
    [31m[1m>[22m[39m[90m 10 |[39m     
jest[33m.[39mclearAllMocks()[33m;[39m
     [90m    |[39m     [31m[1m^[22m[39m
     [90m 11 |[39m     
jest[33m.[39mresetModules()[33m;[39m
     [90m 12 |[39m   })[33m;[39m
     [90m 13 |[39m[0m

      at Object.<anonymous> 
(tests/final-100-push.test.js:10:5)

  ΓùÅ 100% Coverage - Final Push ΓÇ║ export-import.js 
exportConfiguration - DOM manipulation ΓÇ║ 
exportConfiguration creates download link and triggers 
click

    ReferenceError: jest is not defined

    [0m [90m  8 |[39m describe([32m'100% Coverage - 
Final Push'[39m[33m,[39m () [33m=>[39m {
     [90m  9 |[39m   beforeEach(() [33m=>[39m {
    [31m[1m>[22m[39m[90m 10 |[39m     
jest[33m.[39mclearAllMocks()[33m;[39m
     [90m    |[39m     [31m[1m^[22m[39m
     [90m 11 |[39m     
jest[33m.[39mresetModules()[33m;[39m
     [90m 12 |[39m   })[33m;[39m
     [90m 13 |[39m[0m

      at Object.<anonymous> 
(tests/final-100-push.test.js:10:5)

  ΓùÅ 100% Coverage - Final Push ΓÇ║ export-import.js 
importConfiguration - All paths ΓÇ║ importConfiguration 
successful import with all conditional settings

    ReferenceError: jest is not defined

    [0m [90m  8 |[39m describe([32m'100% Coverage - 
Final Push'[39m[33m,[39m () [33m=>[39m {
     [90m  9 |[39m   beforeEach(() [33m=>[39m {
    [31m[1m>[22m[39m[90m 10 |[39m     
jest[33m.[39mclearAllMocks()[33m;[39m
     [90m    |[39m     [31m[1m^[22m[39m
     [90m 11 |[39m     
jest[33m.[39mresetModules()[33m;[39m
     [90m 12 |[39m   })[33m;[39m
     [90m 13 |[39m[0m

      at Object.<anonymous> 
(tests/final-100-push.test.js:10:5)

  ΓùÅ 100% Coverage - Final Push ΓÇ║ export-import.js 
importConfiguration - All paths ΓÇ║ importConfiguration 
- partial conditional settings

    ReferenceError: jest is not defined

    [0m [90m  8 |[39m describe([32m'100% Coverage - 
Final Push'[39m[33m,[39m () [33m=>[39m {
     [90m  9 |[39m   beforeEach(() [33m=>[39m {
    [31m[1m>[22m[39m[90m 10 |[39m     
jest[33m.[39mclearAllMocks()[33m;[39m
     [90m    |[39m     [31m[1m^[22m[39m
     [90m 11 |[39m     
jest[33m.[39mresetModules()[33m;[39m
     [90m 12 |[39m   })[33m;[39m
     [90m 13 |[39m[0m

      at Object.<anonymous> 
(tests/final-100-push.test.js:10:5)

  ΓùÅ 100% Coverage - Final Push ΓÇ║ export-import.js 
importConfiguration - All paths ΓÇ║ importConfiguration 
- missing optional settings

    ReferenceError: jest is not defined

    [0m [90m  8 |[39m describe([32m'100% Coverage - 
Final Push'[39m[33m,[39m () [33m=>[39m {
     [90m  9 |[39m   beforeEach(() [33m=>[39m {
    [31m[1m>[22m[39m[90m 10 |[39m     
jest[33m.[39mclearAllMocks()[33m;[39m
     [90m    |[39m     [31m[1m^[22m[39m
     [90m 11 |[39m     
jest[33m.[39mresetModules()[33m;[39m
     [90m 12 |[39m   })[33m;[39m
     [90m 13 |[39m[0m

      at Object.<anonymous> 
(tests/final-100-push.test.js:10:5)

  ΓùÅ 100% Coverage - Final Push ΓÇ║ export-import.js 
loadSharedConfiguration - validation paths ΓÇ║ 
loadSharedConfiguration with invalid data type

    ReferenceError: jest is not defined

    [0m [90m  8 |[39m describe([32m'100% Coverage - 
Final Push'[39m[33m,[39m () [33m=>[39m {
     [90m  9 |[39m   beforeEach(() [33m=>[39m {
    [31m[1m>[22m[39m[90m 10 |[39m     
jest[33m.[39mclearAllMocks()[33m;[39m
     [90m    |[39m     [31m[1m^[22m[39m
     [90m 11 |[39m     
jest[33m.[39mresetModules()[33m;[39m
     [90m 12 |[39m   })[33m;[39m
     [90m 13 |[39m[0m

      at Object.<anonymous> 
(tests/final-100-push.test.js:10:5)

  ΓùÅ 100% Coverage - Final Push ΓÇ║ export-import.js 
loadSharedConfiguration - validation paths ΓÇ║ 
loadSharedConfiguration with missing version

    ReferenceError: jest is not defined

    [0m [90m  8 |[39m describe([32m'100% Coverage - 
Final Push'[39m[33m,[39m () [33m=>[39m {
     [90m  9 |[39m   beforeEach(() [33m=>[39m {
    [31m[1m>[22m[39m[90m 10 |[39m     
jest[33m.[39mclearAllMocks()[33m;[39m
     [90m    |[39m     [31m[1m^[22m[39m
     [90m 11 |[39m     
jest[33m.[39mresetModules()[33m;[39m
     [90m 12 |[39m   })[33m;[39m
     [90m 13 |[39m[0m

      at Object.<anonymous> 
(tests/final-100-push.test.js:10:5)

  ΓùÅ 100% Coverage - Final Push ΓÇ║ export-import.js 
loadSharedConfiguration - validation paths ΓÇ║ 
loadSharedConfiguration with missing settings

    ReferenceError: jest is not defined

    [0m [90m  8 |[39m describe([32m'100% Coverage - 
Final Push'[39m[33m,[39m () [33m=>[39m {
     [90m  9 |[39m   beforeEach(() [33m=>[39m {
    [31m[1m>[22m[39m[90m 10 |[39m     
jest[33m.[39mclearAllMocks()[33m;[39m
     [90m    |[39m     [31m[1m^[22m[39m
     [90m 11 |[39m     
jest[33m.[39mresetModules()[33m;[39m
     [90m 12 |[39m   })[33m;[39m
     [90m 13 |[39m[0m

      at Object.<anonymous> 
(tests/final-100-push.test.js:10:5)

  ΓùÅ 100% Coverage - Final Push ΓÇ║ export-import.js 
loadSharedConfiguration - validation paths ΓÇ║ 
loadSharedConfiguration success path

    ReferenceError: jest is not defined

    [0m [90m  8 |[39m describe([32m'100% Coverage - 
Final Push'[39m[33m,[39m () [33m=>[39m {
     [90m  9 |[39m   beforeEach(() [33m=>[39m {
    [31m[1m>[22m[39m[90m 10 |[39m     
jest[33m.[39mclearAllMocks()[33m;[39m
     [90m    |[39m     [31m[1m^[22m[39m
     [90m 11 |[39m     
jest[33m.[39mresetModules()[33m;[39m
     [90m 12 |[39m   })[33m;[39m
     [90m 13 |[39m[0m

      at Object.<anonymous> 
(tests/final-100-push.test.js:10:5)

  ΓùÅ 100% Coverage - Final Push ΓÇ║ export-import.js 
loadSharedConfiguration - validation paths ΓÇ║ 
loadSharedConfiguration user rejects

    ReferenceError: jest is not defined

    [0m [90m  8 |[39m describe([32m'100% Coverage - 
Final Push'[39m[33m,[39m () [33m=>[39m {
     [90m  9 |[39m   beforeEach(() [33m=>[39m {
    [31m[1m>[22m[39m[90m 10 |[39m     
jest[33m.[39mclearAllMocks()[33m;[39m
     [90m    |[39m     [31m[1m^[22m[39m
     [90m 11 |[39m     
jest[33m.[39mresetModules()[33m;[39m
     [90m 12 |[39m   })[33m;[39m
     [90m 13 |[39m[0m

      at Object.<anonymous> 
(tests/final-100-push.test.js:10:5)

  ΓùÅ 100% Coverage - Final Push ΓÇ║ Remaining edge 
cases and uncovered branches ΓÇ║ config.js _updateObject 
with log errors

    ReferenceError: jest is not defined

    [0m [90m  8 |[39m describe([32m'100% Coverage - 
Final Push'[39m[33m,[39m () [33m=>[39m {
     [90m  9 |[39m   beforeEach(() [33m=>[39m {
    [31m[1m>[22m[39m[90m 10 |[39m     
jest[33m.[39mclearAllMocks()[33m;[39m
     [90m    |[39m     [31m[1m^[22m[39m
     [90m 11 |[39m     
jest[33m.[39mresetModules()[33m;[39m
     [90m 12 |[39m   })[33m;[39m
     [90m 13 |[39m[0m

      at Object.<anonymous> 
(tests/final-100-push.test.js:10:5)

  ΓùÅ 100% Coverage - Final Push ΓÇ║ Remaining edge 
cases and uncovered branches ΓÇ║ settings.js 
registerSettings with all edge cases

    ReferenceError: jest is not defined

    [0m [90m  8 |[39m describe([32m'100% Coverage - 
Final Push'[39m[33m,[39m () [33m=>[39m {
     [90m  9 |[39m   beforeEach(() [33m=>[39m {
    [31m[1m>[22m[39m[90m 10 |[39m     
jest[33m.[39mclearAllMocks()[33m;[39m
     [90m    |[39m     [31m[1m^[22m[39m
     [90m 11 |[39m     
jest[33m.[39mresetModules()[33m;[39m
     [90m 12 |[39m   })[33m;[39m
     [90m 13 |[39m[0m

      at Object.<anonymous> 
(tests/final-100-push.test.js:10:5)

  ΓùÅ 100% Coverage - Final Push ΓÇ║ Remaining edge 
cases and uncovered branches ΓÇ║ hooks.js 
renderMacroDirectory with DOM manipulation

    ReferenceError: jest is not defined

    [0m [90m  8 |[39m describe([32m'100% Coverage - 
Final Push'[39m[33m,[39m () [33m=>[39m {
     [90m  9 |[39m   beforeEach(() [33m=>[39m {
    [31m[1m>[22m[39m[90m 10 |[39m     
jest[33m.[39mclearAllMocks()[33m;[39m
     [90m    |[39m     [31m[1m^[22m[39m
     [90m 11 |[39m     
jest[33m.[39mresetModules()[33m;[39m
     [90m 12 |[39m   })[33m;[39m
     [90m 13 |[39m[0m

      at Object.<anonymous> 
(tests/final-100-push.test.js:10:5)

  ΓùÅ 100% Coverage - Final Push ΓÇ║ Uncovered function 
calls ΓÇ║ utils.js updateStyleElement multiple calls

    ReferenceError: jest is not defined

    [0m [90m  8 |[39m describe([32m'100% Coverage - 
Final Push'[39m[33m,[39m () [33m=>[39m {
     [90m  9 |[39m   beforeEach(() [33m=>[39m {
    [31m[1m>[22m[39m[90m 10 |[39m     
jest[33m.[39mclearAllMocks()[33m;[39m
     [90m    |[39m     [31m[1m^[22m[39m
     [90m 11 |[39m     
jest[33m.[39mresetModules()[33m;[39m
     [90m 12 |[39m   })[33m;[39m
     [90m 13 |[39m[0m

      at Object.<anonymous> 
(tests/final-100-push.test.js:10:5)

  ΓùÅ 100% Coverage - Final Push ΓÇ║ Uncovered function 
calls ΓÇ║ styles.js getAnimationSpeed edge cases

    ReferenceError: jest is not defined

    [0m [90m  8 |[39m describe([32m'100% Coverage - 
Final Push'[39m[33m,[39m () [33m=>[39m {
     [90m  9 |[39m   beforeEach(() [33m=>[39m {
    [31m[1m>[22m[39m[90m 10 |[39m     
jest[33m.[39mclearAllMocks()[33m;[39m
     [90m    |[39m     [31m[1m^[22m[39m
     [90m 11 |[39m     
jest[33m.[39mresetModules()[33m;[39m
     [90m 12 |[39m   })[33m;[39m
     [90m 13 |[39m[0m

      at Object.<anonymous> 
(tests/final-100-push.test.js:10:5)

FAIL tests/simple-100.test.js
  ΓùÅ 100% Coverage Push ΓÇ║ mathHelper

    ReferenceError: FormApplication is not defined

    [0m [90m 11 |[39m [90m * Configuration form for 
Hide Hotbar Buttons[39m
     [90m 12 |[39m [90m */[39m
    [31m[1m>[22m[39m[90m 13 |[39m [36mexport[39m 
[36mclass[39m [33mHideHotbarConfig[39m 
[36mextends[39m [33mFormApplication[39m {
     [90m    |[39m                                     
  [31m[1m^[22m[39m
     [90m 14 |[39m   [36mstatic[39m [36mget[39m 
defaultOptions() {
     [90m 15 |[39m     [36mreturn[39m foundry[33m.[
39mutils[33m.[39mmergeObject([36msuper[39m[33m.[39m
defaultOptions[33m,[39m {
     [90m 16 |[39m       title[33m:[39m game[33m.[3
9mi18n[33m.[39mlocalize([32m"RNKHTM.Config.Title"[39m
)[33m,[39m[0m

      at FormApplication (scripts/config.js:13:39)
      at Object.<anonymous> 
(tests/simple-100.test.js:24:27)

  ΓùÅ 100% Coverage Push ΓÇ║ subtractHelper

    ReferenceError: FormApplication is not defined

    [0m [90m 11 |[39m [90m * Configuration form for 
Hide Hotbar Buttons[39m
     [90m 12 |[39m [90m */[39m
    [31m[1m>[22m[39m[90m 13 |[39m [36mexport[39m 
[36mclass[39m [33mHideHotbarConfig[39m 
[36mextends[39m [33mFormApplication[39m {
     [90m    |[39m                                     
  [31m[1m^[22m[39m
     [90m 14 |[39m   [36mstatic[39m [36mget[39m 
defaultOptions() {
     [90m 15 |[39m     [36mreturn[39m foundry[33m.[
39mutils[33m.[39mmergeObject([36msuper[39m[33m.[39m
defaultOptions[33m,[39m {
     [90m 16 |[39m       title[33m:[39m game[33m.[3
9mi18n[33m.[39mlocalize([32m"RNKHTM.Config.Title"[39m
)[33m,[39m[0m

      at FormApplication (scripts/config.js:13:39)
      at Object.<anonymous> 
(tests/simple-100.test.js:24:27)

  ΓùÅ 100% Coverage Push ΓÇ║ multiplyHelper

    ReferenceError: FormApplication is not defined

    [0m [90m 11 |[39m [90m * Configuration form for 
Hide Hotbar Buttons[39m
     [90m 12 |[39m [90m */[39m
    [31m[1m>[22m[39m[90m 13 |[39m [36mexport[39m 
[36mclass[39m [33mHideHotbarConfig[39m 
[36mextends[39m [33mFormApplication[39m {
     [90m    |[39m                                     
  [31m[1m^[22m[39m
     [90m 14 |[39m   [36mstatic[39m [36mget[39m 
defaultOptions() {
     [90m 15 |[39m     [36mreturn[39m foundry[33m.[
39mutils[33m.[39mmergeObject([36msuper[39m[33m.[39m
defaultOptions[33m,[39m {
     [90m 16 |[39m       title[33m:[39m game[33m.[3
9mi18n[33m.[39mlocalize([32m"RNKHTM.Config.Title"[39m
)[33m,[39m[0m

      at FormApplication (scripts/config.js:13:39)
      at Object.<anonymous> 
(tests/simple-100.test.js:24:27)

  ΓùÅ 100% Coverage Push ΓÇ║ registerHandlebarsHelpers

    ReferenceError: FormApplication is not defined

    [0m [90m 11 |[39m [90m * Configuration form for 
Hide Hotbar Buttons[39m
     [90m 12 |[39m [90m */[39m
    [31m[1m>[22m[39m[90m 13 |[39m [36mexport[39m 
[36mclass[39m [33mHideHotbarConfig[39m 
[36mextends[39m [33mFormApplication[39m {
     [90m    |[39m                                     
  [31m[1m^[22m[39m
     [90m 14 |[39m   [36mstatic[39m [36mget[39m 
defaultOptions() {
     [90m 15 |[39m     [36mreturn[39m foundry[33m.[
39mutils[33m.[39mmergeObject([36msuper[39m[33m.[39m
defaultOptions[33m,[39m {
     [90m 16 |[39m       title[33m:[39m game[33m.[3
9mi18n[33m.[39mlocalize([32m"RNKHTM.Config.Title"[39m
)[33m,[39m[0m

      at FormApplication (scripts/config.js:13:39)
      at Object.<anonymous> 
(tests/simple-100.test.js:24:27)

  ΓùÅ 100% Coverage Push ΓÇ║ processImportedFile - null 
file

    ReferenceError: FormApplication is not defined

    [0m [90m 11 |[39m [90m * Configuration form for 
Hide Hotbar Buttons[39m
     [90m 12 |[39m [90m */[39m
    [31m[1m>[22m[39m[90m 13 |[39m [36mexport[39m 
[36mclass[39m [33mHideHotbarConfig[39m 
[36mextends[39m [33mFormApplication[39m {
     [90m    |[39m                                     
  [31m[1m^[22m[39m
     [90m 14 |[39m   [36mstatic[39m [36mget[39m 
defaultOptions() {
     [90m 15 |[39m     [36mreturn[39m foundry[33m.[
39mutils[33m.[39mmergeObject([36msuper[39m[33m.[39m
defaultOptions[33m,[39m {
     [90m 16 |[39m       title[33m:[39m game[33m.[3
9mi18n[33m.[39mlocalize([32m"RNKHTM.Config.Title"[39m
)[33m,[39m[0m

      at FormApplication (scripts/config.js:13:39)
      at Object.<anonymous> 
(tests/simple-100.test.js:24:27)

  ΓùÅ 100% Coverage Push ΓÇ║ processImportedFile - valid 
file

    ReferenceError: FormApplication is not defined

    [0m [90m 11 |[39m [90m * Configuration form for 
Hide Hotbar Buttons[39m
     [90m 12 |[39m [90m */[39m
    [31m[1m>[22m[39m[90m 13 |[39m [36mexport[39m 
[36mclass[39m [33mHideHotbarConfig[39m 
[36mextends[39m [33mFormApplication[39m {
     [90m    |[39m                                     
  [31m[1m^[22m[39m
     [90m 14 |[39m   [36mstatic[39m [36mget[39m 
defaultOptions() {
     [90m 15 |[39m     [36mreturn[39m foundry[33m.[
39mutils[33m.[39mmergeObject([36msuper[39m[33m.[39m
defaultOptions[33m,[39m {
     [90m 16 |[39m       title[33m:[39m game[33m.[3
9mi18n[33m.[39mlocalize([32m"RNKHTM.Config.Title"[39m
)[33m,[39m[0m

      at FormApplication (scripts/config.js:13:39)
      at Object.<anonymous> 
(tests/simple-100.test.js:24:27)

  ΓùÅ 100% Coverage Push ΓÇ║ isValidSlot

    ReferenceError: FormApplication is not defined

    [0m [90m 11 |[39m [90m * Configuration form for 
Hide Hotbar Buttons[39m
     [90m 12 |[39m [90m */[39m
    [31m[1m>[22m[39m[90m 13 |[39m [36mexport[39m 
[36mclass[39m [33mHideHotbarConfig[39m 
[36mextends[39m [33mFormApplication[39m {
     [90m    |[39m                                     
  [31m[1m^[22m[39m
     [90m 14 |[39m   [36mstatic[39m [36mget[39m 
defaultOptions() {
     [90m 15 |[39m     [36mreturn[39m foundry[33m.[
39mutils[33m.[39mmergeObject([36msuper[39m[33m.[39m
defaultOptions[33m,[39m {
     [90m 16 |[39m       title[33m:[39m game[33m.[3
9mi18n[33m.[39mlocalize([32m"RNKHTM.Config.Title"[39m
)[33m,[39m[0m

      at FormApplication (scripts/config.js:13:39)
      at Object.<anonymous> 
(tests/simple-100.test.js:24:27)

  ΓùÅ 100% Coverage Push ΓÇ║ isValidPage

    ReferenceError: FormApplication is not defined

    [0m [90m 11 |[39m [90m * Configuration form for 
Hide Hotbar Buttons[39m
     [90m 12 |[39m [90m */[39m
    [31m[1m>[22m[39m[90m 13 |[39m [36mexport[39m 
[36mclass[39m [33mHideHotbarConfig[39m 
[36mextends[39m [33mFormApplication[39m {
     [90m    |[39m                                     
  [31m[1m^[22m[39m
     [90m 14 |[39m   [36mstatic[39m [36mget[39m 
defaultOptions() {
     [90m 15 |[39m     [36mreturn[39m foundry[33m.[
39mutils[33m.[39mmergeObject([36msuper[39m[33m.[39m
defaultOptions[33m,[39m {
     [90m 16 |[39m       title[33m:[39m game[33m.[3
9mi18n[33m.[39mlocalize([32m"RNKHTM.Config.Title"[39m
)[33m,[39m[0m

      at FormApplication (scripts/config.js:13:39)
      at Object.<anonymous> 
(tests/simple-100.test.js:24:27)

  ΓùÅ 100% Coverage Push ΓÇ║ getSlotsForPage

    ReferenceError: FormApplication is not defined

    [0m [90m 11 |[39m [90m * Configuration form for 
Hide Hotbar Buttons[39m
     [90m 12 |[39m [90m */[39m
    [31m[1m>[22m[39m[90m 13 |[39m [36mexport[39m 
[36mclass[39m [33mHideHotbarConfig[39m 
[36mextends[39m [33mFormApplication[39m {
     [90m    |[39m                                     
  [31m[1m^[22m[39m
     [90m 14 |[39m   [36mstatic[39m [36mget[39m 
defaultOptions() {
     [90m 15 |[39m     [36mreturn[39m foundry[33m.[
39mutils[33m.[39mmergeObject([36msuper[39m[33m.[39m
defaultOptions[33m,[39m {
     [90m 16 |[39m       title[33m:[39m game[33m.[3
9mi18n[33m.[39mlocalize([32m"RNKHTM.Config.Title"[39m
)[33m,[39m[0m

      at FormApplication (scripts/config.js:13:39)
      at Object.<anonymous> 
(tests/simple-100.test.js:24:27)

  ΓùÅ 100% Coverage Push ΓÇ║ toggleClass

    ReferenceError: FormApplication is not defined

    [0m [90m 11 |[39m [90m * Configuration form for 
Hide Hotbar Buttons[39m
     [90m 12 |[39m [90m */[39m
    [31m[1m>[22m[39m[90m 13 |[39m [36mexport[39m 
[36mclass[39m [33mHideHotbarConfig[39m 
[36mextends[39m [33mFormApplication[39m {
     [90m    |[39m                                     
  [31m[1m^[22m[39m
     [90m 14 |[39m   [36mstatic[39m [36mget[39m 
defaultOptions() {
     [90m 15 |[39m     [36mreturn[39m foundry[33m.[
39mutils[33m.[39mmergeObject([36msuper[39m[33m.[39m
defaultOptions[33m,[39m {
     [90m 16 |[39m       title[33m:[39m game[33m.[3
9mi18n[33m.[39mlocalize([32m"RNKHTM.Config.Title"[39m
)[33m,[39m[0m

      at FormApplication (scripts/config.js:13:39)
      at Object.<anonymous> 
(tests/simple-100.test.js:24:27)

  ΓùÅ 100% Coverage Push ΓÇ║ log

    ReferenceError: FormApplication is not defined

    [0m [90m 11 |[39m [90m * Configuration form for 
Hide Hotbar Buttons[39m
     [90m 12 |[39m [90m */[39m
    [31m[1m>[22m[39m[90m 13 |[39m [36mexport[39m 
[36mclass[39m [33mHideHotbarConfig[39m 
[36mextends[39m [33mFormApplication[39m {
     [90m    |[39m                                     
  [31m[1m^[22m[39m
     [90m 14 |[39m   [36mstatic[39m [36mget[39m 
defaultOptions() {
     [90m 15 |[39m     [36mreturn[39m foundry[33m.[
39mutils[33m.[39mmergeObject([36msuper[39m[33m.[39m
defaultOptions[33m,[39m {
     [90m 16 |[39m       title[33m:[39m game[33m.[3
9mi18n[33m.[39mlocalize([32m"RNKHTM.Config.Title"[39m
)[33m,[39m[0m

      at FormApplication (scripts/config.js:13:39)
      at Object.<anonymous> 
(tests/simple-100.test.js:24:27)

  ΓùÅ 100% Coverage Push ΓÇ║ notify

    ReferenceError: FormApplication is not defined

    [0m [90m 11 |[39m [90m * Configuration form for 
Hide Hotbar Buttons[39m
     [90m 12 |[39m [90m */[39m
    [31m[1m>[22m[39m[90m 13 |[39m [36mexport[39m 
[36mclass[39m [33mHideHotbarConfig[39m 
[36mextends[39m [33mFormApplication[39m {
     [90m    |[39m                                     
  [31m[1m^[22m[39m
     [90m 14 |[39m   [36mstatic[39m [36mget[39m 
defaultOptions() {
     [90m 15 |[39m     [36mreturn[39m foundry[33m.[
39mutils[33m.[39mmergeObject([36msuper[39m[33m.[39m
defaultOptions[33m,[39m {
     [90m 16 |[39m       title[33m:[39m game[33m.[3
9mi18n[33m.[39mlocalize([32m"RNKHTM.Config.Title"[39m
)[33m,[39m[0m

      at FormApplication (scripts/config.js:13:39)
      at Object.<anonymous> 
(tests/simple-100.test.js:24:27)

  ΓùÅ 100% Coverage Push ΓÇ║ getSetting

    ReferenceError: FormApplication is not defined

    [0m [90m 11 |[39m [90m * Configuration form for 
Hide Hotbar Buttons[39m
     [90m 12 |[39m [90m */[39m
    [31m[1m>[22m[39m[90m 13 |[39m [36mexport[39m 
[36mclass[39m [33mHideHotbarConfig[39m 
[36mextends[39m [33mFormApplication[39m {
     [90m    |[39m                                     
  [31m[1m^[22m[39m
     [90m 14 |[39m   [36mstatic[39m [36mget[39m 
defaultOptions() {
     [90m 15 |[39m     [36mreturn[39m foundry[33m.[
39mutils[33m.[39mmergeObject([36msuper[39m[33m.[39m
defaultOptions[33m,[39m {
     [90m 16 |[39m       title[33m:[39m game[33m.[3
9mi18n[33m.[39mlocalize([32m"RNKHTM.Config.Title"[39m
)[33m,[39m[0m

      at FormApplication (scripts/config.js:13:39)
      at Object.<anonymous> 
(tests/simple-100.test.js:24:27)

  ΓùÅ 100% Coverage Push ΓÇ║ setSetting

    ReferenceError: FormApplication is not defined

    [0m [90m 11 |[39m [90m * Configuration form for 
Hide Hotbar Buttons[39m
     [90m 12 |[39m [90m */[39m
    [31m[1m>[22m[39m[90m 13 |[39m [36mexport[39m 
[36mclass[39m [33mHideHotbarConfig[39m 
[36mextends[39m [33mFormApplication[39m {
     [90m    |[39m                                     
  [31m[1m^[22m[39m
     [90m 14 |[39m   [36mstatic[39m [36mget[39m 
defaultOptions() {
     [90m 15 |[39m     [36mreturn[39m foundry[33m.[
39mutils[33m.[39mmergeObject([36msuper[39m[33m.[39m
defaultOptions[33m,[39m {
     [90m 16 |[39m       title[33m:[39m game[33m.[3
9mi18n[33m.[39mlocalize([32m"RNKHTM.Config.Title"[39m
)[33m,[39m[0m

      at FormApplication (scripts/config.js:13:39)
      at Object.<anonymous> 
(tests/simple-100.test.js:24:27)

  ΓùÅ 100% Coverage Push ΓÇ║ getAllPresets

    ReferenceError: FormApplication is not defined

    [0m [90m 11 |[39m [90m * Configuration form for 
Hide Hotbar Buttons[39m
     [90m 12 |[39m [90m */[39m
    [31m[1m>[22m[39m[90m 13 |[39m [36mexport[39m 
[36mclass[39m [33mHideHotbarConfig[39m 
[36mextends[39m [33mFormApplication[39m {
     [90m    |[39m                                     
  [31m[1m^[22m[39m
     [90m 14 |[39m   [36mstatic[39m [36mget[39m 
defaultOptions() {
     [90m 15 |[39m     [36mreturn[39m foundry[33m.[
39mutils[33m.[39mmergeObject([36msuper[39m[33m.[39m
defaultOptions[33m,[39m {
     [90m 16 |[39m       title[33m:[39m game[33m.[3
9mi18n[33m.[39mlocalize([32m"RNKHTM.Config.Title"[39m
)[33m,[39m[0m

      at FormApplication (scripts/config.js:13:39)
      at Object.<anonymous> 
(tests/simple-100.test.js:24:27)

  ΓùÅ 100% Coverage Push ΓÇ║ getAnimationCSS

    ReferenceError: FormApplication is not defined

    [0m [90m 11 |[39m [90m * Configuration form for 
Hide Hotbar Buttons[39m
     [90m 12 |[39m [90m */[39m
    [31m[1m>[22m[39m[90m 13 |[39m [36mexport[39m 
[36mclass[39m [33mHideHotbarConfig[39m 
[36mextends[39m [33mFormApplication[39m {
     [90m    |[39m                                     
  [31m[1m^[22m[39m
     [90m 14 |[39m   [36mstatic[39m [36mget[39m 
defaultOptions() {
     [90m 15 |[39m     [36mreturn[39m foundry[33m.[
39mutils[33m.[39mmergeObject([36msuper[39m[33m.[39m
defaultOptions[33m,[39m {
     [90m 16 |[39m       title[33m:[39m game[33m.[3
9mi18n[33m.[39mlocalize([32m"RNKHTM.Config.Title"[39m
)[33m,[39m[0m

      at FormApplication (scripts/config.js:13:39)
      at Object.<anonymous> 
(tests/simple-100.test.js:24:27)

  ΓùÅ 100% Coverage Push ΓÇ║ animateElement

    ReferenceError: FormApplication is not defined

    [0m [90m 11 |[39m [90m * Configuration form for 
Hide Hotbar Buttons[39m
     [90m 12 |[39m [90m */[39m
    [31m[1m>[22m[39m[90m 13 |[39m [36mexport[39m 
[36mclass[39m [33mHideHotbarConfig[39m 
[36mextends[39m [33mFormApplication[39m {
     [90m    |[39m                                     
  [31m[1m^[22m[39m
     [90m 14 |[39m   [36mstatic[39m [36mget[39m 
defaultOptions() {
     [90m 15 |[39m     [36mreturn[39m foundry[33m.[
39mutils[33m.[39mmergeObject([36msuper[39m[33m.[39m
defaultOptions[33m,[39m {
     [90m 16 |[39m       title[33m:[39m game[33m.[3
9mi18n[33m.[39mlocalize([32m"RNKHTM.Config.Title"[39m
)[33m,[39m[0m

      at FormApplication (scripts/config.js:13:39)
      at Object.<anonymous> 
(tests/simple-100.test.js:24:27)

  ΓùÅ 100% Coverage Push ΓÇ║ updateHotbarStyles

    ReferenceError: FormApplication is not defined

    [0m [90m 11 |[39m [90m * Configuration form for 
Hide Hotbar Buttons[39m
     [90m 12 |[39m [90m */[39m
    [31m[1m>[22m[39m[90m 13 |[39m [36mexport[39m 
[36mclass[39m [33mHideHotbarConfig[39m 
[36mextends[39m [33mFormApplication[39m {
     [90m    |[39m                                     
  [31m[1m^[22m[39m
     [90m 14 |[39m   [36mstatic[39m [36mget[39m 
defaultOptions() {
     [90m 15 |[39m     [36mreturn[39m foundry[33m.[
39mutils[33m.[39mmergeObject([36msuper[39m[33m.[39m
defaultOptions[33m,[39m {
     [90m 16 |[39m       title[33m:[39m game[33m.[3
9mi18n[33m.[39mlocalize([32m"RNKHTM.Config.Title"[39m
)[33m,[39m[0m

      at FormApplication (scripts/config.js:13:39)
      at Object.<anonymous> 
(tests/simple-100.test.js:24:27)

  ΓùÅ 100% Coverage Push ΓÇ║ getHiddenSlotsCSS

    ReferenceError: FormApplication is not defined

    [0m [90m 11 |[39m [90m * Configuration form for 
Hide Hotbar Buttons[39m
     [90m 12 |[39m [90m */[39m
    [31m[1m>[22m[39m[90m 13 |[39m [36mexport[39m 
[36mclass[39m [33mHideHotbarConfig[39m 
[36mextends[39m [33mFormApplication[39m {
     [90m    |[39m                                     
  [31m[1m^[22m[39m
     [90m 14 |[39m   [36mstatic[39m [36mget[39m 
defaultOptions() {
     [90m 15 |[39m     [36mreturn[39m foundry[33m.[
39mutils[33m.[39mmergeObject([36msuper[39m[33m.[39m
defaultOptions[33m,[39m {
     [90m 16 |[39m       title[33m:[39m game[33m.[3
9mi18n[33m.[39mlocalize([32m"RNKHTM.Config.Title"[39m
)[33m,[39m[0m

      at FormApplication (scripts/config.js:13:39)
      at Object.<anonymous> 
(tests/simple-100.test.js:24:27)

  ΓùÅ 100% Coverage Push ΓÇ║ getAnimationSpeed

    ReferenceError: FormApplication is not defined

    [0m [90m 11 |[39m [90m * Configuration form for 
Hide Hotbar Buttons[39m
     [90m 12 |[39m [90m */[39m
    [31m[1m>[22m[39m[90m 13 |[39m [36mexport[39m 
[36mclass[39m [33mHideHotbarConfig[39m 
[36mextends[39m [33mFormApplication[39m {
     [90m    |[39m                                     
  [31m[1m^[22m[39m
     [90m 14 |[39m   [36mstatic[39m [36mget[39m 
defaultOptions() {
     [90m 15 |[39m     [36mreturn[39m foundry[33m.[
39mutils[33m.[39mmergeObject([36msuper[39m[33m.[39m
defaultOptions[33m,[39m {
     [90m 16 |[39m       title[33m:[39m game[33m.[3
9mi18n[33m.[39mlocalize([32m"RNKHTM.Config.Title"[39m
)[33m,[39m[0m

      at FormApplication (scripts/config.js:13:39)
      at Object.<anonymous> 
(tests/simple-100.test.js:24:27)

  ΓùÅ 100% Coverage Push ΓÇ║ initHook

    ReferenceError: FormApplication is not defined

    [0m [90m 11 |[39m [90m * Configuration form for 
Hide Hotbar Buttons[39m
     [90m 12 |[39m [90m */[39m
    [31m[1m>[22m[39m[90m 13 |[39m [36mexport[39m 
[36mclass[39m [33mHideHotbarConfig[39m 
[36mextends[39m [33mFormApplication[39m {
     [90m    |[39m                                     
  [31m[1m^[22m[39m
     [90m 14 |[39m   [36mstatic[39m [36mget[39m 
defaultOptions() {
     [90m 15 |[39m     [36mreturn[39m foundry[33m.[
39mutils[33m.[39mmergeObject([36msuper[39m[33m.[39m
defaultOptions[33m,[39m {
     [90m 16 |[39m       title[33m:[39m game[33m.[3
9mi18n[33m.[39mlocalize([32m"RNKHTM.Config.Title"[39m
)[33m,[39m[0m

      at FormApplication (scripts/config.js:13:39)
      at Object.<anonymous> 
(tests/simple-100.test.js:24:27)

  ΓùÅ 100% Coverage Push ΓÇ║ readyHook

    ReferenceError: FormApplication is not defined

    [0m [90m 11 |[39m [90m * Configuration form for 
Hide Hotbar Buttons[39m
     [90m 12 |[39m [90m */[39m
    [31m[1m>[22m[39m[90m 13 |[39m [36mexport[39m 
[36mclass[39m [33mHideHotbarConfig[39m 
[36mextends[39m [33mFormApplication[39m {
     [90m    |[39m                                     
  [31m[1m^[22m[39m
     [90m 14 |[39m   [36mstatic[39m [36mget[39m 
defaultOptions() {
     [90m 15 |[39m     [36mreturn[39m foundry[33m.[
39mutils[33m.[39mmergeObject([36msuper[39m[33m.[39m
defaultOptions[33m,[39m {
     [90m 16 |[39m       title[33m:[39m game[33m.[3
9mi18n[33m.[39mlocalize([32m"RNKHTM.Config.Title"[39m
)[33m,[39m[0m

      at FormApplication (scripts/config.js:13:39)
      at Object.<anonymous> 
(tests/simple-100.test.js:24:27)

  ΓùÅ 100% Coverage Push ΓÇ║ hotbarCollapseHook

    ReferenceError: FormApplication is not defined

    [0m [90m 11 |[39m [90m * Configuration form for 
Hide Hotbar Buttons[39m
     [90m 12 |[39m [90m */[39m
    [31m[1m>[22m[39m[90m 13 |[39m [36mexport[39m 
[36mclass[39m [33mHideHotbarConfig[39m 
[36mextends[39m [33mFormApplication[39m {
     [90m    |[39m                                     
  [31m[1m^[22m[39m
     [90m 14 |[39m   [36mstatic[39m [36mget[39m 
defaultOptions() {
     [90m 15 |[39m     [36mreturn[39m foundry[33m.[
39mutils[33m.[39mmergeObject([36msuper[39m[33m.[39m
defaultOptions[33m,[39m {
     [90m 16 |[39m       title[33m:[39m game[33m.[3
9mi18n[33m.[39mlocalize([32m"RNKHTM.Config.Title"[39m
)[33m,[39m[0m

      at FormApplication (scripts/config.js:13:39)
      at Object.<anonymous> 
(tests/simple-100.test.js:24:27)

  ΓùÅ 100% Coverage Push ΓÇ║ HideHotbarConfig getData

    ReferenceError: FormApplication is not defined

    [0m [90m 11 |[39m [90m * Configuration form for 
Hide Hotbar Buttons[39m
     [90m 12 |[39m [90m */[39m
    [31m[1m>[22m[39m[90m 13 |[39m [36mexport[39m 
[36mclass[39m [33mHideHotbarConfig[39m 
[36mextends[39m [33mFormApplication[39m {
     [90m    |[39m                                     
  [31m[1m^[22m[39m
     [90m 14 |[39m   [36mstatic[39m [36mget[39m 
defaultOptions() {
     [90m 15 |[39m     [36mreturn[39m foundry[33m.[
39mutils[33m.[39mmergeObject([36msuper[39m[33m.[39m
defaultOptions[33m,[39m {
     [90m 16 |[39m       title[33m:[39m game[33m.[3
9mi18n[33m.[39mlocalize([32m"RNKHTM.Config.Title"[39m
)[33m,[39m[0m

      at FormApplication (scripts/config.js:13:39)
      at Object.<anonymous> 
(tests/simple-100.test.js:24:27)

  ΓùÅ 100% Coverage Push ΓÇ║ registerSettings

    ReferenceError: FormApplication is not defined

    [0m [90m 11 |[39m [90m * Configuration form for 
Hide Hotbar Buttons[39m
     [90m 12 |[39m [90m */[39m
    [31m[1m>[22m[39m[90m 13 |[39m [36mexport[39m 
[36mclass[39m [33mHideHotbarConfig[39m 
[36mextends[39m [33mFormApplication[39m {
     [90m    |[39m                                     
  [31m[1m^[22m[39m
     [90m 14 |[39m   [36mstatic[39m [36mget[39m 
defaultOptions() {
     [90m 15 |[39m     [36mreturn[39m foundry[33m.[
39mutils[33m.[39mmergeObject([36msuper[39m[33m.[39m
defaultOptions[33m,[39m {
     [90m 16 |[39m       title[33m:[39m game[33m.[3
9mi18n[33m.[39mlocalize([32m"RNKHTM.Config.Title"[39m
)[33m,[39m[0m

      at FormApplication (scripts/config.js:13:39)
      at Object.<anonymous> 
(tests/simple-100.test.js:24:27)

  ΓùÅ 100% Coverage Push ΓÇ║ loadSharedConfiguration - 
invalid

    ReferenceError: FormApplication is not defined

    [0m [90m 11 |[39m [90m * Configuration form for 
Hide Hotbar Buttons[39m
     [90m 12 |[39m [90m */[39m
    [31m[1m>[22m[39m[90m 13 |[39m [36mexport[39m 
[36mclass[39m [33mHideHotbarConfig[39m 
[36mextends[39m [33mFormApplication[39m {
     [90m    |[39m                                     
  [31m[1m^[22m[39m
     [90m 14 |[39m   [36mstatic[39m [36mget[39m 
defaultOptions() {
     [90m 15 |[39m     [36mreturn[39m foundry[33m.[
39mutils[33m.[39mmergeObject([36msuper[39m[33m.[39m
defaultOptions[33m,[39m {
     [90m 16 |[39m       title[33m:[39m game[33m.[3
9mi18n[33m.[39mlocalize([32m"RNKHTM.Config.Title"[39m
)[33m,[39m[0m

      at FormApplication (scripts/config.js:13:39)
      at Object.<anonymous> 
(tests/simple-100.test.js:24:27)

  ΓùÅ 100% Coverage Push ΓÇ║ processImportedFile - all 
settings branches

    ReferenceError: FormApplication is not defined

    [0m [90m 11 |[39m [90m * Configuration form for 
Hide Hotbar Buttons[39m
     [90m 12 |[39m [90m */[39m
    [31m[1m>[22m[39m[90m 13 |[39m [36mexport[39m 
[36mclass[39m [33mHideHotbarConfig[39m 
[36mextends[39m [33mFormApplication[39m {
     [90m    |[39m                                     
  [31m[1m^[22m[39m
     [90m 14 |[39m   [36mstatic[39m [36mget[39m 
defaultOptions() {
     [90m 15 |[39m     [36mreturn[39m foundry[33m.[
39mutils[33m.[39mmergeObject([36msuper[39m[33m.[39m
defaultOptions[33m,[39m {
     [90m 16 |[39m       title[33m:[39m game[33m.[3
9mi18n[33m.[39mlocalize([32m"RNKHTM.Config.Title"[39m
)[33m,[39m[0m

      at FormApplication (scripts/config.js:13:39)
      at Object.<anonymous> 
(tests/simple-100.test.js:24:27)

  ΓùÅ 100% Coverage Push ΓÇ║ processImportedFile - user 
cancels

    ReferenceError: FormApplication is not defined

    [0m [90m 11 |[39m [90m * Configuration form for 
Hide Hotbar Buttons[39m
     [90m 12 |[39m [90m */[39m
    [31m[1m>[22m[39m[90m 13 |[39m [36mexport[39m 
[36mclass[39m [33mHideHotbarConfig[39m 
[36mextends[39m [33mFormApplication[39m {
     [90m    |[39m                                     
  [31m[1m^[22m[39m
     [90m 14 |[39m   [36mstatic[39m [36mget[39m 
defaultOptions() {
     [90m 15 |[39m     [36mreturn[39m foundry[33m.[
39mutils[33m.[39mmergeObject([36msuper[39m[33m.[39m
defaultOptions[33m,[39m {
     [90m 16 |[39m       title[33m:[39m game[33m.[3
9mi18n[33m.[39mlocalize([32m"RNKHTM.Config.Title"[39m
)[33m,[39m[0m

      at FormApplication (scripts/config.js:13:39)
      at Object.<anonymous> 
(tests/simple-100.test.js:24:27)

  ΓùÅ 100% Coverage Push ΓÇ║ savePreset

    ReferenceError: FormApplication is not defined

    [0m [90m 11 |[39m [90m * Configuration form for 
Hide Hotbar Buttons[39m
     [90m 12 |[39m [90m */[39m
    [31m[1m>[22m[39m[90m 13 |[39m [36mexport[39m 
[36mclass[39m [33mHideHotbarConfig[39m 
[36mextends[39m [33mFormApplication[39m {
     [90m    |[39m                                     
  [31m[1m^[22m[39m
     [90m 14 |[39m   [36mstatic[39m [36mget[39m 
defaultOptions() {
     [90m 15 |[39m     [36mreturn[39m foundry[33m.[
39mutils[33m.[39mmergeObject([36msuper[39m[33m.[39m
defaultOptions[33m,[39m {
     [90m 16 |[39m       title[33m:[39m game[33m.[3
9mi18n[33m.[39mlocalize([32m"RNKHTM.Config.Title"[39m
)[33m,[39m[0m

      at FormApplication (scripts/config.js:13:39)
      at Object.<anonymous> 
(tests/simple-100.test.js:24:27)

  ΓùÅ 100% Coverage Push ΓÇ║ loadPreset - not found

    ReferenceError: FormApplication is not defined

    [0m [90m 11 |[39m [90m * Configuration form for 
Hide Hotbar Buttons[39m
     [90m 12 |[39m [90m */[39m
    [31m[1m>[22m[39m[90m 13 |[39m [36mexport[39m 
[36mclass[39m [33mHideHotbarConfig[39m 
[36mextends[39m [33mFormApplication[39m {
     [90m    |[39m                                     
  [31m[1m^[22m[39m
     [90m 14 |[39m   [36mstatic[39m [36mget[39m 
defaultOptions() {
     [90m 15 |[39m     [36mreturn[39m foundry[33m.[
39mutils[33m.[39mmergeObject([36msuper[39m[33m.[39m
defaultOptions[33m,[39m {
     [90m 16 |[39m       title[33m:[39m game[33m.[3
9mi18n[33m.[39mlocalize([32m"RNKHTM.Config.Title"[39m
)[33m,[39m[0m

      at FormApplication (scripts/config.js:13:39)
      at Object.<anonymous> 
(tests/simple-100.test.js:24:27)

  ΓùÅ 100% Coverage Push ΓÇ║ deletePreset

    ReferenceError: FormApplication is not defined

    [0m [90m 11 |[39m [90m * Configuration form for 
Hide Hotbar Buttons[39m
     [90m 12 |[39m [90m */[39m
    [31m[1m>[22m[39m[90m 13 |[39m [36mexport[39m 
[36mclass[39m [33mHideHotbarConfig[39m 
[36mextends[39m [33mFormApplication[39m {
     [90m    |[39m                                     
  [31m[1m^[22m[39m
     [90m 14 |[39m   [36mstatic[39m [36mget[39m 
defaultOptions() {
     [90m 15 |[39m     [36mreturn[39m foundry[33m.[
39mutils[33m.[39mmergeObject([36msuper[39m[33m.[39m
defaultOptions[33m,[39m {
     [90m 16 |[39m       title[33m:[39m game[33m.[3
9mi18n[33m.[39mlocalize([32m"RNKHTM.Config.Title"[39m
)[33m,[39m[0m

      at FormApplication (scripts/config.js:13:39)
      at Object.<anonymous> 
(tests/simple-100.test.js:24:27)

FAIL tests/shared-config.test.js
  ΓùÅ Shared Configuration Functions ΓÇ║ 
exportSharedConfiguration creates base64

    TypeError: exportSharedConfiguration is not a 
function

    [0m [90m 42 |[39m     [36mconst[39m { 
exportSharedConfiguration } [33m=[39m [36mawait[39m 
[36mimport[39m([32m'../scripts/features/export-import.j
s'[39m)[33m;[39m
     [90m 43 |[39m     
    [31m[1m>[22m[39m[90m 44 |[39m     
[36mconst[39m result [33m=[39m [36mawait[39m 
exportSharedConfiguration()[33m;[39m
     [90m    |[39m                          
[31m[1m^[22m[39m
     [90m 45 |[39m     
     [90m 46 |[39m     
expect(result)[33m.[39mtoBeDefined()[33m;[39m
     [90m 47 |[39m     expect([36mtypeof[39m 
result)[33m.[39mtoBe([32m'string'[39m)[33m;[39m[0m

      at Object.<anonymous> 
(tests/shared-config.test.js:44:26)

  ΓùÅ Shared Configuration Functions ΓÇ║ 
exportSharedConfiguration handles clipboard error

    TypeError: Cannot set properties of undefined 
(setting 'writeText')

    [0m [90m 57 |[39m     })[33m;[39m
     [90m 58 |[39m     
    [31m[1m>[22m[39m[90m 59 |[39m     global[33m.
[39mnavigator[33m.[39mclipboard[33m.[39mwriteText 
[33m=[39m jest[33m.[39mfn(() [33m=>[39m 
[33mPromise[39m[33m.[39mreject([36mnew[39m 
[33mError[39m([32m'Clipboard error'[39m)))[33m;[39m
     [90m    |[39m                                     
     [31m[1m^[22m[39m
     [90m 60 |[39m     
     [90m 61 |[39m     [36mconst[39m { 
exportSharedConfiguration } [33m=[39m [36mawait[39m 
[36mimport[39m([32m'../scripts/features/export-import.j
s'[39m)[33m;[39m
     [90m 62 |[39m     [0m

      at Object.<anonymous> 
(tests/shared-config.test.js:59:42)

FAIL tests/module-settings-coverage.test.js (11.738 s)
  ΓùÅ Module.js Complete Coverage ΓÇ║ init hook is 
registered

    expect(received).toBeGreaterThan(expected)

    Expected: > 0
    Received:   0

    [0m [90m 28 |[39m     [36mawait[39m [36mimport
[39m([32m'../scripts/module.js'[39m)[33m;[39m
     [90m 29 |[39m     [36mconst[39m initCalls 
[33m=[39m global[33m.[39m[33mHooks[39m[33m.[39mon
ce[33m.[39mmock[33m.[39mcalls[33m.[39mfilter(call 
[33m=>[39m call[[35m0[39m] [33m===[39m 
[32m'init'[39m)[33m;[39m
    [31m[1m>[22m[39m[90m 30 |[39m     expect(initCa
lls[33m.[39mlength)[33m.[39mtoBeGreaterThan([35m0[3
9m)[33m;[39m
     [90m    |[39m                              
[31m[1m^[22m[39m
     [90m 31 |[39m   })[33m;[39m
     [90m 32 |[39m
     [90m 33 |[39m   test([32m'ready hook is 
registered'[39m[33m,[39m [36masync[39m () 
[33m=>[39m {[0m

      at Object.<anonymous> 
(tests/module-settings-coverage.test.js:30:30)

  ΓùÅ Module.js Complete Coverage ΓÇ║ ready hook is 
registered

    expect(received).toBeGreaterThan(expected)

    Expected: > 0
    Received:   0

    [0m [90m 34 |[39m     [36mawait[39m [36mimport
[39m([32m'../scripts/module.js'[39m)[33m;[39m
     [90m 35 |[39m     [36mconst[39m readyCalls 
[33m=[39m global[33m.[39m[33mHooks[39m[33m.[39mon
ce[33m.[39mmock[33m.[39mcalls[33m.[39mfilter(call 
[33m=>[39m call[[35m0[39m] [33m===[39m 
[32m'ready'[39m)[33m;[39m
    [31m[1m>[22m[39m[90m 36 |[39m     expect(readyC
alls[33m.[39mlength)[33m.[39mtoBeGreaterThan([35m0[
39m)[33m;[39m
     [90m    |[39m                               
[31m[1m^[22m[39m
     [90m 37 |[39m   })[33m;[39m
     [90m 38 |[39m
     [90m 39 |[39m   test([32m'renderMacroDirectory 
hook is registered'[39m[33m,[39m [36masync[39m () 
[33m=>[39m {[0m

      at Object.<anonymous> 
(tests/module-settings-coverage.test.js:36:31)

  ΓùÅ Module.js Complete Coverage ΓÇ║ 
renderMacroDirectory hook is registered

    expect(received).toBeGreaterThan(expected)

    Expected: > 0
    Received:   0

    [0m [90m 40 |[39m     [36mawait[39m [36mimport
[39m([32m'../scripts/module.js'[39m)[33m;[39m
     [90m 41 |[39m     [36mconst[39m renderCalls 
[33m=[39m global[33m.[39m[33mHooks[39m[33m.[39mon
[33m.[39mmock[33m.[39mcalls[33m.[39mfilter(call 
[33m=>[39m call[[35m0[39m] [33m===[39m 
[32m'renderMacroDirectory'[39m)[33m;[39m
    [31m[1m>[22m[39m[90m 42 |[39m     expect(render
Calls[33m.[39mlength)[33m.[39mtoBeGreaterThan([35m0
[39m)[33m;[39m
     [90m    |[39m                                
[31m[1m^[22m[39m
     [90m 43 |[39m   })[33m;[39m
     [90m 44 |[39m
     [90m 45 |[39m   test([32m'init hook callback 
executes'[39m[33m,[39m [36masync[39m () 
[33m=>[39m {[0m

      at Object.<anonymous> 
(tests/module-settings-coverage.test.js:42:32)

  ΓùÅ Module.js Complete Coverage ΓÇ║ init hook callback 
executes

    TypeError: Cannot read properties of undefined 
(reading '1')

    [0m [90m 46 |[39m     [36mawait[39m [36mimport
[39m([32m'../scripts/module.js'[39m)[33m;[39m
     [90m 47 |[39m     [36mconst[39m initCall 
[33m=[39m global[33m.[39m[33mHooks[39m[33m.[39mon
ce[33m.[39mmock[33m.[39mcalls[33m.[39mfind(call 
[33m=>[39m call[[35m0[39m] [33m===[39m 
[32m'init'[39m)[33m;[39m
    [31m[1m>[22m[39m[90m 48 |[39m     
[36mconst[39m callback [33m=[39m 
initCall[[35m1[39m][33m;[39m
     [90m    |[39m                              
[31m[1m^[22m[39m
     [90m 49 |[39m     expect([36mtypeof[39m 
callback)[33m.[39mtoBe([32m'function'[39m)[33m;[39m
     [90m 50 |[39m     callback()[33m;[39m
     [90m 51 |[39m     expect(game[33m.[39msettings[
33m.[39mregister)[33m.[39mtoHaveBeenCalled()[33m;[39
m[0m

      at Object.<anonymous> 
(tests/module-settings-coverage.test.js:48:30)

  ΓùÅ Module.js Complete Coverage ΓÇ║ ready hook 
callback executes

    TypeError: Cannot read properties of undefined 
(reading '1')

    [0m [90m 55 |[39m     [36mawait[39m [36mimport
[39m([32m'../scripts/module.js'[39m)[33m;[39m
     [90m 56 |[39m     [36mconst[39m readyCall 
[33m=[39m global[33m.[39m[33mHooks[39m[33m.[39mon
ce[33m.[39mmock[33m.[39mcalls[33m.[39mfind(call 
[33m=>[39m call[[35m0[39m] [33m===[39m 
[32m'ready'[39m)[33m;[39m
    [31m[1m>[22m[39m[90m 57 |[39m     
[36mconst[39m callback [33m=[39m 
readyCall[[35m1[39m][33m;[39m
     [90m    |[39m                               
[31m[1m^[22m[39m
     [90m 58 |[39m     expect([36mtypeof[39m 
callback)[33m.[39mtoBe([32m'function'[39m)[33m;[39m
     [90m 59 |[39m     callback()[33m;[39m
     [90m 60 |[39m     expect(document[33m.[39mgetEle
mentById)[33m.[39mtoHaveBeenCalled()[33m;[39m[0m

      at Object.<anonymous> 
(tests/module-settings-coverage.test.js:57:31)

  ΓùÅ Module.js Complete Coverage ΓÇ║ 
renderMacroDirectory hook callback executes

    TypeError: Cannot read properties of undefined 
(reading '1')

    [0m [90m 65 |[39m     [36mawait[39m [36mimport
[39m([32m'../scripts/module.js'[39m)[33m;[39m
     [90m 66 |[39m     [36mconst[39m renderCall 
[33m=[39m global[33m.[39m[33mHooks[39m[33m.[39mon
[33m.[39mmock[33m.[39mcalls[33m.[39mfind(call 
[33m=>[39m call[[35m0[39m] [33m===[39m 
[32m'renderMacroDirectory'[39m)[33m;[39m
    [31m[1m>[22m[39m[90m 67 |[39m     
[36mconst[39m callback [33m=[39m 
renderCall[[35m1[39m][33m;[39m
     [90m    |[39m                                
[31m[1m^[22m[39m
     [90m 68 |[39m     expect([36mtypeof[39m 
callback)[33m.[39mtoBe([32m'function'[39m)[33m;[39m
     [90m 69 |[39m     [36mconst[39m mockFooter 
[33m=[39m {appendChild[33m:[39m 
jest[33m.[39mfn()}[33m;[39m
     [90m 70 |[39m     [36mconst[39m mockHtml 
[33m=[39m [{querySelector[33m:[39m 
jest[33m.[39mfn(() [33m=>[39m 
mockFooter)}][33m;[39m[0m

      at Object.<anonymous> 
(tests/module-settings-coverage.test.js:67:32)

  ΓùÅ Settings.js Complete Coverage ΓÇ║ opacity setting 
registered with onChange

    expect(received).toBeDefined()

    Received: undefined

    [0m [90m 176 |[39m     
registerSettings()[33m;[39m
     [90m 177 |[39m     [36mconst[39m setting 
[33m=[39m game[33m.[39msettings[33m.[39mregister[3
3m.[39mmock[33m.[39mcalls[33m.[39mfind(call 
[33m=>[39m call[[35m1[39m] [33m===[39m 
[32m'opacity'[39m)[33m;[39m
    [31m[1m>[22m[39m[90m 178 |[39m     
expect(setting)[33m.[39mtoBeDefined()[33m;[39m
     [90m     |[39m                     
[31m[1m^[22m[39m
     [90m 179 |[39m     expect(setting[[35m2[39m][33
m.[39monChange)[33m.[39mtoBeDefined()[33m;[39m
     [90m 180 |[39m     setting[[35m2[39m][33m.[39m
onChange([35m50[39m)[33m;[39m
     [90m 181 |[39m   })[33m;[39m[0m

      at Object.<anonymous> 
(tests/module-settings-coverage.test.js:178:21)

  ΓùÅ Settings.js Complete Coverage ΓÇ║ hiddenPages 
setting registered as Object

    expect(received).toBe(expected) // Object.is equality

    Expected: [Function Object]
    Received: [Function Array]

    [0m [90m 202 |[39m     [36mconst[39m setting 
[33m=[39m game[33m.[39msettings[33m.[39mregister[3
3m.[39mmock[33m.[39mcalls[33m.[39mfind(call 
[33m=>[39m call[[35m1[39m] [33m===[39m 
[32m'hiddenPages'[39m)[33m;[39m
     [90m 203 |[39m     
expect(setting)[33m.[39mtoBeDefined()[33m;[39m
    [31m[1m>[22m[39m[90m 204 |[39m     expect(setti
ng[[35m2[39m][33m.[39mtype)[33m.[39mtoBe([33mObjec
t[39m)[33m;[39m
     [90m     |[39m                             
[31m[1m^[22m[39m
     [90m 205 |[39m   })[33m;[39m
     [90m 206 |[39m
     [90m 207 |[39m   test([32m'hiddenSidebarTabs 
setting registered as Object'[39m[33m,[39m 
[36masync[39m () [33m=>[39m {[0m

      at Object.<anonymous> 
(tests/module-settings-coverage.test.js:204:29)

  ΓùÅ Settings.js Complete Coverage ΓÇ║ 
hiddenSidebarTabs setting registered as Object

    expect(received).toBe(expected) // Object.is equality

    Expected: [Function Object]
    Received: [Function Array]

    [0m [90m 210 |[39m     [36mconst[39m setting 
[33m=[39m game[33m.[39msettings[33m.[39mregister[3
3m.[39mmock[33m.[39mcalls[33m.[39mfind(call 
[33m=>[39m call[[35m1[39m] [33m===[39m 
[32m'hiddenSidebarTabs'[39m)[33m;[39m
     [90m 211 |[39m     
expect(setting)[33m.[39mtoBeDefined()[33m;[39m
    [31m[1m>[22m[39m[90m 212 |[39m     expect(setti
ng[[35m2[39m][33m.[39mtype)[33m.[39mtoBe([33mObjec
t[39m)[33m;[39m
     [90m     |[39m                             
[31m[1m^[22m[39m
     [90m 213 |[39m   })[33m;[39m
     [90m 214 |[39m
     [90m 215 |[39m   test([32m'presets setting 
registered as Object'[39m[33m,[39m [36masync[39m () 
[33m=>[39m {[0m

      at Object.<anonymous> 
(tests/module-settings-coverage.test.js:212:29)

  ΓùÅ Settings.js Complete Coverage ΓÇ║ presets setting 
registered as Object

    expect(received).toBe(expected) // Object.is equality

    Expected: [Function Object]
    Received: [Function Array]

    [0m [90m 218 |[39m     [36mconst[39m setting 
[33m=[39m game[33m.[39msettings[33m.[39mregister[3
3m.[39mmock[33m.[39mcalls[33m.[39mfind(call 
[33m=>[39m call[[35m1[39m] [33m===[39m 
[32m'presets'[39m)[33m;[39m
     [90m 219 |[39m     
expect(setting)[33m.[39mtoBeDefined()[33m;[39m
    [31m[1m>[22m[39m[90m 220 |[39m     expect(setti
ng[[35m2[39m][33m.[39mtype)[33m.[39mtoBe([33mObjec
t[39m)[33m;[39m
     [90m     |[39m                             
[31m[1m^[22m[39m
     [90m 221 |[39m   })[33m;[39m
     [90m 222 |[39m
     [90m 223 |[39m   test([32m'menu registered with 
correct type'[39m[33m,[39m [36masync[39m () 
[33m=>[39m {[0m

      at Object.<anonymous> 
(tests/module-settings-coverage.test.js:220:29)

  ΓùÅ Settings.js Complete Coverage ΓÇ║ keybinding 
registered for toggle config

    expect(jest.fn()).toHaveBeenCalled()

    Expected number of calls: >= 1
    Received number of calls:    0

    [0m [90m 232 |[39m     [36mconst[39m { 
registerSettings } [33m=[39m [36mawait[39m [36mimpor
t[39m([32m'../scripts/settings.js'[39m)[33m;[39m
     [90m 233 |[39m     registerSettings()[33m;[39m
    [31m[1m>[22m[39m[90m 234 |[39m     expect(game
[33m.[39mkeybindings[33m.[39mregister)[33m.[39mtoHav
eBeenCalled()[33m;[39m
     [90m     |[39m                                    
   [31m[1m^[22m[39m
     [90m 235 |[39m     [36mconst[39m keybindCall 
[33m=[39m game[33m.[39mkeybindings[33m.[39mregister
[33m.[39mmock[33m.[39mcalls[[35m0[39m][33m;[39m
     [90m 236 |[39m     expect(keybindCall[[35m2[39m]
)[33m.[39mtoBe([32m'toggleConfig'[39m)[33m;[39m
     [90m 237 |[39m   })[33m;[39m[0m

      at Object.<anonymous> 
(tests/module-settings-coverage.test.js:234:39)

  ΓùÅ Settings.js Complete Coverage ΓÇ║ keybinding 
onDown callback exists

    TypeError: Cannot read properties of undefined 
(reading '3')

    [0m [90m 241 |[39m     
registerSettings()[33m;[39m
     [90m 242 |[39m     [36mconst[39m keybindCall 
[33m=[39m game[33m.[39mkeybindings[33m.[39mregister
[33m.[39mmock[33m.[39mcalls[[35m0[39m][33m;[39m
    [31m[1m>[22m[39m[90m 243 |[39m     expect(keybi
ndCall[[35m3[39m][33m.[39monDown)[33m.[39mtoBeDefin
ed()[33m;[39m
     [90m     |[39m                       
[31m[1m^[22m[39m
     [90m 244 |[39m     expect([36mtypeof[39m keybind
Call[[35m3[39m][33m.[39monDown)[33m.[39mtoBe([32m'
function'[39m)[33m;[39m
     [90m 245 |[39m   })[33m;[39m
     [90m 246 |[39m })[33m;[39m[0m

      at Object.<anonymous> 
(tests/module-settings-coverage.test.js:243:23)

  ΓùÅ Export-Import Complete Coverage ΓÇ║ 
exportConfiguration creates download link

    TypeError: Failed to execute 'appendChild' on 
'Node': parameter 1 is not of type 'Node'.

    [0m [90m 36 |[39m   a[33m.[39mhref [33m=[39m 
url[33m;[39m
     [90m 37 |[39m   a[33m.[39mdownload [33m=[39m 
[32m`rnk-hide-em-config-${Date.now()}.json`[39m[33m;[3
9m
    [31m[1m>[22m[39m[90m 38 |[39m   document[33m.
[39mbody[33m.[39mappendChild(a)[33m;[39m
     [90m    |[39m                 [31m[1m^[22m[39m
     [90m 39 |[39m   a[33m.[39mclick()[33m;[39m
     [90m 40 |[39m   document[33m.[39mbody[33m.[39m
removeChild(a)[33m;[39m
     [90m 41 |[39m   [33mURL[39m[33m.[39mrevokeObje
ctURL(url)[33m;[39m[0m

      at Object.exports.convert (node_modules/jsdom/lib/j
sdom/living/generated/Node.js:25:9)
      at HTMLBodyElement.appendChild (node_modules/jsdom/
lib/jsdom/living/generated/Node.js:404:26)
      at appendChild 
(scripts/features/export-import.js:38:17)
      at Object.<anonymous> 
(tests/module-settings-coverage.test.js:259:11)

  ΓùÅ Export-Import Complete Coverage ΓÇ║ 
exportConfiguration with all settings populated

    TypeError: Failed to execute 'appendChild' on 
'Node': parameter 1 is not of type 'Node'.

    [0m [90m 36 |[39m   a[33m.[39mhref [33m=[39m 
url[33m;[39m
     [90m 37 |[39m   a[33m.[39mdownload [33m=[39m 
[32m`rnk-hide-em-config-${Date.now()}.json`[39m[33m;[3
9m
    [31m[1m>[22m[39m[90m 38 |[39m   document[33m.
[39mbody[33m.[39mappendChild(a)[33m;[39m
     [90m    |[39m                 [31m[1m^[22m[39m
     [90m 39 |[39m   a[33m.[39mclick()[33m;[39m
     [90m 40 |[39m   document[33m.[39mbody[33m.[39m
removeChild(a)[33m;[39m
     [90m 41 |[39m   [33mURL[39m[33m.[39mrevokeObje
ctURL(url)[33m;[39m[0m

      at Object.exports.convert (node_modules/jsdom/lib/j
sdom/living/generated/Node.js:25:9)
      at HTMLBodyElement.appendChild (node_modules/jsdom/
lib/jsdom/living/generated/Node.js:404:26)
      at appendChild 
(scripts/features/export-import.js:38:17)
      at Object.<anonymous> 
(tests/module-settings-coverage.test.js:294:11)

  ΓùÅ Export-Import Complete Coverage ΓÇ║ 
importConfiguration with all valid settings

    ReferenceError: Handlebars is not defined

    [0m [90m 29 |[39m [90m */[39m
     [90m 30 |[39m [36mexport[39m [36mfunction[39m 
registerHandlebarsHelpers() {
    [31m[1m>[22m[39m[90m 31 |[39m   [33mHandlebars
[39m[33m.[39mregisterHelper([32m'math'[39m[33m,[39
m mathHelper)[33m;[39m
     [90m    |[39m   [31m[1m^[22m[39m
     [90m 32 |[39m   [33mHandlebars[39m[33m.[39mreg
isterHelper([32m'subtract'[39m[33m,[39m 
subtractHelper)[33m;[39m
     [90m 33 |[39m   [33mHandlebars[39m[33m.[39mreg
isterHelper([32m'multiply'[39m[33m,[39m 
multiplyHelper)[33m;[39m
     [90m 34 |[39m }[0m

      at Handlebars (scripts/module.js:31:3)
      at registerHandlebarsHelpers 
(scripts/module.js:40:3)
      at tests/mocks.js:71:28
      at Timeout.task [as _onTimeout] 
(node_modules/jsdom/lib/jsdom/browser/Window.js:520:19)

  ΓùÅ Export-Import Complete Coverage ΓÇ║ 
importConfiguration with all valid settings

    thrown: "Exceeded timeout of 5000 ms for a test.
    Add a timeout value to this test to increase the 
timeout, if this is a long-running test. See 
https://jestjs.io/docs/api#testname-fn-timeout."

    [0m [90m 297 |[39m   })[33m;[39m
     [90m 298 |[39m
    [31m[1m>[22m[39m[90m 299 |[39m   
test([32m'importConfiguration with all valid 
settings'[39m[33m,[39m [36masync[39m () 
[33m=>[39m {
     [90m     |[39m   [31m[1m^[22m[39m
     [90m 300 |[39m     [36mconst[39m config 
[33m=[39m {
     [90m 301 |[39m       hiddenSlots[33m:[39m 
{[35m5[39m[33m:[39m [36mtrue[39m}[33m,[39m
     [90m 302 |[39m       hiddenPages[33m:[39m 
[[35m2[39m][33m,[39m[0m

      at tests/module-settings-coverage.test.js:299:3
      at tests/module-settings-coverage.test.js:248:1

  ΓùÅ Export-Import Complete Coverage ΓÇ║ 
importConfiguration with empty object

    thrown: "Exceeded timeout of 5000 ms for a test.
    Add a timeout value to this test to increase the 
timeout, if this is a long-running test. See 
https://jestjs.io/docs/api#testname-fn-timeout."

    [0m [90m 334 |[39m   })[33m;[39m
     [90m 335 |[39m
    [31m[1m>[22m[39m[90m 336 |[39m   
test([32m'importConfiguration with empty 
object'[39m[33m,[39m [36masync[39m () [33m=>[39m {
     [90m     |[39m   [31m[1m^[22m[39m
     [90m 337 |[39m     [36mconst[39m config 
[33m=[39m {}[33m;[39m
     [90m 338 |[39m     [36mconst[39m mockFile 
[33m=[39m [36mnew[39m [33mBlob[39m([[33mJSON[39m
[33m.[39mstringify(config)][33m,[39m {type[33m:[39m 
[32m'application/json'[39m})[33m;[39m
     [90m 339 |[39m     [36mconst[39m mockReader 
[33m=[39m {[0m

      at tests/module-settings-coverage.test.js:336:3
      at tests/module-settings-coverage.test.js:248:1

FAIL tests/features-coverage.test.js (12.002 s)
  ΓùÅ Presets Coverage ΓÇ║ savePreset with existing name 
updates preset

    expect(received).toBe(expected) // Object.is equality

    Expected: true
    Received: false

    [0m [90m 72 |[39m     [36mconst[39m { 
savePreset } [33m=[39m [36mawait[39m [36mimport[39m
([32m'../scripts/features/presets.js'[39m)[33m;[39m
     [90m 73 |[39m     [36mconst[39m result 
[33m=[39m [36mawait[39m 
savePreset([32m'Existing'[39m)[33m;[39m
    [31m[1m>[22m[39m[90m 74 |[39m     
expect(result)[33m.[39mtoBe([36mtrue[39m)[33m;[39m
     [90m    |[39m                    
[31m[1m^[22m[39m
     [90m 75 |[39m   })[33m;[39m
     [90m 76 |[39m
     [90m 77 |[39m   test([32m'loadPreset with 
built-in preset'[39m[33m,[39m [36masync[39m () 
[33m=>[39m {[0m

      at Object.<anonymous> 
(tests/features-coverage.test.js:74:20)

  ΓùÅ Export/Import Coverage ΓÇ║ exportConfiguration 
with all settings

    expect(received).toHaveBeenCalledWith(...expected)

    Matcher error: received value must be a mock or spy 
function

    Received has type:  function
    Received has value: [Function createElement]

    [0m [90m 139 |[39m     [36mconst[39m { 
exportConfiguration } [33m=[39m [36mawait[39m [36mim
port[39m([32m'../scripts/features/export-import.js'[39
m)[33m;[39m
     [90m 140 |[39m     [36mawait[39m 
exportConfiguration()[33m;[39m
    [31m[1m>[22m[39m[90m 141 |[39m     expect(docum
ent[33m.[39mcreateElement)[33m.[39mtoHaveBeenCalledWi
th([32m'a'[39m)[33m;[39m
     [90m     |[39m                                    
[31m[1m^[22m[39m
     [90m 142 |[39m   })[33m;[39m
     [90m 143 |[39m
     [90m 144 |[39m   test([32m'importConfiguration 
with valid JSON'[39m[33m,[39m [36masync[39m () 
[33m=>[39m {[0m

      at Object.<anonymous> 
(tests/features-coverage.test.js:141:36)

  ΓùÅ Export/Import Coverage ΓÇ║ importConfiguration 
with valid JSON

    thrown: "Exceeded timeout of 5000 ms for a test.
    Add a timeout value to this test to increase the 
timeout, if this is a long-running test. See 
https://jestjs.io/docs/api#testname-fn-timeout."

    [0m [90m 142 |[39m   })[33m;[39m
     [90m 143 |[39m
    [31m[1m>[22m[39m[90m 144 |[39m   
test([32m'importConfiguration with valid 
JSON'[39m[33m,[39m [36masync[39m () [33m=>[39m {
     [90m     |[39m   [31m[1m^[22m[39m
     [90m 145 |[39m     [36mconst[39m validConfig 
[33m=[39m [33mJSON[39m[33m.[39mstringify({
     [90m 146 |[39m       hiddenSlots[33m:[39m 
{[35m10[39m[33m:[39m [36mtrue[39m}[33m,[39m
     [90m 147 |[39m       opacity[33m:[39m 
[35m50[39m[33m,[39m[0m

      at tests/features-coverage.test.js:144:3
      at tests/features-coverage.test.js:125:1

  ΓùÅ Export/Import Coverage ΓÇ║ importConfiguration 
with invalid JSON

    thrown: "Exceeded timeout of 5000 ms for a test.
    Add a timeout value to this test to increase the 
timeout, if this is a long-running test. See 
https://jestjs.io/docs/api#testname-fn-timeout."

    [0m [90m 162 |[39m   })[33m;[39m
     [90m 163 |[39m
    [31m[1m>[22m[39m[90m 164 |[39m   
test([32m'importConfiguration with invalid 
JSON'[39m[33m,[39m [36masync[39m () [33m=>[39m {
     [90m     |[39m   [31m[1m^[22m[39m
     [90m 165 |[39m     [36mconst[39m invalidConfig 
[33m=[39m [32m'not valid json'[39m[33m;[39m
     [90m 166 |[39m     [36mconst[39m mockFile 
[33m=[39m [36mnew[39m 
[33mBlob[39m([invalidConfig][33m,[39m 
{type[33m:[39m 
[32m'application/json'[39m})[33m;[39m
     [90m 167 |[39m     [36mconst[39m mockReader 
[33m=[39m {[0m

      at tests/features-coverage.test.js:164:3
      at tests/features-coverage.test.js:125:1

  ΓùÅ Animation Coverage ΓÇ║ getAnimationCSS with 1000 
duration

    expect(received).toContain(expected) // indexOf

    Expected substring: "1000ms"
    Received string:    "
        /* Smooth transitions for all hotbar elements */
        #hotbar .macro,
        #hotbar li[data-slot],
        #hotbar .bar-controls {
          transition:┬╖
            opacity 300ms cubic-bezier(0.4, 0, 0.2, 1),
            transform 300ms cubic-bezier(0.4, 0, 0.2, 1),
            visibility 300ms cubic-bezier(0.4, 0, 0.2, 
1) !important;
        }┬╖
        /* Hidden state animation */
        #hotbar .macro.rnk-hidden,
        #hotbar li[data-slot].rnk-hidden {
          animation: rnk-fade-out 300ms ease-in-out 
forwards;
        }┬╖
        /* Visible state animation */
        #hotbar .macro.rnk-visible,
        #hotbar li[data-slot].rnk-visible {
          animation: rnk-fade-in 300ms ease-in-out 
forwards;
        }┬╖
        @keyframes rnk-fade-out {
          0% {
            opacity: 1;
            transform: scale(1) translateY(0);
          }
          50% {
            transform: scale(0.95) translateY(-5px);
          }
          100% {
            opacity: 0;
            transform: scale(0.8) translateY(0);
            visibility: hidden;
            pointer-events: none;
          }
        }┬╖
        @keyframes rnk-fade-in {
          0% {
            opacity: 0;
            transform: scale(0.8) translateY(0);
          }
          50% {
            transform: scale(1.05) translateY(-5px);
          }
          100% {
            opacity: 1;
            transform: scale(1) translateY(0);
          }
        }┬╖
        /* Pulse effect on hover for visible slots */
        #hotbar .macro:not(.rnk-hidden):hover {
          animation: rnk-pulse 0.3s ease-in-out;
        }┬╖
        @keyframes rnk-pulse {
          0%, 100% {
            transform: scale(1);
          }
          50% {
            transform: scale(1.1);
          }
        }
      "

    [0m [90m 211 |[39m     [36mconst[39m { 
getAnimationCSS } [33m=[39m [36mawait[39m [36mimport
[39m([32m'../scripts/features/animation.js'[39m)[33m;
[39m
     [90m 212 |[39m     [36mconst[39m css 
[33m=[39m getAnimationCSS([35m1000[39m)[33m;[39m
    [31m[1m>[22m[39m[90m 213 |[39m     expect(css)
[33m.[39mtoContain([32m'1000ms'[39m)[33m;[39m
     [90m     |[39m                 
[31m[1m^[22m[39m
     [90m 214 |[39m   })[33m;[39m
     [90m 215 |[39m
     [90m 216 |[39m   test([32m'animateElement with 
hidden class'[39m[33m,[39m [36masync[39m () 
[33m=>[39m {[0m

      at Object.<anonymous> 
(tests/features-coverage.test.js:213:17)

  ΓùÅ Animation Coverage ΓÇ║ animateElement with visible 
class

    expect(jest.fn()).toHaveBeenCalledWith(...expected)

    Expected: "rnk-visible"
    Received: "rnk-hidden"

    Number of calls: 1

    [0m [90m 235 |[39m     [36mconst[39m { 
animateElement } [33m=[39m [36mawait[39m [36mimport
[39m([32m'../scripts/features/animation.js'[39m)[33m;
[39m
     [90m 236 |[39m     
animateElement(mockElement[33m,[39m 
[32m'visible'[39m)[33m;[39m
    [31m[1m>[22m[39m[90m 237 |[39m     expect(mockE
lement[33m.[39mclassList[33m.[39madd)[33m.[39mtoHav
eBeenCalledWith([32m'rnk-visible'[39m)[33m;[39m
     [90m     |[39m                                    
   [31m[1m^[22m[39m
     [90m 238 |[39m   })[33m;[39m
     [90m 239 |[39m
     [90m 240 |[39m   test([32m'animateElement with 
null element does nothing'[39m[33m,[39m 
[36masync[39m () [33m=>[39m {[0m

      at Object.<anonymous> 
(tests/features-coverage.test.js:237:39)

  ΓùÅ Config Coverage - Additional Paths ΓÇ║ 
HideHotbarConfig activateListeners with reset button

    TypeError: Cannot read properties of null (reading 
'click')

    [0m [90m 114 |[39m
     [90m 115 |[39m     [90m// Select all/none 
buttons[39m
    [31m[1m>[22m[39m[90m 116 |[39m     html[33m.[
39mfind([32m".select-all-slots"[39m)[33m.[39mclick(()
 [33m=>[39m 
[36mthis[39m[33m.[39m_selectAllSlots(html[33m,[39m 
[36mtrue[39m))[33m;[39m
     [90m     |[39m                                   
[31m[1m^[22m[39m
     [90m 117 |[39m     html[33m.[39mfind([32m".sele
ct-none-slots"[39m)[33m.[39mclick(() [33m=>[39m 
[36mthis[39m[33m.[39m_selectAllSlots(html[33m,[39m 
[36mfalse[39m))[33m;[39m
     [90m 118 |[39m     
     [90m 119 |[39m     [90m// Page selection[39m[0m

      at HideHotbarConfig.activateListeners 
(scripts/config.js:116:35)
      at Object.<anonymous> 
(tests/features-coverage.test.js:263:12)

  ΓùÅ Config Coverage - Additional Paths ΓÇ║ 
HideHotbarConfig getData returns all settings

    expect(received).toBeDefined()

    Received: undefined

    [0m [90m 280 |[39m     [36mconst[39m config 
[33m=[39m [36mnew[39m 
[33mHideHotbarConfig[39m()[33m;[39m
     [90m 281 |[39m     [36mconst[39m data 
[33m=[39m config[33m.[39mgetData()[33m;[39m
    [31m[1m>[22m[39m[90m 282 |[39m     expect(data
[33m.[39mhiddenSlots)[33m.[39mtoBeDefined()[33m;[39m
     [90m     |[39m                              
[31m[1m^[22m[39m
     [90m 283 |[39m     expect(data[33m.[39mhiddenPag
es)[33m.[39mtoBeDefined()[33m;[39m
     [90m 284 |[39m   })[33m;[39m
     [90m 285 |[39m[0m

      at Object.<anonymous> 
(tests/features-coverage.test.js:282:30)

  ΓùÅ Module Coverage - Additional Paths ΓÇ║ settings 
registers keybindings

    expect(jest.fn()).toHaveBeenCalled()

    Expected number of calls: >= 1
    Received number of calls:    0

    [0m [90m 329 |[39m     [36mconst[39m { 
registerSettings } [33m=[39m [36mawait[39m [36mimpor
t[39m([32m'../scripts/settings.js'[39m)[33m;[39m
     [90m 330 |[39m     registerSettings()[33m;[39m
    [31m[1m>[22m[39m[90m 331 |[39m     expect(game
[33m.[39mkeybindings[33m.[39mregister)[33m.[39mtoHav
eBeenCalled()[33m;[39m
     [90m     |[39m                                    
   [31m[1m^[22m[39m
     [90m 332 |[39m   })[33m;[39m
     [90m 333 |[39m
     [90m 334 |[39m   test([32m'hooks initHook with 
keybinding callback'[39m[33m,[39m [36masync[39m () 
[33m=>[39m {[0m

      at Object.<anonymous> 
(tests/features-coverage.test.js:331:39)

  ΓùÅ Module Coverage - Additional Paths ΓÇ║ hooks 
initHook with keybinding callback

    TypeError: Cannot read properties of undefined 
(reading 'onDown')

    [0m [90m 336 |[39m     initHook()[33m;[39m
     [90m 337 |[39m     [36mconst[39m calls 
[33m=[39m game[33m.[39mkeybindings[33m.[39mregister
[33m.[39mmock[33m.[39mcalls[33m;[39m
    [31m[1m>[22m[39m[90m 338 |[39m     expect(calls
[[35m0[39m][[35m3[39m][33m.[39monDown)[33m.[39mto
BeDefined()[33m;[39m
     [90m     |[39m                        
[31m[1m^[22m[39m
     [90m 339 |[39m   })[33m;[39m
     [90m 340 |[39m
     [90m 341 |[39m   test([32m'hooks 
renderMacroDirectoryHook with null html'[39m[33m,[39m 
[36masync[39m () [33m=>[39m {[0m

      at Object.<anonymous> 
(tests/features-coverage.test.js:338:24)

  ΓùÅ Module Coverage - Additional Paths ΓÇ║ hooks 
renderMacroDirectoryHook with null html

    expect(received).not.toThrow()

    Error name:    "TypeError"
    Error message: "Cannot read properties of null 
(reading '0')"

        [0m [90m 51 |[39m
         [90m 52 |[39m   [90m// Handle both jQuery 
array and DOM element[39m
        [31m[1m>[22m[39m[90m 53 |[39m   
[36mconst[39m element [33m=[39m html[[35m0[39m] 
[33m||[39m html[33m;[39m
         [90m    |[39m                       
[31m[1m^[22m[39m
         [90m 54 |[39m   [36mif[39m 
([33m![39melement [33m||[39m 
[33m![39melement[33m.[39mquerySelector) 
[36mreturn[39m[33m;[39m
         [90m 55 |[39m
         [90m 56 |[39m   [36mlet[39m footer 
[33m=[39m element[33m.[39mquerySelector([32m".direct
ory-footer"[39m)[33m;[39m[0m

      at renderMacroDirectoryHook 
(scripts/hooks.js:53:23)
      at tests/features-coverage.test.js:344:18
      at Object.<anonymous> 
(node_modules/expect/build/toThrowMatchers.js:74:11)
      at Object.throwingMatcher [as toThrow] 
(node_modules/expect/build/index.js:320:21)
      at Object.<anonymous> 
(tests/features-coverage.test.js:344:58)
      at Object.<anonymous> 
(tests/features-coverage.test.js:344:58)

  ΓùÅ Module Coverage - Additional Paths ΓÇ║ hooks 
renderMacroDirectoryHook with no footer

    TypeError: element.appendChild is not a function

    [0m [90m 58 |[39m     footer [33m=[39m document
[33m.[39mcreateElement([32m"footer"[39m)[33m;[39m
     [90m 59 |[39m     footer[33m.[39mclassName 
[33m=[39m [32m"directory-footer"[39m[33m;[39m
    [31m[1m>[22m[39m[90m 60 |[39m     
element[33m.[39mappendChild(footer)[33m;[39m
     [90m    |[39m             [31m[1m^[22m[39m
     [90m 61 |[39m   }
     [90m 62 |[39m   
footer[33m.[39mappendChild(button)[33m;[39m
     [90m 63 |[39m }[0m

      at appendChild (scripts/hooks.js:60:13)
      at Object.<anonymous> 
(tests/features-coverage.test.js:351:5)


Test Suites: 25 failed, 3 passed, 28 total
Tests:       262 failed, 338 passed, 600 total
Snapshots:   0 total
Time:        14.839 s
Ran all test suites.
